<testsuites id="" name="" tests="889" failures="529" skipped="0" errors="0" time="861.904794">
<testsuite name="animations\animations.spec.ts" timestamp="2025-12-01T08:52:23.342Z" hostname="chromium" tests="20" failures="9" skipped="0" time="166.048" errors="0">
<testcase name="Animation and Interaction Effects › CSS Animations › should animate hero elements on page load" classname="animations\animations.spec.ts" time="7.049">
</testcase>
<testcase name="Animation and Interaction Effects › CSS Animations › should animate sound visualizer rings" classname="animations\animations.spec.ts" time="7.063">
</testcase>
<testcase name="Animation and Interaction Effects › CSS Animations › should animate sound bars" classname="animations\animations.spec.ts" time="7.032">
</testcase>
<testcase name="Animation and Interaction Effects › CSS Animations › should animate background elements" classname="animations\animations.spec.ts" time="7.145">
</testcase>
<testcase name="Animation and Interaction Effects › CSS Animations › should animate floating particles" classname="animations\animations.spec.ts" time="7.046">
</testcase>
<testcase name="Animation and Interaction Effects › Hover Effects › should show hover effects on navigation items" classname="animations\animations.spec.ts" time="16.622">
<failure message="animations.spec.ts:141:9 should show hover effects on navigation items" type="FAILURE">
<![CDATA[  [chromium] › animations\animations.spec.ts:141:9 › Animation and Interaction Effects › Hover Effects › should show hover effects on navigation items 

    TimeoutError: locator.hover: Timeout 10000ms exceeded.
    Call log:
      - waiting for locator('.nav-item').nth(1)
        - locator resolved to <a href="/models" class="nav-item" data-text="AI模型">…</a>
      - attempting hover action
        2 × waiting for element to be visible and stable
          - element is visible and stable
          - scrolling into view if needed
          - done scrolling
          - <iframe src="about:blank" id="webpack-dev-server-client-overlay"></iframe> intercepts pointer events
        - retrying hover action
        - waiting 20ms
        2 × waiting for element to be visible and stable
          - element is visible and stable
          - scrolling into view if needed
          - done scrolling
          - <iframe src="about:blank" id="webpack-dev-server-client-overlay"></iframe> intercepts pointer events
        - retrying hover action
          - waiting 100ms
        16 × waiting for element to be visible and stable
           - element is visible and stable
           - scrolling into view if needed
           - done scrolling
           - <iframe src="about:blank" id="webpack-dev-server-client-overlay"></iframe> intercepts pointer events
         - retrying hover action
           - waiting 500ms
        - waiting for element to be visible and stable


      153 |
      154 |       // 执行悬停
    > 155 |       await navItem.hover();
          |                     ^
      156 |       await page.waitForTimeout(300); // 等待过渡动画
      157 |
      158 |       // 悬停后的状态
        at C:\Users\Joe\SynologyDrive\codes\有声小说\frontend\tests\animations\animations.spec.ts:155:21

    attachment #1: screenshot (image/png) ──────────────────────────────────────────────────────────
    ..\test-results\animations-animations-Anim-cd6ae-effects-on-navigation-items-chromium\test-failed-1.png
    ────────────────────────────────────────────────────────────────────────────────────────────────

    attachment #2: video (video/webm) ──────────────────────────────────────────────────────────────
    ..\test-results\animations-animations-Anim-cd6ae-effects-on-navigation-items-chromium\video.webm
    ────────────────────────────────────────────────────────────────────────────────────────────────

    Error Context: ..\test-results\animations-animations-Anim-cd6ae-effects-on-navigation-items-chromium\error-context.md
]]>
</failure>
<system-out>
<![CDATA[
[[ATTACHMENT|test-results\animations-animations-Anim-cd6ae-effects-on-navigation-items-chromium\test-failed-1.png]]

[[ATTACHMENT|test-results\animations-animations-Anim-cd6ae-effects-on-navigation-items-chromium\video.webm]]

[[ATTACHMENT|test-results\animations-animations-Anim-cd6ae-effects-on-navigation-items-chromium\error-context.md]]
]]>
</system-out>
</testcase>
<testcase name="Animation and Interaction Effects › Hover Effects › should show hover effects on action buttons" classname="animations\animations.spec.ts" time="13.719">
<failure message="animations.spec.ts:176:9 should show hover effects on action buttons" type="FAILURE">
<![CDATA[  [chromium] › animations\animations.spec.ts:176:9 › Animation and Interaction Effects › Hover Effects › should show hover effects on action buttons 

    TimeoutError: locator.hover: Timeout 10000ms exceeded.
    Call log:
      - waiting for locator('.action-btn.primary')
        - locator resolved to <button data-v-fae5bece="" class="action-btn primary">…</button>
      - attempting hover action
        2 × waiting for element to be visible and stable
          - element is visible and stable
          - scrolling into view if needed
          - done scrolling
          - <iframe src="about:blank" id="webpack-dev-server-client-overlay"></iframe> intercepts pointer events
        - retrying hover action
        - waiting 20ms
        - waiting for element to be visible and stable
        - element is visible and stable
        - scrolling into view if needed
        - done scrolling
        - <iframe src="about:blank" id="webpack-dev-server-client-overlay"></iframe> intercepts pointer events
      - retrying hover action
        - waiting 100ms
        - waiting for element to be visible and stable
        - element is not stable
      - retrying hover action
        - waiting 100ms
        16 × waiting for element to be visible and stable
           - element is visible and stable
           - scrolling into view if needed
           - done scrolling
           - <iframe src="about:blank" id="webpack-dev-server-client-overlay"></iframe> intercepts pointer events
         - retrying hover action
           - waiting 500ms
        - waiting for element to be visible and stable
        - element is visible and stable
        - scrolling into view if needed


      187 |
      188 |       // 执行悬停
    > 189 |       await primaryBtn.hover();
          |                        ^
      190 |       await page.waitForTimeout(300);
      191 |
      192 |       // 悬停后的状态
        at C:\Users\Joe\SynologyDrive\codes\有声小说\frontend\tests\animations\animations.spec.ts:189:24

    attachment #1: screenshot (image/png) ──────────────────────────────────────────────────────────
    ..\test-results\animations-animations-Anim-9af68-r-effects-on-action-buttons-chromium\test-failed-1.png
    ────────────────────────────────────────────────────────────────────────────────────────────────

    attachment #2: video (video/webm) ──────────────────────────────────────────────────────────────
    ..\test-results\animations-animations-Anim-9af68-r-effects-on-action-buttons-chromium\video.webm
    ────────────────────────────────────────────────────────────────────────────────────────────────

    Error Context: ..\test-results\animations-animations-Anim-9af68-r-effects-on-action-buttons-chromium\error-context.md
]]>
</failure>
<system-out>
<![CDATA[
[[ATTACHMENT|test-results\animations-animations-Anim-9af68-r-effects-on-action-buttons-chromium\test-failed-1.png]]

[[ATTACHMENT|test-results\animations-animations-Anim-9af68-r-effects-on-action-buttons-chromium\video.webm]]

[[ATTACHMENT|test-results\animations-animations-Anim-9af68-r-effects-on-action-buttons-chromium\error-context.md]]
]]>
</system-out>
</testcase>
<testcase name="Animation and Interaction Effects › Hover Effects › should show hover effects on feature cards" classname="animations\animations.spec.ts" time="13.633">
<failure message="animations.spec.ts:213:9 should show hover effects on feature cards" type="FAILURE">
<![CDATA[  [chromium] › animations\animations.spec.ts:213:9 › Animation and Interaction Effects › Hover Effects › should show hover effects on feature cards 

    TimeoutError: locator.hover: Timeout 10000ms exceeded.
    Call log:
      - waiting for locator('.feature-card').first()
        - locator resolved to <div data-v-fae5bece="" class="feature-card">…</div>
      - attempting hover action
        2 × waiting for element to be visible and stable
          - element is visible and stable
          - scrolling into view if needed
          - done scrolling
          - <iframe src="about:blank" id="webpack-dev-server-client-overlay"></iframe> intercepts pointer events
        - retrying hover action
        - waiting 20ms
        - waiting for element to be visible and stable
        - element is visible and stable
        - scrolling into view if needed
        - done scrolling
        - <iframe src="about:blank" id="webpack-dev-server-client-overlay"></iframe> intercepts pointer events
      - retrying hover action
        - waiting 100ms
        - waiting for element to be visible and stable
        - element is not stable
      - retrying hover action
        - waiting 100ms
        16 × waiting for element to be visible and stable
           - element is visible and stable
           - scrolling into view if needed
           - done scrolling
           - <iframe src="about:blank" id="webpack-dev-server-client-overlay"></iframe> intercepts pointer events
         - retrying hover action
           - waiting 500ms
        - waiting for element to be visible and stable


      219 |
      220 |       // 执行悬停
    > 221 |       await featureCard.hover();
          |                         ^
      222 |       await page.waitForTimeout(400); // 等待过渡动画
      223 |
      224 |       // 检查变换效果
        at C:\Users\Joe\SynologyDrive\codes\有声小说\frontend\tests\animations\animations.spec.ts:221:25

    attachment #1: screenshot (image/png) ──────────────────────────────────────────────────────────
    ..\test-results\animations-animations-Anim-afc10-er-effects-on-feature-cards-chromium\test-failed-1.png
    ────────────────────────────────────────────────────────────────────────────────────────────────

    attachment #2: video (video/webm) ──────────────────────────────────────────────────────────────
    ..\test-results\animations-animations-Anim-afc10-er-effects-on-feature-cards-chromium\video.webm
    ────────────────────────────────────────────────────────────────────────────────────────────────

    Error Context: ..\test-results\animations-animations-Anim-afc10-er-effects-on-feature-cards-chromium\error-context.md
]]>
</failure>
<system-out>
<![CDATA[
[[ATTACHMENT|test-results\animations-animations-Anim-afc10-er-effects-on-feature-cards-chromium\test-failed-1.png]]

[[ATTACHMENT|test-results\animations-animations-Anim-afc10-er-effects-on-feature-cards-chromium\video.webm]]

[[ATTACHMENT|test-results\animations-animations-Anim-afc10-er-effects-on-feature-cards-chromium\error-context.md]]
]]>
</system-out>
</testcase>
<testcase name="Animation and Interaction Effects › Hover Effects › should show hover effects on statistics items" classname="animations\animations.spec.ts" time="13.714">
<failure message="animations.spec.ts:261:9 should show hover effects on statistics items" type="FAILURE">
<![CDATA[  [chromium] › animations\animations.spec.ts:261:9 › Animation and Interaction Effects › Hover Effects › should show hover effects on statistics items 

    TimeoutError: locator.hover: Timeout 10000ms exceeded.
    Call log:
      - waiting for locator('.stat-item').first()
        - locator resolved to <div class="stat-item" data-v-fae5bece="">…</div>
      - attempting hover action
        2 × waiting for element to be visible and stable
          - element is visible and stable
          - scrolling into view if needed
          - done scrolling
          - <iframe src="about:blank" id="webpack-dev-server-client-overlay"></iframe> intercepts pointer events
        - retrying hover action
        - waiting 20ms
        - waiting for element to be visible and stable
        - element is visible and stable
        - scrolling into view if needed
        - done scrolling
        - <iframe src="about:blank" id="webpack-dev-server-client-overlay"></iframe> intercepts pointer events
      - retrying hover action
        - waiting 100ms
        - waiting for element to be visible and stable
        - element is not stable
      - retrying hover action
        - waiting 100ms
        16 × waiting for element to be visible and stable
           - element is visible and stable
           - scrolling into view if needed
           - done scrolling
           - <iframe src="about:blank" id="webpack-dev-server-client-overlay"></iframe> intercepts pointer events
         - retrying hover action
           - waiting 500ms


      272 |
      273 |       // 执行悬停
    > 274 |       await statItem.hover();
          |                      ^
      275 |       await page.waitForTimeout(300);
      276 |
      277 |       // 悬停后的状态
        at C:\Users\Joe\SynologyDrive\codes\有声小说\frontend\tests\animations\animations.spec.ts:274:22

    attachment #1: screenshot (image/png) ──────────────────────────────────────────────────────────
    ..\test-results\animations-animations-Anim-fa189-effects-on-statistics-items-chromium\test-failed-1.png
    ────────────────────────────────────────────────────────────────────────────────────────────────

    attachment #2: video (video/webm) ──────────────────────────────────────────────────────────────
    ..\test-results\animations-animations-Anim-fa189-effects-on-statistics-items-chromium\video.webm
    ────────────────────────────────────────────────────────────────────────────────────────────────

    Error Context: ..\test-results\animations-animations-Anim-fa189-effects-on-statistics-items-chromium\error-context.md
]]>
</failure>
<system-out>
<![CDATA[
[[ATTACHMENT|test-results\animations-animations-Anim-fa189-effects-on-statistics-items-chromium\test-failed-1.png]]

[[ATTACHMENT|test-results\animations-animations-Anim-fa189-effects-on-statistics-items-chromium\video.webm]]

[[ATTACHMENT|test-results\animations-animations-Anim-fa189-effects-on-statistics-items-chromium\error-context.md]]
]]>
</system-out>
</testcase>
<testcase name="Animation and Interaction Effects › Hover Effects › should show hover effects on workflow steps" classname="animations\animations.spec.ts" time="14.121">
<failure message="animations.spec.ts:292:9 should show hover effects on workflow steps" type="FAILURE">
<![CDATA[  [chromium] › animations\animations.spec.ts:292:9 › Animation and Interaction Effects › Hover Effects › should show hover effects on workflow steps 

    TimeoutError: locator.hover: Timeout 10000ms exceeded.
    Call log:
      - waiting for locator('.workflow-step .step-content').first()
        - locator resolved to <div data-v-fae5bece="" class="step-content">…</div>
      - attempting hover action
        2 × waiting for element to be visible and stable
          - element is visible and stable
          - scrolling into view if needed
          - done scrolling
          - <iframe src="about:blank" id="webpack-dev-server-client-overlay"></iframe> intercepts pointer events
        - retrying hover action
        - waiting 20ms
        - waiting for element to be visible and stable
        - element is visible and stable
        - scrolling into view if needed
        - done scrolling
        - <iframe src="about:blank" id="webpack-dev-server-client-overlay"></iframe> intercepts pointer events
      - retrying hover action
        - waiting 100ms
        - waiting for element to be visible and stable
        - element is not stable
      - retrying hover action
        - waiting 100ms
        16 × waiting for element to be visible and stable
           - element is visible and stable
           - scrolling into view if needed
           - done scrolling
           - <iframe src="about:blank" id="webpack-dev-server-client-overlay"></iframe> intercepts pointer events
         - retrying hover action
           - waiting 500ms


      303 |
      304 |       // 执行悬停
    > 305 |       await stepContent.hover();
          |                         ^
      306 |       await page.waitForTimeout(300);
      307 |
      308 |       // 悬停后的状态
        at C:\Users\Joe\SynologyDrive\codes\有声小说\frontend\tests\animations\animations.spec.ts:305:25

    attachment #1: screenshot (image/png) ──────────────────────────────────────────────────────────
    ..\test-results\animations-animations-Anim-17ecc-r-effects-on-workflow-steps-chromium\test-failed-1.png
    ────────────────────────────────────────────────────────────────────────────────────────────────

    attachment #2: video (video/webm) ──────────────────────────────────────────────────────────────
    ..\test-results\animations-animations-Anim-17ecc-r-effects-on-workflow-steps-chromium\video.webm
    ────────────────────────────────────────────────────────────────────────────────────────────────

    Error Context: ..\test-results\animations-animations-Anim-17ecc-r-effects-on-workflow-steps-chromium\error-context.md
]]>
</failure>
<system-out>
<![CDATA[
[[ATTACHMENT|test-results\animations-animations-Anim-17ecc-r-effects-on-workflow-steps-chromium\test-failed-1.png]]

[[ATTACHMENT|test-results\animations-animations-Anim-17ecc-r-effects-on-workflow-steps-chromium\video.webm]]

[[ATTACHMENT|test-results\animations-animations-Anim-17ecc-r-effects-on-workflow-steps-chromium\error-context.md]]
]]>
</system-out>
</testcase>
<testcase name="Animation and Interaction Effects › Transition Effects › should have smooth transitions on interactive elements" classname="animations\animations.spec.ts" time="3.709">
</testcase>
<testcase name="Animation and Interaction Effects › Transition Effects › should animate badge glow effect" classname="animations\animations.spec.ts" time="2.611">
</testcase>
<testcase name="Animation and Interaction Effects › Transition Effects › should animate title accent color" classname="animations\animations.spec.ts" time="2.686">
</testcase>
<testcase name="Animation and Interaction Effects › Transition Effects › should animate sound ring pulse" classname="animations\animations.spec.ts" time="2.462">
</testcase>
<testcase name="Animation and Interaction Effects › Animation Performance › should maintain 60fps on animations" classname="animations\animations.spec.ts" time="8.152">
</testcase>
<testcase name="Animation and Interaction Effects › Animation Performance › should not block main thread during animations" classname="animations\animations.spec.ts" time="13.317">
<failure message="animations.spec.ts:437:9 should not block main thread during animations" type="FAILURE">
<![CDATA[  [chromium] › animations\animations.spec.ts:437:9 › Animation and Interaction Effects › Animation Performance › should not block main thread during animations 

    TimeoutError: page.hover: Timeout 10000ms exceeded.
    Call log:
      - waiting for locator('.feature-card')
        - locator resolved to 6 elements. Proceeding with the first one: <div data-v-fae5bece="" class="feature-card">…</div>
      - attempting hover action
        2 × waiting for element to be visible and stable
          - element is visible and stable
          - scrolling into view if needed
          - done scrolling
          - <iframe src="about:blank" id="webpack-dev-server-client-overlay"></iframe> intercepts pointer events
        - retrying hover action
        - waiting 20ms
        - waiting for element to be visible and stable
        - element is visible and stable
        - scrolling into view if needed
        - done scrolling
        - <iframe src="about:blank" id="webpack-dev-server-client-overlay"></iframe> intercepts pointer events
      - retrying hover action
        - waiting 100ms
        - waiting for element to be visible and stable
        - element is not stable
      - retrying hover action
        - waiting 100ms
        16 × waiting for element to be visible and stable
           - element is visible and stable
           - scrolling into view if needed
           - done scrolling
           - <iframe src="about:blank" id="webpack-dev-server-client-overlay"></iframe> intercepts pointer events
         - retrying hover action
           - waiting 500ms


      440 |
      441 |       // 触发一些动画
    > 442 |       await page.hover('.feature-card');
          |                  ^
      443 |       await page.hover('.action-btn.primary');
      444 |       await page.hover('.nav-item');
      445 |
        at C:\Users\Joe\SynologyDrive\codes\有声小说\frontend\tests\animations\animations.spec.ts:442:18

    attachment #1: screenshot (image/png) ──────────────────────────────────────────────────────────
    ..\test-results\animations-animations-Anim-ddd44-in-thread-during-animations-chromium\test-failed-1.png
    ────────────────────────────────────────────────────────────────────────────────────────────────

    attachment #2: video (video/webm) ──────────────────────────────────────────────────────────────
    ..\test-results\animations-animations-Anim-ddd44-in-thread-during-animations-chromium\video.webm
    ────────────────────────────────────────────────────────────────────────────────────────────────

    Error Context: ..\test-results\animations-animations-Anim-ddd44-in-thread-during-animations-chromium\error-context.md
]]>
</failure>
<system-out>
<![CDATA[
[[ATTACHMENT|test-results\animations-animations-Anim-ddd44-in-thread-during-animations-chromium\test-failed-1.png]]

[[ATTACHMENT|test-results\animations-animations-Anim-ddd44-in-thread-during-animations-chromium\video.webm]]

[[ATTACHMENT|test-results\animations-animations-Anim-ddd44-in-thread-during-animations-chromium\error-context.md]]
]]>
</system-out>
</testcase>
<testcase name="Animation and Interaction Effects › Animation Performance › should handle animation interruptions gracefully" classname="animations\animations.spec.ts" time="12.812">
<failure message="animations.spec.ts:452:9 should handle animation interruptions gracefully" type="FAILURE">
<![CDATA[  [chromium] › animations\animations.spec.ts:452:9 › Animation and Interaction Effects › Animation Performance › should handle animation interruptions gracefully 

    TimeoutError: locator.hover: Timeout 10000ms exceeded.
    Call log:
      - waiting for locator('.feature-card').first()
        - locator resolved to <div data-v-fae5bece="" class="feature-card">…</div>
      - attempting hover action
        2 × waiting for element to be visible and stable
          - element is visible and stable
          - scrolling into view if needed
          - done scrolling
          - <iframe src="about:blank" id="webpack-dev-server-client-overlay"></iframe> intercepts pointer events
        - retrying hover action
        - waiting 20ms
        - waiting for element to be visible and stable
        - element is visible and stable
        - scrolling into view if needed
        - done scrolling
        - <iframe src="about:blank" id="webpack-dev-server-client-overlay"></iframe> intercepts pointer events
      - retrying hover action
        - waiting 100ms
        - waiting for element to be visible and stable
        - element is not stable
      - retrying hover action
        - waiting 100ms
        16 × waiting for element to be visible and stable
           - element is visible and stable
           - scrolling into view if needed
           - done scrolling
           - <iframe src="about:blank" id="webpack-dev-server-client-overlay"></iframe> intercepts pointer events
         - retrying hover action
           - waiting 500ms


      454 |
      455 |       // 快速移动鼠标，测试动画中断
    > 456 |       await featureCard.hover();
          |                         ^
      457 |       await page.waitForTimeout(50);
      458 |       await page.hover('.feature-card').nth(1);
      459 |       await page.waitForTimeout(50);
        at C:\Users\Joe\SynologyDrive\codes\有声小说\frontend\tests\animations\animations.spec.ts:456:25

    attachment #1: screenshot (image/png) ──────────────────────────────────────────────────────────
    ..\test-results\animations-animations-Anim-2d85b-on-interruptions-gracefully-chromium\test-failed-1.png
    ────────────────────────────────────────────────────────────────────────────────────────────────

    attachment #2: video (video/webm) ──────────────────────────────────────────────────────────────
    ..\test-results\animations-animations-Anim-2d85b-on-interruptions-gracefully-chromium\video.webm
    ────────────────────────────────────────────────────────────────────────────────────────────────

    Error Context: ..\test-results\animations-animations-Anim-2d85b-on-interruptions-gracefully-chromium\error-context.md
]]>
</failure>
<system-out>
<![CDATA[
[[ATTACHMENT|test-results\animations-animations-Anim-2d85b-on-interruptions-gracefully-chromium\test-failed-1.png]]

[[ATTACHMENT|test-results\animations-animations-Anim-2d85b-on-interruptions-gracefully-chromium\video.webm]]

[[ATTACHMENT|test-results\animations-animations-Anim-2d85b-on-interruptions-gracefully-chromium\error-context.md]]
]]>
</system-out>
</testcase>
<testcase name="Animation and Interaction Effects › Reduced Motion Support › should respect prefers-reduced-motion setting" classname="animations\animations.spec.ts" time="4.98">
<failure message="animations.spec.ts:470:9 should respect prefers-reduced-motion setting" type="FAILURE">
<![CDATA[  [chromium] › animations\animations.spec.ts:470:9 › Animation and Interaction Effects › Reduced Motion Support › should respect prefers-reduced-motion setting 

    Error: expect(received).toBe(expected) // Object.is equality

    Expected: true
    Received: false

      493 |
      494 |           // 动画应该被禁用或设置为none
    > 495 |           expect(animation === 'none' || animation === '').toBe(true);
          |                                                            ^
      496 |         }
      497 |       }
      498 |     });
        at C:\Users\Joe\SynologyDrive\codes\有声小说\frontend\tests\animations\animations.spec.ts:495:60

    attachment #1: screenshot (image/png) ──────────────────────────────────────────────────────────
    ..\test-results\animations-animations-Anim-1bccd-fers-reduced-motion-setting-chromium\test-failed-1.png
    ────────────────────────────────────────────────────────────────────────────────────────────────

    attachment #2: video (video/webm) ──────────────────────────────────────────────────────────────
    ..\test-results\animations-animations-Anim-1bccd-fers-reduced-motion-setting-chromium\video.webm
    ────────────────────────────────────────────────────────────────────────────────────────────────

    Error Context: ..\test-results\animations-animations-Anim-1bccd-fers-reduced-motion-setting-chromium\error-context.md
]]>
</failure>
<system-out>
<![CDATA[
[[ATTACHMENT|test-results\animations-animations-Anim-1bccd-fers-reduced-motion-setting-chromium\test-failed-1.png]]

[[ATTACHMENT|test-results\animations-animations-Anim-1bccd-fers-reduced-motion-setting-chromium\video.webm]]

[[ATTACHMENT|test-results\animations-animations-Anim-1bccd-fers-reduced-motion-setting-chromium\error-context.md]]
]]>
</system-out>
</testcase>
<testcase name="Animation and Interaction Effects › Animation Accessibility › should have sufficient color contrast during animations" classname="animations\animations.spec.ts" time="4.155">
</testcase>
<testcase name="Animation and Interaction Effects › Animation Accessibility › should not cause motion sickness" classname="animations\animations.spec.ts" time="4.02">
<failure message="animations.spec.ts:526:9 should not cause motion sickness" type="FAILURE">
<![CDATA[  [chromium] › animations\animations.spec.ts:526:9 › Animation and Interaction Effects › Animation Accessibility › should not cause motion sickness 

    Error: expect(received).toBe(expected) // Object.is equality

    Expected: 0
    Received: 1

      548 |
      549 |       // 应该没有可能引起眩晕的旋转动画
    > 550 |       expect(animations.length).toBe(0);
          |                                 ^
      551 |     });
      552 |   });
      553 | });
        at C:\Users\Joe\SynologyDrive\codes\有声小说\frontend\tests\animations\animations.spec.ts:550:33

    attachment #1: screenshot (image/png) ──────────────────────────────────────────────────────────
    ..\test-results\animations-animations-Anim-0db1d-d-not-cause-motion-sickness-chromium\test-failed-1.png
    ────────────────────────────────────────────────────────────────────────────────────────────────

    attachment #2: video (video/webm) ──────────────────────────────────────────────────────────────
    ..\test-results\animations-animations-Anim-0db1d-d-not-cause-motion-sickness-chromium\video.webm
    ────────────────────────────────────────────────────────────────────────────────────────────────

    Error Context: ..\test-results\animations-animations-Anim-0db1d-d-not-cause-motion-sickness-chromium\error-context.md
]]>
</failure>
<system-out>
<![CDATA[
[[ATTACHMENT|test-results\animations-animations-Anim-0db1d-d-not-cause-motion-sickness-chromium\test-failed-1.png]]

[[ATTACHMENT|test-results\animations-animations-Anim-0db1d-d-not-cause-motion-sickness-chromium\video.webm]]

[[ATTACHMENT|test-results\animations-animations-Anim-0db1d-d-not-cause-motion-sickness-chromium\error-context.md]]
]]>
</system-out>
</testcase>
</testsuite>
<testsuite name="navigation\navigation.spec.ts" timestamp="2025-12-01T08:52:23.342Z" hostname="chromium" tests="17" failures="8" skipped="0" time="110.781" errors="0">
<testcase name="Navigation System › should display main navigation with all menu items" classname="navigation\navigation.spec.ts" time="2.56">
</testcase>
<testcase name="Navigation System › should display brand section with correct elements" classname="navigation\navigation.spec.ts" time="2.297">
</testcase>
<testcase name="Navigation System › should have active state indicators for current page" classname="navigation\navigation.spec.ts" time="3.294">
</testcase>
<testcase name="Navigation System › should navigate correctly when clicking navigation items" classname="navigation\navigation.spec.ts" time="13.421">
<failure message="navigation.spec.ts:70:7 should navigate correctly when clicking navigation items" type="FAILURE">
<![CDATA[  [chromium] › navigation\navigation.spec.ts:70:7 › Navigation System › should navigate correctly when clicking navigation items 

    TimeoutError: locator.click: Timeout 10000ms exceeded.
    Call log:
      - waiting for locator('.nav-item').first()
        - locator resolved to <a href="/" data-text="首页" aria-current="page" class="router-link-active router-link-exact-active nav-item">…</a>
      - attempting click action
        2 × waiting for element to be visible, enabled and stable
          - element is visible, enabled and stable
          - scrolling into view if needed
          - done scrolling
          - <iframe src="about:blank" id="webpack-dev-server-client-overlay"></iframe> intercepts pointer events
        - retrying click action
        - waiting 20ms
        2 × waiting for element to be visible, enabled and stable
          - element is visible, enabled and stable
          - scrolling into view if needed
          - done scrolling
          - <iframe src="about:blank" id="webpack-dev-server-client-overlay"></iframe> intercepts pointer events
        - retrying click action
          - waiting 100ms
        - waiting for element to be visible, enabled and stable
        - element is not stable
      8 × retrying click action
          - waiting 500ms
          - waiting for element to be visible, enabled and stable
          - element is visible, enabled and stable
          - scrolling into view if needed
          - done scrolling
          - <iframe src="about:blank" id="webpack-dev-server-client-overlay"></iframe> intercepts pointer events
      - retrying click action
        - waiting 500ms
        - waiting for element to be visible, enabled and stable
        - element is not stable
      6 × retrying click action
          - waiting 500ms
          - waiting for element to be visible, enabled and stable
          - element is visible, enabled and stable
          - scrolling into view if needed
          - done scrolling
          - <iframe src="about:blank" id="webpack-dev-server-client-overlay"></iframe> intercepts pointer events
      - retrying click action
        - waiting 500ms


      74 |     for (let i = 0; i < navRoutes.length; i++) {
      75 |       await page.goto('/'); // 每次从首页开始
    > 76 |       await navItems.nth(i).click();
         |                             ^
      77 |
      78 |       // 等待导航完成
      79 |       await page.waitForTimeout(1000);
        at C:\Users\Joe\SynologyDrive\codes\有声小说\frontend\tests\navigation\navigation.spec.ts:76:29

    attachment #1: screenshot (image/png) ──────────────────────────────────────────────────────────
    ..\test-results\navigation-navigation-Navi-60a0f-n-clicking-navigation-items-chromium\test-failed-1.png
    ────────────────────────────────────────────────────────────────────────────────────────────────

    attachment #2: video (video/webm) ──────────────────────────────────────────────────────────────
    ..\test-results\navigation-navigation-Navi-60a0f-n-clicking-navigation-items-chromium\video.webm
    ────────────────────────────────────────────────────────────────────────────────────────────────

    Error Context: ..\test-results\navigation-navigation-Navi-60a0f-n-clicking-navigation-items-chromium\error-context.md
]]>
</failure>
<system-out>
<![CDATA[
[[ATTACHMENT|test-results\navigation-navigation-Navi-60a0f-n-clicking-navigation-items-chromium\test-failed-1.png]]

[[ATTACHMENT|test-results\navigation-navigation-Navi-60a0f-n-clicking-navigation-items-chromium\video.webm]]

[[ATTACHMENT|test-results\navigation-navigation-Navi-60a0f-n-clicking-navigation-items-chromium\error-context.md]]
]]>
</system-out>
</testcase>
<testcase name="Navigation System › should show hover effects on navigation items" classname="navigation\navigation.spec.ts" time="12.464">
<failure message="navigation.spec.ts:86:7 should show hover effects on navigation items" type="FAILURE">
<![CDATA[  [chromium] › navigation\navigation.spec.ts:86:7 › Navigation System › should show hover effects on navigation items 

    TimeoutError: locator.hover: Timeout 10000ms exceeded.
    Call log:
      - waiting for locator('.nav-item').nth(1)
        - locator resolved to <a href="/models" class="nav-item" data-text="AI模型">…</a>
      - attempting hover action
        2 × waiting for element to be visible and stable
          - element is visible and stable
          - scrolling into view if needed
          - done scrolling
          - <iframe src="about:blank" id="webpack-dev-server-client-overlay"></iframe> intercepts pointer events
        - retrying hover action
        - waiting 20ms
        2 × waiting for element to be visible and stable
          - element is visible and stable
          - scrolling into view if needed
          - done scrolling
          - <iframe src="about:blank" id="webpack-dev-server-client-overlay"></iframe> intercepts pointer events
        - retrying hover action
          - waiting 100ms
        - waiting for element to be visible and stable
        - element is not stable
      16 × retrying hover action
           - waiting 500ms
           - waiting for element to be visible and stable
           - element is visible and stable
           - scrolling into view if needed
           - done scrolling
           - <iframe src="about:blank" id="webpack-dev-server-client-overlay"></iframe> intercepts pointer events
      - retrying hover action
        - waiting 500ms


      91 |
      92 |     // 执行悬停
    > 93 |     await navItem.hover();
         |                   ^
      94 |
      95 |     // 检查悬停效果（通过CSS变换或背景变化）
      96 |     const computedStyle = await navItem.evaluate((el) => {
        at C:\Users\Joe\SynologyDrive\codes\有声小说\frontend\tests\navigation\navigation.spec.ts:93:19

    attachment #1: screenshot (image/png) ──────────────────────────────────────────────────────────
    ..\test-results\navigation-navigation-Navi-c7428-effects-on-navigation-items-chromium\test-failed-1.png
    ────────────────────────────────────────────────────────────────────────────────────────────────

    attachment #2: video (video/webm) ──────────────────────────────────────────────────────────────
    ..\test-results\navigation-navigation-Navi-c7428-effects-on-navigation-items-chromium\video.webm
    ────────────────────────────────────────────────────────────────────────────────────────────────

    Error Context: ..\test-results\navigation-navigation-Navi-c7428-effects-on-navigation-items-chromium\error-context.md
]]>
</failure>
<system-out>
<![CDATA[
[[ATTACHMENT|test-results\navigation-navigation-Navi-c7428-effects-on-navigation-items-chromium\test-failed-1.png]]

[[ATTACHMENT|test-results\navigation-navigation-Navi-c7428-effects-on-navigation-items-chromium\video.webm]]

[[ATTACHMENT|test-results\navigation-navigation-Navi-c7428-effects-on-navigation-items-chromium\error-context.md]]
]]>
</system-out>
</testcase>
<testcase name="Navigation System › should display footer with correct content" classname="navigation\navigation.spec.ts" time="3.27">
<failure message="navigation.spec.ts:107:7 should display footer with correct content" type="FAILURE">
<![CDATA[  [chromium] › navigation\navigation.spec.ts:107:7 › Navigation System › should display footer with correct content 

    Error: expect(locator).toContainText(expected) failed

    Locator: locator('.footer-info').locator('p')
    Expected substring: "© 2025 SoundStory AI"
    Error: strict mode violation: locator('.footer-info').locator('p') resolved to 2 elements:
        1) <p>© 2025 SoundStory AI - 声波叙事平台</p> aka getByText('© 2025 SoundStory AI - 声波叙事平台')
        2) <p class="footer-motto">让每一个故事都有独特的声音</p> aka getByText('让每一个故事都有独特的声音', { exact: true })

    Call log:
      - Expect "toContainText" with timeout 5000ms
      - waiting for locator('.footer-info').locator('p')


      113 |     const footerInfo = page.locator('.footer-info');
      114 |     await expect(footerInfo).toBeVisible();
    > 115 |     await expect(footerInfo.locator('p')).toContainText('© 2025 SoundStory AI');
          |                                           ^
      116 |
      117 |     // 检查页脚链接
      118 |     const footerLinks = page.locator('.footer-links');
        at C:\Users\Joe\SynologyDrive\codes\有声小说\frontend\tests\navigation\navigation.spec.ts:115:43

    attachment #1: screenshot (image/png) ──────────────────────────────────────────────────────────
    ..\test-results\navigation-navigation-Navi-ed007-footer-with-correct-content-chromium\test-failed-1.png
    ────────────────────────────────────────────────────────────────────────────────────────────────

    attachment #2: video (video/webm) ──────────────────────────────────────────────────────────────
    ..\test-results\navigation-navigation-Navi-ed007-footer-with-correct-content-chromium\video.webm
    ────────────────────────────────────────────────────────────────────────────────────────────────

    Error Context: ..\test-results\navigation-navigation-Navi-ed007-footer-with-correct-content-chromium\error-context.md
]]>
</failure>
<system-out>
<![CDATA[
[[ATTACHMENT|test-results\navigation-navigation-Navi-ed007-footer-with-correct-content-chromium\test-failed-1.png]]

[[ATTACHMENT|test-results\navigation-navigation-Navi-ed007-footer-with-correct-content-chromium\video.webm]]

[[ATTACHMENT|test-results\navigation-navigation-Navi-ed007-footer-with-correct-content-chromium\error-context.md]]
]]>
</system-out>
</testcase>
<testcase name="Navigation System › should handle navigation with browser back/forward buttons" classname="navigation\navigation.spec.ts" time="12.137">
<failure message="navigation.spec.ts:123:7 should handle navigation with browser back/forward buttons" type="FAILURE">
<![CDATA[  [chromium] › navigation\navigation.spec.ts:123:7 › Navigation System › should handle navigation with browser back/forward buttons 

    TimeoutError: page.click: Timeout 10000ms exceeded.
    Call log:
      - waiting for locator('.nav-item').locator('text=模型配置')
        - locator resolved to <span class="nav-text">模型配置</span>
      - attempting click action
        2 × waiting for element to be visible, enabled and stable
          - element is visible, enabled and stable
          - scrolling into view if needed
          - done scrolling
          - <iframe src="about:blank" id="webpack-dev-server-client-overlay"></iframe> intercepts pointer events
        - retrying click action
        - waiting 20ms
        2 × waiting for element to be visible, enabled and stable
          - element is visible, enabled and stable
          - scrolling into view if needed
          - done scrolling
          - <iframe src="about:blank" id="webpack-dev-server-client-overlay"></iframe> intercepts pointer events
        - retrying click action
          - waiting 100ms
        - waiting for element to be visible, enabled and stable
        - element is not stable
      14 × retrying click action
           - waiting 500ms
           - waiting for element to be visible, enabled and stable
           - element is visible, enabled and stable
           - scrolling into view if needed
           - done scrolling
           - <iframe src="about:blank" id="webpack-dev-server-client-overlay"></iframe> intercepts pointer events
      - retrying click action
        - waiting 500ms


      123 |   test('should handle navigation with browser back/forward buttons', async ({ page }) => {
      124 |     // 导航到不同页面
    > 125 |     await page.click('.nav-item >> text=模型配置');
          |                ^
      126 |     await page.waitForURL('**/models');
      127 |
      128 |     await page.click('.nav-item >> text=小说生成');
        at C:\Users\Joe\SynologyDrive\codes\有声小说\frontend\tests\navigation\navigation.spec.ts:125:16

    attachment #1: screenshot (image/png) ──────────────────────────────────────────────────────────
    ..\test-results\navigation-navigation-Navi-3e16f-rowser-back-forward-buttons-chromium\test-failed-1.png
    ────────────────────────────────────────────────────────────────────────────────────────────────

    attachment #2: video (video/webm) ──────────────────────────────────────────────────────────────
    ..\test-results\navigation-navigation-Navi-3e16f-rowser-back-forward-buttons-chromium\video.webm
    ────────────────────────────────────────────────────────────────────────────────────────────────

    Error Context: ..\test-results\navigation-navigation-Navi-3e16f-rowser-back-forward-buttons-chromium\error-context.md
]]>
</failure>
<system-out>
<![CDATA[
[[ATTACHMENT|test-results\navigation-navigation-Navi-3e16f-rowser-back-forward-buttons-chromium\test-failed-1.png]]

[[ATTACHMENT|test-results\navigation-navigation-Navi-3e16f-rowser-back-forward-buttons-chromium\video.webm]]

[[ATTACHMENT|test-results\navigation-navigation-Navi-3e16f-rowser-back-forward-buttons-chromium\error-context.md]]
]]>
</system-out>
</testcase>
<testcase name="Navigation System › should maintain navigation state on page refresh" classname="navigation\navigation.spec.ts" time="12.605">
<failure message="navigation.spec.ts:142:7 should maintain navigation state on page refresh" type="FAILURE">
<![CDATA[  [chromium] › navigation\navigation.spec.ts:142:7 › Navigation System › should maintain navigation state on page refresh 

    TimeoutError: page.click: Timeout 10000ms exceeded.
    Call log:
      - waiting for locator('.nav-item').locator('text=语音合成')
        - locator resolved to <span class="nav-text">语音合成</span>
      - attempting click action
        2 × waiting for element to be visible, enabled and stable
          - element is visible, enabled and stable
          - scrolling into view if needed
          - done scrolling
          - <iframe src="about:blank" id="webpack-dev-server-client-overlay"></iframe> intercepts pointer events
        - retrying click action
        - waiting 20ms
        2 × waiting for element to be visible, enabled and stable
          - element is visible, enabled and stable
          - scrolling into view if needed
          - done scrolling
          - <iframe src="about:blank" id="webpack-dev-server-client-overlay"></iframe> intercepts pointer events
        - retrying click action
          - waiting 100ms
        - waiting for element to be visible, enabled and stable
        - element is not stable
      15 × retrying click action
           - waiting 500ms
           - waiting for element to be visible, enabled and stable
           - element is visible, enabled and stable
           - scrolling into view if needed
           - done scrolling
           - <iframe src="about:blank" id="webpack-dev-server-client-overlay"></iframe> intercepts pointer events
      - retrying click action
        - waiting 500ms
        - waiting for element to be visible, enabled and stable
        - element is visible, enabled and stable
        - scrolling into view if needed


      142 |   test('should maintain navigation state on page refresh', async ({ page }) => {
      143 |     // 导航到特定页面
    > 144 |     await page.click('.nav-item >> text=语音合成');
          |                ^
      145 |     await page.waitForURL('**/tts');
      146 |
      147 |     // 刷新页面
        at C:\Users\Joe\SynologyDrive\codes\有声小说\frontend\tests\navigation\navigation.spec.ts:144:16

    attachment #1: screenshot (image/png) ──────────────────────────────────────────────────────────
    ..\test-results\navigation-navigation-Navi-dca1d-ation-state-on-page-refresh-chromium\test-failed-1.png
    ────────────────────────────────────────────────────────────────────────────────────────────────

    attachment #2: video (video/webm) ──────────────────────────────────────────────────────────────
    ..\test-results\navigation-navigation-Navi-dca1d-ation-state-on-page-refresh-chromium\video.webm
    ────────────────────────────────────────────────────────────────────────────────────────────────

    Error Context: ..\test-results\navigation-navigation-Navi-dca1d-ation-state-on-page-refresh-chromium\error-context.md
]]>
</failure>
<system-out>
<![CDATA[
[[ATTACHMENT|test-results\navigation-navigation-Navi-dca1d-ation-state-on-page-refresh-chromium\test-failed-1.png]]

[[ATTACHMENT|test-results\navigation-navigation-Navi-dca1d-ation-state-on-page-refresh-chromium\video.webm]]

[[ATTACHMENT|test-results\navigation-navigation-Navi-dca1d-ation-state-on-page-refresh-chromium\error-context.md]]
]]>
</system-out>
</testcase>
<testcase name="Navigation Accessibility › should be keyboard navigable" classname="navigation\navigation.spec.ts" time="2.795">
</testcase>
<testcase name="Navigation Accessibility › should have proper ARIA labels" classname="navigation\navigation.spec.ts" time="3.083">
</testcase>
<testcase name="Navigation Accessibility › should have sufficient color contrast" classname="navigation\navigation.spec.ts" time="2.806">
</testcase>
<testcase name="Navigation Responsive Design › should adapt to mobile viewport" classname="navigation\navigation.spec.ts" time="2.518">
</testcase>
<testcase name="Navigation Responsive Design › should adapt to tablet viewport" classname="navigation\navigation.spec.ts" time="2.448">
</testcase>
<testcase name="Navigation Responsive Design › should handle viewport orientation changes" classname="navigation\navigation.spec.ts" time="16.428">
<failure message="navigation.spec.ts:260:7 should handle viewport orientation changes" type="FAILURE">
<![CDATA[  [chromium] › navigation\navigation.spec.ts:260:7 › Navigation Responsive Design › should handle viewport orientation changes 

    TimeoutError: page.click: Timeout 10000ms exceeded.
    Call log:
      - waiting for locator('.nav-item').locator('text=首页')
        - locator resolved to <span class="nav-text">首页</span>
      - attempting click action
        2 × waiting for element to be visible, enabled and stable
          - element is visible, enabled and stable
          - scrolling into view if needed
          - done scrolling
          - <iframe src="about:blank" id="webpack-dev-server-client-overlay"></iframe> intercepts pointer events
        - retrying click action
        - waiting 20ms
        2 × waiting for element to be visible, enabled and stable
          - element is visible, enabled and stable
          - scrolling into view if needed
          - done scrolling
          - <iframe src="about:blank" id="webpack-dev-server-client-overlay"></iframe> intercepts pointer events
        - retrying click action
          - waiting 100ms
        17 × waiting for element to be visible, enabled and stable
           - element is visible, enabled and stable
           - scrolling into view if needed
           - done scrolling
           - <iframe src="about:blank" id="webpack-dev-server-client-overlay"></iframe> intercepts pointer events
         - retrying click action
           - waiting 500ms


      272 |
      273 |     // 测试导航功能
    > 274 |     await page.click('.nav-item >> text=首页');
          |                ^
      275 |     await expect(page.url()).toContain('/');
      276 |   });
      277 | });
        at C:\Users\Joe\SynologyDrive\codes\有声小说\frontend\tests\navigation\navigation.spec.ts:274:16

    attachment #1: screenshot (image/png) ──────────────────────────────────────────────────────────
    ..\test-results\navigation-navigation-Navi-a8404-iewport-orientation-changes-chromium\test-failed-1.png
    ────────────────────────────────────────────────────────────────────────────────────────────────

    attachment #2: video (video/webm) ──────────────────────────────────────────────────────────────
    ..\test-results\navigation-navigation-Navi-a8404-iewport-orientation-changes-chromium\video.webm
    ────────────────────────────────────────────────────────────────────────────────────────────────

    Error Context: ..\test-results\navigation-navigation-Navi-a8404-iewport-orientation-changes-chromium\error-context.md
]]>
</failure>
<system-out>
<![CDATA[
[[ATTACHMENT|test-results\navigation-navigation-Navi-a8404-iewport-orientation-changes-chromium\test-failed-1.png]]

[[ATTACHMENT|test-results\navigation-navigation-Navi-a8404-iewport-orientation-changes-chromium\video.webm]]

[[ATTACHMENT|test-results\navigation-navigation-Navi-a8404-iewport-orientation-changes-chromium\error-context.md]]
]]>
</system-out>
</testcase>
<testcase name="Navigation Performance › should load navigation quickly" classname="navigation\navigation.spec.ts" time="2.357">
<failure message="navigation.spec.ts:280:7 should load navigation quickly" type="FAILURE">
<![CDATA[  [chromium] › navigation\navigation.spec.ts:280:7 › Navigation Performance › should load navigation quickly 

    Error: expect(received).toBeLessThan(expected)

    Expected: < 1000
    Received:   1578

      285 |
      286 |     // 导航应该在1秒内加载完成
    > 287 |     expect(loadTime).toBeLessThan(1000);
          |                      ^
      288 |   });
      289 |
      290 |   test('should have smooth transitions between pages', async ({ page }) => {
        at C:\Users\Joe\SynologyDrive\codes\有声小说\frontend\tests\navigation\navigation.spec.ts:287:22

    attachment #1: screenshot (image/png) ──────────────────────────────────────────────────────────
    ..\test-results\navigation-navigation-Navi-4bcf8-uld-load-navigation-quickly-chromium\test-failed-1.png
    ────────────────────────────────────────────────────────────────────────────────────────────────

    attachment #2: video (video/webm) ──────────────────────────────────────────────────────────────
    ..\test-results\navigation-navigation-Navi-4bcf8-uld-load-navigation-quickly-chromium\video.webm
    ────────────────────────────────────────────────────────────────────────────────────────────────

    Error Context: ..\test-results\navigation-navigation-Navi-4bcf8-uld-load-navigation-quickly-chromium\error-context.md
]]>
</failure>
<system-out>
<![CDATA[
[[ATTACHMENT|test-results\navigation-navigation-Navi-4bcf8-uld-load-navigation-quickly-chromium\test-failed-1.png]]

[[ATTACHMENT|test-results\navigation-navigation-Navi-4bcf8-uld-load-navigation-quickly-chromium\video.webm]]

[[ATTACHMENT|test-results\navigation-navigation-Navi-4bcf8-uld-load-navigation-quickly-chromium\error-context.md]]
]]>
</system-out>
</testcase>
<testcase name="Navigation Performance › should have smooth transitions between pages" classname="navigation\navigation.spec.ts" time="13.615">
<failure message="navigation.spec.ts:290:7 should have smooth transitions between pages" type="FAILURE">
<![CDATA[  [chromium] › navigation\navigation.spec.ts:290:7 › Navigation Performance › should have smooth transitions between pages 

    TimeoutError: page.click: Timeout 10000ms exceeded.
    Call log:
      - waiting for locator('.nav-item').locator('text=模型配置')
        - locator resolved to <span class="nav-text">模型配置</span>
      - attempting click action
        2 × waiting for element to be visible, enabled and stable
          - element is visible, enabled and stable
          - scrolling into view if needed
          - done scrolling
          - <iframe src="about:blank" id="webpack-dev-server-client-overlay"></iframe> intercepts pointer events
        - retrying click action
        - waiting 20ms
        2 × waiting for element to be visible, enabled and stable
          - element is visible, enabled and stable
          - scrolling into view if needed
          - done scrolling
          - <iframe src="about:blank" id="webpack-dev-server-client-overlay"></iframe> intercepts pointer events
        - retrying click action
          - waiting 100ms
        - waiting for element to be visible, enabled and stable
        - element is not stable
      14 × retrying click action
           - waiting 500ms
           - waiting for element to be visible, enabled and stable
           - element is visible, enabled and stable
           - scrolling into view if needed
           - done scrolling
           - <iframe src="about:blank" id="webpack-dev-server-client-overlay"></iframe> intercepts pointer events
      - retrying click action
        - waiting 500ms


      293 |     // 测试页面转换速度
      294 |     const startTime = Date.now();
    > 295 |     await page.click('.nav-item >> text=模型配置');
          |                ^
      296 |     await page.waitForURL('**/models');
      297 |     const navigationTime = Date.now() - startTime;
      298 |
        at C:\Users\Joe\SynologyDrive\codes\有声小说\frontend\tests\navigation\navigation.spec.ts:295:16

    attachment #1: screenshot (image/png) ──────────────────────────────────────────────────────────
    ..\test-results\navigation-navigation-Navi-f4c5b-h-transitions-between-pages-chromium\test-failed-1.png
    ────────────────────────────────────────────────────────────────────────────────────────────────

    attachment #2: video (video/webm) ──────────────────────────────────────────────────────────────
    ..\test-results\navigation-navigation-Navi-f4c5b-h-transitions-between-pages-chromium\video.webm
    ────────────────────────────────────────────────────────────────────────────────────────────────

    Error Context: ..\test-results\navigation-navigation-Navi-f4c5b-h-transitions-between-pages-chromium\error-context.md
]]>
</failure>
<system-out>
<![CDATA[
[[ATTACHMENT|test-results\navigation-navigation-Navi-f4c5b-h-transitions-between-pages-chromium\test-failed-1.png]]

[[ATTACHMENT|test-results\navigation-navigation-Navi-f4c5b-h-transitions-between-pages-chromium\video.webm]]

[[ATTACHMENT|test-results\navigation-navigation-Navi-f4c5b-h-transitions-between-pages-chromium\error-context.md]]
]]>
</system-out>
</testcase>
<testcase name="Navigation Performance › should not cause layout shifts during navigation" classname="navigation\navigation.spec.ts" time="2.683">
</testcase>
</testsuite>
<testsuite name="responsive\responsive-design.spec.ts" timestamp="2025-12-01T08:52:23.342Z" hostname="chromium" tests="72" failures="24" skipped="0" time="251.11" errors="0">
<testcase name="Responsive Design Tests › Desktop (1920x1080) › should display navigation correctly" classname="responsive\responsive-design.spec.ts" time="4.117">
<failure message="responsive-design.spec.ts:21:11 should display navigation correctly" type="FAILURE">
<![CDATA[  [chromium] › responsive\responsive-design.spec.ts:21:11 › Responsive Design Tests › Desktop (1920x1080) › should display navigation correctly 

    Error: expect(locator).toBeVisible() failed

    Locator: locator('.nav-item')
    Expected: visible
    Error: strict mode violation: locator('.nav-item') resolved to 7 elements:
        1) <a href="/" data-text="首页" aria-current="page" class="router-link-active router-link-exact-active nav-item">…</a> aka getByRole('link', { name: '🏠 首页' })
        2) <a href="/models" class="nav-item" data-text="AI模型">…</a> aka getByRole('link', { name: '🤖 模型配置' })
        3) <a href="/novel" class="nav-item" data-text="小说创作">…</a> aka getByRole('link', { name: '✍️ 小说生成' })
        4) <a href="/analysis" class="nav-item" data-text="角色分析">…</a> aka getByRole('link', { name: '🎭 角色分析' })
        5) <a href="/tts" class="nav-item" data-text="语音合成">…</a> aka getByRole('link', { name: '🎙️ 语音合成' })
        6) <a href="/subtitle" class="nav-item" data-text="字幕生成">…</a> aka getByRole('link', { name: '📝 字幕生成' })
        7) <a href="/output" class="nav-item" data-text="文件输出">…</a> aka getByRole('link', { name: '📦 文件输出' })

    Call log:
      - Expect "toBeVisible" with timeout 5000ms
      - waiting for locator('.nav-item')


      25 |         // 检查导航项是否可见
      26 |         const navItems = page.locator('.nav-item');
    > 27 |         await expect(navItems).toBeVisible();
         |                                ^
      28 |
      29 |         // 在小屏幕上检查导航布局
      30 |         if (device.width <= 768) {
        at C:\Users\Joe\SynologyDrive\codes\有声小说\frontend\tests\responsive\responsive-design.spec.ts:27:32

    attachment #1: screenshot (image/png) ──────────────────────────────────────────────────────────
    ..\test-results\responsive-responsive-desi-63ace-isplay-navigation-correctly-chromium\test-failed-1.png
    ────────────────────────────────────────────────────────────────────────────────────────────────

    attachment #2: video (video/webm) ──────────────────────────────────────────────────────────────
    ..\test-results\responsive-responsive-desi-63ace-isplay-navigation-correctly-chromium\video.webm
    ────────────────────────────────────────────────────────────────────────────────────────────────

    Error Context: ..\test-results\responsive-responsive-desi-63ace-isplay-navigation-correctly-chromium\error-context.md
]]>
</failure>
<system-out>
<![CDATA[
[[ATTACHMENT|test-results\responsive-responsive-desi-63ace-isplay-navigation-correctly-chromium\test-failed-1.png]]

[[ATTACHMENT|test-results\responsive-responsive-desi-63ace-isplay-navigation-correctly-chromium\video.webm]]

[[ATTACHMENT|test-results\responsive-responsive-desi-63ace-isplay-navigation-correctly-chromium\error-context.md]]
]]>
</system-out>
</testcase>
<testcase name="Responsive Design Tests › Desktop (1920x1080) › should display hero section correctly" classname="responsive\responsive-design.spec.ts" time="3.718">
</testcase>
<testcase name="Responsive Design Tests › Desktop (1920x1080) › should display statistics correctly" classname="responsive\responsive-design.spec.ts" time="9.266">
<failure message="responsive-design.spec.ts:73:11 should display statistics correctly" type="FAILURE">
<![CDATA[  [chromium] › responsive\responsive-design.spec.ts:73:11 › Responsive Design Tests › Desktop (1920x1080) › should display statistics correctly 

    Error: expect(locator).toHaveCount(expected) failed

    Locator:  locator('.stat-item')
    Expected: 4
    Received: 8
    Timeout:  5000ms

    Call log:
      - Expect "toHaveCount" with timeout 5000ms
      - waiting for locator('.stat-item')
        8 × locator resolved to 8 elements
          - unexpected value "8"


      76 |
      77 |         const statItems = page.locator('.stat-item');
    > 78 |         await expect(statItems).toHaveCount(4);
         |                                 ^
      79 |
      80 |         // 根据屏幕尺寸检查网格布局
      81 |         const gridCols = device.width >= 1024 ? 4 :
        at C:\Users\Joe\SynologyDrive\codes\有声小说\frontend\tests\responsive\responsive-design.spec.ts:78:33

    attachment #1: screenshot (image/png) ──────────────────────────────────────────────────────────
    ..\test-results\responsive-responsive-desi-97a7f-isplay-statistics-correctly-chromium\test-failed-1.png
    ────────────────────────────────────────────────────────────────────────────────────────────────

    attachment #2: video (video/webm) ──────────────────────────────────────────────────────────────
    ..\test-results\responsive-responsive-desi-97a7f-isplay-statistics-correctly-chromium\video.webm
    ────────────────────────────────────────────────────────────────────────────────────────────────

    Error Context: ..\test-results\responsive-responsive-desi-97a7f-isplay-statistics-correctly-chromium\error-context.md
]]>
</failure>
<system-out>
<![CDATA[
[[ATTACHMENT|test-results\responsive-responsive-desi-97a7f-isplay-statistics-correctly-chromium\test-failed-1.png]]

[[ATTACHMENT|test-results\responsive-responsive-desi-97a7f-isplay-statistics-correctly-chromium\video.webm]]

[[ATTACHMENT|test-results\responsive-responsive-desi-97a7f-isplay-statistics-correctly-chromium\error-context.md]]
]]>
</system-out>
</testcase>
<testcase name="Responsive Design Tests › Desktop (1920x1080) › should display features section correctly" classname="responsive\responsive-design.spec.ts" time="3.533">
</testcase>
<testcase name="Responsive Design Tests › Desktop (1920x1080) › should display workflow section correctly" classname="responsive\responsive-design.spec.ts" time="3.683">
</testcase>
<testcase name="Responsive Design Tests › Desktop (1920x1080) › should display action buttons correctly" classname="responsive\responsive-design.spec.ts" time="3.293">
</testcase>
<testcase name="Responsive Design Tests › Desktop (1920x1080) › should handle horizontal scrolling properly" classname="responsive\responsive-design.spec.ts" time="3.766">
</testcase>
<testcase name="Responsive Design Tests › Desktop (1920x1080) › should display text correctly at different sizes" classname="responsive\responsive-design.spec.ts" time="3.988">
</testcase>
<testcase name="Responsive Design Tests › Desktop (1920x1080) › should handle images and media correctly" classname="responsive\responsive-design.spec.ts" time="3.187">
</testcase>
<testcase name="Responsive Design Tests › Desktop (1920x1080) › should maintain accessibility on all screen sizes" classname="responsive\responsive-design.spec.ts" time="3.748">
<failure message="responsive-design.spec.ts:235:11 should maintain accessibility on all screen sizes" type="FAILURE">
<![CDATA[  [chromium] › responsive\responsive-design.spec.ts:235:11 › Responsive Design Tests › Desktop (1920x1080) › should maintain accessibility on all screen sizes 

    Error: expect(received).toBeGreaterThanOrEqual(expected)

    Expected: >= 32
    Received:    24

      246 |           if (bounds) {
      247 |             const minSize = device.width <= 768 ? 44 : 32;
    > 248 |             expect(bounds.height).toBeGreaterThanOrEqual(minSize);
          |                                   ^
      249 |             expect(bounds.width).toBeGreaterThanOrEqual(minSize);
      250 |           }
      251 |         }
        at C:\Users\Joe\SynologyDrive\codes\有声小说\frontend\tests\responsive\responsive-design.spec.ts:248:35

    attachment #1: screenshot (image/png) ──────────────────────────────────────────────────────────
    ..\test-results\responsive-responsive-desi-b0eb5-ibility-on-all-screen-sizes-chromium\test-failed-1.png
    ────────────────────────────────────────────────────────────────────────────────────────────────

    attachment #2: video (video/webm) ──────────────────────────────────────────────────────────────
    ..\test-results\responsive-responsive-desi-b0eb5-ibility-on-all-screen-sizes-chromium\video.webm
    ────────────────────────────────────────────────────────────────────────────────────────────────

    Error Context: ..\test-results\responsive-responsive-desi-b0eb5-ibility-on-all-screen-sizes-chromium\error-context.md
]]>
</failure>
<system-out>
<![CDATA[
[[ATTACHMENT|test-results\responsive-responsive-desi-b0eb5-ibility-on-all-screen-sizes-chromium\test-failed-1.png]]

[[ATTACHMENT|test-results\responsive-responsive-desi-b0eb5-ibility-on-all-screen-sizes-chromium\video.webm]]

[[ATTACHMENT|test-results\responsive-responsive-desi-b0eb5-ibility-on-all-screen-sizes-chromium\error-context.md]]
]]>
</system-out>
</testcase>
<testcase name="Responsive Design Tests › Desktop (1920x1080) › should handle touch interactions on mobile devices" classname="responsive\responsive-design.spec.ts" time="2.887">
</testcase>
<testcase name="Responsive Design Tests › Laptop (1366x768) › should display navigation correctly" classname="responsive\responsive-design.spec.ts" time="3.071">
<failure message="responsive-design.spec.ts:21:11 should display navigation correctly" type="FAILURE">
<![CDATA[  [chromium] › responsive\responsive-design.spec.ts:21:11 › Responsive Design Tests › Laptop (1366x768) › should display navigation correctly 

    Error: expect(locator).toBeVisible() failed

    Locator: locator('.nav-item')
    Expected: visible
    Error: strict mode violation: locator('.nav-item') resolved to 7 elements:
        1) <a href="/" data-text="首页" aria-current="page" class="router-link-active router-link-exact-active nav-item">…</a> aka getByRole('link', { name: '🏠 首页' })
        2) <a href="/models" class="nav-item" data-text="AI模型">…</a> aka getByRole('link', { name: '🤖 模型配置' })
        3) <a href="/novel" class="nav-item" data-text="小说创作">…</a> aka getByRole('link', { name: '✍️ 小说生成' })
        4) <a href="/analysis" class="nav-item" data-text="角色分析">…</a> aka getByRole('link', { name: '🎭 角色分析' })
        5) <a href="/tts" class="nav-item" data-text="语音合成">…</a> aka getByRole('link', { name: '🎙️ 语音合成' })
        6) <a href="/subtitle" class="nav-item" data-text="字幕生成">…</a> aka getByRole('link', { name: '📝 字幕生成' })
        7) <a href="/output" class="nav-item" data-text="文件输出">…</a> aka getByRole('link', { name: '📦 文件输出' })

    Call log:
      - Expect "toBeVisible" with timeout 5000ms
      - waiting for locator('.nav-item')


      25 |         // 检查导航项是否可见
      26 |         const navItems = page.locator('.nav-item');
    > 27 |         await expect(navItems).toBeVisible();
         |                                ^
      28 |
      29 |         // 在小屏幕上检查导航布局
      30 |         if (device.width <= 768) {
        at C:\Users\Joe\SynologyDrive\codes\有声小说\frontend\tests\responsive\responsive-design.spec.ts:27:32

    attachment #1: screenshot (image/png) ──────────────────────────────────────────────────────────
    ..\test-results\responsive-responsive-desi-3bc42-isplay-navigation-correctly-chromium\test-failed-1.png
    ────────────────────────────────────────────────────────────────────────────────────────────────

    attachment #2: video (video/webm) ──────────────────────────────────────────────────────────────
    ..\test-results\responsive-responsive-desi-3bc42-isplay-navigation-correctly-chromium\video.webm
    ────────────────────────────────────────────────────────────────────────────────────────────────

    Error Context: ..\test-results\responsive-responsive-desi-3bc42-isplay-navigation-correctly-chromium\error-context.md
]]>
</failure>
<system-out>
<![CDATA[
[[ATTACHMENT|test-results\responsive-responsive-desi-3bc42-isplay-navigation-correctly-chromium\test-failed-1.png]]

[[ATTACHMENT|test-results\responsive-responsive-desi-3bc42-isplay-navigation-correctly-chromium\video.webm]]

[[ATTACHMENT|test-results\responsive-responsive-desi-3bc42-isplay-navigation-correctly-chromium\error-context.md]]
]]>
</system-out>
</testcase>
<testcase name="Responsive Design Tests › Laptop (1366x768) › should display hero section correctly" classname="responsive\responsive-design.spec.ts" time="3.199">
</testcase>
<testcase name="Responsive Design Tests › Laptop (1366x768) › should display statistics correctly" classname="responsive\responsive-design.spec.ts" time="8.199">
<failure message="responsive-design.spec.ts:73:11 should display statistics correctly" type="FAILURE">
<![CDATA[  [chromium] › responsive\responsive-design.spec.ts:73:11 › Responsive Design Tests › Laptop (1366x768) › should display statistics correctly 

    Error: expect(locator).toHaveCount(expected) failed

    Locator:  locator('.stat-item')
    Expected: 4
    Received: 8
    Timeout:  5000ms

    Call log:
      - Expect "toHaveCount" with timeout 5000ms
      - waiting for locator('.stat-item')
        8 × locator resolved to 8 elements
          - unexpected value "8"


      76 |
      77 |         const statItems = page.locator('.stat-item');
    > 78 |         await expect(statItems).toHaveCount(4);
         |                                 ^
      79 |
      80 |         // 根据屏幕尺寸检查网格布局
      81 |         const gridCols = device.width >= 1024 ? 4 :
        at C:\Users\Joe\SynologyDrive\codes\有声小说\frontend\tests\responsive\responsive-design.spec.ts:78:33

    attachment #1: screenshot (image/png) ──────────────────────────────────────────────────────────
    ..\test-results\responsive-responsive-desi-c88fb-isplay-statistics-correctly-chromium\test-failed-1.png
    ────────────────────────────────────────────────────────────────────────────────────────────────

    attachment #2: video (video/webm) ──────────────────────────────────────────────────────────────
    ..\test-results\responsive-responsive-desi-c88fb-isplay-statistics-correctly-chromium\video.webm
    ────────────────────────────────────────────────────────────────────────────────────────────────

    Error Context: ..\test-results\responsive-responsive-desi-c88fb-isplay-statistics-correctly-chromium\error-context.md
]]>
</failure>
<system-out>
<![CDATA[
[[ATTACHMENT|test-results\responsive-responsive-desi-c88fb-isplay-statistics-correctly-chromium\test-failed-1.png]]

[[ATTACHMENT|test-results\responsive-responsive-desi-c88fb-isplay-statistics-correctly-chromium\video.webm]]

[[ATTACHMENT|test-results\responsive-responsive-desi-c88fb-isplay-statistics-correctly-chromium\error-context.md]]
]]>
</system-out>
</testcase>
<testcase name="Responsive Design Tests › Laptop (1366x768) › should display features section correctly" classname="responsive\responsive-design.spec.ts" time="3.56">
</testcase>
<testcase name="Responsive Design Tests › Laptop (1366x768) › should display workflow section correctly" classname="responsive\responsive-design.spec.ts" time="2.462">
</testcase>
<testcase name="Responsive Design Tests › Laptop (1366x768) › should display action buttons correctly" classname="responsive\responsive-design.spec.ts" time="3.118">
</testcase>
<testcase name="Responsive Design Tests › Laptop (1366x768) › should handle horizontal scrolling properly" classname="responsive\responsive-design.spec.ts" time="3.775">
</testcase>
<testcase name="Responsive Design Tests › Laptop (1366x768) › should display text correctly at different sizes" classname="responsive\responsive-design.spec.ts" time="3.586">
</testcase>
<testcase name="Responsive Design Tests › Laptop (1366x768) › should handle images and media correctly" classname="responsive\responsive-design.spec.ts" time="3.709">
</testcase>
<testcase name="Responsive Design Tests › Laptop (1366x768) › should maintain accessibility on all screen sizes" classname="responsive\responsive-design.spec.ts" time="3.34">
<failure message="responsive-design.spec.ts:235:11 should maintain accessibility on all screen sizes" type="FAILURE">
<![CDATA[  [chromium] › responsive\responsive-design.spec.ts:235:11 › Responsive Design Tests › Laptop (1366x768) › should maintain accessibility on all screen sizes 

    Error: expect(received).toBeGreaterThanOrEqual(expected)

    Expected: >= 32
    Received:    24

      246 |           if (bounds) {
      247 |             const minSize = device.width <= 768 ? 44 : 32;
    > 248 |             expect(bounds.height).toBeGreaterThanOrEqual(minSize);
          |                                   ^
      249 |             expect(bounds.width).toBeGreaterThanOrEqual(minSize);
      250 |           }
      251 |         }
        at C:\Users\Joe\SynologyDrive\codes\有声小说\frontend\tests\responsive\responsive-design.spec.ts:248:35

    attachment #1: screenshot (image/png) ──────────────────────────────────────────────────────────
    ..\test-results\responsive-responsive-desi-1eb67-ibility-on-all-screen-sizes-chromium\test-failed-1.png
    ────────────────────────────────────────────────────────────────────────────────────────────────

    attachment #2: video (video/webm) ──────────────────────────────────────────────────────────────
    ..\test-results\responsive-responsive-desi-1eb67-ibility-on-all-screen-sizes-chromium\video.webm
    ────────────────────────────────────────────────────────────────────────────────────────────────

    Error Context: ..\test-results\responsive-responsive-desi-1eb67-ibility-on-all-screen-sizes-chromium\error-context.md
]]>
</failure>
<system-out>
<![CDATA[
[[ATTACHMENT|test-results\responsive-responsive-desi-1eb67-ibility-on-all-screen-sizes-chromium\test-failed-1.png]]

[[ATTACHMENT|test-results\responsive-responsive-desi-1eb67-ibility-on-all-screen-sizes-chromium\video.webm]]

[[ATTACHMENT|test-results\responsive-responsive-desi-1eb67-ibility-on-all-screen-sizes-chromium\error-context.md]]
]]>
</system-out>
</testcase>
<testcase name="Responsive Design Tests › Laptop (1366x768) › should handle touch interactions on mobile devices" classname="responsive\responsive-design.spec.ts" time="3.432">
</testcase>
<testcase name="Responsive Design Tests › Tablet (768x1024) › should display navigation correctly" classname="responsive\responsive-design.spec.ts" time="3.382">
<failure message="responsive-design.spec.ts:21:11 should display navigation correctly" type="FAILURE">
<![CDATA[  [chromium] › responsive\responsive-design.spec.ts:21:11 › Responsive Design Tests › Tablet (768x1024) › should display navigation correctly 

    Error: expect(locator).toBeVisible() failed

    Locator: locator('.nav-item')
    Expected: visible
    Error: strict mode violation: locator('.nav-item') resolved to 7 elements:
        1) <a href="/" data-text="首页" aria-current="page" class="router-link-active router-link-exact-active nav-item">…</a> aka getByRole('link', { name: '🏠 首页' })
        2) <a href="/models" class="nav-item" data-text="AI模型">…</a> aka getByRole('link', { name: '🤖 模型配置' })
        3) <a href="/novel" class="nav-item" data-text="小说创作">…</a> aka getByRole('link', { name: '✍️ 小说生成' })
        4) <a href="/analysis" class="nav-item" data-text="角色分析">…</a> aka getByRole('link', { name: '🎭 角色分析' })
        5) <a href="/tts" class="nav-item" data-text="语音合成">…</a> aka getByRole('link', { name: '🎙️ 语音合成' })
        6) <a href="/subtitle" class="nav-item" data-text="字幕生成">…</a> aka getByRole('link', { name: '📝 字幕生成' })
        7) <a href="/output" class="nav-item" data-text="文件输出">…</a> aka getByRole('link', { name: '📦 文件输出' })

    Call log:
      - Expect "toBeVisible" with timeout 5000ms
      - waiting for locator('.nav-item')


      25 |         // 检查导航项是否可见
      26 |         const navItems = page.locator('.nav-item');
    > 27 |         await expect(navItems).toBeVisible();
         |                                ^
      28 |
      29 |         // 在小屏幕上检查导航布局
      30 |         if (device.width <= 768) {
        at C:\Users\Joe\SynologyDrive\codes\有声小说\frontend\tests\responsive\responsive-design.spec.ts:27:32

    attachment #1: screenshot (image/png) ──────────────────────────────────────────────────────────
    ..\test-results\responsive-responsive-desi-cdfd3-isplay-navigation-correctly-chromium\test-failed-1.png
    ────────────────────────────────────────────────────────────────────────────────────────────────

    attachment #2: video (video/webm) ──────────────────────────────────────────────────────────────
    ..\test-results\responsive-responsive-desi-cdfd3-isplay-navigation-correctly-chromium\video.webm
    ────────────────────────────────────────────────────────────────────────────────────────────────

    Error Context: ..\test-results\responsive-responsive-desi-cdfd3-isplay-navigation-correctly-chromium\error-context.md
]]>
</failure>
<system-out>
<![CDATA[
[[ATTACHMENT|test-results\responsive-responsive-desi-cdfd3-isplay-navigation-correctly-chromium\test-failed-1.png]]

[[ATTACHMENT|test-results\responsive-responsive-desi-cdfd3-isplay-navigation-correctly-chromium\video.webm]]

[[ATTACHMENT|test-results\responsive-responsive-desi-cdfd3-isplay-navigation-correctly-chromium\error-context.md]]
]]>
</system-out>
</testcase>
<testcase name="Responsive Design Tests › Tablet (768x1024) › should display hero section correctly" classname="responsive\responsive-design.spec.ts" time="3.095">
<failure message="responsive-design.spec.ts:41:11 should display hero section correctly" type="FAILURE">
<![CDATA[  [chromium] › responsive\responsive-design.spec.ts:41:11 › Responsive Design Tests › Tablet (768x1024) › should display hero section correctly 

    Error: expect(received).toContain(expected) // indexOf

    Expected substring: "column"
    Received string:    "row"

      54 |
      55 |           // 移动设备上应该是垂直排列
    > 56 |           expect(contentStyle.flexDirection || contentStyle.display).toContain('column');
         |                                                                      ^
      57 |           expect(contentStyle.textAlign || '').toContain('center');
      58 |         }
      59 |
        at C:\Users\Joe\SynologyDrive\codes\有声小说\frontend\tests\responsive\responsive-design.spec.ts:56:70

    attachment #1: screenshot (image/png) ──────────────────────────────────────────────────────────
    ..\test-results\responsive-responsive-desi-4c893-play-hero-section-correctly-chromium\test-failed-1.png
    ────────────────────────────────────────────────────────────────────────────────────────────────

    attachment #2: video (video/webm) ──────────────────────────────────────────────────────────────
    ..\test-results\responsive-responsive-desi-4c893-play-hero-section-correctly-chromium\video.webm
    ────────────────────────────────────────────────────────────────────────────────────────────────

    Error Context: ..\test-results\responsive-responsive-desi-4c893-play-hero-section-correctly-chromium\error-context.md
]]>
</failure>
<system-out>
<![CDATA[
[[ATTACHMENT|test-results\responsive-responsive-desi-4c893-play-hero-section-correctly-chromium\test-failed-1.png]]

[[ATTACHMENT|test-results\responsive-responsive-desi-4c893-play-hero-section-correctly-chromium\video.webm]]

[[ATTACHMENT|test-results\responsive-responsive-desi-4c893-play-hero-section-correctly-chromium\error-context.md]]
]]>
</system-out>
</testcase>
<testcase name="Responsive Design Tests › Tablet (768x1024) › should display statistics correctly" classname="responsive\responsive-design.spec.ts" time="8.101">
<failure message="responsive-design.spec.ts:73:11 should display statistics correctly" type="FAILURE">
<![CDATA[  [chromium] › responsive\responsive-design.spec.ts:73:11 › Responsive Design Tests › Tablet (768x1024) › should display statistics correctly 

    Error: expect(locator).toHaveCount(expected) failed

    Locator:  locator('.stat-item')
    Expected: 4
    Received: 8
    Timeout:  5000ms

    Call log:
      - Expect "toHaveCount" with timeout 5000ms
      - waiting for locator('.stat-item')
        8 × locator resolved to 8 elements
          - unexpected value "8"


      76 |
      77 |         const statItems = page.locator('.stat-item');
    > 78 |         await expect(statItems).toHaveCount(4);
         |                                 ^
      79 |
      80 |         // 根据屏幕尺寸检查网格布局
      81 |         const gridCols = device.width >= 1024 ? 4 :
        at C:\Users\Joe\SynologyDrive\codes\有声小说\frontend\tests\responsive\responsive-design.spec.ts:78:33

    attachment #1: screenshot (image/png) ──────────────────────────────────────────────────────────
    ..\test-results\responsive-responsive-desi-bea12-isplay-statistics-correctly-chromium\test-failed-1.png
    ────────────────────────────────────────────────────────────────────────────────────────────────

    attachment #2: video (video/webm) ──────────────────────────────────────────────────────────────
    ..\test-results\responsive-responsive-desi-bea12-isplay-statistics-correctly-chromium\video.webm
    ────────────────────────────────────────────────────────────────────────────────────────────────

    Error Context: ..\test-results\responsive-responsive-desi-bea12-isplay-statistics-correctly-chromium\error-context.md
]]>
</failure>
<system-out>
<![CDATA[
[[ATTACHMENT|test-results\responsive-responsive-desi-bea12-isplay-statistics-correctly-chromium\test-failed-1.png]]

[[ATTACHMENT|test-results\responsive-responsive-desi-bea12-isplay-statistics-correctly-chromium\video.webm]]

[[ATTACHMENT|test-results\responsive-responsive-desi-bea12-isplay-statistics-correctly-chromium\error-context.md]]
]]>
</system-out>
</testcase>
<testcase name="Responsive Design Tests › Tablet (768x1024) › should display features section correctly" classname="responsive\responsive-design.spec.ts" time="2.795">
</testcase>
<testcase name="Responsive Design Tests › Tablet (768x1024) › should display workflow section correctly" classname="responsive\responsive-design.spec.ts" time="2.863">
</testcase>
<testcase name="Responsive Design Tests › Tablet (768x1024) › should display action buttons correctly" classname="responsive\responsive-design.spec.ts" time="3.124">
</testcase>
<testcase name="Responsive Design Tests › Tablet (768x1024) › should handle horizontal scrolling properly" classname="responsive\responsive-design.spec.ts" time="3.315">
</testcase>
<testcase name="Responsive Design Tests › Tablet (768x1024) › should display text correctly at different sizes" classname="responsive\responsive-design.spec.ts" time="4.217">
</testcase>
<testcase name="Responsive Design Tests › Tablet (768x1024) › should handle images and media correctly" classname="responsive\responsive-design.spec.ts" time="4.118">
</testcase>
<testcase name="Responsive Design Tests › Tablet (768x1024) › should maintain accessibility on all screen sizes" classname="responsive\responsive-design.spec.ts" time="3.803">
<failure message="responsive-design.spec.ts:235:11 should maintain accessibility on all screen sizes" type="FAILURE">
<![CDATA[  [chromium] › responsive\responsive-design.spec.ts:235:11 › Responsive Design Tests › Tablet (768x1024) › should maintain accessibility on all screen sizes 

    Error: expect(received).toBeGreaterThanOrEqual(expected)

    Expected: >= 44
    Received:    24

      246 |           if (bounds) {
      247 |             const minSize = device.width <= 768 ? 44 : 32;
    > 248 |             expect(bounds.height).toBeGreaterThanOrEqual(minSize);
          |                                   ^
      249 |             expect(bounds.width).toBeGreaterThanOrEqual(minSize);
      250 |           }
      251 |         }
        at C:\Users\Joe\SynologyDrive\codes\有声小说\frontend\tests\responsive\responsive-design.spec.ts:248:35

    attachment #1: screenshot (image/png) ──────────────────────────────────────────────────────────
    ..\test-results\responsive-responsive-desi-2f4da-ibility-on-all-screen-sizes-chromium\test-failed-1.png
    ────────────────────────────────────────────────────────────────────────────────────────────────

    attachment #2: video (video/webm) ──────────────────────────────────────────────────────────────
    ..\test-results\responsive-responsive-desi-2f4da-ibility-on-all-screen-sizes-chromium\video.webm
    ────────────────────────────────────────────────────────────────────────────────────────────────

    Error Context: ..\test-results\responsive-responsive-desi-2f4da-ibility-on-all-screen-sizes-chromium\error-context.md
]]>
</failure>
<system-out>
<![CDATA[
[[ATTACHMENT|test-results\responsive-responsive-desi-2f4da-ibility-on-all-screen-sizes-chromium\test-failed-1.png]]

[[ATTACHMENT|test-results\responsive-responsive-desi-2f4da-ibility-on-all-screen-sizes-chromium\video.webm]]

[[ATTACHMENT|test-results\responsive-responsive-desi-2f4da-ibility-on-all-screen-sizes-chromium\error-context.md]]
]]>
</system-out>
</testcase>
<testcase name="Responsive Design Tests › Tablet (768x1024) › should handle touch interactions on mobile devices" classname="responsive\responsive-design.spec.ts" time="3.243">
</testcase>
<testcase name="Responsive Design Tests › Mobile Large (414x896) › should display navigation correctly" classname="responsive\responsive-design.spec.ts" time="2.948">
<failure message="responsive-design.spec.ts:21:11 should display navigation correctly" type="FAILURE">
<![CDATA[  [chromium] › responsive\responsive-design.spec.ts:21:11 › Responsive Design Tests › Mobile Large (414x896) › should display navigation correctly 

    Error: expect(locator).toBeVisible() failed

    Locator: locator('.nav-item')
    Expected: visible
    Error: strict mode violation: locator('.nav-item') resolved to 7 elements:
        1) <a href="/" data-text="首页" aria-current="page" class="router-link-active router-link-exact-active nav-item">…</a> aka getByRole('link', { name: '🏠 首页' })
        2) <a href="/models" class="nav-item" data-text="AI模型">…</a> aka getByRole('link', { name: '🤖 模型配置' })
        3) <a href="/novel" class="nav-item" data-text="小说创作">…</a> aka getByRole('link', { name: '✍️ 小说生成' })
        4) <a href="/analysis" class="nav-item" data-text="角色分析">…</a> aka getByRole('link', { name: '🎭 角色分析' })
        5) <a href="/tts" class="nav-item" data-text="语音合成">…</a> aka getByRole('link', { name: '🎙️ 语音合成' })
        6) <a href="/subtitle" class="nav-item" data-text="字幕生成">…</a> aka getByRole('link', { name: '📝 字幕生成' })
        7) <a href="/output" class="nav-item" data-text="文件输出">…</a> aka getByRole('link', { name: '📦 文件输出' })

    Call log:
      - Expect "toBeVisible" with timeout 5000ms
      - waiting for locator('.nav-item')


      25 |         // 检查导航项是否可见
      26 |         const navItems = page.locator('.nav-item');
    > 27 |         await expect(navItems).toBeVisible();
         |                                ^
      28 |
      29 |         // 在小屏幕上检查导航布局
      30 |         if (device.width <= 768) {
        at C:\Users\Joe\SynologyDrive\codes\有声小说\frontend\tests\responsive\responsive-design.spec.ts:27:32

    attachment #1: screenshot (image/png) ──────────────────────────────────────────────────────────
    ..\test-results\responsive-responsive-desi-906ac-isplay-navigation-correctly-chromium\test-failed-1.png
    ────────────────────────────────────────────────────────────────────────────────────────────────

    attachment #2: video (video/webm) ──────────────────────────────────────────────────────────────
    ..\test-results\responsive-responsive-desi-906ac-isplay-navigation-correctly-chromium\video.webm
    ────────────────────────────────────────────────────────────────────────────────────────────────

    Error Context: ..\test-results\responsive-responsive-desi-906ac-isplay-navigation-correctly-chromium\error-context.md
]]>
</failure>
<system-out>
<![CDATA[
[[ATTACHMENT|test-results\responsive-responsive-desi-906ac-isplay-navigation-correctly-chromium\test-failed-1.png]]

[[ATTACHMENT|test-results\responsive-responsive-desi-906ac-isplay-navigation-correctly-chromium\video.webm]]

[[ATTACHMENT|test-results\responsive-responsive-desi-906ac-isplay-navigation-correctly-chromium\error-context.md]]
]]>
</system-out>
</testcase>
<testcase name="Responsive Design Tests › Mobile Large (414x896) › should display hero section correctly" classname="responsive\responsive-design.spec.ts" time="2.684">
<failure message="responsive-design.spec.ts:41:11 should display hero section correctly" type="FAILURE">
<![CDATA[  [chromium] › responsive\responsive-design.spec.ts:41:11 › Responsive Design Tests › Mobile Large (414x896) › should display hero section correctly 

    Error: expect(received).toContain(expected) // indexOf

    Expected substring: "column"
    Received string:    "row"

      54 |
      55 |           // 移动设备上应该是垂直排列
    > 56 |           expect(contentStyle.flexDirection || contentStyle.display).toContain('column');
         |                                                                      ^
      57 |           expect(contentStyle.textAlign || '').toContain('center');
      58 |         }
      59 |
        at C:\Users\Joe\SynologyDrive\codes\有声小说\frontend\tests\responsive\responsive-design.spec.ts:56:70

    attachment #1: screenshot (image/png) ──────────────────────────────────────────────────────────
    ..\test-results\responsive-responsive-desi-2f324-play-hero-section-correctly-chromium\test-failed-1.png
    ────────────────────────────────────────────────────────────────────────────────────────────────

    attachment #2: video (video/webm) ──────────────────────────────────────────────────────────────
    ..\test-results\responsive-responsive-desi-2f324-play-hero-section-correctly-chromium\video.webm
    ────────────────────────────────────────────────────────────────────────────────────────────────

    Error Context: ..\test-results\responsive-responsive-desi-2f324-play-hero-section-correctly-chromium\error-context.md
]]>
</failure>
<system-out>
<![CDATA[
[[ATTACHMENT|test-results\responsive-responsive-desi-2f324-play-hero-section-correctly-chromium\test-failed-1.png]]

[[ATTACHMENT|test-results\responsive-responsive-desi-2f324-play-hero-section-correctly-chromium\video.webm]]

[[ATTACHMENT|test-results\responsive-responsive-desi-2f324-play-hero-section-correctly-chromium\error-context.md]]
]]>
</system-out>
</testcase>
<testcase name="Responsive Design Tests › Mobile Large (414x896) › should display statistics correctly" classname="responsive\responsive-design.spec.ts" time="7.791">
<failure message="responsive-design.spec.ts:73:11 should display statistics correctly" type="FAILURE">
<![CDATA[  [chromium] › responsive\responsive-design.spec.ts:73:11 › Responsive Design Tests › Mobile Large (414x896) › should display statistics correctly 

    Error: expect(locator).toHaveCount(expected) failed

    Locator:  locator('.stat-item')
    Expected: 4
    Received: 8
    Timeout:  5000ms

    Call log:
      - Expect "toHaveCount" with timeout 5000ms
      - waiting for locator('.stat-item')
        9 × locator resolved to 8 elements
          - unexpected value "8"


      76 |
      77 |         const statItems = page.locator('.stat-item');
    > 78 |         await expect(statItems).toHaveCount(4);
         |                                 ^
      79 |
      80 |         // 根据屏幕尺寸检查网格布局
      81 |         const gridCols = device.width >= 1024 ? 4 :
        at C:\Users\Joe\SynologyDrive\codes\有声小说\frontend\tests\responsive\responsive-design.spec.ts:78:33

    attachment #1: screenshot (image/png) ──────────────────────────────────────────────────────────
    ..\test-results\responsive-responsive-desi-2be93-isplay-statistics-correctly-chromium\test-failed-1.png
    ────────────────────────────────────────────────────────────────────────────────────────────────

    attachment #2: video (video/webm) ──────────────────────────────────────────────────────────────
    ..\test-results\responsive-responsive-desi-2be93-isplay-statistics-correctly-chromium\video.webm
    ────────────────────────────────────────────────────────────────────────────────────────────────

    Error Context: ..\test-results\responsive-responsive-desi-2be93-isplay-statistics-correctly-chromium\error-context.md
]]>
</failure>
<system-out>
<![CDATA[
[[ATTACHMENT|test-results\responsive-responsive-desi-2be93-isplay-statistics-correctly-chromium\test-failed-1.png]]

[[ATTACHMENT|test-results\responsive-responsive-desi-2be93-isplay-statistics-correctly-chromium\video.webm]]

[[ATTACHMENT|test-results\responsive-responsive-desi-2be93-isplay-statistics-correctly-chromium\error-context.md]]
]]>
</system-out>
</testcase>
<testcase name="Responsive Design Tests › Mobile Large (414x896) › should display features section correctly" classname="responsive\responsive-design.spec.ts" time="3">
</testcase>
<testcase name="Responsive Design Tests › Mobile Large (414x896) › should display workflow section correctly" classname="responsive\responsive-design.spec.ts" time="3.62">
</testcase>
<testcase name="Responsive Design Tests › Mobile Large (414x896) › should display action buttons correctly" classname="responsive\responsive-design.spec.ts" time="3.052">
</testcase>
<testcase name="Responsive Design Tests › Mobile Large (414x896) › should handle horizontal scrolling properly" classname="responsive\responsive-design.spec.ts" time="2.625">
</testcase>
<testcase name="Responsive Design Tests › Mobile Large (414x896) › should display text correctly at different sizes" classname="responsive\responsive-design.spec.ts" time="3.062">
</testcase>
<testcase name="Responsive Design Tests › Mobile Large (414x896) › should handle images and media correctly" classname="responsive\responsive-design.spec.ts" time="3.022">
</testcase>
<testcase name="Responsive Design Tests › Mobile Large (414x896) › should maintain accessibility on all screen sizes" classname="responsive\responsive-design.spec.ts" time="3.182">
<failure message="responsive-design.spec.ts:235:11 should maintain accessibility on all screen sizes" type="FAILURE">
<![CDATA[  [chromium] › responsive\responsive-design.spec.ts:235:11 › Responsive Design Tests › Mobile Large (414x896) › should maintain accessibility on all screen sizes 

    Error: expect(received).toBeGreaterThanOrEqual(expected)

    Expected: >= 44
    Received:    24

      246 |           if (bounds) {
      247 |             const minSize = device.width <= 768 ? 44 : 32;
    > 248 |             expect(bounds.height).toBeGreaterThanOrEqual(minSize);
          |                                   ^
      249 |             expect(bounds.width).toBeGreaterThanOrEqual(minSize);
      250 |           }
      251 |         }
        at C:\Users\Joe\SynologyDrive\codes\有声小说\frontend\tests\responsive\responsive-design.spec.ts:248:35

    attachment #1: screenshot (image/png) ──────────────────────────────────────────────────────────
    ..\test-results\responsive-responsive-desi-7cc27-ibility-on-all-screen-sizes-chromium\test-failed-1.png
    ────────────────────────────────────────────────────────────────────────────────────────────────

    attachment #2: video (video/webm) ──────────────────────────────────────────────────────────────
    ..\test-results\responsive-responsive-desi-7cc27-ibility-on-all-screen-sizes-chromium\video.webm
    ────────────────────────────────────────────────────────────────────────────────────────────────

    Error Context: ..\test-results\responsive-responsive-desi-7cc27-ibility-on-all-screen-sizes-chromium\error-context.md
]]>
</failure>
<system-out>
<![CDATA[
[[ATTACHMENT|test-results\responsive-responsive-desi-7cc27-ibility-on-all-screen-sizes-chromium\test-failed-1.png]]

[[ATTACHMENT|test-results\responsive-responsive-desi-7cc27-ibility-on-all-screen-sizes-chromium\video.webm]]

[[ATTACHMENT|test-results\responsive-responsive-desi-7cc27-ibility-on-all-screen-sizes-chromium\error-context.md]]
]]>
</system-out>
</testcase>
<testcase name="Responsive Design Tests › Mobile Large (414x896) › should handle touch interactions on mobile devices" classname="responsive\responsive-design.spec.ts" time="2.938">
</testcase>
<testcase name="Responsive Design Tests › Mobile (375x667) › should display navigation correctly" classname="responsive\responsive-design.spec.ts" time="3.119">
<failure message="responsive-design.spec.ts:21:11 should display navigation correctly" type="FAILURE">
<![CDATA[  [chromium] › responsive\responsive-design.spec.ts:21:11 › Responsive Design Tests › Mobile (375x667) › should display navigation correctly 

    Error: expect(locator).toBeVisible() failed

    Locator: locator('.nav-item')
    Expected: visible
    Error: strict mode violation: locator('.nav-item') resolved to 7 elements:
        1) <a href="/" data-text="首页" aria-current="page" class="router-link-active router-link-exact-active nav-item">…</a> aka getByRole('link', { name: '🏠 首页' })
        2) <a href="/models" class="nav-item" data-text="AI模型">…</a> aka getByRole('link', { name: '🤖 模型配置' })
        3) <a href="/novel" class="nav-item" data-text="小说创作">…</a> aka getByRole('link', { name: '✍️ 小说生成' })
        4) <a href="/analysis" class="nav-item" data-text="角色分析">…</a> aka getByRole('link', { name: '🎭 角色分析' })
        5) <a href="/tts" class="nav-item" data-text="语音合成">…</a> aka getByRole('link', { name: '🎙️ 语音合成' })
        6) <a href="/subtitle" class="nav-item" data-text="字幕生成">…</a> aka getByRole('link', { name: '📝 字幕生成' })
        7) <a href="/output" class="nav-item" data-text="文件输出">…</a> aka getByRole('link', { name: '📦 文件输出' })

    Call log:
      - Expect "toBeVisible" with timeout 5000ms
      - waiting for locator('.nav-item')


      25 |         // 检查导航项是否可见
      26 |         const navItems = page.locator('.nav-item');
    > 27 |         await expect(navItems).toBeVisible();
         |                                ^
      28 |
      29 |         // 在小屏幕上检查导航布局
      30 |         if (device.width <= 768) {
        at C:\Users\Joe\SynologyDrive\codes\有声小说\frontend\tests\responsive\responsive-design.spec.ts:27:32

    attachment #1: screenshot (image/png) ──────────────────────────────────────────────────────────
    ..\test-results\responsive-responsive-desi-cab0a-isplay-navigation-correctly-chromium\test-failed-1.png
    ────────────────────────────────────────────────────────────────────────────────────────────────

    attachment #2: video (video/webm) ──────────────────────────────────────────────────────────────
    ..\test-results\responsive-responsive-desi-cab0a-isplay-navigation-correctly-chromium\video.webm
    ────────────────────────────────────────────────────────────────────────────────────────────────

    Error Context: ..\test-results\responsive-responsive-desi-cab0a-isplay-navigation-correctly-chromium\error-context.md
]]>
</failure>
<system-out>
<![CDATA[
[[ATTACHMENT|test-results\responsive-responsive-desi-cab0a-isplay-navigation-correctly-chromium\test-failed-1.png]]

[[ATTACHMENT|test-results\responsive-responsive-desi-cab0a-isplay-navigation-correctly-chromium\video.webm]]

[[ATTACHMENT|test-results\responsive-responsive-desi-cab0a-isplay-navigation-correctly-chromium\error-context.md]]
]]>
</system-out>
</testcase>
<testcase name="Responsive Design Tests › Mobile (375x667) › should display hero section correctly" classname="responsive\responsive-design.spec.ts" time="2.534">
<failure message="responsive-design.spec.ts:41:11 should display hero section correctly" type="FAILURE">
<![CDATA[  [chromium] › responsive\responsive-design.spec.ts:41:11 › Responsive Design Tests › Mobile (375x667) › should display hero section correctly 

    Error: expect(received).toContain(expected) // indexOf

    Expected substring: "column"
    Received string:    "row"

      54 |
      55 |           // 移动设备上应该是垂直排列
    > 56 |           expect(contentStyle.flexDirection || contentStyle.display).toContain('column');
         |                                                                      ^
      57 |           expect(contentStyle.textAlign || '').toContain('center');
      58 |         }
      59 |
        at C:\Users\Joe\SynologyDrive\codes\有声小说\frontend\tests\responsive\responsive-design.spec.ts:56:70

    attachment #1: screenshot (image/png) ──────────────────────────────────────────────────────────
    ..\test-results\responsive-responsive-desi-97a19-play-hero-section-correctly-chromium\test-failed-1.png
    ────────────────────────────────────────────────────────────────────────────────────────────────

    attachment #2: video (video/webm) ──────────────────────────────────────────────────────────────
    ..\test-results\responsive-responsive-desi-97a19-play-hero-section-correctly-chromium\video.webm
    ────────────────────────────────────────────────────────────────────────────────────────────────

    Error Context: ..\test-results\responsive-responsive-desi-97a19-play-hero-section-correctly-chromium\error-context.md
]]>
</failure>
<system-out>
<![CDATA[
[[ATTACHMENT|test-results\responsive-responsive-desi-97a19-play-hero-section-correctly-chromium\test-failed-1.png]]

[[ATTACHMENT|test-results\responsive-responsive-desi-97a19-play-hero-section-correctly-chromium\video.webm]]

[[ATTACHMENT|test-results\responsive-responsive-desi-97a19-play-hero-section-correctly-chromium\error-context.md]]
]]>
</system-out>
</testcase>
<testcase name="Responsive Design Tests › Mobile (375x667) › should display statistics correctly" classname="responsive\responsive-design.spec.ts" time="7.478">
<failure message="responsive-design.spec.ts:73:11 should display statistics correctly" type="FAILURE">
<![CDATA[  [chromium] › responsive\responsive-design.spec.ts:73:11 › Responsive Design Tests › Mobile (375x667) › should display statistics correctly 

    Error: expect(locator).toHaveCount(expected) failed

    Locator:  locator('.stat-item')
    Expected: 4
    Received: 8
    Timeout:  5000ms

    Call log:
      - Expect "toHaveCount" with timeout 5000ms
      - waiting for locator('.stat-item')
        9 × locator resolved to 8 elements
          - unexpected value "8"


      76 |
      77 |         const statItems = page.locator('.stat-item');
    > 78 |         await expect(statItems).toHaveCount(4);
         |                                 ^
      79 |
      80 |         // 根据屏幕尺寸检查网格布局
      81 |         const gridCols = device.width >= 1024 ? 4 :
        at C:\Users\Joe\SynologyDrive\codes\有声小说\frontend\tests\responsive\responsive-design.spec.ts:78:33

    attachment #1: screenshot (image/png) ──────────────────────────────────────────────────────────
    ..\test-results\responsive-responsive-desi-67a48-isplay-statistics-correctly-chromium\test-failed-1.png
    ────────────────────────────────────────────────────────────────────────────────────────────────

    attachment #2: video (video/webm) ──────────────────────────────────────────────────────────────
    ..\test-results\responsive-responsive-desi-67a48-isplay-statistics-correctly-chromium\video.webm
    ────────────────────────────────────────────────────────────────────────────────────────────────

    Error Context: ..\test-results\responsive-responsive-desi-67a48-isplay-statistics-correctly-chromium\error-context.md
]]>
</failure>
<system-out>
<![CDATA[
[[ATTACHMENT|test-results\responsive-responsive-desi-67a48-isplay-statistics-correctly-chromium\test-failed-1.png]]

[[ATTACHMENT|test-results\responsive-responsive-desi-67a48-isplay-statistics-correctly-chromium\video.webm]]

[[ATTACHMENT|test-results\responsive-responsive-desi-67a48-isplay-statistics-correctly-chromium\error-context.md]]
]]>
</system-out>
</testcase>
<testcase name="Responsive Design Tests › Mobile (375x667) › should display features section correctly" classname="responsive\responsive-design.spec.ts" time="2.56">
</testcase>
<testcase name="Responsive Design Tests › Mobile (375x667) › should display workflow section correctly" classname="responsive\responsive-design.spec.ts" time="2.821">
</testcase>
<testcase name="Responsive Design Tests › Mobile (375x667) › should display action buttons correctly" classname="responsive\responsive-design.spec.ts" time="2.324">
</testcase>
<testcase name="Responsive Design Tests › Mobile (375x667) › should handle horizontal scrolling properly" classname="responsive\responsive-design.spec.ts" time="2.613">
</testcase>
<testcase name="Responsive Design Tests › Mobile (375x667) › should display text correctly at different sizes" classname="responsive\responsive-design.spec.ts" time="2.865">
</testcase>
<testcase name="Responsive Design Tests › Mobile (375x667) › should handle images and media correctly" classname="responsive\responsive-design.spec.ts" time="2.389">
</testcase>
<testcase name="Responsive Design Tests › Mobile (375x667) › should maintain accessibility on all screen sizes" classname="responsive\responsive-design.spec.ts" time="2.957">
<failure message="responsive-design.spec.ts:235:11 should maintain accessibility on all screen sizes" type="FAILURE">
<![CDATA[  [chromium] › responsive\responsive-design.spec.ts:235:11 › Responsive Design Tests › Mobile (375x667) › should maintain accessibility on all screen sizes 

    Error: expect(received).toBeGreaterThanOrEqual(expected)

    Expected: >= 44
    Received:    24

      246 |           if (bounds) {
      247 |             const minSize = device.width <= 768 ? 44 : 32;
    > 248 |             expect(bounds.height).toBeGreaterThanOrEqual(minSize);
          |                                   ^
      249 |             expect(bounds.width).toBeGreaterThanOrEqual(minSize);
      250 |           }
      251 |         }
        at C:\Users\Joe\SynologyDrive\codes\有声小说\frontend\tests\responsive\responsive-design.spec.ts:248:35

    attachment #1: screenshot (image/png) ──────────────────────────────────────────────────────────
    ..\test-results\responsive-responsive-desi-7f193-ibility-on-all-screen-sizes-chromium\test-failed-1.png
    ────────────────────────────────────────────────────────────────────────────────────────────────

    attachment #2: video (video/webm) ──────────────────────────────────────────────────────────────
    ..\test-results\responsive-responsive-desi-7f193-ibility-on-all-screen-sizes-chromium\video.webm
    ────────────────────────────────────────────────────────────────────────────────────────────────

    Error Context: ..\test-results\responsive-responsive-desi-7f193-ibility-on-all-screen-sizes-chromium\error-context.md
]]>
</failure>
<system-out>
<![CDATA[
[[ATTACHMENT|test-results\responsive-responsive-desi-7f193-ibility-on-all-screen-sizes-chromium\test-failed-1.png]]

[[ATTACHMENT|test-results\responsive-responsive-desi-7f193-ibility-on-all-screen-sizes-chromium\video.webm]]

[[ATTACHMENT|test-results\responsive-responsive-desi-7f193-ibility-on-all-screen-sizes-chromium\error-context.md]]
]]>
</system-out>
</testcase>
<testcase name="Responsive Design Tests › Mobile (375x667) › should handle touch interactions on mobile devices" classname="responsive\responsive-design.spec.ts" time="2.841">
</testcase>
<testcase name="Responsive Design Tests › Mobile Small (320x568) › should display navigation correctly" classname="responsive\responsive-design.spec.ts" time="2.768">
<failure message="responsive-design.spec.ts:21:11 should display navigation correctly" type="FAILURE">
<![CDATA[  [chromium] › responsive\responsive-design.spec.ts:21:11 › Responsive Design Tests › Mobile Small (320x568) › should display navigation correctly 

    Error: expect(locator).toBeVisible() failed

    Locator: locator('.nav-item')
    Expected: visible
    Error: strict mode violation: locator('.nav-item') resolved to 7 elements:
        1) <a href="/" data-text="首页" aria-current="page" class="router-link-active router-link-exact-active nav-item">…</a> aka getByRole('link', { name: '🏠 首页' })
        2) <a href="/models" class="nav-item" data-text="AI模型">…</a> aka getByRole('link', { name: '🤖 模型配置' })
        3) <a href="/novel" class="nav-item" data-text="小说创作">…</a> aka getByRole('link', { name: '✍️ 小说生成' })
        4) <a href="/analysis" class="nav-item" data-text="角色分析">…</a> aka getByRole('link', { name: '🎭 角色分析' })
        5) <a href="/tts" class="nav-item" data-text="语音合成">…</a> aka getByRole('link', { name: '🎙️ 语音合成' })
        6) <a href="/subtitle" class="nav-item" data-text="字幕生成">…</a> aka getByRole('link', { name: '📝 字幕生成' })
        7) <a href="/output" class="nav-item" data-text="文件输出">…</a> aka getByRole('link', { name: '📦 文件输出' })

    Call log:
      - Expect "toBeVisible" with timeout 5000ms
      - waiting for locator('.nav-item')


      25 |         // 检查导航项是否可见
      26 |         const navItems = page.locator('.nav-item');
    > 27 |         await expect(navItems).toBeVisible();
         |                                ^
      28 |
      29 |         // 在小屏幕上检查导航布局
      30 |         if (device.width <= 768) {
        at C:\Users\Joe\SynologyDrive\codes\有声小说\frontend\tests\responsive\responsive-design.spec.ts:27:32

    attachment #1: screenshot (image/png) ──────────────────────────────────────────────────────────
    ..\test-results\responsive-responsive-desi-eca9c-isplay-navigation-correctly-chromium\test-failed-1.png
    ────────────────────────────────────────────────────────────────────────────────────────────────

    attachment #2: video (video/webm) ──────────────────────────────────────────────────────────────
    ..\test-results\responsive-responsive-desi-eca9c-isplay-navigation-correctly-chromium\video.webm
    ────────────────────────────────────────────────────────────────────────────────────────────────

    Error Context: ..\test-results\responsive-responsive-desi-eca9c-isplay-navigation-correctly-chromium\error-context.md
]]>
</failure>
<system-out>
<![CDATA[
[[ATTACHMENT|test-results\responsive-responsive-desi-eca9c-isplay-navigation-correctly-chromium\test-failed-1.png]]

[[ATTACHMENT|test-results\responsive-responsive-desi-eca9c-isplay-navigation-correctly-chromium\video.webm]]

[[ATTACHMENT|test-results\responsive-responsive-desi-eca9c-isplay-navigation-correctly-chromium\error-context.md]]
]]>
</system-out>
</testcase>
<testcase name="Responsive Design Tests › Mobile Small (320x568) › should display hero section correctly" classname="responsive\responsive-design.spec.ts" time="2.505">
<failure message="responsive-design.spec.ts:41:11 should display hero section correctly" type="FAILURE">
<![CDATA[  [chromium] › responsive\responsive-design.spec.ts:41:11 › Responsive Design Tests › Mobile Small (320x568) › should display hero section correctly 

    Error: expect(received).toContain(expected) // indexOf

    Expected substring: "column"
    Received string:    "row"

      54 |
      55 |           // 移动设备上应该是垂直排列
    > 56 |           expect(contentStyle.flexDirection || contentStyle.display).toContain('column');
         |                                                                      ^
      57 |           expect(contentStyle.textAlign || '').toContain('center');
      58 |         }
      59 |
        at C:\Users\Joe\SynologyDrive\codes\有声小说\frontend\tests\responsive\responsive-design.spec.ts:56:70

    attachment #1: screenshot (image/png) ──────────────────────────────────────────────────────────
    ..\test-results\responsive-responsive-desi-639ad-play-hero-section-correctly-chromium\test-failed-1.png
    ────────────────────────────────────────────────────────────────────────────────────────────────

    attachment #2: video (video/webm) ──────────────────────────────────────────────────────────────
    ..\test-results\responsive-responsive-desi-639ad-play-hero-section-correctly-chromium\video.webm
    ────────────────────────────────────────────────────────────────────────────────────────────────

    Error Context: ..\test-results\responsive-responsive-desi-639ad-play-hero-section-correctly-chromium\error-context.md
]]>
</failure>
<system-out>
<![CDATA[
[[ATTACHMENT|test-results\responsive-responsive-desi-639ad-play-hero-section-correctly-chromium\test-failed-1.png]]

[[ATTACHMENT|test-results\responsive-responsive-desi-639ad-play-hero-section-correctly-chromium\video.webm]]

[[ATTACHMENT|test-results\responsive-responsive-desi-639ad-play-hero-section-correctly-chromium\error-context.md]]
]]>
</system-out>
</testcase>
<testcase name="Responsive Design Tests › Mobile Small (320x568) › should display statistics correctly" classname="responsive\responsive-design.spec.ts" time="7.344">
<failure message="responsive-design.spec.ts:73:11 should display statistics correctly" type="FAILURE">
<![CDATA[  [chromium] › responsive\responsive-design.spec.ts:73:11 › Responsive Design Tests › Mobile Small (320x568) › should display statistics correctly 

    Error: expect(locator).toHaveCount(expected) failed

    Locator:  locator('.stat-item')
    Expected: 4
    Received: 8
    Timeout:  5000ms

    Call log:
      - Expect "toHaveCount" with timeout 5000ms
      - waiting for locator('.stat-item')
        8 × locator resolved to 8 elements
          - unexpected value "8"


      76 |
      77 |         const statItems = page.locator('.stat-item');
    > 78 |         await expect(statItems).toHaveCount(4);
         |                                 ^
      79 |
      80 |         // 根据屏幕尺寸检查网格布局
      81 |         const gridCols = device.width >= 1024 ? 4 :
        at C:\Users\Joe\SynologyDrive\codes\有声小说\frontend\tests\responsive\responsive-design.spec.ts:78:33

    attachment #1: screenshot (image/png) ──────────────────────────────────────────────────────────
    ..\test-results\responsive-responsive-desi-a2add-isplay-statistics-correctly-chromium\test-failed-1.png
    ────────────────────────────────────────────────────────────────────────────────────────────────

    attachment #2: video (video/webm) ──────────────────────────────────────────────────────────────
    ..\test-results\responsive-responsive-desi-a2add-isplay-statistics-correctly-chromium\video.webm
    ────────────────────────────────────────────────────────────────────────────────────────────────

    Error Context: ..\test-results\responsive-responsive-desi-a2add-isplay-statistics-correctly-chromium\error-context.md
]]>
</failure>
<system-out>
<![CDATA[
[[ATTACHMENT|test-results\responsive-responsive-desi-a2add-isplay-statistics-correctly-chromium\test-failed-1.png]]

[[ATTACHMENT|test-results\responsive-responsive-desi-a2add-isplay-statistics-correctly-chromium\video.webm]]

[[ATTACHMENT|test-results\responsive-responsive-desi-a2add-isplay-statistics-correctly-chromium\error-context.md]]
]]>
</system-out>
</testcase>
<testcase name="Responsive Design Tests › Mobile Small (320x568) › should display features section correctly" classname="responsive\responsive-design.spec.ts" time="2.425">
</testcase>
<testcase name="Responsive Design Tests › Mobile Small (320x568) › should display workflow section correctly" classname="responsive\responsive-design.spec.ts" time="2.472">
</testcase>
<testcase name="Responsive Design Tests › Mobile Small (320x568) › should display action buttons correctly" classname="responsive\responsive-design.spec.ts" time="2.685">
</testcase>
<testcase name="Responsive Design Tests › Mobile Small (320x568) › should handle horizontal scrolling properly" classname="responsive\responsive-design.spec.ts" time="2.535">
</testcase>
<testcase name="Responsive Design Tests › Mobile Small (320x568) › should display text correctly at different sizes" classname="responsive\responsive-design.spec.ts" time="2.633">
</testcase>
<testcase name="Responsive Design Tests › Mobile Small (320x568) › should handle images and media correctly" classname="responsive\responsive-design.spec.ts" time="2.438">
</testcase>
<testcase name="Responsive Design Tests › Mobile Small (320x568) › should maintain accessibility on all screen sizes" classname="responsive\responsive-design.spec.ts" time="2.888">
<failure message="responsive-design.spec.ts:235:11 should maintain accessibility on all screen sizes" type="FAILURE">
<![CDATA[  [chromium] › responsive\responsive-design.spec.ts:235:11 › Responsive Design Tests › Mobile Small (320x568) › should maintain accessibility on all screen sizes 

    Error: expect(received).toBeGreaterThanOrEqual(expected)

    Expected: >= 44
    Received:    24

      246 |           if (bounds) {
      247 |             const minSize = device.width <= 768 ? 44 : 32;
    > 248 |             expect(bounds.height).toBeGreaterThanOrEqual(minSize);
          |                                   ^
      249 |             expect(bounds.width).toBeGreaterThanOrEqual(minSize);
      250 |           }
      251 |         }
        at C:\Users\Joe\SynologyDrive\codes\有声小说\frontend\tests\responsive\responsive-design.spec.ts:248:35

    attachment #1: screenshot (image/png) ──────────────────────────────────────────────────────────
    ..\test-results\responsive-responsive-desi-833b3-ibility-on-all-screen-sizes-chromium\test-failed-1.png
    ────────────────────────────────────────────────────────────────────────────────────────────────

    attachment #2: video (video/webm) ──────────────────────────────────────────────────────────────
    ..\test-results\responsive-responsive-desi-833b3-ibility-on-all-screen-sizes-chromium\video.webm
    ────────────────────────────────────────────────────────────────────────────────────────────────

    Error Context: ..\test-results\responsive-responsive-desi-833b3-ibility-on-all-screen-sizes-chromium\error-context.md
]]>
</failure>
<system-out>
<![CDATA[
[[ATTACHMENT|test-results\responsive-responsive-desi-833b3-ibility-on-all-screen-sizes-chromium\test-failed-1.png]]

[[ATTACHMENT|test-results\responsive-responsive-desi-833b3-ibility-on-all-screen-sizes-chromium\video.webm]]

[[ATTACHMENT|test-results\responsive-responsive-desi-833b3-ibility-on-all-screen-sizes-chromium\error-context.md]]
]]>
</system-out>
</testcase>
<testcase name="Responsive Design Tests › Mobile Small (320x568) › should handle touch interactions on mobile devices" classname="responsive\responsive-design.spec.ts" time="2.506">
</testcase>
<testcase name="Responsive Design Tests › Orientation Changes › should handle desktop orientation changes" classname="responsive\responsive-design.spec.ts" time="3.278">
</testcase>
<testcase name="Responsive Design Tests › Orientation Changes › should handle mobile orientation changes" classname="responsive\responsive-design.spec.ts" time="3.141">
</testcase>
<testcase name="Responsive Design Tests › Dynamic Content Loading › should load content appropriately for different screen sizes" classname="responsive\responsive-design.spec.ts" time="2.542">
</testcase>
<testcase name="Responsive Design Tests › Dynamic Content Loading › should handle progressive enhancement" classname="responsive\responsive-design.spec.ts" time="2.954">
<failure message="responsive-design.spec.ts:340:9 should handle progressive enhancement" type="FAILURE">
<![CDATA[  [chromium] › responsive\responsive-design.spec.ts:340:9 › Responsive Design Tests › Dynamic Content Loading › should handle progressive enhancement 

    Error: expect(locator).toBeVisible() failed

    Locator: locator('h1')
    Expected: visible
    Error: strict mode violation: locator('h1') resolved to 2 elements:
        1) <h1 class="app-title">SoundStory AI</h1> aka getByText('SoundStory AI', { exact: true })
        2) <h1 class="hero-title" data-v-fae5bece="">…</h1> aka getByText('SoundStoryAI')

    Call log:
      - Expect "toBeVisible" with timeout 5000ms
      - waiting for locator('h1')


      352 |
      353 |       // 即使CSS加载延迟，基本内容也应该可见
    > 354 |       await expect(page.locator('h1')).toBeVisible();
          |                                        ^
      355 |       await expect(page.locator('.nav-menu')).toBeVisible();
      356 |     });
      357 |   });
        at C:\Users\Joe\SynologyDrive\codes\有声小说\frontend\tests\responsive\responsive-design.spec.ts:354:40

    attachment #1: screenshot (image/png) ──────────────────────────────────────────────────────────
    ..\test-results\responsive-responsive-desi-b4d85-dle-progressive-enhancement-chromium\test-failed-1.png
    ────────────────────────────────────────────────────────────────────────────────────────────────

    attachment #2: video (video/webm) ──────────────────────────────────────────────────────────────
    ..\test-results\responsive-responsive-desi-b4d85-dle-progressive-enhancement-chromium\video.webm
    ────────────────────────────────────────────────────────────────────────────────────────────────

    Error Context: ..\test-results\responsive-responsive-desi-b4d85-dle-progressive-enhancement-chromium\error-context.md
]]>
</failure>
<system-out>
<![CDATA[
[[ATTACHMENT|test-results\responsive-responsive-desi-b4d85-dle-progressive-enhancement-chromium\test-failed-1.png]]

[[ATTACHMENT|test-results\responsive-responsive-desi-b4d85-dle-progressive-enhancement-chromium\video.webm]]

[[ATTACHMENT|test-results\responsive-responsive-desi-b4d85-dle-progressive-enhancement-chromium\error-context.md]]
]]>
</system-out>
</testcase>
<testcase name="Performance Tests › should load quickly on mobile devices" classname="responsive\responsive-design.spec.ts" time="2.655">
</testcase>
<testcase name="Performance Tests › should not cause layout shifts during loading" classname="responsive\responsive-design.spec.ts" time="2.223">
<failure message="responsive-design.spec.ts:379:7 should not cause layout shifts during loading" type="FAILURE">
<![CDATA[  [chromium] › responsive\responsive-design.spec.ts:379:7 › Performance Tests › should not cause layout shifts during loading 

    TypeError: page.evaluateOnNewDocument is not a function

      382 |     // 监控CLS (Cumulative Layout Shift)
      383 |     let layoutShifts = 0;
    > 384 |     await page.evaluateOnNewDocument(() => {
          |                ^
      385 |       new PerformanceObserver((list) => {
      386 |         list.getEntries().forEach((entry) => {
      387 |           if (entry.entryType === 'layout-shift' && !entry.hadRecentInput) {
        at C:\Users\Joe\SynologyDrive\codes\有声小说\frontend\tests\responsive\responsive-design.spec.ts:384:16

    attachment #1: screenshot (image/png) ──────────────────────────────────────────────────────────
    ..\test-results\responsive-responsive-desi-e6b0e-ayout-shifts-during-loading-chromium\test-failed-1.png
    ────────────────────────────────────────────────────────────────────────────────────────────────

    attachment #2: video (video/webm) ──────────────────────────────────────────────────────────────
    ..\test-results\responsive-responsive-desi-e6b0e-ayout-shifts-during-loading-chromium\video.webm
    ────────────────────────────────────────────────────────────────────────────────────────────────

    Error Context: ..\test-results\responsive-responsive-desi-e6b0e-ayout-shifts-during-loading-chromium\error-context.md
]]>
</failure>
<system-out>
<![CDATA[
[[ATTACHMENT|test-results\responsive-responsive-desi-e6b0e-ayout-shifts-during-loading-chromium\test-failed-1.png]]

[[ATTACHMENT|test-results\responsive-responsive-desi-e6b0e-ayout-shifts-during-loading-chromium\video.webm]]

[[ATTACHMENT|test-results\responsive-responsive-desi-e6b0e-ayout-shifts-during-loading-chromium\error-context.md]]
]]>
</system-out>
</testcase>
</testsuite>
<testsuite name="ui\home-page.spec.ts" timestamp="2025-12-01T08:52:23.342Z" hostname="chromium" tests="18" failures="10" skipped="0" time="103.009" errors="0">
<testcase name="Home Page UI Components › should display the main hero section with correct content" classname="ui\home-page.spec.ts" time="2.723">
</testcase>
<testcase name="Home Page UI Components › should display action buttons with correct styling" classname="ui\home-page.spec.ts" time="2.071">
</testcase>
<testcase name="Home Page UI Components › should display sound visualizer with animations" classname="ui\home-page.spec.ts" time="2.739">
</testcase>
<testcase name="Home Page UI Components › should display statistics section with correct data" classname="ui\home-page.spec.ts" time="8.319">
<failure message="home-page.spec.ts:67:7 should display statistics section with correct data" type="FAILURE">
<![CDATA[  [chromium] › ui\home-page.spec.ts:67:7 › Home Page UI Components › should display statistics section with correct data 

    Error: expect(locator).toHaveCount(expected) failed

    Locator:  locator('.stat-item')
    Expected: 4
    Received: 8
    Timeout:  5000ms

    Call log:
      - Expect "toHaveCount" with timeout 5000ms
      - waiting for locator('.stat-item')
        8 × locator resolved to 8 elements
          - unexpected value "8"


      71 |     // 检查统计项
      72 |     const statItems = page.locator('.stat-item');
    > 73 |     await expect(statItems).toHaveCount(4);
         |                             ^
      74 |
      75 |     // 检查每个统计项的内容
      76 |     const expectedStats = [
        at C:\Users\Joe\SynologyDrive\codes\有声小说\frontend\tests\ui\home-page.spec.ts:73:29

    attachment #1: screenshot (image/png) ──────────────────────────────────────────────────────────
    ..\test-results\ui-home-page-Home-Page-UI--ebb6e-s-section-with-correct-data-chromium\test-failed-1.png
    ────────────────────────────────────────────────────────────────────────────────────────────────

    attachment #2: video (video/webm) ──────────────────────────────────────────────────────────────
    ..\test-results\ui-home-page-Home-Page-UI--ebb6e-s-section-with-correct-data-chromium\video.webm
    ────────────────────────────────────────────────────────────────────────────────────────────────

    Error Context: ..\test-results\ui-home-page-Home-Page-UI--ebb6e-s-section-with-correct-data-chromium\error-context.md
]]>
</failure>
<system-out>
<![CDATA[
[[ATTACHMENT|test-results\ui-home-page-Home-Page-UI--ebb6e-s-section-with-correct-data-chromium\test-failed-1.png]]

[[ATTACHMENT|test-results\ui-home-page-Home-Page-UI--ebb6e-s-section-with-correct-data-chromium\video.webm]]

[[ATTACHMENT|test-results\ui-home-page-Home-Page-UI--ebb6e-s-section-with-correct-data-chromium\error-context.md]]
]]>
</system-out>
</testcase>
<testcase name="Home Page UI Components › should display core features section" classname="ui\home-page.spec.ts" time="2.66">
<failure message="home-page.spec.ts:91:7 should display core features section" type="FAILURE">
<![CDATA[  [chromium] › ui\home-page.spec.ts:91:7 › Home Page UI Components › should display core features section 

    Error: expect(locator).toContainText(expected) failed

    Locator: locator('.section-title')
    Expected substring: "完整创作链路"
    Error: strict mode violation: locator('.section-title') resolved to 3 elements:
        1) <h2 data-v-fae5bece="" class="section-title">…</h2> aka getByRole('heading', { name: '完整创作链路' })
        2) <h2 data-v-fae5bece="" class="section-title">…</h2> aka getByRole('heading', { name: '五步成章' })
        3) <h2 data-v-fae5bece="" class="section-title">…</h2> aka getByRole('heading', { name: '实时状态' })

    Call log:
      - Expect "toContainText" with timeout 5000ms
      - waiting for locator('.section-title')


      92 |     // 检查功能区域
      93 |     await expect(page.locator('.features-section')).toBeVisible();
    > 94 |     await expect(page.locator('.section-title')).toContainText('完整创作链路');
         |                                                  ^
      95 |
      96 |     // 检查功能卡片
      97 |     const featureCards = page.locator('.feature-card');
        at C:\Users\Joe\SynologyDrive\codes\有声小说\frontend\tests\ui\home-page.spec.ts:94:50

    attachment #1: screenshot (image/png) ──────────────────────────────────────────────────────────
    ..\test-results\ui-home-page-Home-Page-UI--a820e-splay-core-features-section-chromium\test-failed-1.png
    ────────────────────────────────────────────────────────────────────────────────────────────────

    attachment #2: video (video/webm) ──────────────────────────────────────────────────────────────
    ..\test-results\ui-home-page-Home-Page-UI--a820e-splay-core-features-section-chromium\video.webm
    ────────────────────────────────────────────────────────────────────────────────────────────────

    Error Context: ..\test-results\ui-home-page-Home-Page-UI--a820e-splay-core-features-section-chromium\error-context.md
]]>
</failure>
<system-out>
<![CDATA[
[[ATTACHMENT|test-results\ui-home-page-Home-Page-UI--a820e-splay-core-features-section-chromium\test-failed-1.png]]

[[ATTACHMENT|test-results\ui-home-page-Home-Page-UI--a820e-splay-core-features-section-chromium\video.webm]]

[[ATTACHMENT|test-results\ui-home-page-Home-Page-UI--a820e-splay-core-features-section-chromium\error-context.md]]
]]>
</system-out>
</testcase>
<testcase name="Home Page UI Components › should display workflow section" classname="ui\home-page.spec.ts" time="5.159">
<failure message="home-page.spec.ts:110:7 should display workflow section" type="FAILURE">
<![CDATA[  [chromium] › ui\home-page.spec.ts:110:7 › Home Page UI Components › should display workflow section 

    Error: expect(locator).toContainText(expected) failed

    Locator: locator('.section-title')
    Expected substring: "五步成章"
    Error: strict mode violation: locator('.section-title') resolved to 3 elements:
        1) <h2 data-v-fae5bece="" class="section-title">…</h2> aka getByRole('heading', { name: '完整创作链路' })
        2) <h2 data-v-fae5bece="" class="section-title">…</h2> aka getByRole('heading', { name: '五步成章' })
        3) <h2 data-v-fae5bece="" class="section-title">…</h2> aka getByRole('heading', { name: '实时状态' })

    Call log:
      - Expect "toContainText" with timeout 5000ms
      - waiting for locator('.section-title')


      111 |     // 检查工作流程区域
      112 |     await expect(page.locator('.workflow-section')).toBeVisible();
    > 113 |     await expect(page.locator('.section-title')).toContainText('五步成章');
          |                                                  ^
      114 |
      115 |     // 检查工作流程步骤
      116 |     const workflowSteps = page.locator('.workflow-step');
        at C:\Users\Joe\SynologyDrive\codes\有声小说\frontend\tests\ui\home-page.spec.ts:113:50

    attachment #1: screenshot (image/png) ──────────────────────────────────────────────────────────
    ..\test-results\ui-home-page-Home-Page-UI--14df6-ld-display-workflow-section-chromium\test-failed-1.png
    ────────────────────────────────────────────────────────────────────────────────────────────────

    attachment #2: video (video/webm) ──────────────────────────────────────────────────────────────
    ..\test-results\ui-home-page-Home-Page-UI--14df6-ld-display-workflow-section-chromium\video.webm
    ────────────────────────────────────────────────────────────────────────────────────────────────

    Error Context: ..\test-results\ui-home-page-Home-Page-UI--14df6-ld-display-workflow-section-chromium\error-context.md
]]>
</failure>
<system-out>
<![CDATA[
[[ATTACHMENT|test-results\ui-home-page-Home-Page-UI--14df6-ld-display-workflow-section-chromium\test-failed-1.png]]

[[ATTACHMENT|test-results\ui-home-page-Home-Page-UI--14df6-ld-display-workflow-section-chromium\video.webm]]

[[ATTACHMENT|test-results\ui-home-page-Home-Page-UI--14df6-ld-display-workflow-section-chromium\error-context.md]]
]]>
</system-out>
</testcase>
<testcase name="Home Page UI Components › should display system status section" classname="ui\home-page.spec.ts" time="2.763">
<failure message="home-page.spec.ts:129:7 should display system status section" type="FAILURE">
<![CDATA[  [chromium] › ui\home-page.spec.ts:129:7 › Home Page UI Components › should display system status section 

    Error: expect(locator).toContainText(expected) failed

    Locator: locator('.section-title')
    Expected substring: "实时状态"
    Error: strict mode violation: locator('.section-title') resolved to 3 elements:
        1) <h2 data-v-fae5bece="" class="section-title">…</h2> aka getByRole('heading', { name: '完整创作链路' })
        2) <h2 data-v-fae5bece="" class="section-title">…</h2> aka getByRole('heading', { name: '五步成章' })
        3) <h2 data-v-fae5bece="" class="section-title">…</h2> aka getByRole('heading', { name: '实时状态' })

    Call log:
      - Expect "toContainText" with timeout 5000ms
      - waiting for locator('.section-title')


      130 |     // 检查系统状态区域
      131 |     await expect(page.locator('.status-section')).toBeVisible();
    > 132 |     await expect(page.locator('.section-title')).toContainText('实时状态');
          |                                                  ^
      133 |
      134 |     // 检查ApiStatus组件
      135 |     await expect(page.locator('.status-container')).toBeVisible();
        at C:\Users\Joe\SynologyDrive\codes\有声小说\frontend\tests\ui\home-page.spec.ts:132:50

    attachment #1: screenshot (image/png) ──────────────────────────────────────────────────────────
    ..\test-results\ui-home-page-Home-Page-UI--b0c36-splay-system-status-section-chromium\test-failed-1.png
    ────────────────────────────────────────────────────────────────────────────────────────────────

    attachment #2: video (video/webm) ──────────────────────────────────────────────────────────────
    ..\test-results\ui-home-page-Home-Page-UI--b0c36-splay-system-status-section-chromium\video.webm
    ────────────────────────────────────────────────────────────────────────────────────────────────

    Error Context: ..\test-results\ui-home-page-Home-Page-UI--b0c36-splay-system-status-section-chromium\error-context.md
]]>
</failure>
<system-out>
<![CDATA[
[[ATTACHMENT|test-results\ui-home-page-Home-Page-UI--b0c36-splay-system-status-section-chromium\test-failed-1.png]]

[[ATTACHMENT|test-results\ui-home-page-Home-Page-UI--b0c36-splay-system-status-section-chromium\video.webm]]

[[ATTACHMENT|test-results\ui-home-page-Home-Page-UI--b0c36-splay-system-status-section-chromium\error-context.md]]
]]>
</system-out>
</testcase>
<testcase name="Home Page UI Components › should display call-to-action section" classname="ui\home-page.spec.ts" time="5.048">
</testcase>
<testcase name="Home Page UI Components › should have proper CSS variables and styling applied" classname="ui\home-page.spec.ts" time="3.411">
</testcase>
<testcase name="Home Page UI Components › should display background elements" classname="ui\home-page.spec.ts" time="4.756">
</testcase>
<testcase name="Home Page Interactions › should navigate to novel creation when clicking start button" classname="ui\home-page.spec.ts" time="13.211">
<failure message="home-page.spec.ts:187:7 should navigate to novel creation when clicking start button" type="FAILURE">
<![CDATA[  [chromium] › ui\home-page.spec.ts:187:7 › Home Page Interactions › should navigate to novel creation when clicking start button 

    TimeoutError: page.click: Timeout 10000ms exceeded.
    Call log:
      - waiting for locator('.action-btn.primary')
        - locator resolved to <button data-v-fae5bece="" class="action-btn primary">…</button>
      - attempting click action
        2 × waiting for element to be visible, enabled and stable
          - element is not stable
        - retrying click action
        - waiting 20ms
        2 × waiting for element to be visible, enabled and stable
          - element is not stable
        - retrying click action
          - waiting 100ms
        - waiting for element to be visible, enabled and stable
        - element is not stable
      14 × retrying click action
           - waiting 500ms
           - waiting for element to be visible, enabled and stable
           - element is visible, enabled and stable
           - scrolling into view if needed
           - done scrolling
           - <iframe src="about:blank" id="webpack-dev-server-client-overlay"></iframe> intercepts pointer events
      - retrying click action
        - waiting 500ms
        - waiting for element to be visible, enabled and stable
        - element is visible, enabled and stable
        - scrolling into view if needed
        - done scrolling


      187 |   test('should navigate to novel creation when clicking start button', async ({ page }) => {
      188 |     // 点击开始创作按钮
    > 189 |     await page.click('.action-btn.primary');
          |                ^
      190 |
      191 |     // 等待导航完成
      192 |     await page.waitForURL('**/novel');
        at C:\Users\Joe\SynologyDrive\codes\有声小说\frontend\tests\ui\home-page.spec.ts:189:16

    attachment #1: screenshot (image/png) ──────────────────────────────────────────────────────────
    ..\test-results\ui-home-page-Home-Page-Int-e0112--when-clicking-start-button-chromium\test-failed-1.png
    ────────────────────────────────────────────────────────────────────────────────────────────────

    attachment #2: video (video/webm) ──────────────────────────────────────────────────────────────
    ..\test-results\ui-home-page-Home-Page-Int-e0112--when-clicking-start-button-chromium\video.webm
    ────────────────────────────────────────────────────────────────────────────────────────────────

    Error Context: ..\test-results\ui-home-page-Home-Page-Int-e0112--when-clicking-start-button-chromium\error-context.md
]]>
</failure>
<system-out>
<![CDATA[
[[ATTACHMENT|test-results\ui-home-page-Home-Page-Int-e0112--when-clicking-start-button-chromium\test-failed-1.png]]

[[ATTACHMENT|test-results\ui-home-page-Home-Page-Int-e0112--when-clicking-start-button-chromium\video.webm]]

[[ATTACHMENT|test-results\ui-home-page-Home-Page-Int-e0112--when-clicking-start-button-chromium\error-context.md]]
]]>
</system-out>
</testcase>
<testcase name="Home Page Interactions › should navigate to models when clicking configure button" classname="ui\home-page.spec.ts" time="11.817">
<failure message="home-page.spec.ts:198:7 should navigate to models when clicking configure button" type="FAILURE">
<![CDATA[  [chromium] › ui\home-page.spec.ts:198:7 › Home Page Interactions › should navigate to models when clicking configure button 

    TimeoutError: page.click: Timeout 10000ms exceeded.
    Call log:
      - waiting for locator('.action-btn.secondary')
        - locator resolved to <button data-v-fae5bece="" class="action-btn secondary">…</button>
      - attempting click action
        2 × waiting for element to be visible, enabled and stable
          - element is not stable
        - retrying click action
        - waiting 20ms
        2 × waiting for element to be visible, enabled and stable
          - element is not stable
        - retrying click action
          - waiting 100ms
        - waiting for element to be visible, enabled and stable
        - element is not stable
      14 × retrying click action
           - waiting 500ms
           - waiting for element to be visible, enabled and stable
           - element is visible, enabled and stable
           - scrolling into view if needed
           - done scrolling
           - <iframe src="about:blank" id="webpack-dev-server-client-overlay"></iframe> intercepts pointer events
      - retrying click action
        - waiting 500ms


      198 |   test('should navigate to models when clicking configure button', async ({ page }) => {
      199 |     // 点击配置模型按钮
    > 200 |     await page.click('.action-btn.secondary');
          |                ^
      201 |
      202 |     // 等待导航完成
      203 |     await page.waitForURL('**/models');
        at C:\Users\Joe\SynologyDrive\codes\有声小说\frontend\tests\ui\home-page.spec.ts:200:16

    attachment #1: screenshot (image/png) ──────────────────────────────────────────────────────────
    ..\test-results\ui-home-page-Home-Page-Int-0ceb0-n-clicking-configure-button-chromium\test-failed-1.png
    ────────────────────────────────────────────────────────────────────────────────────────────────

    attachment #2: video (video/webm) ──────────────────────────────────────────────────────────────
    ..\test-results\ui-home-page-Home-Page-Int-0ceb0-n-clicking-configure-button-chromium\video.webm
    ────────────────────────────────────────────────────────────────────────────────────────────────

    Error Context: ..\test-results\ui-home-page-Home-Page-Int-0ceb0-n-clicking-configure-button-chromium\error-context.md
]]>
</failure>
<system-out>
<![CDATA[
[[ATTACHMENT|test-results\ui-home-page-Home-Page-Int-0ceb0-n-clicking-configure-button-chromium\test-failed-1.png]]

[[ATTACHMENT|test-results\ui-home-page-Home-Page-Int-0ceb0-n-clicking-configure-button-chromium\video.webm]]

[[ATTACHMENT|test-results\ui-home-page-Home-Page-Int-0ceb0-n-clicking-configure-button-chromium\error-context.md]]
]]>
</system-out>
</testcase>
<testcase name="Home Page Interactions › should navigate to correct pages when clicking feature cards" classname="ui\home-page.spec.ts" time="12.415">
<failure message="home-page.spec.ts:209:7 should navigate to correct pages when clicking feature cards" type="FAILURE">
<![CDATA[  [chromium] › ui\home-page.spec.ts:209:7 › Home Page Interactions › should navigate to correct pages when clicking feature cards 

    TimeoutError: locator.click: Timeout 10000ms exceeded.
    Call log:
      - waiting for locator('.feature-card').first()
        - locator resolved to <div data-v-fae5bece="" class="feature-card">…</div>
      - attempting click action
        2 × waiting for element to be visible, enabled and stable
          - element is visible, enabled and stable
          - scrolling into view if needed
          - done scrolling
          - <iframe src="about:blank" id="webpack-dev-server-client-overlay"></iframe> intercepts pointer events
        - retrying click action
        - waiting 20ms
        - waiting for element to be visible, enabled and stable
        - element is visible, enabled and stable
        - scrolling into view if needed
        - done scrolling
        - <iframe src="about:blank" id="webpack-dev-server-client-overlay"></iframe> intercepts pointer events
      - retrying click action
        - waiting 100ms
        - waiting for element to be visible, enabled and stable
        - element is not stable
      - retrying click action
        - waiting 100ms
        16 × waiting for element to be visible, enabled and stable
           - element is visible, enabled and stable
           - scrolling into view if needed
           - done scrolling
           - <iframe src="about:blank" id="webpack-dev-server-client-overlay"></iframe> intercepts pointer events
         - retrying click action
           - waiting 500ms


      213 |     for (let i = 0; i < featureRoutes.length; i++) {
      214 |       await page.goto('/'); // 重新加载首页
    > 215 |       await featureCards.nth(i).click();
          |                                 ^
      216 |       await page.waitForTimeout(1000); // 等待可能的动画
      217 |       expect(page.url()).toContain(featureRoutes[i]);
      218 |     }
        at C:\Users\Joe\SynologyDrive\codes\有声小说\frontend\tests\ui\home-page.spec.ts:215:33

    attachment #1: screenshot (image/png) ──────────────────────────────────────────────────────────
    ..\test-results\ui-home-page-Home-Page-Int-68bc0-when-clicking-feature-cards-chromium\test-failed-1.png
    ────────────────────────────────────────────────────────────────────────────────────────────────

    attachment #2: video (video/webm) ──────────────────────────────────────────────────────────────
    ..\test-results\ui-home-page-Home-Page-Int-68bc0-when-clicking-feature-cards-chromium\video.webm
    ────────────────────────────────────────────────────────────────────────────────────────────────

    Error Context: ..\test-results\ui-home-page-Home-Page-Int-68bc0-when-clicking-feature-cards-chromium\error-context.md
]]>
</failure>
<system-out>
<![CDATA[
[[ATTACHMENT|test-results\ui-home-page-Home-Page-Int-68bc0-when-clicking-feature-cards-chromium\test-failed-1.png]]

[[ATTACHMENT|test-results\ui-home-page-Home-Page-Int-68bc0-when-clicking-feature-cards-chromium\video.webm]]

[[ATTACHMENT|test-results\ui-home-page-Home-Page-Int-68bc0-when-clicking-feature-cards-chromium\error-context.md]]
]]>
</system-out>
</testcase>
<testcase name="Home Page Interactions › should show hover effects on interactive elements" classname="ui\home-page.spec.ts" time="12.576">
<failure message="home-page.spec.ts:221:7 should show hover effects on interactive elements" type="FAILURE">
<![CDATA[  [chromium] › ui\home-page.spec.ts:221:7 › Home Page Interactions › should show hover effects on interactive elements 

    TimeoutError: locator.hover: Timeout 10000ms exceeded.
    Call log:
      - waiting for locator('.action-btn.primary')
        - locator resolved to <button data-v-fae5bece="" class="action-btn primary">…</button>
      - attempting hover action
        2 × waiting for element to be visible and stable
          - element is not stable
        - retrying hover action
        - waiting 20ms
        2 × waiting for element to be visible and stable
          - element is not stable
        - retrying hover action
          - waiting 100ms
        - waiting for element to be visible and stable
        - element is not stable
      9 × retrying hover action
          - waiting 500ms
          - waiting for element to be visible and stable
          - element is visible and stable
          - scrolling into view if needed
          - done scrolling
          - <iframe src="about:blank" id="webpack-dev-server-client-overlay"></iframe> intercepts pointer events
      - retrying hover action
        - waiting 500ms
        - waiting for element to be visible and stable
        - element is not stable
      3 × retrying hover action
          - waiting 500ms
          - waiting for element to be visible and stable
          - element is visible and stable
          - scrolling into view if needed
          - done scrolling
          - <iframe src="about:blank" id="webpack-dev-server-client-overlay"></iframe> intercepts pointer events
      - retrying hover action
        - waiting 500ms
        - waiting for element to be visible and stable
        - element is not stable
      - retrying hover action
        - waiting 500ms
        - waiting for element to be visible and stable


      222 |     // 测试按钮悬停效果
      223 |     const primaryBtn = page.locator('.action-btn.primary');
    > 224 |     await primaryBtn.hover();
          |                      ^
      225 |
      226 |     // 检查是否应用了悬停样式
      227 |     const btnStyle = await primaryBtn.evaluate((el) => {
        at C:\Users\Joe\SynologyDrive\codes\有声小说\frontend\tests\ui\home-page.spec.ts:224:22

    attachment #1: screenshot (image/png) ──────────────────────────────────────────────────────────
    ..\test-results\ui-home-page-Home-Page-Int-8daef-cts-on-interactive-elements-chromium\test-failed-1.png
    ────────────────────────────────────────────────────────────────────────────────────────────────

    attachment #2: video (video/webm) ──────────────────────────────────────────────────────────────
    ..\test-results\ui-home-page-Home-Page-Int-8daef-cts-on-interactive-elements-chromium\video.webm
    ────────────────────────────────────────────────────────────────────────────────────────────────

    Error Context: ..\test-results\ui-home-page-Home-Page-Int-8daef-cts-on-interactive-elements-chromium\error-context.md
]]>
</failure>
<system-out>
<![CDATA[
[[ATTACHMENT|test-results\ui-home-page-Home-Page-Int-8daef-cts-on-interactive-elements-chromium\test-failed-1.png]]

[[ATTACHMENT|test-results\ui-home-page-Home-Page-Int-8daef-cts-on-interactive-elements-chromium\video.webm]]

[[ATTACHMENT|test-results\ui-home-page-Home-Page-Int-8daef-cts-on-interactive-elements-chromium\error-context.md]]
]]>
</system-out>
</testcase>
<testcase name="Home Page Interactions › should be responsive to viewport changes" classname="ui\home-page.spec.ts" time="4.357">
<failure message="home-page.spec.ts:240:7 should be responsive to viewport changes" type="FAILURE">
<![CDATA[  [chromium] › ui\home-page.spec.ts:240:7 › Home Page Interactions › should be responsive to viewport changes 

    Error: expect(received).toContain(expected) // indexOf

    Expected substring: "column"
    Received string:    "row"

      256 |       return window.getComputedStyle(el);
      257 |     });
    > 258 |     expect(contentStyle.flexDirection || contentStyle.display).toContain('column');
          |                                                                ^
      259 |   });
      260 | });
      261 |
        at C:\Users\Joe\SynologyDrive\codes\有声小说\frontend\tests\ui\home-page.spec.ts:258:64

    attachment #1: screenshot (image/png) ──────────────────────────────────────────────────────────
    ..\test-results\ui-home-page-Home-Page-Int-14893-ponsive-to-viewport-changes-chromium\test-failed-1.png
    ────────────────────────────────────────────────────────────────────────────────────────────────

    attachment #2: video (video/webm) ──────────────────────────────────────────────────────────────
    ..\test-results\ui-home-page-Home-Page-Int-14893-ponsive-to-viewport-changes-chromium\video.webm
    ────────────────────────────────────────────────────────────────────────────────────────────────

    Error Context: ..\test-results\ui-home-page-Home-Page-Int-14893-ponsive-to-viewport-changes-chromium\error-context.md
]]>
</failure>
<system-out>
<![CDATA[
[[ATTACHMENT|test-results\ui-home-page-Home-Page-Int-14893-ponsive-to-viewport-changes-chromium\test-failed-1.png]]

[[ATTACHMENT|test-results\ui-home-page-Home-Page-Int-14893-ponsive-to-viewport-changes-chromium\video.webm]]

[[ATTACHMENT|test-results\ui-home-page-Home-Page-Int-14893-ponsive-to-viewport-changes-chromium\error-context.md]]
]]>
</system-out>
</testcase>
<testcase name="Home Page Performance › should load within reasonable time" classname="ui\home-page.spec.ts" time="2.621">
</testcase>
<testcase name="Home Page Performance › should have no console errors" classname="ui\home-page.spec.ts" time="3.742">
<failure message="home-page.spec.ts:273:7 should have no console errors" type="FAILURE">
<![CDATA[  [chromium] › ui\home-page.spec.ts:273:7 › Home Page Performance › should have no console errors ──

    Error: expect(received).toHaveLength(expected)

    Expected length: 0
    Received length: 13
    Received array:  ["加载统计数据失败: TypeError: Cannot read properties of undefined (reading 'get')
        at Proxy.fetchModels (webpack-internal:///./src/store/models.js:35:79)
        at Proxy.wrappedAction (webpack-internal:///./node_modules/pinia/dist/pinia.mjs:1420:26)
        at store.<computed> (webpack-internal:///./node_modules/pinia/dist/pinia.mjs:976:50)
        at loadStats (webpack-internal:///./node_modules/vue-loader/dist/index.js??ruleSet[0].use[0]!./src/views/Home.vue?vue&type=script&lang=js:126:27)
        at eval (webpack-internal:///./node_modules/vue-loader/dist/index.js??ruleSet[0].use[0]!./src/views/Home.vue?vue&type=script&lang=js:170:7)
        at eval (webpack-internal:///./node_modules/@vue/runtime-core/dist/runtime-core.esm-bundler.js:3021:40)
        at callWithErrorHandling (webpack-internal:///./node_modules/@vue/runtime-core/dist/runtime-core.esm-bundler.js:351:19)
        at callWithAsyncErrorHandling (webpack-internal:///./node_modules/@vue/runtime-core/dist/runtime-core.esm-bundler.js:358:17)
        at hook.__weh.hook.__weh (webpack-internal:///./node_modules/@vue/runtime-core/dist/runtime-core.esm-bundler.js:3001:19)
        at flushPostFlushCbs (webpack-internal:///./node_modules/@vue/runtime-core/dist/runtime-core.esm-bundler.js:534:28)", "Failed to load resource: the server responded with a status of 500 (Internal Server Error)", "❌ Response Error: AxiosError", "Failed to load resource: the server responded with a status of 500 (Internal Server Error)", "❌ Response Error: AxiosError", "Failed to load resource: the server responded with a status of 500 (Internal Server Error)", "❌ Response Error: AxiosError", "Failed to load resource: the server responded with a status of 500 (Internal Server Error)", "❌ Response Error: AxiosError", "Failed to load resource: the server responded with a status of 500 (Internal Server Error)", …]

      283 |
      284 |     // 检查是否有控制台错误
    > 285 |     expect(consoleErrors).toHaveLength(0);
          |                           ^
      286 |   });
      287 |
      288 |   test('should render all images and assets properly', async ({ page }) => {
        at C:\Users\Joe\SynologyDrive\codes\有声小说\frontend\tests\ui\home-page.spec.ts:285:27

    attachment #1: screenshot (image/png) ──────────────────────────────────────────────────────────
    ..\test-results\ui-home-page-Home-Page-Per-f50d5-ould-have-no-console-errors-chromium\test-failed-1.png
    ────────────────────────────────────────────────────────────────────────────────────────────────

    attachment #2: video (video/webm) ──────────────────────────────────────────────────────────────
    ..\test-results\ui-home-page-Home-Page-Per-f50d5-ould-have-no-console-errors-chromium\video.webm
    ────────────────────────────────────────────────────────────────────────────────────────────────

    Error Context: ..\test-results\ui-home-page-Home-Page-Per-f50d5-ould-have-no-console-errors-chromium\error-context.md
]]>
</failure>
<system-out>
<![CDATA[
[[ATTACHMENT|test-results\ui-home-page-Home-Page-Per-f50d5-ould-have-no-console-errors-chromium\test-failed-1.png]]

[[ATTACHMENT|test-results\ui-home-page-Home-Page-Per-f50d5-ould-have-no-console-errors-chromium\video.webm]]

[[ATTACHMENT|test-results\ui-home-page-Home-Page-Per-f50d5-ould-have-no-console-errors-chromium\error-context.md]]
]]>
</system-out>
</testcase>
<testcase name="Home Page Performance › should render all images and assets properly" classname="ui\home-page.spec.ts" time="2.621">
</testcase>
</testsuite>
<testsuite name="animations\animations.spec.ts" timestamp="2025-12-01T08:52:23.342Z" hostname="firefox" tests="20" failures="10" skipped="0" time="178.677" errors="0">
<testcase name="Animation and Interaction Effects › CSS Animations › should animate hero elements on page load" classname="animations\animations.spec.ts" time="5.759">
</testcase>
<testcase name="Animation and Interaction Effects › CSS Animations › should animate sound visualizer rings" classname="animations\animations.spec.ts" time="6.152">
</testcase>
<testcase name="Animation and Interaction Effects › CSS Animations › should animate sound bars" classname="animations\animations.spec.ts" time="6.253">
</testcase>
<testcase name="Animation and Interaction Effects › CSS Animations › should animate background elements" classname="animations\animations.spec.ts" time="6.391">
</testcase>
<testcase name="Animation and Interaction Effects › CSS Animations › should animate floating particles" classname="animations\animations.spec.ts" time="7.055">
</testcase>
<testcase name="Animation and Interaction Effects › Hover Effects › should show hover effects on navigation items" classname="animations\animations.spec.ts" time="15.461">
<failure message="animations.spec.ts:141:9 should show hover effects on navigation items" type="FAILURE">
<![CDATA[  [firefox] › animations\animations.spec.ts:141:9 › Animation and Interaction Effects › Hover Effects › should show hover effects on navigation items 

    TimeoutError: locator.hover: Timeout 10000ms exceeded.
    Call log:
      - waiting for locator('.nav-item').nth(1)
        - locator resolved to <a href="/models" class="nav-item" data-text="AI模型">…</a>
      - attempting hover action
        2 × waiting for element to be visible and stable
          - element is visible and stable
          - scrolling into view if needed
          - done scrolling
          - <iframe src="about:blank" id="webpack-dev-server-client-overlay"></iframe> intercepts pointer events
        - retrying hover action
        - waiting 20ms
        2 × waiting for element to be visible and stable
          - element is visible and stable
          - scrolling into view if needed
          - done scrolling
          - <iframe src="about:blank" id="webpack-dev-server-client-overlay"></iframe> intercepts pointer events
        - retrying hover action
          - waiting 100ms
        2 × waiting for element to be visible and stable
          - element is visible and stable
          - scrolling into view if needed
          - done scrolling
          - <iframe src="about:blank" id="webpack-dev-server-client-overlay"></iframe> intercepts pointer events
        - retrying hover action
          - waiting 500ms
        5 × waiting for element to be visible and stable
          - element is not stable
        - retrying hover action
          - waiting 500ms
          - waiting for element to be visible and stable
          - element is visible and stable
          - scrolling into view if needed
          - done scrolling
          - <iframe src="about:blank" id="webpack-dev-server-client-overlay"></iframe> intercepts pointer events
        - retrying hover action
          - waiting 500ms
        - waiting for element to be visible and stable


      153 |
      154 |       // 执行悬停
    > 155 |       await navItem.hover();
          |                     ^
      156 |       await page.waitForTimeout(300); // 等待过渡动画
      157 |
      158 |       // 悬停后的状态
        at C:\Users\Joe\SynologyDrive\codes\有声小说\frontend\tests\animations\animations.spec.ts:155:21

    attachment #1: screenshot (image/png) ──────────────────────────────────────────────────────────
    ..\test-results\animations-animations-Anim-cd6ae-effects-on-navigation-items-firefox\test-failed-1.png
    ────────────────────────────────────────────────────────────────────────────────────────────────

    Error Context: ..\test-results\animations-animations-Anim-cd6ae-effects-on-navigation-items-firefox\error-context.md
]]>
</failure>
<system-out>
<![CDATA[
[[ATTACHMENT|test-results\animations-animations-Anim-cd6ae-effects-on-navigation-items-firefox\test-failed-1.png]]

[[ATTACHMENT|test-results\animations-animations-Anim-cd6ae-effects-on-navigation-items-firefox\error-context.md]]
]]>
</system-out>
</testcase>
<testcase name="Animation and Interaction Effects › Hover Effects › should show hover effects on action buttons" classname="animations\animations.spec.ts" time="14.187">
<failure message="animations.spec.ts:176:9 should show hover effects on action buttons" type="FAILURE">
<![CDATA[  [firefox] › animations\animations.spec.ts:176:9 › Animation and Interaction Effects › Hover Effects › should show hover effects on action buttons 

    TimeoutError: locator.hover: Timeout 10000ms exceeded.
    Call log:
      - waiting for locator('.action-btn.primary')
        - locator resolved to <button data-v-fae5bece="" class="action-btn primary">…</button>
      - attempting hover action
        2 × waiting for element to be visible and stable
          - element is visible and stable
          - scrolling into view if needed
          - done scrolling
          - <iframe src="about:blank" id="webpack-dev-server-client-overlay"></iframe> intercepts pointer events
        - retrying hover action
        - waiting 20ms
        2 × waiting for element to be visible and stable
          - element is visible and stable
          - scrolling into view if needed
          - done scrolling
          - <iframe src="about:blank" id="webpack-dev-server-client-overlay"></iframe> intercepts pointer events
        - retrying hover action
          - waiting 100ms
        - waiting for element to be visible and stable
        - element is not stable
      3 × retrying hover action
          - waiting 500ms
          - waiting for element to be visible and stable
          - element is visible and stable
          - scrolling into view if needed
          - done scrolling
          - <iframe src="about:blank" id="webpack-dev-server-client-overlay"></iframe> intercepts pointer events
      3 × retrying hover action
          - waiting 500ms
          - waiting for element to be visible and stable
          - element is not stable
        - retrying hover action
          - waiting 500ms
          - waiting for element to be visible and stable
          - element is visible and stable
          - scrolling into view if needed
          - done scrolling
          - <iframe src="about:blank" id="webpack-dev-server-client-overlay"></iframe> intercepts pointer events
      - retrying hover action
        - waiting 500ms
        - waiting for element to be visible and stable
        - element is not stable
      - retrying hover action
        - waiting 500ms


      187 |
      188 |       // 执行悬停
    > 189 |       await primaryBtn.hover();
          |                        ^
      190 |       await page.waitForTimeout(300);
      191 |
      192 |       // 悬停后的状态
        at C:\Users\Joe\SynologyDrive\codes\有声小说\frontend\tests\animations\animations.spec.ts:189:24

    attachment #1: screenshot (image/png) ──────────────────────────────────────────────────────────
    ..\test-results\animations-animations-Anim-9af68-r-effects-on-action-buttons-firefox\test-failed-1.png
    ────────────────────────────────────────────────────────────────────────────────────────────────

    Error Context: ..\test-results\animations-animations-Anim-9af68-r-effects-on-action-buttons-firefox\error-context.md
]]>
</failure>
<system-out>
<![CDATA[
[[ATTACHMENT|test-results\animations-animations-Anim-9af68-r-effects-on-action-buttons-firefox\test-failed-1.png]]

[[ATTACHMENT|test-results\animations-animations-Anim-9af68-r-effects-on-action-buttons-firefox\error-context.md]]
]]>
</system-out>
</testcase>
<testcase name="Animation and Interaction Effects › Hover Effects › should show hover effects on feature cards" classname="animations\animations.spec.ts" time="14.142">
<failure message="animations.spec.ts:213:9 should show hover effects on feature cards" type="FAILURE">
<![CDATA[  [firefox] › animations\animations.spec.ts:213:9 › Animation and Interaction Effects › Hover Effects › should show hover effects on feature cards 

    TimeoutError: locator.hover: Timeout 10000ms exceeded.
    Call log:
      - waiting for locator('.feature-card').first()
        - locator resolved to <div data-v-fae5bece="" class="feature-card">…</div>
      - attempting hover action
        2 × waiting for element to be visible and stable
          - element is visible and stable
          - scrolling into view if needed
          - done scrolling
          - <iframe src="about:blank" id="webpack-dev-server-client-overlay"></iframe> intercepts pointer events
        - retrying hover action
        - waiting 20ms
        - waiting for element to be visible and stable
        - element is visible and stable
        - scrolling into view if needed
        - done scrolling
        - <iframe src="about:blank" id="webpack-dev-server-client-overlay"></iframe> intercepts pointer events
      2 × retrying hover action
          - waiting 100ms
          - waiting for element to be visible and stable
          - element is not stable
      5 × retrying hover action
          - waiting 500ms
          - waiting for element to be visible and stable
          - element is visible and stable
          - scrolling into view if needed
          - done scrolling
          - <iframe src="about:blank" id="webpack-dev-server-client-overlay"></iframe> intercepts pointer events
        - retrying hover action
          - waiting 500ms
          - waiting for element to be visible and stable
          - element is not stable
      - retrying hover action
        - waiting 500ms


      219 |
      220 |       // 执行悬停
    > 221 |       await featureCard.hover();
          |                         ^
      222 |       await page.waitForTimeout(400); // 等待过渡动画
      223 |
      224 |       // 检查变换效果
        at C:\Users\Joe\SynologyDrive\codes\有声小说\frontend\tests\animations\animations.spec.ts:221:25

    attachment #1: screenshot (image/png) ──────────────────────────────────────────────────────────
    ..\test-results\animations-animations-Anim-afc10-er-effects-on-feature-cards-firefox\test-failed-1.png
    ────────────────────────────────────────────────────────────────────────────────────────────────

    Error Context: ..\test-results\animations-animations-Anim-afc10-er-effects-on-feature-cards-firefox\error-context.md
]]>
</failure>
<system-out>
<![CDATA[
[[ATTACHMENT|test-results\animations-animations-Anim-afc10-er-effects-on-feature-cards-firefox\test-failed-1.png]]

[[ATTACHMENT|test-results\animations-animations-Anim-afc10-er-effects-on-feature-cards-firefox\error-context.md]]
]]>
</system-out>
</testcase>
<testcase name="Animation and Interaction Effects › Hover Effects › should show hover effects on statistics items" classname="animations\animations.spec.ts" time="16.312">
<failure message="animations.spec.ts:261:9 should show hover effects on statistics items" type="FAILURE">
<![CDATA[  [firefox] › animations\animations.spec.ts:261:9 › Animation and Interaction Effects › Hover Effects › should show hover effects on statistics items 

    TimeoutError: locator.hover: Timeout 10000ms exceeded.
    Call log:
      - waiting for locator('.stat-item').first()
        - locator resolved to <div class="stat-item" data-v-fae5bece="">…</div>
      - attempting hover action
        2 × waiting for element to be visible and stable
          - element is visible and stable
          - scrolling into view if needed
          - done scrolling
          - <iframe src="about:blank" id="webpack-dev-server-client-overlay"></iframe> intercepts pointer events
        - retrying hover action
        - waiting 20ms
        2 × waiting for element to be visible and stable
          - element is visible and stable
          - scrolling into view if needed
          - done scrolling
          - <iframe src="about:blank" id="webpack-dev-server-client-overlay"></iframe> intercepts pointer events
        - retrying hover action
          - waiting 100ms
        3 × waiting for element to be visible and stable
          - element is visible and stable
          - scrolling into view if needed
          - done scrolling
          - <iframe src="about:blank" id="webpack-dev-server-client-overlay"></iframe> intercepts pointer events
        - retrying hover action
          - waiting 500ms
        - waiting for element to be visible and stable
        - element is not stable
      8 × retrying hover action
          - waiting 500ms
          - waiting for element to be visible and stable
          - element is visible and stable
          - scrolling into view if needed
          - done scrolling
          - <iframe src="about:blank" id="webpack-dev-server-client-overlay"></iframe> intercepts pointer events
      - retrying hover action
        - waiting 500ms
        - waiting for element to be visible and stable
        - element is not stable
      - retrying hover action
        - waiting 500ms


      272 |
      273 |       // 执行悬停
    > 274 |       await statItem.hover();
          |                      ^
      275 |       await page.waitForTimeout(300);
      276 |
      277 |       // 悬停后的状态
        at C:\Users\Joe\SynologyDrive\codes\有声小说\frontend\tests\animations\animations.spec.ts:274:22

    attachment #1: screenshot (image/png) ──────────────────────────────────────────────────────────
    ..\test-results\animations-animations-Anim-fa189-effects-on-statistics-items-firefox\test-failed-1.png
    ────────────────────────────────────────────────────────────────────────────────────────────────

    Error Context: ..\test-results\animations-animations-Anim-fa189-effects-on-statistics-items-firefox\error-context.md
]]>
</failure>
<system-out>
<![CDATA[
[[ATTACHMENT|test-results\animations-animations-Anim-fa189-effects-on-statistics-items-firefox\test-failed-1.png]]

[[ATTACHMENT|test-results\animations-animations-Anim-fa189-effects-on-statistics-items-firefox\error-context.md]]
]]>
</system-out>
</testcase>
<testcase name="Animation and Interaction Effects › Hover Effects › should show hover effects on workflow steps" classname="animations\animations.spec.ts" time="13.822">
<failure message="animations.spec.ts:292:9 should show hover effects on workflow steps" type="FAILURE">
<![CDATA[  [firefox] › animations\animations.spec.ts:292:9 › Animation and Interaction Effects › Hover Effects › should show hover effects on workflow steps 

    TimeoutError: locator.hover: Timeout 10000ms exceeded.
    Call log:
      - waiting for locator('.workflow-step .step-content').first()
        - locator resolved to <div data-v-fae5bece="" class="step-content">…</div>
      - attempting hover action
        2 × waiting for element to be visible and stable
          - element is visible and stable
          - scrolling into view if needed
          - done scrolling
          - <iframe src="about:blank" id="webpack-dev-server-client-overlay"></iframe> intercepts pointer events
        - retrying hover action
        - waiting 20ms
        2 × waiting for element to be visible and stable
          - element is not stable
        - retrying hover action
          - waiting 100ms
        2 × waiting for element to be visible and stable
          - element is not stable
        - retrying hover action
          - waiting 500ms
          - waiting for element to be visible and stable
          - element is visible and stable
          - scrolling into view if needed
          - done scrolling
          - <iframe src="about:blank" id="webpack-dev-server-client-overlay"></iframe> intercepts pointer events
        - retrying hover action
          - waiting 500ms
          - waiting for element to be visible and stable
          - element is visible and stable
          - scrolling into view if needed
          - done scrolling
          - <iframe src="about:blank" id="webpack-dev-server-client-overlay"></iframe> intercepts pointer events
        - retrying hover action
          - waiting 500ms
        3 × waiting for element to be visible and stable
          - element is not stable
        - retrying hover action
          - waiting 500ms
          - waiting for element to be visible and stable
          - element is visible and stable
          - scrolling into view if needed
          - done scrolling
          - <iframe src="about:blank" id="webpack-dev-server-client-overlay"></iframe> intercepts pointer events
        - retrying hover action
          - waiting 500ms
        - waiting for element to be visible and stable
        - element is visible and stable
        - scrolling into view if needed
        - done scrolling
        - <iframe src="about:blank" id="webpack-dev-server-client-overlay"></iframe> intercepts pointer events
      - retrying hover action
        - waiting 500ms


      303 |
      304 |       // 执行悬停
    > 305 |       await stepContent.hover();
          |                         ^
      306 |       await page.waitForTimeout(300);
      307 |
      308 |       // 悬停后的状态
        at C:\Users\Joe\SynologyDrive\codes\有声小说\frontend\tests\animations\animations.spec.ts:305:25

    attachment #1: screenshot (image/png) ──────────────────────────────────────────────────────────
    ..\test-results\animations-animations-Anim-17ecc-r-effects-on-workflow-steps-firefox\test-failed-1.png
    ────────────────────────────────────────────────────────────────────────────────────────────────

    Error Context: ..\test-results\animations-animations-Anim-17ecc-r-effects-on-workflow-steps-firefox\error-context.md
]]>
</failure>
<system-out>
<![CDATA[
[[ATTACHMENT|test-results\animations-animations-Anim-17ecc-r-effects-on-workflow-steps-firefox\test-failed-1.png]]

[[ATTACHMENT|test-results\animations-animations-Anim-17ecc-r-effects-on-workflow-steps-firefox\error-context.md]]
]]>
</system-out>
</testcase>
<testcase name="Animation and Interaction Effects › Transition Effects › should have smooth transitions on interactive elements" classname="animations\animations.spec.ts" time="3.967">
</testcase>
<testcase name="Animation and Interaction Effects › Transition Effects › should animate badge glow effect" classname="animations\animations.spec.ts" time="3.615">
</testcase>
<testcase name="Animation and Interaction Effects › Transition Effects › should animate title accent color" classname="animations\animations.spec.ts" time="3.16">
</testcase>
<testcase name="Animation and Interaction Effects › Transition Effects › should animate sound ring pulse" classname="animations\animations.spec.ts" time="5.422">
</testcase>
<testcase name="Animation and Interaction Effects › Animation Performance › should maintain 60fps on animations" classname="animations\animations.spec.ts" time="9.338">
<failure message="animations.spec.ts:401:9 should maintain 60fps on animations" type="FAILURE">
<![CDATA[  [firefox] › animations\animations.spec.ts:401:9 › Animation and Interaction Effects › Animation Performance › should maintain 60fps on animations 

    Error: expect(received).toBeGreaterThan(expected)

    Expected: > 30
    Received:   6.6

      432 |       // 平均帧率应该高于30fps，理想情况是60fps
      433 |       const averageFps = frameRates.reduce((a, b) => a + b, 0) / frameRates.length;
    > 434 |       expect(averageFps).toBeGreaterThan(30);
          |                          ^
      435 |     });
      436 |
      437 |     test('should not block main thread during animations', async ({ page }) => {
        at C:\Users\Joe\SynologyDrive\codes\有声小说\frontend\tests\animations\animations.spec.ts:434:26

    attachment #1: screenshot (image/png) ──────────────────────────────────────────────────────────
    ..\test-results\animations-animations-Anim-fb739-aintain-60fps-on-animations-firefox\test-failed-1.png
    ────────────────────────────────────────────────────────────────────────────────────────────────

    Error Context: ..\test-results\animations-animations-Anim-fb739-aintain-60fps-on-animations-firefox\error-context.md
]]>
</failure>
<system-out>
<![CDATA[
[[ATTACHMENT|test-results\animations-animations-Anim-fb739-aintain-60fps-on-animations-firefox\test-failed-1.png]]

[[ATTACHMENT|test-results\animations-animations-Anim-fb739-aintain-60fps-on-animations-firefox\error-context.md]]
]]>
</system-out>
</testcase>
<testcase name="Animation and Interaction Effects › Animation Performance › should not block main thread during animations" classname="animations\animations.spec.ts" time="15.791">
<failure message="animations.spec.ts:437:9 should not block main thread during animations" type="FAILURE">
<![CDATA[  [firefox] › animations\animations.spec.ts:437:9 › Animation and Interaction Effects › Animation Performance › should not block main thread during animations 

    TimeoutError: page.hover: Timeout 10000ms exceeded.
    Call log:
      - waiting for locator('.feature-card')
        - locator resolved to 6 elements. Proceeding with the first one: <div data-v-fae5bece="" class="feature-card">…</div>
      - attempting hover action
        2 × waiting for element to be visible and stable
          - element is visible and stable
          - scrolling into view if needed
          - done scrolling
          - <iframe src="about:blank" id="webpack-dev-server-client-overlay"></iframe> intercepts pointer events
        - retrying hover action
        - waiting 20ms
        2 × waiting for element to be visible and stable
          - element is not stable
        - retrying hover action
          - waiting 100ms
        3 × waiting for element to be visible and stable
          - element is visible and stable
          - scrolling into view if needed
          - done scrolling
          - <iframe src="about:blank" id="webpack-dev-server-client-overlay"></iframe> intercepts pointer events
        - retrying hover action
          - waiting 500ms
        - waiting for element to be visible and stable
        - element is not stable
      2 × retrying hover action
          - waiting 500ms
          - waiting for element to be visible and stable
          - element is visible and stable
          - scrolling into view if needed
          - done scrolling
          - <iframe src="about:blank" id="webpack-dev-server-client-overlay"></iframe> intercepts pointer events
      2 × retrying hover action
          - waiting 500ms
          - waiting for element to be visible and stable
          - element is not stable
        - retrying hover action
          - waiting 500ms
          - waiting for element to be visible and stable
          - element is visible and stable
          - scrolling into view if needed
          - done scrolling
          - <iframe src="about:blank" id="webpack-dev-server-client-overlay"></iframe> intercepts pointer events
      - retrying hover action
        - waiting 500ms
        - waiting for element to be visible and stable
        - element is not stable
      - retrying hover action
        - waiting 500ms


      440 |
      441 |       // 触发一些动画
    > 442 |       await page.hover('.feature-card');
          |                  ^
      443 |       await page.hover('.action-btn.primary');
      444 |       await page.hover('.nav-item');
      445 |
        at C:\Users\Joe\SynologyDrive\codes\有声小说\frontend\tests\animations\animations.spec.ts:442:18

    attachment #1: screenshot (image/png) ──────────────────────────────────────────────────────────
    ..\test-results\animations-animations-Anim-ddd44-in-thread-during-animations-firefox\test-failed-1.png
    ────────────────────────────────────────────────────────────────────────────────────────────────

    Error Context: ..\test-results\animations-animations-Anim-ddd44-in-thread-during-animations-firefox\error-context.md
]]>
</failure>
<system-out>
<![CDATA[
[[ATTACHMENT|test-results\animations-animations-Anim-ddd44-in-thread-during-animations-firefox\test-failed-1.png]]

[[ATTACHMENT|test-results\animations-animations-Anim-ddd44-in-thread-during-animations-firefox\error-context.md]]
]]>
</system-out>
</testcase>
<testcase name="Animation and Interaction Effects › Animation Performance › should handle animation interruptions gracefully" classname="animations\animations.spec.ts" time="16.624">
<failure message="animations.spec.ts:452:9 should handle animation interruptions gracefully" type="FAILURE">
<![CDATA[  [firefox] › animations\animations.spec.ts:452:9 › Animation and Interaction Effects › Animation Performance › should handle animation interruptions gracefully 

    TimeoutError: locator.hover: Timeout 10000ms exceeded.
    Call log:
      - waiting for locator('.feature-card').first()
        - locator resolved to <div data-v-fae5bece="" class="feature-card">…</div>
      - attempting hover action
        2 × waiting for element to be visible and stable
          - element is visible and stable
          - scrolling into view if needed
          - done scrolling
          - <iframe src="about:blank" id="webpack-dev-server-client-overlay"></iframe> intercepts pointer events
        - retrying hover action
        - waiting 20ms
        2 × waiting for element to be visible and stable
          - element is not stable
        - retrying hover action
          - waiting 100ms
        - waiting for element to be visible and stable
        - element is not stable
      5 × retrying hover action
          - waiting 500ms
          - waiting for element to be visible and stable
          - element is visible and stable
          - scrolling into view if needed
          - done scrolling
          - <iframe src="about:blank" id="webpack-dev-server-client-overlay"></iframe> intercepts pointer events
      3 × retrying hover action
          - waiting 500ms
          - waiting for element to be visible and stable
          - element is not stable
        - retrying hover action
          - waiting 500ms
          - waiting for element to be visible and stable
          - element is visible and stable
          - scrolling into view if needed
          - done scrolling
          - <iframe src="about:blank" id="webpack-dev-server-client-overlay"></iframe> intercepts pointer events
      - retrying hover action
        - waiting 500ms
        - waiting for element to be visible and stable
        - element is not stable
      - retrying hover action
        - waiting 500ms


      454 |
      455 |       // 快速移动鼠标，测试动画中断
    > 456 |       await featureCard.hover();
          |                         ^
      457 |       await page.waitForTimeout(50);
      458 |       await page.hover('.feature-card').nth(1);
      459 |       await page.waitForTimeout(50);
        at C:\Users\Joe\SynologyDrive\codes\有声小说\frontend\tests\animations\animations.spec.ts:456:25

    attachment #1: screenshot (image/png) ──────────────────────────────────────────────────────────
    ..\test-results\animations-animations-Anim-2d85b-on-interruptions-gracefully-firefox\test-failed-1.png
    ────────────────────────────────────────────────────────────────────────────────────────────────

    Error Context: ..\test-results\animations-animations-Anim-2d85b-on-interruptions-gracefully-firefox\error-context.md
]]>
</failure>
<system-out>
<![CDATA[
[[ATTACHMENT|test-results\animations-animations-Anim-2d85b-on-interruptions-gracefully-firefox\test-failed-1.png]]

[[ATTACHMENT|test-results\animations-animations-Anim-2d85b-on-interruptions-gracefully-firefox\error-context.md]]
]]>
</system-out>
</testcase>
<testcase name="Animation and Interaction Effects › Reduced Motion Support › should respect prefers-reduced-motion setting" classname="animations\animations.spec.ts" time="7.783">
<failure message="animations.spec.ts:470:9 should respect prefers-reduced-motion setting" type="FAILURE">
<![CDATA[  [firefox] › animations\animations.spec.ts:470:9 › Animation and Interaction Effects › Reduced Motion Support › should respect prefers-reduced-motion setting 

    Error: expect(received).toBe(expected) // Object.is equality

    Expected: true
    Received: false

      493 |
      494 |           // 动画应该被禁用或设置为none
    > 495 |           expect(animation === 'none' || animation === '').toBe(true);
          |                                                            ^
      496 |         }
      497 |       }
      498 |     });
        at C:\Users\Joe\SynologyDrive\codes\有声小说\frontend\tests\animations\animations.spec.ts:495:60

    attachment #1: screenshot (image/png) ──────────────────────────────────────────────────────────
    ..\test-results\animations-animations-Anim-1bccd-fers-reduced-motion-setting-firefox\test-failed-1.png
    ────────────────────────────────────────────────────────────────────────────────────────────────

    Error Context: ..\test-results\animations-animations-Anim-1bccd-fers-reduced-motion-setting-firefox\error-context.md
]]>
</failure>
<system-out>
<![CDATA[
[[ATTACHMENT|test-results\animations-animations-Anim-1bccd-fers-reduced-motion-setting-firefox\test-failed-1.png]]

[[ATTACHMENT|test-results\animations-animations-Anim-1bccd-fers-reduced-motion-setting-firefox\error-context.md]]
]]>
</system-out>
</testcase>
<testcase name="Animation and Interaction Effects › Animation Accessibility › should have sufficient color contrast during animations" classname="animations\animations.spec.ts" time="4.258">
</testcase>
<testcase name="Animation and Interaction Effects › Animation Accessibility › should not cause motion sickness" classname="animations\animations.spec.ts" time="3.185">
<failure message="animations.spec.ts:526:9 should not cause motion sickness" type="FAILURE">
<![CDATA[  [firefox] › animations\animations.spec.ts:526:9 › Animation and Interaction Effects › Animation Accessibility › should not cause motion sickness 

    Error: expect(received).toBe(expected) // Object.is equality

    Expected: 0
    Received: 1

      548 |
      549 |       // 应该没有可能引起眩晕的旋转动画
    > 550 |       expect(animations.length).toBe(0);
          |                                 ^
      551 |     });
      552 |   });
      553 | });
        at C:\Users\Joe\SynologyDrive\codes\有声小说\frontend\tests\animations\animations.spec.ts:550:33

    attachment #1: screenshot (image/png) ──────────────────────────────────────────────────────────
    ..\test-results\animations-animations-Anim-0db1d-d-not-cause-motion-sickness-firefox\test-failed-1.png
    ────────────────────────────────────────────────────────────────────────────────────────────────

    Error Context: ..\test-results\animations-animations-Anim-0db1d-d-not-cause-motion-sickness-firefox\error-context.md
]]>
</failure>
<system-out>
<![CDATA[
[[ATTACHMENT|test-results\animations-animations-Anim-0db1d-d-not-cause-motion-sickness-firefox\test-failed-1.png]]

[[ATTACHMENT|test-results\animations-animations-Anim-0db1d-d-not-cause-motion-sickness-firefox\error-context.md]]
]]>
</system-out>
</testcase>
</testsuite>
<testsuite name="navigation\navigation.spec.ts" timestamp="2025-12-01T08:52:23.342Z" hostname="firefox" tests="17" failures="9" skipped="0" time="141.758" errors="0">
<testcase name="Navigation System › should display main navigation with all menu items" classname="navigation\navigation.spec.ts" time="4.271">
</testcase>
<testcase name="Navigation System › should display brand section with correct elements" classname="navigation\navigation.spec.ts" time="4.679">
</testcase>
<testcase name="Navigation System › should have active state indicators for current page" classname="navigation\navigation.spec.ts" time="5.483">
</testcase>
<testcase name="Navigation System › should navigate correctly when clicking navigation items" classname="navigation\navigation.spec.ts" time="16.589">
<failure message="navigation.spec.ts:70:7 should navigate correctly when clicking navigation items" type="FAILURE">
<![CDATA[  [firefox] › navigation\navigation.spec.ts:70:7 › Navigation System › should navigate correctly when clicking navigation items 

    TimeoutError: locator.click: Timeout 10000ms exceeded.
    Call log:
      - waiting for locator('.nav-item').first()
        - locator resolved to <a href="/" data-text="首页" aria-current="page" class="router-link-active router-link-exact-active nav-item">…</a>
      - attempting click action
        2 × waiting for element to be visible, enabled and stable
          - element is visible, enabled and stable
          - scrolling into view if needed
          - done scrolling
          - <iframe src="about:blank" id="webpack-dev-server-client-overlay"></iframe> intercepts pointer events
        - retrying click action
        - waiting 20ms
        2 × waiting for element to be visible, enabled and stable
          - element is visible, enabled and stable
          - scrolling into view if needed
          - done scrolling
          - <iframe src="about:blank" id="webpack-dev-server-client-overlay"></iframe> intercepts pointer events
        - retrying click action
          - waiting 100ms
        - waiting for element to be visible, enabled and stable
        - element is not stable
      3 × retrying click action
          - waiting 500ms
          - waiting for element to be visible, enabled and stable
          - element is visible, enabled and stable
          - scrolling into view if needed
          - done scrolling
          - <iframe src="about:blank" id="webpack-dev-server-client-overlay"></iframe> intercepts pointer events
      2 × retrying click action
          - waiting 500ms
          - waiting for element to be visible, enabled and stable
          - element is not stable
        - retrying click action
          - waiting 500ms
          - waiting for element to be visible, enabled and stable
          - element is visible, enabled and stable
          - scrolling into view if needed
          - done scrolling
          - <iframe src="about:blank" id="webpack-dev-server-client-overlay"></iframe> intercepts pointer events
      3 × retrying click action
          - waiting 500ms
          - waiting for element to be visible, enabled and stable
          - element is visible, enabled and stable
          - scrolling into view if needed
          - done scrolling
          - <iframe src="about:blank" id="webpack-dev-server-client-overlay"></iframe> intercepts pointer events
      - retrying click action
        - waiting 500ms


      74 |     for (let i = 0; i < navRoutes.length; i++) {
      75 |       await page.goto('/'); // 每次从首页开始
    > 76 |       await navItems.nth(i).click();
         |                             ^
      77 |
      78 |       // 等待导航完成
      79 |       await page.waitForTimeout(1000);
        at C:\Users\Joe\SynologyDrive\codes\有声小说\frontend\tests\navigation\navigation.spec.ts:76:29

    attachment #1: screenshot (image/png) ──────────────────────────────────────────────────────────
    ..\test-results\navigation-navigation-Navi-60a0f-n-clicking-navigation-items-firefox\test-failed-1.png
    ────────────────────────────────────────────────────────────────────────────────────────────────

    Error Context: ..\test-results\navigation-navigation-Navi-60a0f-n-clicking-navigation-items-firefox\error-context.md
]]>
</failure>
<system-out>
<![CDATA[
[[ATTACHMENT|test-results\navigation-navigation-Navi-60a0f-n-clicking-navigation-items-firefox\test-failed-1.png]]

[[ATTACHMENT|test-results\navigation-navigation-Navi-60a0f-n-clicking-navigation-items-firefox\error-context.md]]
]]>
</system-out>
</testcase>
<testcase name="Navigation System › should show hover effects on navigation items" classname="navigation\navigation.spec.ts" time="14.379">
<failure message="navigation.spec.ts:86:7 should show hover effects on navigation items" type="FAILURE">
<![CDATA[  [firefox] › navigation\navigation.spec.ts:86:7 › Navigation System › should show hover effects on navigation items 

    TimeoutError: locator.hover: Timeout 10000ms exceeded.
    Call log:
      - waiting for locator('.nav-item').nth(1)
        - locator resolved to <a href="/models" class="nav-item" data-text="AI模型">…</a>
      - attempting hover action
        2 × waiting for element to be visible and stable
          - element is visible and stable
          - scrolling into view if needed
          - done scrolling
          - <iframe src="about:blank" id="webpack-dev-server-client-overlay"></iframe> intercepts pointer events
        - retrying hover action
        - waiting 20ms
        2 × waiting for element to be visible and stable
          - element is visible and stable
          - scrolling into view if needed
          - done scrolling
          - <iframe src="about:blank" id="webpack-dev-server-client-overlay"></iframe> intercepts pointer events
        - retrying hover action
          - waiting 100ms
        4 × waiting for element to be visible and stable
          - element is visible and stable
          - scrolling into view if needed
          - done scrolling
          - <iframe src="about:blank" id="webpack-dev-server-client-overlay"></iframe> intercepts pointer events
        - retrying hover action
          - waiting 500ms
        - waiting for element to be visible and stable
        - element is not stable
      3 × retrying hover action
          - waiting 500ms
          - waiting for element to be visible and stable
          - element is visible and stable
          - scrolling into view if needed
          - done scrolling
          - <iframe src="about:blank" id="webpack-dev-server-client-overlay"></iframe> intercepts pointer events
      - retrying hover action
        - waiting 500ms
        - waiting for element to be visible and stable
        - element is not stable
      - retrying hover action
        - waiting 500ms
        - waiting for element to be visible and stable
        - element is visible and stable
        - scrolling into view if needed
        - done scrolling
        - <iframe src="about:blank" id="webpack-dev-server-client-overlay"></iframe> intercepts pointer events
      - retrying hover action
        - waiting 500ms
        - waiting for element to be visible and stable
        - element is not stable
      - retrying hover action
        - waiting 500ms


      91 |
      92 |     // 执行悬停
    > 93 |     await navItem.hover();
         |                   ^
      94 |
      95 |     // 检查悬停效果（通过CSS变换或背景变化）
      96 |     const computedStyle = await navItem.evaluate((el) => {
        at C:\Users\Joe\SynologyDrive\codes\有声小说\frontend\tests\navigation\navigation.spec.ts:93:19

    attachment #1: screenshot (image/png) ──────────────────────────────────────────────────────────
    ..\test-results\navigation-navigation-Navi-c7428-effects-on-navigation-items-firefox\test-failed-1.png
    ────────────────────────────────────────────────────────────────────────────────────────────────

    Error Context: ..\test-results\navigation-navigation-Navi-c7428-effects-on-navigation-items-firefox\error-context.md
]]>
</failure>
<system-out>
<![CDATA[
[[ATTACHMENT|test-results\navigation-navigation-Navi-c7428-effects-on-navigation-items-firefox\test-failed-1.png]]

[[ATTACHMENT|test-results\navigation-navigation-Navi-c7428-effects-on-navigation-items-firefox\error-context.md]]
]]>
</system-out>
</testcase>
<testcase name="Navigation System › should display footer with correct content" classname="navigation\navigation.spec.ts" time="4.106">
<failure message="navigation.spec.ts:107:7 should display footer with correct content" type="FAILURE">
<![CDATA[  [firefox] › navigation\navigation.spec.ts:107:7 › Navigation System › should display footer with correct content 

    Error: expect(locator).toContainText(expected) failed

    Locator: locator('.footer-info').locator('p')
    Expected substring: "© 2025 SoundStory AI"
    Error: strict mode violation: locator('.footer-info').locator('p') resolved to 2 elements:
        1) <p>© 2025 SoundStory AI - 声波叙事平台</p> aka getByText('© 2025 SoundStory AI - 声波叙事平台')
        2) <p class="footer-motto">让每一个故事都有独特的声音</p> aka getByText('让每一个故事都有独特的声音', { exact: true })

    Call log:
      - Expect "toContainText" with timeout 5000ms
      - waiting for locator('.footer-info').locator('p')


      113 |     const footerInfo = page.locator('.footer-info');
      114 |     await expect(footerInfo).toBeVisible();
    > 115 |     await expect(footerInfo.locator('p')).toContainText('© 2025 SoundStory AI');
          |                                           ^
      116 |
      117 |     // 检查页脚链接
      118 |     const footerLinks = page.locator('.footer-links');
        at C:\Users\Joe\SynologyDrive\codes\有声小说\frontend\tests\navigation\navigation.spec.ts:115:43

    attachment #1: screenshot (image/png) ──────────────────────────────────────────────────────────
    ..\test-results\navigation-navigation-Navi-ed007-footer-with-correct-content-firefox\test-failed-1.png
    ────────────────────────────────────────────────────────────────────────────────────────────────

    Error Context: ..\test-results\navigation-navigation-Navi-ed007-footer-with-correct-content-firefox\error-context.md
]]>
</failure>
<system-out>
<![CDATA[
[[ATTACHMENT|test-results\navigation-navigation-Navi-ed007-footer-with-correct-content-firefox\test-failed-1.png]]

[[ATTACHMENT|test-results\navigation-navigation-Navi-ed007-footer-with-correct-content-firefox\error-context.md]]
]]>
</system-out>
</testcase>
<testcase name="Navigation System › should handle navigation with browser back/forward buttons" classname="navigation\navigation.spec.ts" time="12.748">
<failure message="navigation.spec.ts:123:7 should handle navigation with browser back/forward buttons" type="FAILURE">
<![CDATA[  [firefox] › navigation\navigation.spec.ts:123:7 › Navigation System › should handle navigation with browser back/forward buttons 

    TimeoutError: page.click: Timeout 10000ms exceeded.
    Call log:
      - waiting for locator('.nav-item').locator('text=模型配置')
        - locator resolved to <span class="nav-text">模型配置</span>
      - attempting click action
        2 × waiting for element to be visible, enabled and stable
          - element is visible, enabled and stable
          - scrolling into view if needed
          - done scrolling
          - <iframe src="about:blank" id="webpack-dev-server-client-overlay"></iframe> intercepts pointer events
        - retrying click action
        - waiting 20ms
        2 × waiting for element to be visible, enabled and stable
          - element is visible, enabled and stable
          - scrolling into view if needed
          - done scrolling
          - <iframe src="about:blank" id="webpack-dev-server-client-overlay"></iframe> intercepts pointer events
        - retrying click action
          - waiting 100ms
        4 × waiting for element to be visible, enabled and stable
          - element is visible, enabled and stable
          - scrolling into view if needed
          - done scrolling
          - <iframe src="about:blank" id="webpack-dev-server-client-overlay"></iframe> intercepts pointer events
        - retrying click action
          - waiting 500ms
        2 × waiting for element to be visible, enabled and stable
          - element is not stable
        - retrying click action
          - waiting 500ms
        4 × waiting for element to be visible, enabled and stable
          - element is visible, enabled and stable
          - scrolling into view if needed
          - done scrolling
          - <iframe src="about:blank" id="webpack-dev-server-client-overlay"></iframe> intercepts pointer events
        - retrying click action
          - waiting 500ms


      123 |   test('should handle navigation with browser back/forward buttons', async ({ page }) => {
      124 |     // 导航到不同页面
    > 125 |     await page.click('.nav-item >> text=模型配置');
          |                ^
      126 |     await page.waitForURL('**/models');
      127 |
      128 |     await page.click('.nav-item >> text=小说生成');
        at C:\Users\Joe\SynologyDrive\codes\有声小说\frontend\tests\navigation\navigation.spec.ts:125:16

    attachment #1: screenshot (image/png) ──────────────────────────────────────────────────────────
    ..\test-results\navigation-navigation-Navi-3e16f-rowser-back-forward-buttons-firefox\test-failed-1.png
    ────────────────────────────────────────────────────────────────────────────────────────────────

    Error Context: ..\test-results\navigation-navigation-Navi-3e16f-rowser-back-forward-buttons-firefox\error-context.md
]]>
</failure>
<system-out>
<![CDATA[
[[ATTACHMENT|test-results\navigation-navigation-Navi-3e16f-rowser-back-forward-buttons-firefox\test-failed-1.png]]

[[ATTACHMENT|test-results\navigation-navigation-Navi-3e16f-rowser-back-forward-buttons-firefox\error-context.md]]
]]>
</system-out>
</testcase>
<testcase name="Navigation System › should maintain navigation state on page refresh" classname="navigation\navigation.spec.ts" time="15.161">
<failure message="navigation.spec.ts:142:7 should maintain navigation state on page refresh" type="FAILURE">
<![CDATA[  [firefox] › navigation\navigation.spec.ts:142:7 › Navigation System › should maintain navigation state on page refresh 

    TimeoutError: page.click: Timeout 10000ms exceeded.
    Call log:
      - waiting for locator('.nav-item').locator('text=语音合成')
        - locator resolved to <span class="nav-text">语音合成</span>
      - attempting click action
        2 × waiting for element to be visible, enabled and stable
          - element is visible, enabled and stable
          - scrolling into view if needed
          - done scrolling
          - <iframe src="about:blank" id="webpack-dev-server-client-overlay"></iframe> intercepts pointer events
        - retrying click action
        - waiting 20ms
        2 × waiting for element to be visible, enabled and stable
          - element is visible, enabled and stable
          - scrolling into view if needed
          - done scrolling
          - <iframe src="about:blank" id="webpack-dev-server-client-overlay"></iframe> intercepts pointer events
        - retrying click action
          - waiting 100ms
        4 × waiting for element to be visible, enabled and stable
          - element is visible, enabled and stable
          - scrolling into view if needed
          - done scrolling
          - <iframe src="about:blank" id="webpack-dev-server-client-overlay"></iframe> intercepts pointer events
        - retrying click action
          - waiting 500ms
        3 × waiting for element to be visible, enabled and stable
          - element is not stable
        - retrying click action
          - waiting 500ms
          - waiting for element to be visible, enabled and stable
          - element is visible, enabled and stable
          - scrolling into view if needed
          - done scrolling
          - <iframe src="about:blank" id="webpack-dev-server-client-overlay"></iframe> intercepts pointer events
        - retrying click action
          - waiting 500ms
        - waiting for element to be visible, enabled and stable
        - element is not stable
      - retrying click action
        - waiting 500ms


      142 |   test('should maintain navigation state on page refresh', async ({ page }) => {
      143 |     // 导航到特定页面
    > 144 |     await page.click('.nav-item >> text=语音合成');
          |                ^
      145 |     await page.waitForURL('**/tts');
      146 |
      147 |     // 刷新页面
        at C:\Users\Joe\SynologyDrive\codes\有声小说\frontend\tests\navigation\navigation.spec.ts:144:16

    attachment #1: screenshot (image/png) ──────────────────────────────────────────────────────────
    ..\test-results\navigation-navigation-Navi-dca1d-ation-state-on-page-refresh-firefox\test-failed-1.png
    ────────────────────────────────────────────────────────────────────────────────────────────────

    Error Context: ..\test-results\navigation-navigation-Navi-dca1d-ation-state-on-page-refresh-firefox\error-context.md
]]>
</failure>
<system-out>
<![CDATA[
[[ATTACHMENT|test-results\navigation-navigation-Navi-dca1d-ation-state-on-page-refresh-firefox\test-failed-1.png]]

[[ATTACHMENT|test-results\navigation-navigation-Navi-dca1d-ation-state-on-page-refresh-firefox\error-context.md]]
]]>
</system-out>
</testcase>
<testcase name="Navigation Accessibility › should be keyboard navigable" classname="navigation\navigation.spec.ts" time="6.355">
</testcase>
<testcase name="Navigation Accessibility › should have proper ARIA labels" classname="navigation\navigation.spec.ts" time="5.723">
</testcase>
<testcase name="Navigation Accessibility › should have sufficient color contrast" classname="navigation\navigation.spec.ts" time="3.678">
</testcase>
<testcase name="Navigation Responsive Design › should adapt to mobile viewport" classname="navigation\navigation.spec.ts" time="3.617">
<failure message="navigation.spec.ts:218:7 should adapt to mobile viewport" type="FAILURE">
<![CDATA[  [firefox] › navigation\navigation.spec.ts:218:7 › Navigation Responsive Design › should adapt to mobile viewport 

    Error: expect(received).toContain(expected) // indexOf

    Matcher error: received value must not be null nor undefined

    Received has value: undefined

      227 |
      228 |     // 在移动设备上，导航应该是垂直排列的
    > 229 |     expect(headerStyle.flexDirection || headerStyle.display).toContain('column');
          |                                                              ^
      230 |
      231 |     // 检查导航项在移动设备上的适配
      232 |     const navItems = page.locator('.nav-item');
        at C:\Users\Joe\SynologyDrive\codes\有声小说\frontend\tests\navigation\navigation.spec.ts:229:62

    attachment #1: screenshot (image/png) ──────────────────────────────────────────────────────────
    ..\test-results\navigation-navigation-Navi-29a6d-ld-adapt-to-mobile-viewport-firefox\test-failed-1.png
    ────────────────────────────────────────────────────────────────────────────────────────────────

    Error Context: ..\test-results\navigation-navigation-Navi-29a6d-ld-adapt-to-mobile-viewport-firefox\error-context.md
]]>
</failure>
<system-out>
<![CDATA[
[[ATTACHMENT|test-results\navigation-navigation-Navi-29a6d-ld-adapt-to-mobile-viewport-firefox\test-failed-1.png]]

[[ATTACHMENT|test-results\navigation-navigation-Navi-29a6d-ld-adapt-to-mobile-viewport-firefox\error-context.md]]
]]>
</system-out>
</testcase>
<testcase name="Navigation Responsive Design › should adapt to tablet viewport" classname="navigation\navigation.spec.ts" time="4.931">
</testcase>
<testcase name="Navigation Responsive Design › should handle viewport orientation changes" classname="navigation\navigation.spec.ts" time="13.521">
<failure message="navigation.spec.ts:260:7 should handle viewport orientation changes" type="FAILURE">
<![CDATA[  [firefox] › navigation\navigation.spec.ts:260:7 › Navigation Responsive Design › should handle viewport orientation changes 

    TimeoutError: page.click: Timeout 10000ms exceeded.
    Call log:
      - waiting for locator('.nav-item').locator('text=首页')
        - locator resolved to <span class="nav-text">首页</span>
      - attempting click action
        2 × waiting for element to be visible, enabled and stable
          - element is visible, enabled and stable
          - scrolling into view if needed
          - done scrolling
          - <iframe src="about:blank" id="webpack-dev-server-client-overlay"></iframe> intercepts pointer events
        - retrying click action
        - waiting 20ms
        2 × waiting for element to be visible, enabled and stable
          - element is visible, enabled and stable
          - scrolling into view if needed
          - done scrolling
          - <iframe src="about:blank" id="webpack-dev-server-client-overlay"></iframe> intercepts pointer events
        - retrying click action
          - waiting 100ms
        2 × waiting for element to be visible, enabled and stable
          - element is not stable
        - retrying click action
          - waiting 500ms
          - waiting for element to be visible, enabled and stable
          - element is visible, enabled and stable
          - scrolling into view if needed
          - done scrolling
          - <iframe src="about:blank" id="webpack-dev-server-client-overlay"></iframe> intercepts pointer events
        - retrying click action
          - waiting 500ms
        2 × waiting for element to be visible, enabled and stable
          - element is visible, enabled and stable
          - scrolling into view if needed
          - done scrolling
          - <iframe src="about:blank" id="webpack-dev-server-client-overlay"></iframe> intercepts pointer events
        - retrying click action
          - waiting 500ms
          - waiting for element to be visible, enabled and stable
          - element is not stable
        - retrying click action
          - waiting 500ms
          - waiting for element to be visible, enabled and stable
          - element is visible, enabled and stable
          - scrolling into view if needed
          - done scrolling
          - <iframe src="about:blank" id="webpack-dev-server-client-overlay"></iframe> intercepts pointer events
        - retrying click action
          - waiting 500ms
        2 × waiting for element to be visible, enabled and stable
          - element is not stable
        - retrying click action
          - waiting 500ms
          - waiting for element to be visible, enabled and stable
          - element is visible, enabled and stable
          - scrolling into view if needed
          - done scrolling
          - <iframe src="about:blank" id="webpack-dev-server-client-overlay"></iframe> intercepts pointer events
        - retrying click action
          - waiting 500ms


      272 |
      273 |     // 测试导航功能
    > 274 |     await page.click('.nav-item >> text=首页');
          |                ^
      275 |     await expect(page.url()).toContain('/');
      276 |   });
      277 | });
        at C:\Users\Joe\SynologyDrive\codes\有声小说\frontend\tests\navigation\navigation.spec.ts:274:16

    attachment #1: screenshot (image/png) ──────────────────────────────────────────────────────────
    ..\test-results\navigation-navigation-Navi-a8404-iewport-orientation-changes-firefox\test-failed-1.png
    ────────────────────────────────────────────────────────────────────────────────────────────────

    Error Context: ..\test-results\navigation-navigation-Navi-a8404-iewport-orientation-changes-firefox\error-context.md
]]>
</failure>
<system-out>
<![CDATA[
[[ATTACHMENT|test-results\navigation-navigation-Navi-a8404-iewport-orientation-changes-firefox\test-failed-1.png]]

[[ATTACHMENT|test-results\navigation-navigation-Navi-a8404-iewport-orientation-changes-firefox\error-context.md]]
]]>
</system-out>
</testcase>
<testcase name="Navigation Performance › should load navigation quickly" classname="navigation\navigation.spec.ts" time="5.488">
<failure message="navigation.spec.ts:280:7 should load navigation quickly" type="FAILURE">
<![CDATA[  [firefox] › navigation\navigation.spec.ts:280:7 › Navigation Performance › should load navigation quickly 

    Error: expect(received).toBeLessThan(expected)

    Expected: < 1000
    Received:   3240

      285 |
      286 |     // 导航应该在1秒内加载完成
    > 287 |     expect(loadTime).toBeLessThan(1000);
          |                      ^
      288 |   });
      289 |
      290 |   test('should have smooth transitions between pages', async ({ page }) => {
        at C:\Users\Joe\SynologyDrive\codes\有声小说\frontend\tests\navigation\navigation.spec.ts:287:22

    attachment #1: screenshot (image/png) ──────────────────────────────────────────────────────────
    ..\test-results\navigation-navigation-Navi-4bcf8-uld-load-navigation-quickly-firefox\test-failed-1.png
    ────────────────────────────────────────────────────────────────────────────────────────────────

    Error Context: ..\test-results\navigation-navigation-Navi-4bcf8-uld-load-navigation-quickly-firefox\error-context.md
]]>
</failure>
<system-out>
<![CDATA[
[[ATTACHMENT|test-results\navigation-navigation-Navi-4bcf8-uld-load-navigation-quickly-firefox\test-failed-1.png]]

[[ATTACHMENT|test-results\navigation-navigation-Navi-4bcf8-uld-load-navigation-quickly-firefox\error-context.md]]
]]>
</system-out>
</testcase>
<testcase name="Navigation Performance › should have smooth transitions between pages" classname="navigation\navigation.spec.ts" time="15.796">
<failure message="navigation.spec.ts:290:7 should have smooth transitions between pages" type="FAILURE">
<![CDATA[  [firefox] › navigation\navigation.spec.ts:290:7 › Navigation Performance › should have smooth transitions between pages 

    TimeoutError: page.click: Timeout 10000ms exceeded.
    Call log:
      - waiting for locator('.nav-item').locator('text=模型配置')
        - locator resolved to <span class="nav-text">模型配置</span>
      - attempting click action
        2 × waiting for element to be visible, enabled and stable
          - element is visible, enabled and stable
          - scrolling into view if needed
          - done scrolling
          - <iframe src="about:blank" id="webpack-dev-server-client-overlay"></iframe> intercepts pointer events
        - retrying click action
        - waiting 20ms
        2 × waiting for element to be visible, enabled and stable
          - element is visible, enabled and stable
          - scrolling into view if needed
          - done scrolling
          - <iframe src="about:blank" id="webpack-dev-server-client-overlay"></iframe> intercepts pointer events
        - retrying click action
          - waiting 100ms
        4 × waiting for element to be visible, enabled and stable
          - element is visible, enabled and stable
          - scrolling into view if needed
          - done scrolling
          - <iframe src="about:blank" id="webpack-dev-server-client-overlay"></iframe> intercepts pointer events
        - retrying click action
          - waiting 500ms
        - waiting for element to be visible, enabled and stable
        - element is not stable
      3 × retrying click action
          - waiting 500ms
          - waiting for element to be visible, enabled and stable
          - element is visible, enabled and stable
          - scrolling into view if needed
          - done scrolling
          - <iframe src="about:blank" id="webpack-dev-server-client-overlay"></iframe> intercepts pointer events
      2 × retrying click action
          - waiting 500ms
          - waiting for element to be visible, enabled and stable
          - element is not stable
        - retrying click action
          - waiting 500ms
          - waiting for element to be visible, enabled and stable
          - element is visible, enabled and stable
          - scrolling into view if needed
          - done scrolling
          - <iframe src="about:blank" id="webpack-dev-server-client-overlay"></iframe> intercepts pointer events
      - retrying click action
        - waiting 500ms
        - waiting for element to be visible, enabled and stable


      293 |     // 测试页面转换速度
      294 |     const startTime = Date.now();
    > 295 |     await page.click('.nav-item >> text=模型配置');
          |                ^
      296 |     await page.waitForURL('**/models');
      297 |     const navigationTime = Date.now() - startTime;
      298 |
        at C:\Users\Joe\SynologyDrive\codes\有声小说\frontend\tests\navigation\navigation.spec.ts:295:16

    attachment #1: screenshot (image/png) ──────────────────────────────────────────────────────────
    ..\test-results\navigation-navigation-Navi-f4c5b-h-transitions-between-pages-firefox\test-failed-1.png
    ────────────────────────────────────────────────────────────────────────────────────────────────

    Error Context: ..\test-results\navigation-navigation-Navi-f4c5b-h-transitions-between-pages-firefox\error-context.md
]]>
</failure>
<system-out>
<![CDATA[
[[ATTACHMENT|test-results\navigation-navigation-Navi-f4c5b-h-transitions-between-pages-firefox\test-failed-1.png]]

[[ATTACHMENT|test-results\navigation-navigation-Navi-f4c5b-h-transitions-between-pages-firefox\error-context.md]]
]]>
</system-out>
</testcase>
<testcase name="Navigation Performance › should not cause layout shifts during navigation" classname="navigation\navigation.spec.ts" time="5.233">
</testcase>
</testsuite>
<testsuite name="responsive\responsive-design.spec.ts" timestamp="2025-12-01T08:52:23.342Z" hostname="firefox" tests="72" failures="42" skipped="0" time="503.511" errors="0">
<testcase name="Responsive Design Tests › Desktop (1920x1080) › should display navigation correctly" classname="responsive\responsive-design.spec.ts" time="4.516">
<failure message="responsive-design.spec.ts:21:11 should display navigation correctly" type="FAILURE">
<![CDATA[  [firefox] › responsive\responsive-design.spec.ts:21:11 › Responsive Design Tests › Desktop (1920x1080) › should display navigation correctly 

    Error: expect(locator).toBeVisible() failed

    Locator: locator('.nav-item')
    Expected: visible
    Error: strict mode violation: locator('.nav-item') resolved to 7 elements:
        1) <a href="/" data-text="首页" aria-current="page" class="router-link-active router-link-exact-active nav-item">…</a> aka getByRole('link', { name: '🏠 首页' })
        2) <a href="/models" class="nav-item" data-text="AI模型">…</a> aka getByRole('link', { name: '🤖 模型配置' })
        ...

    Call log:
      - Expect "toBeVisible" with timeout 5000ms
      - waiting for locator('.nav-item')


      25 |         // 检查导航项是否可见
      26 |         const navItems = page.locator('.nav-item');
    > 27 |         await expect(navItems).toBeVisible();
         |                                ^
      28 |
      29 |         // 在小屏幕上检查导航布局
      30 |         if (device.width <= 768) {
        at C:\Users\Joe\SynologyDrive\codes\有声小说\frontend\tests\responsive\responsive-design.spec.ts:27:32

    attachment #1: screenshot (image/png) ──────────────────────────────────────────────────────────
    ..\test-results\responsive-responsive-desi-63ace-isplay-navigation-correctly-firefox\test-failed-1.png
    ────────────────────────────────────────────────────────────────────────────────────────────────

    Error Context: ..\test-results\responsive-responsive-desi-63ace-isplay-navigation-correctly-firefox\error-context.md
]]>
</failure>
<system-out>
<![CDATA[
[[ATTACHMENT|test-results\responsive-responsive-desi-63ace-isplay-navigation-correctly-firefox\test-failed-1.png]]

[[ATTACHMENT|test-results\responsive-responsive-desi-63ace-isplay-navigation-correctly-firefox\error-context.md]]
]]>
</system-out>
</testcase>
<testcase name="Responsive Design Tests › Desktop (1920x1080) › should display hero section correctly" classname="responsive\responsive-design.spec.ts" time="5.408">
<failure message="responsive-design.spec.ts:41:11 should display hero section correctly" type="FAILURE">
<![CDATA[  [firefox] › responsive\responsive-design.spec.ts:41:11 › Responsive Design Tests › Desktop (1920x1080) › should display hero section correctly 

    Error: expect(received).toBeGreaterThan(expected)

    Expected: > 20
    Received:   0

      67 |
      68 |         // 标题字体大小应该适应屏幕
    > 69 |         expect(parseInt(titleStyle.fontSize || '0')).toBeGreaterThan(20);
         |                                                      ^
      70 |         expect(parseInt(titleStyle.fontSize || '0')).toBeLessThan(100);
      71 |       });
      72 |
        at C:\Users\Joe\SynologyDrive\codes\有声小说\frontend\tests\responsive\responsive-design.spec.ts:69:54

    attachment #1: screenshot (image/png) ──────────────────────────────────────────────────────────
    ..\test-results\responsive-responsive-desi-adbce-play-hero-section-correctly-firefox\test-failed-1.png
    ────────────────────────────────────────────────────────────────────────────────────────────────

    Error Context: ..\test-results\responsive-responsive-desi-adbce-play-hero-section-correctly-firefox\error-context.md
]]>
</failure>
<system-out>
<![CDATA[
[[ATTACHMENT|test-results\responsive-responsive-desi-adbce-play-hero-section-correctly-firefox\test-failed-1.png]]

[[ATTACHMENT|test-results\responsive-responsive-desi-adbce-play-hero-section-correctly-firefox\error-context.md]]
]]>
</system-out>
</testcase>
<testcase name="Responsive Design Tests › Desktop (1920x1080) › should display statistics correctly" classname="responsive\responsive-design.spec.ts" time="10.912">
<failure message="responsive-design.spec.ts:73:11 should display statistics correctly" type="FAILURE">
<![CDATA[  [firefox] › responsive\responsive-design.spec.ts:73:11 › Responsive Design Tests › Desktop (1920x1080) › should display statistics correctly 

    Error: expect(locator).toHaveCount(expected) failed

    Locator:  locator('.stat-item')
    Expected: 4
    Received: 8
    Timeout:  5000ms

    Call log:
      - Expect "toHaveCount" with timeout 5000ms
      - waiting for locator('.stat-item')
        8 × locator resolved to 8 elements
          - unexpected value "8"


      76 |
      77 |         const statItems = page.locator('.stat-item');
    > 78 |         await expect(statItems).toHaveCount(4);
         |                                 ^
      79 |
      80 |         // 根据屏幕尺寸检查网格布局
      81 |         const gridCols = device.width >= 1024 ? 4 :
        at C:\Users\Joe\SynologyDrive\codes\有声小说\frontend\tests\responsive\responsive-design.spec.ts:78:33

    attachment #1: screenshot (image/png) ──────────────────────────────────────────────────────────
    ..\test-results\responsive-responsive-desi-97a7f-isplay-statistics-correctly-firefox\test-failed-1.png
    ────────────────────────────────────────────────────────────────────────────────────────────────

    Error Context: ..\test-results\responsive-responsive-desi-97a7f-isplay-statistics-correctly-firefox\error-context.md
]]>
</failure>
<system-out>
<![CDATA[
[[ATTACHMENT|test-results\responsive-responsive-desi-97a7f-isplay-statistics-correctly-firefox\test-failed-1.png]]

[[ATTACHMENT|test-results\responsive-responsive-desi-97a7f-isplay-statistics-correctly-firefox\error-context.md]]
]]>
</system-out>
</testcase>
<testcase name="Responsive Design Tests › Desktop (1920x1080) › should display features section correctly" classname="responsive\responsive-design.spec.ts" time="3.516">
</testcase>
<testcase name="Responsive Design Tests › Desktop (1920x1080) › should display workflow section correctly" classname="responsive\responsive-design.spec.ts" time="5.344">
</testcase>
<testcase name="Responsive Design Tests › Desktop (1920x1080) › should display action buttons correctly" classname="responsive\responsive-design.spec.ts" time="3.55">
</testcase>
<testcase name="Responsive Design Tests › Desktop (1920x1080) › should handle horizontal scrolling properly" classname="responsive\responsive-design.spec.ts" time="6.213">
</testcase>
<testcase name="Responsive Design Tests › Desktop (1920x1080) › should display text correctly at different sizes" classname="responsive\responsive-design.spec.ts" time="6.088">
<failure message="responsive-design.spec.ts:198:11 should display text correctly at different sizes" type="FAILURE">
<![CDATA[  [firefox] › responsive\responsive-design.spec.ts:198:11 › Responsive Design Tests › Desktop (1920x1080) › should display text correctly at different sizes 

    Error: expect(received).toBeGreaterThanOrEqual(expected)

    Expected: >= 24
    Received:    0

      214 |
      215 |           const fontSize = parseInt(style.fontSize || '0');
    > 216 |           expect(fontSize).toBeGreaterThanOrEqual(element.minSize);
          |                            ^
      217 |           expect(fontSize).toBeLessThanOrEqual(element.maxSize);
      218 |         }
      219 |       });
        at C:\Users\Joe\SynologyDrive\codes\有声小说\frontend\tests\responsive\responsive-design.spec.ts:216:28

    attachment #1: screenshot (image/png) ──────────────────────────────────────────────────────────
    ..\test-results\responsive-responsive-desi-aa208-orrectly-at-different-sizes-firefox\test-failed-1.png
    ────────────────────────────────────────────────────────────────────────────────────────────────

    Error Context: ..\test-results\responsive-responsive-desi-aa208-orrectly-at-different-sizes-firefox\error-context.md
]]>
</failure>
<system-out>
<![CDATA[
[[ATTACHMENT|test-results\responsive-responsive-desi-aa208-orrectly-at-different-sizes-firefox\test-failed-1.png]]

[[ATTACHMENT|test-results\responsive-responsive-desi-aa208-orrectly-at-different-sizes-firefox\error-context.md]]
]]>
</system-out>
</testcase>
<testcase name="Responsive Design Tests › Desktop (1920x1080) › should handle images and media correctly" classname="responsive\responsive-design.spec.ts" time="3.74">
</testcase>
<testcase name="Responsive Design Tests › Desktop (1920x1080) › should maintain accessibility on all screen sizes" classname="responsive\responsive-design.spec.ts" time="5.33">
<failure message="responsive-design.spec.ts:235:11 should maintain accessibility on all screen sizes" type="FAILURE">
<![CDATA[  [firefox] › responsive\responsive-design.spec.ts:235:11 › Responsive Design Tests › Desktop (1920x1080) › should maintain accessibility on all screen sizes 

    Error: expect(received).toBeGreaterThanOrEqual(expected)

    Expected: >= 32
    Received:    24

      246 |           if (bounds) {
      247 |             const minSize = device.width <= 768 ? 44 : 32;
    > 248 |             expect(bounds.height).toBeGreaterThanOrEqual(minSize);
          |                                   ^
      249 |             expect(bounds.width).toBeGreaterThanOrEqual(minSize);
      250 |           }
      251 |         }
        at C:\Users\Joe\SynologyDrive\codes\有声小说\frontend\tests\responsive\responsive-design.spec.ts:248:35

    attachment #1: screenshot (image/png) ──────────────────────────────────────────────────────────
    ..\test-results\responsive-responsive-desi-b0eb5-ibility-on-all-screen-sizes-firefox\test-failed-1.png
    ────────────────────────────────────────────────────────────────────────────────────────────────

    Error Context: ..\test-results\responsive-responsive-desi-b0eb5-ibility-on-all-screen-sizes-firefox\error-context.md
]]>
</failure>
<system-out>
<![CDATA[
[[ATTACHMENT|test-results\responsive-responsive-desi-b0eb5-ibility-on-all-screen-sizes-firefox\test-failed-1.png]]

[[ATTACHMENT|test-results\responsive-responsive-desi-b0eb5-ibility-on-all-screen-sizes-firefox\error-context.md]]
]]>
</system-out>
</testcase>
<testcase name="Responsive Design Tests › Desktop (1920x1080) › should handle touch interactions on mobile devices" classname="responsive\responsive-design.spec.ts" time="3.954">
</testcase>
<testcase name="Responsive Design Tests › Laptop (1366x768) › should display navigation correctly" classname="responsive\responsive-design.spec.ts" time="4.913">
<failure message="responsive-design.spec.ts:21:11 should display navigation correctly" type="FAILURE">
<![CDATA[  [firefox] › responsive\responsive-design.spec.ts:21:11 › Responsive Design Tests › Laptop (1366x768) › should display navigation correctly 

    Error: expect(locator).toBeVisible() failed

    Locator: locator('.nav-item')
    Expected: visible
    Error: strict mode violation: locator('.nav-item') resolved to 7 elements:
        1) <a href="/" data-text="首页" aria-current="page" class="router-link-active router-link-exact-active nav-item">…</a> aka getByRole('link', { name: '🏠 首页' })
        2) <a href="/models" class="nav-item" data-text="AI模型">…</a> aka getByRole('link', { name: '🤖 模型配置' })
        ...

    Call log:
      - Expect "toBeVisible" with timeout 5000ms
      - waiting for locator('.nav-item')


      25 |         // 检查导航项是否可见
      26 |         const navItems = page.locator('.nav-item');
    > 27 |         await expect(navItems).toBeVisible();
         |                                ^
      28 |
      29 |         // 在小屏幕上检查导航布局
      30 |         if (device.width <= 768) {
        at C:\Users\Joe\SynologyDrive\codes\有声小说\frontend\tests\responsive\responsive-design.spec.ts:27:32

    attachment #1: screenshot (image/png) ──────────────────────────────────────────────────────────
    ..\test-results\responsive-responsive-desi-3bc42-isplay-navigation-correctly-firefox\test-failed-1.png
    ────────────────────────────────────────────────────────────────────────────────────────────────

    Error Context: ..\test-results\responsive-responsive-desi-3bc42-isplay-navigation-correctly-firefox\error-context.md
]]>
</failure>
<system-out>
<![CDATA[
[[ATTACHMENT|test-results\responsive-responsive-desi-3bc42-isplay-navigation-correctly-firefox\test-failed-1.png]]

[[ATTACHMENT|test-results\responsive-responsive-desi-3bc42-isplay-navigation-correctly-firefox\error-context.md]]
]]>
</system-out>
</testcase>
<testcase name="Responsive Design Tests › Laptop (1366x768) › should display hero section correctly" classname="responsive\responsive-design.spec.ts" time="3.647">
<failure message="responsive-design.spec.ts:41:11 should display hero section correctly" type="FAILURE">
<![CDATA[  [firefox] › responsive\responsive-design.spec.ts:41:11 › Responsive Design Tests › Laptop (1366x768) › should display hero section correctly 

    Error: expect(received).toBeGreaterThan(expected)

    Expected: > 20
    Received:   0

      67 |
      68 |         // 标题字体大小应该适应屏幕
    > 69 |         expect(parseInt(titleStyle.fontSize || '0')).toBeGreaterThan(20);
         |                                                      ^
      70 |         expect(parseInt(titleStyle.fontSize || '0')).toBeLessThan(100);
      71 |       });
      72 |
        at C:\Users\Joe\SynologyDrive\codes\有声小说\frontend\tests\responsive\responsive-design.spec.ts:69:54

    attachment #1: screenshot (image/png) ──────────────────────────────────────────────────────────
    ..\test-results\responsive-responsive-desi-2e8f6-play-hero-section-correctly-firefox\test-failed-1.png
    ────────────────────────────────────────────────────────────────────────────────────────────────

    Error Context: ..\test-results\responsive-responsive-desi-2e8f6-play-hero-section-correctly-firefox\error-context.md
]]>
</failure>
<system-out>
<![CDATA[
[[ATTACHMENT|test-results\responsive-responsive-desi-2e8f6-play-hero-section-correctly-firefox\test-failed-1.png]]

[[ATTACHMENT|test-results\responsive-responsive-desi-2e8f6-play-hero-section-correctly-firefox\error-context.md]]
]]>
</system-out>
</testcase>
<testcase name="Responsive Design Tests › Laptop (1366x768) › should display statistics correctly" classname="responsive\responsive-design.spec.ts" time="8.453">
<failure message="responsive-design.spec.ts:73:11 should display statistics correctly" type="FAILURE">
<![CDATA[  [firefox] › responsive\responsive-design.spec.ts:73:11 › Responsive Design Tests › Laptop (1366x768) › should display statistics correctly 

    Error: expect(locator).toHaveCount(expected) failed

    Locator:  locator('.stat-item')
    Expected: 4
    Received: 8
    Timeout:  5000ms

    Call log:
      - Expect "toHaveCount" with timeout 5000ms
      - waiting for locator('.stat-item')
        8 × locator resolved to 8 elements
          - unexpected value "8"


      76 |
      77 |         const statItems = page.locator('.stat-item');
    > 78 |         await expect(statItems).toHaveCount(4);
         |                                 ^
      79 |
      80 |         // 根据屏幕尺寸检查网格布局
      81 |         const gridCols = device.width >= 1024 ? 4 :
        at C:\Users\Joe\SynologyDrive\codes\有声小说\frontend\tests\responsive\responsive-design.spec.ts:78:33

    attachment #1: screenshot (image/png) ──────────────────────────────────────────────────────────
    ..\test-results\responsive-responsive-desi-c88fb-isplay-statistics-correctly-firefox\test-failed-1.png
    ────────────────────────────────────────────────────────────────────────────────────────────────

    Error Context: ..\test-results\responsive-responsive-desi-c88fb-isplay-statistics-correctly-firefox\error-context.md
]]>
</failure>
<system-out>
<![CDATA[
[[ATTACHMENT|test-results\responsive-responsive-desi-c88fb-isplay-statistics-correctly-firefox\test-failed-1.png]]

[[ATTACHMENT|test-results\responsive-responsive-desi-c88fb-isplay-statistics-correctly-firefox\error-context.md]]
]]>
</system-out>
</testcase>
<testcase name="Responsive Design Tests › Laptop (1366x768) › should display features section correctly" classname="responsive\responsive-design.spec.ts" time="6.232">
</testcase>
<testcase name="Responsive Design Tests › Laptop (1366x768) › should display workflow section correctly" classname="responsive\responsive-design.spec.ts" time="5.513">
</testcase>
<testcase name="Responsive Design Tests › Laptop (1366x768) › should display action buttons correctly" classname="responsive\responsive-design.spec.ts" time="30.804">
<failure message="responsive-design.spec.ts:152:11 should display action buttons correctly" type="FAILURE">
<![CDATA[  [firefox] › responsive\responsive-design.spec.ts:152:11 › Responsive Design Tests › Laptop (1366x768) › should display action buttons correctly 

    Test timeout of 30000ms exceeded while running "beforeEach" hook.

      13 |   devices.forEach(device => {
      14 |     test.describe(`${device.name} (${device.width}x${device.height})`, () => {
    > 15 |       test.beforeEach(async ({ page }) => {
         |            ^
      16 |         await page.setViewportSize({ width: device.width, height: device.height });
      17 |         await page.goto('/');
      18 |         await page.waitForLoadState('networkidle');
        at C:\Users\Joe\SynologyDrive\codes\有声小说\frontend\tests\responsive\responsive-design.spec.ts:15:12

    Error: page.waitForLoadState: Test timeout of 30000ms exceeded.

      16 |         await page.setViewportSize({ width: device.width, height: device.height });
      17 |         await page.goto('/');
    > 18 |         await page.waitForLoadState('networkidle');
         |                    ^
      19 |       });
      20 |
      21 |       test('should display navigation correctly', async ({ page }) => {
        at C:\Users\Joe\SynologyDrive\codes\有声小说\frontend\tests\responsive\responsive-design.spec.ts:18:20

    attachment #1: screenshot (image/png) ──────────────────────────────────────────────────────────
    ..\test-results\responsive-responsive-desi-477cb-ay-action-buttons-correctly-firefox\test-failed-1.png
    ────────────────────────────────────────────────────────────────────────────────────────────────

    Error Context: ..\test-results\responsive-responsive-desi-477cb-ay-action-buttons-correctly-firefox\error-context.md
]]>
</failure>
<system-out>
<![CDATA[
[[ATTACHMENT|test-results\responsive-responsive-desi-477cb-ay-action-buttons-correctly-firefox\test-failed-1.png]]

[[ATTACHMENT|test-results\responsive-responsive-desi-477cb-ay-action-buttons-correctly-firefox\error-context.md]]
]]>
</system-out>
</testcase>
<testcase name="Responsive Design Tests › Laptop (1366x768) › should handle horizontal scrolling properly" classname="responsive\responsive-design.spec.ts" time="6.212">
</testcase>
<testcase name="Responsive Design Tests › Laptop (1366x768) › should display text correctly at different sizes" classname="responsive\responsive-design.spec.ts" time="6.632">
<failure message="responsive-design.spec.ts:198:11 should display text correctly at different sizes" type="FAILURE">
<![CDATA[  [firefox] › responsive\responsive-design.spec.ts:198:11 › Responsive Design Tests › Laptop (1366x768) › should display text correctly at different sizes 

    Error: expect(received).toBeGreaterThanOrEqual(expected)

    Expected: >= 24
    Received:    0

      214 |
      215 |           const fontSize = parseInt(style.fontSize || '0');
    > 216 |           expect(fontSize).toBeGreaterThanOrEqual(element.minSize);
          |                            ^
      217 |           expect(fontSize).toBeLessThanOrEqual(element.maxSize);
      218 |         }
      219 |       });
        at C:\Users\Joe\SynologyDrive\codes\有声小说\frontend\tests\responsive\responsive-design.spec.ts:216:28

    attachment #1: screenshot (image/png) ──────────────────────────────────────────────────────────
    ..\test-results\responsive-responsive-desi-d9dac-orrectly-at-different-sizes-firefox\test-failed-1.png
    ────────────────────────────────────────────────────────────────────────────────────────────────

    Error Context: ..\test-results\responsive-responsive-desi-d9dac-orrectly-at-different-sizes-firefox\error-context.md
]]>
</failure>
<system-out>
<![CDATA[
[[ATTACHMENT|test-results\responsive-responsive-desi-d9dac-orrectly-at-different-sizes-firefox\test-failed-1.png]]

[[ATTACHMENT|test-results\responsive-responsive-desi-d9dac-orrectly-at-different-sizes-firefox\error-context.md]]
]]>
</system-out>
</testcase>
<testcase name="Responsive Design Tests › Laptop (1366x768) › should handle images and media correctly" classname="responsive\responsive-design.spec.ts" time="3.743">
</testcase>
<testcase name="Responsive Design Tests › Laptop (1366x768) › should maintain accessibility on all screen sizes" classname="responsive\responsive-design.spec.ts" time="4.76">
<failure message="responsive-design.spec.ts:235:11 should maintain accessibility on all screen sizes" type="FAILURE">
<![CDATA[  [firefox] › responsive\responsive-design.spec.ts:235:11 › Responsive Design Tests › Laptop (1366x768) › should maintain accessibility on all screen sizes 

    Error: expect(received).toBeGreaterThanOrEqual(expected)

    Expected: >= 32
    Received:    24

      246 |           if (bounds) {
      247 |             const minSize = device.width <= 768 ? 44 : 32;
    > 248 |             expect(bounds.height).toBeGreaterThanOrEqual(minSize);
          |                                   ^
      249 |             expect(bounds.width).toBeGreaterThanOrEqual(minSize);
      250 |           }
      251 |         }
        at C:\Users\Joe\SynologyDrive\codes\有声小说\frontend\tests\responsive\responsive-design.spec.ts:248:35

    attachment #1: screenshot (image/png) ──────────────────────────────────────────────────────────
    ..\test-results\responsive-responsive-desi-1eb67-ibility-on-all-screen-sizes-firefox\test-failed-1.png
    ────────────────────────────────────────────────────────────────────────────────────────────────

    Error Context: ..\test-results\responsive-responsive-desi-1eb67-ibility-on-all-screen-sizes-firefox\error-context.md
]]>
</failure>
<system-out>
<![CDATA[
[[ATTACHMENT|test-results\responsive-responsive-desi-1eb67-ibility-on-all-screen-sizes-firefox\test-failed-1.png]]

[[ATTACHMENT|test-results\responsive-responsive-desi-1eb67-ibility-on-all-screen-sizes-firefox\error-context.md]]
]]>
</system-out>
</testcase>
<testcase name="Responsive Design Tests › Laptop (1366x768) › should handle touch interactions on mobile devices" classname="responsive\responsive-design.spec.ts" time="5.83">
</testcase>
<testcase name="Responsive Design Tests › Tablet (768x1024) › should display navigation correctly" classname="responsive\responsive-design.spec.ts" time="4.89">
<failure message="responsive-design.spec.ts:21:11 should display navigation correctly" type="FAILURE">
<![CDATA[  [firefox] › responsive\responsive-design.spec.ts:21:11 › Responsive Design Tests › Tablet (768x1024) › should display navigation correctly 

    Error: expect(locator).toBeVisible() failed

    Locator: locator('.nav-item')
    Expected: visible
    Error: strict mode violation: locator('.nav-item') resolved to 7 elements:
        1) <a href="/" data-text="首页" aria-current="page" class="router-link-active router-link-exact-active nav-item">…</a> aka getByRole('link', { name: '🏠 首页' })
        2) <a href="/models" class="nav-item" data-text="AI模型">…</a> aka getByRole('link', { name: '🤖 模型配置' })
        ...

    Call log:
      - Expect "toBeVisible" with timeout 5000ms
      - waiting for locator('.nav-item')


      25 |         // 检查导航项是否可见
      26 |         const navItems = page.locator('.nav-item');
    > 27 |         await expect(navItems).toBeVisible();
         |                                ^
      28 |
      29 |         // 在小屏幕上检查导航布局
      30 |         if (device.width <= 768) {
        at C:\Users\Joe\SynologyDrive\codes\有声小说\frontend\tests\responsive\responsive-design.spec.ts:27:32

    attachment #1: screenshot (image/png) ──────────────────────────────────────────────────────────
    ..\test-results\responsive-responsive-desi-cdfd3-isplay-navigation-correctly-firefox\test-failed-1.png
    ────────────────────────────────────────────────────────────────────────────────────────────────

    Error Context: ..\test-results\responsive-responsive-desi-cdfd3-isplay-navigation-correctly-firefox\error-context.md
]]>
</failure>
<system-out>
<![CDATA[
[[ATTACHMENT|test-results\responsive-responsive-desi-cdfd3-isplay-navigation-correctly-firefox\test-failed-1.png]]

[[ATTACHMENT|test-results\responsive-responsive-desi-cdfd3-isplay-navigation-correctly-firefox\error-context.md]]
]]>
</system-out>
</testcase>
<testcase name="Responsive Design Tests › Tablet (768x1024) › should display hero section correctly" classname="responsive\responsive-design.spec.ts" time="4.834">
<failure message="responsive-design.spec.ts:41:11 should display hero section correctly" type="FAILURE">
<![CDATA[  [firefox] › responsive\responsive-design.spec.ts:41:11 › Responsive Design Tests › Tablet (768x1024) › should display hero section correctly 

    Error: expect(received).toContain(expected) // indexOf

    Matcher error: received value must not be null nor undefined

    Received has value: undefined

      54 |
      55 |           // 移动设备上应该是垂直排列
    > 56 |           expect(contentStyle.flexDirection || contentStyle.display).toContain('column');
         |                                                                      ^
      57 |           expect(contentStyle.textAlign || '').toContain('center');
      58 |         }
      59 |
        at C:\Users\Joe\SynologyDrive\codes\有声小说\frontend\tests\responsive\responsive-design.spec.ts:56:70

    attachment #1: screenshot (image/png) ──────────────────────────────────────────────────────────
    ..\test-results\responsive-responsive-desi-4c893-play-hero-section-correctly-firefox\test-failed-1.png
    ────────────────────────────────────────────────────────────────────────────────────────────────

    Error Context: ..\test-results\responsive-responsive-desi-4c893-play-hero-section-correctly-firefox\error-context.md
]]>
</failure>
<system-out>
<![CDATA[
[[ATTACHMENT|test-results\responsive-responsive-desi-4c893-play-hero-section-correctly-firefox\test-failed-1.png]]

[[ATTACHMENT|test-results\responsive-responsive-desi-4c893-play-hero-section-correctly-firefox\error-context.md]]
]]>
</system-out>
</testcase>
<testcase name="Responsive Design Tests › Tablet (768x1024) › should display statistics correctly" classname="responsive\responsive-design.spec.ts" time="10.493">
<failure message="responsive-design.spec.ts:73:11 should display statistics correctly" type="FAILURE">
<![CDATA[  [firefox] › responsive\responsive-design.spec.ts:73:11 › Responsive Design Tests › Tablet (768x1024) › should display statistics correctly 

    Error: expect(locator).toHaveCount(expected) failed

    Locator:  locator('.stat-item')
    Expected: 4
    Received: 8
    Timeout:  5000ms

    Call log:
      - Expect "toHaveCount" with timeout 5000ms
      - waiting for locator('.stat-item')
        8 × locator resolved to 8 elements
          - unexpected value "8"


      76 |
      77 |         const statItems = page.locator('.stat-item');
    > 78 |         await expect(statItems).toHaveCount(4);
         |                                 ^
      79 |
      80 |         // 根据屏幕尺寸检查网格布局
      81 |         const gridCols = device.width >= 1024 ? 4 :
        at C:\Users\Joe\SynologyDrive\codes\有声小说\frontend\tests\responsive\responsive-design.spec.ts:78:33

    attachment #1: screenshot (image/png) ──────────────────────────────────────────────────────────
    ..\test-results\responsive-responsive-desi-bea12-isplay-statistics-correctly-firefox\test-failed-1.png
    ────────────────────────────────────────────────────────────────────────────────────────────────

    Error Context: ..\test-results\responsive-responsive-desi-bea12-isplay-statistics-correctly-firefox\error-context.md
]]>
</failure>
<system-out>
<![CDATA[
[[ATTACHMENT|test-results\responsive-responsive-desi-bea12-isplay-statistics-correctly-firefox\test-failed-1.png]]

[[ATTACHMENT|test-results\responsive-responsive-desi-bea12-isplay-statistics-correctly-firefox\error-context.md]]
]]>
</system-out>
</testcase>
<testcase name="Responsive Design Tests › Tablet (768x1024) › should display features section correctly" classname="responsive\responsive-design.spec.ts" time="7.714">
</testcase>
<testcase name="Responsive Design Tests › Tablet (768x1024) › should display workflow section correctly" classname="responsive\responsive-design.spec.ts" time="8.274">
<failure message="responsive-design.spec.ts:123:11 should display workflow section correctly" type="FAILURE">
<![CDATA[  [firefox] › responsive\responsive-design.spec.ts:123:11 › Responsive Design Tests › Tablet (768x1024) › should display workflow section correctly 

    Error: expect(received).toBe(expected) // Object.is equality

    Expected: "none"
    Received: undefined

      146 |             return window.getComputedStyle(el);
      147 |           });
    > 148 |           expect(lineStyle.display).toBe('none');
          |                                     ^
      149 |         }
      150 |       });
      151 |
        at C:\Users\Joe\SynologyDrive\codes\有声小说\frontend\tests\responsive\responsive-design.spec.ts:148:37

    attachment #1: screenshot (image/png) ──────────────────────────────────────────────────────────
    ..\test-results\responsive-responsive-desi-58f27--workflow-section-correctly-firefox\test-failed-1.png
    ────────────────────────────────────────────────────────────────────────────────────────────────

    Error Context: ..\test-results\responsive-responsive-desi-58f27--workflow-section-correctly-firefox\error-context.md
]]>
</failure>
<system-out>
<![CDATA[
[[ATTACHMENT|test-results\responsive-responsive-desi-58f27--workflow-section-correctly-firefox\test-failed-1.png]]

[[ATTACHMENT|test-results\responsive-responsive-desi-58f27--workflow-section-correctly-firefox\error-context.md]]
]]>
</system-out>
</testcase>
<testcase name="Responsive Design Tests › Tablet (768x1024) › should display action buttons correctly" classname="responsive\responsive-design.spec.ts" time="7.372">
<failure message="responsive-design.spec.ts:152:11 should display action buttons correctly" type="FAILURE">
<![CDATA[  [firefox] › responsive\responsive-design.spec.ts:152:11 › Responsive Design Tests › Tablet (768x1024) › should display action buttons correctly 

    Error: expect(received).toContain(expected) // indexOf

    Expected substring: "column"
    Received string:    ""

      164 |           });
      165 |
    > 166 |           expect(actionsStyle.flexDirection || '').toContain('column');
          |                                                    ^
      167 |         }
      168 |
      169 |         // 检查按钮是否可点击
        at C:\Users\Joe\SynologyDrive\codes\有声小说\frontend\tests\responsive\responsive-design.spec.ts:166:52

    attachment #1: screenshot (image/png) ──────────────────────────────────────────────────────────
    ..\test-results\responsive-responsive-desi-ac912-ay-action-buttons-correctly-firefox\test-failed-1.png
    ────────────────────────────────────────────────────────────────────────────────────────────────

    Error Context: ..\test-results\responsive-responsive-desi-ac912-ay-action-buttons-correctly-firefox\error-context.md
]]>
</failure>
<system-out>
<![CDATA[
[[ATTACHMENT|test-results\responsive-responsive-desi-ac912-ay-action-buttons-correctly-firefox\test-failed-1.png]]

[[ATTACHMENT|test-results\responsive-responsive-desi-ac912-ay-action-buttons-correctly-firefox\error-context.md]]
]]>
</system-out>
</testcase>
<testcase name="Responsive Design Tests › Tablet (768x1024) › should handle horizontal scrolling properly" classname="responsive\responsive-design.spec.ts" time="3.111">
</testcase>
<testcase name="Responsive Design Tests › Tablet (768x1024) › should display text correctly at different sizes" classname="responsive\responsive-design.spec.ts" time="5.773">
<failure message="responsive-design.spec.ts:198:11 should display text correctly at different sizes" type="FAILURE">
<![CDATA[  [firefox] › responsive\responsive-design.spec.ts:198:11 › Responsive Design Tests › Tablet (768x1024) › should display text correctly at different sizes 

    Error: expect(received).toBeGreaterThanOrEqual(expected)

    Expected: >= 24
    Received:    0

      214 |
      215 |           const fontSize = parseInt(style.fontSize || '0');
    > 216 |           expect(fontSize).toBeGreaterThanOrEqual(element.minSize);
          |                            ^
      217 |           expect(fontSize).toBeLessThanOrEqual(element.maxSize);
      218 |         }
      219 |       });
        at C:\Users\Joe\SynologyDrive\codes\有声小说\frontend\tests\responsive\responsive-design.spec.ts:216:28

    attachment #1: screenshot (image/png) ──────────────────────────────────────────────────────────
    ..\test-results\responsive-responsive-desi-83f73-orrectly-at-different-sizes-firefox\test-failed-1.png
    ────────────────────────────────────────────────────────────────────────────────────────────────

    Error Context: ..\test-results\responsive-responsive-desi-83f73-orrectly-at-different-sizes-firefox\error-context.md
]]>
</failure>
<system-out>
<![CDATA[
[[ATTACHMENT|test-results\responsive-responsive-desi-83f73-orrectly-at-different-sizes-firefox\test-failed-1.png]]

[[ATTACHMENT|test-results\responsive-responsive-desi-83f73-orrectly-at-different-sizes-firefox\error-context.md]]
]]>
</system-out>
</testcase>
<testcase name="Responsive Design Tests › Tablet (768x1024) › should handle images and media correctly" classname="responsive\responsive-design.spec.ts" time="3.24">
</testcase>
<testcase name="Responsive Design Tests › Tablet (768x1024) › should maintain accessibility on all screen sizes" classname="responsive\responsive-design.spec.ts" time="6.853">
<failure message="responsive-design.spec.ts:235:11 should maintain accessibility on all screen sizes" type="FAILURE">
<![CDATA[  [firefox] › responsive\responsive-design.spec.ts:235:11 › Responsive Design Tests › Tablet (768x1024) › should maintain accessibility on all screen sizes 

    Error: expect(received).toBeGreaterThanOrEqual(expected)

    Expected: >= 44
    Received:    24

      246 |           if (bounds) {
      247 |             const minSize = device.width <= 768 ? 44 : 32;
    > 248 |             expect(bounds.height).toBeGreaterThanOrEqual(minSize);
          |                                   ^
      249 |             expect(bounds.width).toBeGreaterThanOrEqual(minSize);
      250 |           }
      251 |         }
        at C:\Users\Joe\SynologyDrive\codes\有声小说\frontend\tests\responsive\responsive-design.spec.ts:248:35

    attachment #1: screenshot (image/png) ──────────────────────────────────────────────────────────
    ..\test-results\responsive-responsive-desi-2f4da-ibility-on-all-screen-sizes-firefox\test-failed-1.png
    ────────────────────────────────────────────────────────────────────────────────────────────────

    Error Context: ..\test-results\responsive-responsive-desi-2f4da-ibility-on-all-screen-sizes-firefox\error-context.md
]]>
</failure>
<system-out>
<![CDATA[
[[ATTACHMENT|test-results\responsive-responsive-desi-2f4da-ibility-on-all-screen-sizes-firefox\test-failed-1.png]]

[[ATTACHMENT|test-results\responsive-responsive-desi-2f4da-ibility-on-all-screen-sizes-firefox\error-context.md]]
]]>
</system-out>
</testcase>
<testcase name="Responsive Design Tests › Tablet (768x1024) › should handle touch interactions on mobile devices" classname="responsive\responsive-design.spec.ts" time="6.396">
</testcase>
<testcase name="Responsive Design Tests › Mobile Large (414x896) › should display navigation correctly" classname="responsive\responsive-design.spec.ts" time="6.613">
<failure message="responsive-design.spec.ts:21:11 should display navigation correctly" type="FAILURE">
<![CDATA[  [firefox] › responsive\responsive-design.spec.ts:21:11 › Responsive Design Tests › Mobile Large (414x896) › should display navigation correctly 

    Error: expect(locator).toBeVisible() failed

    Locator: locator('.nav-item')
    Expected: visible
    Error: strict mode violation: locator('.nav-item') resolved to 7 elements:
        1) <a href="/" data-text="首页" aria-current="page" class="router-link-active router-link-exact-active nav-item">…</a> aka getByRole('link', { name: '🏠 首页' })
        2) <a href="/models" class="nav-item" data-text="AI模型">…</a> aka getByRole('link', { name: '🤖 模型配置' })
        ...

    Call log:
      - Expect "toBeVisible" with timeout 5000ms
      - waiting for locator('.nav-item')


      25 |         // 检查导航项是否可见
      26 |         const navItems = page.locator('.nav-item');
    > 27 |         await expect(navItems).toBeVisible();
         |                                ^
      28 |
      29 |         // 在小屏幕上检查导航布局
      30 |         if (device.width <= 768) {
        at C:\Users\Joe\SynologyDrive\codes\有声小说\frontend\tests\responsive\responsive-design.spec.ts:27:32

    attachment #1: screenshot (image/png) ──────────────────────────────────────────────────────────
    ..\test-results\responsive-responsive-desi-906ac-isplay-navigation-correctly-firefox\test-failed-1.png
    ────────────────────────────────────────────────────────────────────────────────────────────────

    Error Context: ..\test-results\responsive-responsive-desi-906ac-isplay-navigation-correctly-firefox\error-context.md
]]>
</failure>
<system-out>
<![CDATA[
[[ATTACHMENT|test-results\responsive-responsive-desi-906ac-isplay-navigation-correctly-firefox\test-failed-1.png]]

[[ATTACHMENT|test-results\responsive-responsive-desi-906ac-isplay-navigation-correctly-firefox\error-context.md]]
]]>
</system-out>
</testcase>
<testcase name="Responsive Design Tests › Mobile Large (414x896) › should display hero section correctly" classname="responsive\responsive-design.spec.ts" time="6.4">
<failure message="responsive-design.spec.ts:41:11 should display hero section correctly" type="FAILURE">
<![CDATA[  [firefox] › responsive\responsive-design.spec.ts:41:11 › Responsive Design Tests › Mobile Large (414x896) › should display hero section correctly 

    Error: expect(received).toContain(expected) // indexOf

    Matcher error: received value must not be null nor undefined

    Received has value: undefined

      54 |
      55 |           // 移动设备上应该是垂直排列
    > 56 |           expect(contentStyle.flexDirection || contentStyle.display).toContain('column');
         |                                                                      ^
      57 |           expect(contentStyle.textAlign || '').toContain('center');
      58 |         }
      59 |
        at C:\Users\Joe\SynologyDrive\codes\有声小说\frontend\tests\responsive\responsive-design.spec.ts:56:70

    attachment #1: screenshot (image/png) ──────────────────────────────────────────────────────────
    ..\test-results\responsive-responsive-desi-2f324-play-hero-section-correctly-firefox\test-failed-1.png
    ────────────────────────────────────────────────────────────────────────────────────────────────

    Error Context: ..\test-results\responsive-responsive-desi-2f324-play-hero-section-correctly-firefox\error-context.md
]]>
</failure>
<system-out>
<![CDATA[
[[ATTACHMENT|test-results\responsive-responsive-desi-2f324-play-hero-section-correctly-firefox\test-failed-1.png]]

[[ATTACHMENT|test-results\responsive-responsive-desi-2f324-play-hero-section-correctly-firefox\error-context.md]]
]]>
</system-out>
</testcase>
<testcase name="Responsive Design Tests › Mobile Large (414x896) › should display statistics correctly" classname="responsive\responsive-design.spec.ts" time="8.512">
<failure message="responsive-design.spec.ts:73:11 should display statistics correctly" type="FAILURE">
<![CDATA[  [firefox] › responsive\responsive-design.spec.ts:73:11 › Responsive Design Tests › Mobile Large (414x896) › should display statistics correctly 

    Error: expect(locator).toHaveCount(expected) failed

    Locator:  locator('.stat-item')
    Expected: 4
    Received: 8
    Timeout:  5000ms

    Call log:
      - Expect "toHaveCount" with timeout 5000ms
      - waiting for locator('.stat-item')
        8 × locator resolved to 8 elements
          - unexpected value "8"


      76 |
      77 |         const statItems = page.locator('.stat-item');
    > 78 |         await expect(statItems).toHaveCount(4);
         |                                 ^
      79 |
      80 |         // 根据屏幕尺寸检查网格布局
      81 |         const gridCols = device.width >= 1024 ? 4 :
        at C:\Users\Joe\SynologyDrive\codes\有声小说\frontend\tests\responsive\responsive-design.spec.ts:78:33

    attachment #1: screenshot (image/png) ──────────────────────────────────────────────────────────
    ..\test-results\responsive-responsive-desi-2be93-isplay-statistics-correctly-firefox\test-failed-1.png
    ────────────────────────────────────────────────────────────────────────────────────────────────

    Error Context: ..\test-results\responsive-responsive-desi-2be93-isplay-statistics-correctly-firefox\error-context.md
]]>
</failure>
<system-out>
<![CDATA[
[[ATTACHMENT|test-results\responsive-responsive-desi-2be93-isplay-statistics-correctly-firefox\test-failed-1.png]]

[[ATTACHMENT|test-results\responsive-responsive-desi-2be93-isplay-statistics-correctly-firefox\error-context.md]]
]]>
</system-out>
</testcase>
<testcase name="Responsive Design Tests › Mobile Large (414x896) › should display features section correctly" classname="responsive\responsive-design.spec.ts" time="3.79">
</testcase>
<testcase name="Responsive Design Tests › Mobile Large (414x896) › should display workflow section correctly" classname="responsive\responsive-design.spec.ts" time="6.159">
<failure message="responsive-design.spec.ts:123:11 should display workflow section correctly" type="FAILURE">
<![CDATA[  [firefox] › responsive\responsive-design.spec.ts:123:11 › Responsive Design Tests › Mobile Large (414x896) › should display workflow section correctly 

    Error: expect(received).toBe(expected) // Object.is equality

    Expected: "none"
    Received: undefined

      146 |             return window.getComputedStyle(el);
      147 |           });
    > 148 |           expect(lineStyle.display).toBe('none');
          |                                     ^
      149 |         }
      150 |       });
      151 |
        at C:\Users\Joe\SynologyDrive\codes\有声小说\frontend\tests\responsive\responsive-design.spec.ts:148:37

    attachment #1: screenshot (image/png) ──────────────────────────────────────────────────────────
    ..\test-results\responsive-responsive-desi-06858--workflow-section-correctly-firefox\test-failed-1.png
    ────────────────────────────────────────────────────────────────────────────────────────────────

    Error Context: ..\test-results\responsive-responsive-desi-06858--workflow-section-correctly-firefox\error-context.md
]]>
</failure>
<system-out>
<![CDATA[
[[ATTACHMENT|test-results\responsive-responsive-desi-06858--workflow-section-correctly-firefox\test-failed-1.png]]

[[ATTACHMENT|test-results\responsive-responsive-desi-06858--workflow-section-correctly-firefox\error-context.md]]
]]>
</system-out>
</testcase>
<testcase name="Responsive Design Tests › Mobile Large (414x896) › should display action buttons correctly" classname="responsive\responsive-design.spec.ts" time="6.223">
<failure message="responsive-design.spec.ts:152:11 should display action buttons correctly" type="FAILURE">
<![CDATA[  [firefox] › responsive\responsive-design.spec.ts:152:11 › Responsive Design Tests › Mobile Large (414x896) › should display action buttons correctly 

    Error: expect(received).toContain(expected) // indexOf

    Expected substring: "column"
    Received string:    ""

      164 |           });
      165 |
    > 166 |           expect(actionsStyle.flexDirection || '').toContain('column');
          |                                                    ^
      167 |         }
      168 |
      169 |         // 检查按钮是否可点击
        at C:\Users\Joe\SynologyDrive\codes\有声小说\frontend\tests\responsive\responsive-design.spec.ts:166:52

    attachment #1: screenshot (image/png) ──────────────────────────────────────────────────────────
    ..\test-results\responsive-responsive-desi-a31d7-ay-action-buttons-correctly-firefox\test-failed-1.png
    ────────────────────────────────────────────────────────────────────────────────────────────────

    Error Context: ..\test-results\responsive-responsive-desi-a31d7-ay-action-buttons-correctly-firefox\error-context.md
]]>
</failure>
<system-out>
<![CDATA[
[[ATTACHMENT|test-results\responsive-responsive-desi-a31d7-ay-action-buttons-correctly-firefox\test-failed-1.png]]

[[ATTACHMENT|test-results\responsive-responsive-desi-a31d7-ay-action-buttons-correctly-firefox\error-context.md]]
]]>
</system-out>
</testcase>
<testcase name="Responsive Design Tests › Mobile Large (414x896) › should handle horizontal scrolling properly" classname="responsive\responsive-design.spec.ts" time="6.354">
</testcase>
<testcase name="Responsive Design Tests › Mobile Large (414x896) › should display text correctly at different sizes" classname="responsive\responsive-design.spec.ts" time="6.947">
<failure message="responsive-design.spec.ts:198:11 should display text correctly at different sizes" type="FAILURE">
<![CDATA[  [firefox] › responsive\responsive-design.spec.ts:198:11 › Responsive Design Tests › Mobile Large (414x896) › should display text correctly at different sizes 

    Error: expect(received).toBeGreaterThanOrEqual(expected)

    Expected: >= 24
    Received:    0

      214 |
      215 |           const fontSize = parseInt(style.fontSize || '0');
    > 216 |           expect(fontSize).toBeGreaterThanOrEqual(element.minSize);
          |                            ^
      217 |           expect(fontSize).toBeLessThanOrEqual(element.maxSize);
      218 |         }
      219 |       });
        at C:\Users\Joe\SynologyDrive\codes\有声小说\frontend\tests\responsive\responsive-design.spec.ts:216:28

    attachment #1: screenshot (image/png) ──────────────────────────────────────────────────────────
    ..\test-results\responsive-responsive-desi-9dae4-orrectly-at-different-sizes-firefox\test-failed-1.png
    ────────────────────────────────────────────────────────────────────────────────────────────────

    Error Context: ..\test-results\responsive-responsive-desi-9dae4-orrectly-at-different-sizes-firefox\error-context.md
]]>
</failure>
<system-out>
<![CDATA[
[[ATTACHMENT|test-results\responsive-responsive-desi-9dae4-orrectly-at-different-sizes-firefox\test-failed-1.png]]

[[ATTACHMENT|test-results\responsive-responsive-desi-9dae4-orrectly-at-different-sizes-firefox\error-context.md]]
]]>
</system-out>
</testcase>
<testcase name="Responsive Design Tests › Mobile Large (414x896) › should handle images and media correctly" classname="responsive\responsive-design.spec.ts" time="5.96">
</testcase>
<testcase name="Responsive Design Tests › Mobile Large (414x896) › should maintain accessibility on all screen sizes" classname="responsive\responsive-design.spec.ts" time="3.349">
<failure message="responsive-design.spec.ts:235:11 should maintain accessibility on all screen sizes" type="FAILURE">
<![CDATA[  [firefox] › responsive\responsive-design.spec.ts:235:11 › Responsive Design Tests › Mobile Large (414x896) › should maintain accessibility on all screen sizes 

    Error: expect(received).toBeGreaterThanOrEqual(expected)

    Expected: >= 44
    Received:    24

      246 |           if (bounds) {
      247 |             const minSize = device.width <= 768 ? 44 : 32;
    > 248 |             expect(bounds.height).toBeGreaterThanOrEqual(minSize);
          |                                   ^
      249 |             expect(bounds.width).toBeGreaterThanOrEqual(minSize);
      250 |           }
      251 |         }
        at C:\Users\Joe\SynologyDrive\codes\有声小说\frontend\tests\responsive\responsive-design.spec.ts:248:35

    attachment #1: screenshot (image/png) ──────────────────────────────────────────────────────────
    ..\test-results\responsive-responsive-desi-7cc27-ibility-on-all-screen-sizes-firefox\test-failed-1.png
    ────────────────────────────────────────────────────────────────────────────────────────────────

    Error Context: ..\test-results\responsive-responsive-desi-7cc27-ibility-on-all-screen-sizes-firefox\error-context.md
]]>
</failure>
<system-out>
<![CDATA[
[[ATTACHMENT|test-results\responsive-responsive-desi-7cc27-ibility-on-all-screen-sizes-firefox\test-failed-1.png]]

[[ATTACHMENT|test-results\responsive-responsive-desi-7cc27-ibility-on-all-screen-sizes-firefox\error-context.md]]
]]>
</system-out>
</testcase>
<testcase name="Responsive Design Tests › Mobile Large (414x896) › should handle touch interactions on mobile devices" classname="responsive\responsive-design.spec.ts" time="2.786">
</testcase>
<testcase name="Responsive Design Tests › Mobile (375x667) › should display navigation correctly" classname="responsive\responsive-design.spec.ts" time="6.026">
<failure message="responsive-design.spec.ts:21:11 should display navigation correctly" type="FAILURE">
<![CDATA[  [firefox] › responsive\responsive-design.spec.ts:21:11 › Responsive Design Tests › Mobile (375x667) › should display navigation correctly 

    Error: expect(locator).toBeVisible() failed

    Locator: locator('.nav-item')
    Expected: visible
    Error: strict mode violation: locator('.nav-item') resolved to 7 elements:
        1) <a href="/" data-text="首页" aria-current="page" class="router-link-active router-link-exact-active nav-item">…</a> aka getByRole('link', { name: '🏠 首页' })
        2) <a href="/models" class="nav-item" data-text="AI模型">…</a> aka getByRole('link', { name: '🤖 模型配置' })
        ...

    Call log:
      - Expect "toBeVisible" with timeout 5000ms
      - waiting for locator('.nav-item')


      25 |         // 检查导航项是否可见
      26 |         const navItems = page.locator('.nav-item');
    > 27 |         await expect(navItems).toBeVisible();
         |                                ^
      28 |
      29 |         // 在小屏幕上检查导航布局
      30 |         if (device.width <= 768) {
        at C:\Users\Joe\SynologyDrive\codes\有声小说\frontend\tests\responsive\responsive-design.spec.ts:27:32

    attachment #1: screenshot (image/png) ──────────────────────────────────────────────────────────
    ..\test-results\responsive-responsive-desi-cab0a-isplay-navigation-correctly-firefox\test-failed-1.png
    ────────────────────────────────────────────────────────────────────────────────────────────────

    Error Context: ..\test-results\responsive-responsive-desi-cab0a-isplay-navigation-correctly-firefox\error-context.md
]]>
</failure>
<system-out>
<![CDATA[
[[ATTACHMENT|test-results\responsive-responsive-desi-cab0a-isplay-navigation-correctly-firefox\test-failed-1.png]]

[[ATTACHMENT|test-results\responsive-responsive-desi-cab0a-isplay-navigation-correctly-firefox\error-context.md]]
]]>
</system-out>
</testcase>
<testcase name="Responsive Design Tests › Mobile (375x667) › should display hero section correctly" classname="responsive\responsive-design.spec.ts" time="6.726">
<failure message="responsive-design.spec.ts:41:11 should display hero section correctly" type="FAILURE">
<![CDATA[  [firefox] › responsive\responsive-design.spec.ts:41:11 › Responsive Design Tests › Mobile (375x667) › should display hero section correctly 

    Error: expect(received).toContain(expected) // indexOf

    Matcher error: received value must not be null nor undefined

    Received has value: undefined

      54 |
      55 |           // 移动设备上应该是垂直排列
    > 56 |           expect(contentStyle.flexDirection || contentStyle.display).toContain('column');
         |                                                                      ^
      57 |           expect(contentStyle.textAlign || '').toContain('center');
      58 |         }
      59 |
        at C:\Users\Joe\SynologyDrive\codes\有声小说\frontend\tests\responsive\responsive-design.spec.ts:56:70

    attachment #1: screenshot (image/png) ──────────────────────────────────────────────────────────
    ..\test-results\responsive-responsive-desi-97a19-play-hero-section-correctly-firefox\test-failed-1.png
    ────────────────────────────────────────────────────────────────────────────────────────────────

    Error Context: ..\test-results\responsive-responsive-desi-97a19-play-hero-section-correctly-firefox\error-context.md
]]>
</failure>
<system-out>
<![CDATA[
[[ATTACHMENT|test-results\responsive-responsive-desi-97a19-play-hero-section-correctly-firefox\test-failed-1.png]]

[[ATTACHMENT|test-results\responsive-responsive-desi-97a19-play-hero-section-correctly-firefox\error-context.md]]
]]>
</system-out>
</testcase>
<testcase name="Responsive Design Tests › Mobile (375x667) › should display statistics correctly" classname="responsive\responsive-design.spec.ts" time="8.542">
<failure message="responsive-design.spec.ts:73:11 should display statistics correctly" type="FAILURE">
<![CDATA[  [firefox] › responsive\responsive-design.spec.ts:73:11 › Responsive Design Tests › Mobile (375x667) › should display statistics correctly 

    Error: expect(locator).toHaveCount(expected) failed

    Locator:  locator('.stat-item')
    Expected: 4
    Received: 8
    Timeout:  5000ms

    Call log:
      - Expect "toHaveCount" with timeout 5000ms
      - waiting for locator('.stat-item')
        9 × locator resolved to 8 elements
          - unexpected value "8"


      76 |
      77 |         const statItems = page.locator('.stat-item');
    > 78 |         await expect(statItems).toHaveCount(4);
         |                                 ^
      79 |
      80 |         // 根据屏幕尺寸检查网格布局
      81 |         const gridCols = device.width >= 1024 ? 4 :
        at C:\Users\Joe\SynologyDrive\codes\有声小说\frontend\tests\responsive\responsive-design.spec.ts:78:33

    attachment #1: screenshot (image/png) ──────────────────────────────────────────────────────────
    ..\test-results\responsive-responsive-desi-67a48-isplay-statistics-correctly-firefox\test-failed-1.png
    ────────────────────────────────────────────────────────────────────────────────────────────────

    Error Context: ..\test-results\responsive-responsive-desi-67a48-isplay-statistics-correctly-firefox\error-context.md
]]>
</failure>
<system-out>
<![CDATA[
[[ATTACHMENT|test-results\responsive-responsive-desi-67a48-isplay-statistics-correctly-firefox\test-failed-1.png]]

[[ATTACHMENT|test-results\responsive-responsive-desi-67a48-isplay-statistics-correctly-firefox\error-context.md]]
]]>
</system-out>
</testcase>
<testcase name="Responsive Design Tests › Mobile (375x667) › should display features section correctly" classname="responsive\responsive-design.spec.ts" time="6.878">
</testcase>
<testcase name="Responsive Design Tests › Mobile (375x667) › should display workflow section correctly" classname="responsive\responsive-design.spec.ts" time="7.23">
<failure message="responsive-design.spec.ts:123:11 should display workflow section correctly" type="FAILURE">
<![CDATA[  [firefox] › responsive\responsive-design.spec.ts:123:11 › Responsive Design Tests › Mobile (375x667) › should display workflow section correctly 

    Error: expect(received).toBe(expected) // Object.is equality

    Expected: "none"
    Received: undefined

      146 |             return window.getComputedStyle(el);
      147 |           });
    > 148 |           expect(lineStyle.display).toBe('none');
          |                                     ^
      149 |         }
      150 |       });
      151 |
        at C:\Users\Joe\SynologyDrive\codes\有声小说\frontend\tests\responsive\responsive-design.spec.ts:148:37

    attachment #1: screenshot (image/png) ──────────────────────────────────────────────────────────
    ..\test-results\responsive-responsive-desi-91756--workflow-section-correctly-firefox\test-failed-1.png
    ────────────────────────────────────────────────────────────────────────────────────────────────

    Error Context: ..\test-results\responsive-responsive-desi-91756--workflow-section-correctly-firefox\error-context.md
]]>
</failure>
<system-out>
<![CDATA[
[[ATTACHMENT|test-results\responsive-responsive-desi-91756--workflow-section-correctly-firefox\test-failed-1.png]]

[[ATTACHMENT|test-results\responsive-responsive-desi-91756--workflow-section-correctly-firefox\error-context.md]]
]]>
</system-out>
</testcase>
<testcase name="Responsive Design Tests › Mobile (375x667) › should display action buttons correctly" classname="responsive\responsive-design.spec.ts" time="3.763">
<failure message="responsive-design.spec.ts:152:11 should display action buttons correctly" type="FAILURE">
<![CDATA[  [firefox] › responsive\responsive-design.spec.ts:152:11 › Responsive Design Tests › Mobile (375x667) › should display action buttons correctly 

    Error: expect(received).toContain(expected) // indexOf

    Expected substring: "column"
    Received string:    ""

      164 |           });
      165 |
    > 166 |           expect(actionsStyle.flexDirection || '').toContain('column');
          |                                                    ^
      167 |         }
      168 |
      169 |         // 检查按钮是否可点击
        at C:\Users\Joe\SynologyDrive\codes\有声小说\frontend\tests\responsive\responsive-design.spec.ts:166:52

    attachment #1: screenshot (image/png) ──────────────────────────────────────────────────────────
    ..\test-results\responsive-responsive-desi-d15c5-ay-action-buttons-correctly-firefox\test-failed-1.png
    ────────────────────────────────────────────────────────────────────────────────────────────────

    Error Context: ..\test-results\responsive-responsive-desi-d15c5-ay-action-buttons-correctly-firefox\error-context.md
]]>
</failure>
<system-out>
<![CDATA[
[[ATTACHMENT|test-results\responsive-responsive-desi-d15c5-ay-action-buttons-correctly-firefox\test-failed-1.png]]

[[ATTACHMENT|test-results\responsive-responsive-desi-d15c5-ay-action-buttons-correctly-firefox\error-context.md]]
]]>
</system-out>
</testcase>
<testcase name="Responsive Design Tests › Mobile (375x667) › should handle horizontal scrolling properly" classname="responsive\responsive-design.spec.ts" time="2.75">
</testcase>
<testcase name="Responsive Design Tests › Mobile (375x667) › should display text correctly at different sizes" classname="responsive\responsive-design.spec.ts" time="6.225">
<failure message="responsive-design.spec.ts:198:11 should display text correctly at different sizes" type="FAILURE">
<![CDATA[  [firefox] › responsive\responsive-design.spec.ts:198:11 › Responsive Design Tests › Mobile (375x667) › should display text correctly at different sizes 

    Error: expect(received).toBeGreaterThanOrEqual(expected)

    Expected: >= 24
    Received:    0

      214 |
      215 |           const fontSize = parseInt(style.fontSize || '0');
    > 216 |           expect(fontSize).toBeGreaterThanOrEqual(element.minSize);
          |                            ^
      217 |           expect(fontSize).toBeLessThanOrEqual(element.maxSize);
      218 |         }
      219 |       });
        at C:\Users\Joe\SynologyDrive\codes\有声小说\frontend\tests\responsive\responsive-design.spec.ts:216:28

    attachment #1: screenshot (image/png) ──────────────────────────────────────────────────────────
    ..\test-results\responsive-responsive-desi-6c715-orrectly-at-different-sizes-firefox\test-failed-1.png
    ────────────────────────────────────────────────────────────────────────────────────────────────

    Error Context: ..\test-results\responsive-responsive-desi-6c715-orrectly-at-different-sizes-firefox\error-context.md
]]>
</failure>
<system-out>
<![CDATA[
[[ATTACHMENT|test-results\responsive-responsive-desi-6c715-orrectly-at-different-sizes-firefox\test-failed-1.png]]

[[ATTACHMENT|test-results\responsive-responsive-desi-6c715-orrectly-at-different-sizes-firefox\error-context.md]]
]]>
</system-out>
</testcase>
<testcase name="Responsive Design Tests › Mobile (375x667) › should handle images and media correctly" classname="responsive\responsive-design.spec.ts" time="5.685">
</testcase>
<testcase name="Responsive Design Tests › Mobile (375x667) › should maintain accessibility on all screen sizes" classname="responsive\responsive-design.spec.ts" time="7.917">
<failure message="responsive-design.spec.ts:235:11 should maintain accessibility on all screen sizes" type="FAILURE">
<![CDATA[  [firefox] › responsive\responsive-design.spec.ts:235:11 › Responsive Design Tests › Mobile (375x667) › should maintain accessibility on all screen sizes 

    Error: expect(received).toBeGreaterThanOrEqual(expected)

    Expected: >= 44
    Received:    24

      246 |           if (bounds) {
      247 |             const minSize = device.width <= 768 ? 44 : 32;
    > 248 |             expect(bounds.height).toBeGreaterThanOrEqual(minSize);
          |                                   ^
      249 |             expect(bounds.width).toBeGreaterThanOrEqual(minSize);
      250 |           }
      251 |         }
        at C:\Users\Joe\SynologyDrive\codes\有声小说\frontend\tests\responsive\responsive-design.spec.ts:248:35

    attachment #1: screenshot (image/png) ──────────────────────────────────────────────────────────
    ..\test-results\responsive-responsive-desi-7f193-ibility-on-all-screen-sizes-firefox\test-failed-1.png
    ────────────────────────────────────────────────────────────────────────────────────────────────

    Error Context: ..\test-results\responsive-responsive-desi-7f193-ibility-on-all-screen-sizes-firefox\error-context.md
]]>
</failure>
<system-out>
<![CDATA[
[[ATTACHMENT|test-results\responsive-responsive-desi-7f193-ibility-on-all-screen-sizes-firefox\test-failed-1.png]]

[[ATTACHMENT|test-results\responsive-responsive-desi-7f193-ibility-on-all-screen-sizes-firefox\error-context.md]]
]]>
</system-out>
</testcase>
<testcase name="Responsive Design Tests › Mobile (375x667) › should handle touch interactions on mobile devices" classname="responsive\responsive-design.spec.ts" time="6.864">
</testcase>
<testcase name="Responsive Design Tests › Mobile Small (320x568) › should display navigation correctly" classname="responsive\responsive-design.spec.ts" time="7.075">
<failure message="responsive-design.spec.ts:21:11 should display navigation correctly" type="FAILURE">
<![CDATA[  [firefox] › responsive\responsive-design.spec.ts:21:11 › Responsive Design Tests › Mobile Small (320x568) › should display navigation correctly 

    Error: expect(locator).toBeVisible() failed

    Locator: locator('.nav-item')
    Expected: visible
    Error: strict mode violation: locator('.nav-item') resolved to 7 elements:
        1) <a href="/" data-text="首页" aria-current="page" class="router-link-active router-link-exact-active nav-item">…</a> aka getByRole('link', { name: '🏠 首页' })
        2) <a href="/models" class="nav-item" data-text="AI模型">…</a> aka getByRole('link', { name: '🤖 模型配置' })
        ...

    Call log:
      - Expect "toBeVisible" with timeout 5000ms
      - waiting for locator('.nav-item')


      25 |         // 检查导航项是否可见
      26 |         const navItems = page.locator('.nav-item');
    > 27 |         await expect(navItems).toBeVisible();
         |                                ^
      28 |
      29 |         // 在小屏幕上检查导航布局
      30 |         if (device.width <= 768) {
        at C:\Users\Joe\SynologyDrive\codes\有声小说\frontend\tests\responsive\responsive-design.spec.ts:27:32

    attachment #1: screenshot (image/png) ──────────────────────────────────────────────────────────
    ..\test-results\responsive-responsive-desi-eca9c-isplay-navigation-correctly-firefox\test-failed-1.png
    ────────────────────────────────────────────────────────────────────────────────────────────────

    Error Context: ..\test-results\responsive-responsive-desi-eca9c-isplay-navigation-correctly-firefox\error-context.md
]]>
</failure>
<system-out>
<![CDATA[
[[ATTACHMENT|test-results\responsive-responsive-desi-eca9c-isplay-navigation-correctly-firefox\test-failed-1.png]]

[[ATTACHMENT|test-results\responsive-responsive-desi-eca9c-isplay-navigation-correctly-firefox\error-context.md]]
]]>
</system-out>
</testcase>
<testcase name="Responsive Design Tests › Mobile Small (320x568) › should display hero section correctly" classname="responsive\responsive-design.spec.ts" time="4.017">
<failure message="responsive-design.spec.ts:41:11 should display hero section correctly" type="FAILURE">
<![CDATA[  [firefox] › responsive\responsive-design.spec.ts:41:11 › Responsive Design Tests › Mobile Small (320x568) › should display hero section correctly 

    Error: expect(received).toContain(expected) // indexOf

    Matcher error: received value must not be null nor undefined

    Received has value: undefined

      54 |
      55 |           // 移动设备上应该是垂直排列
    > 56 |           expect(contentStyle.flexDirection || contentStyle.display).toContain('column');
         |                                                                      ^
      57 |           expect(contentStyle.textAlign || '').toContain('center');
      58 |         }
      59 |
        at C:\Users\Joe\SynologyDrive\codes\有声小说\frontend\tests\responsive\responsive-design.spec.ts:56:70

    attachment #1: screenshot (image/png) ──────────────────────────────────────────────────────────
    ..\test-results\responsive-responsive-desi-639ad-play-hero-section-correctly-firefox\test-failed-1.png
    ────────────────────────────────────────────────────────────────────────────────────────────────

    Error Context: ..\test-results\responsive-responsive-desi-639ad-play-hero-section-correctly-firefox\error-context.md
]]>
</failure>
<system-out>
<![CDATA[
[[ATTACHMENT|test-results\responsive-responsive-desi-639ad-play-hero-section-correctly-firefox\test-failed-1.png]]

[[ATTACHMENT|test-results\responsive-responsive-desi-639ad-play-hero-section-correctly-firefox\error-context.md]]
]]>
</system-out>
</testcase>
<testcase name="Responsive Design Tests › Mobile Small (320x568) › should display statistics correctly" classname="responsive\responsive-design.spec.ts" time="9.761">
<failure message="responsive-design.spec.ts:73:11 should display statistics correctly" type="FAILURE">
<![CDATA[  [firefox] › responsive\responsive-design.spec.ts:73:11 › Responsive Design Tests › Mobile Small (320x568) › should display statistics correctly 

    Error: expect(locator).toHaveCount(expected) failed

    Locator:  locator('.stat-item')
    Expected: 4
    Received: 8
    Timeout:  5000ms

    Call log:
      - Expect "toHaveCount" with timeout 5000ms
      - waiting for locator('.stat-item')
        8 × locator resolved to 8 elements
          - unexpected value "8"


      76 |
      77 |         const statItems = page.locator('.stat-item');
    > 78 |         await expect(statItems).toHaveCount(4);
         |                                 ^
      79 |
      80 |         // 根据屏幕尺寸检查网格布局
      81 |         const gridCols = device.width >= 1024 ? 4 :
        at C:\Users\Joe\SynologyDrive\codes\有声小说\frontend\tests\responsive\responsive-design.spec.ts:78:33

    attachment #1: screenshot (image/png) ──────────────────────────────────────────────────────────
    ..\test-results\responsive-responsive-desi-a2add-isplay-statistics-correctly-firefox\test-failed-1.png
    ────────────────────────────────────────────────────────────────────────────────────────────────

    Error Context: ..\test-results\responsive-responsive-desi-a2add-isplay-statistics-correctly-firefox\error-context.md
]]>
</failure>
<system-out>
<![CDATA[
[[ATTACHMENT|test-results\responsive-responsive-desi-a2add-isplay-statistics-correctly-firefox\test-failed-1.png]]

[[ATTACHMENT|test-results\responsive-responsive-desi-a2add-isplay-statistics-correctly-firefox\error-context.md]]
]]>
</system-out>
</testcase>
<testcase name="Responsive Design Tests › Mobile Small (320x568) › should display features section correctly" classname="responsive\responsive-design.spec.ts" time="3.646">
</testcase>
<testcase name="Responsive Design Tests › Mobile Small (320x568) › should display workflow section correctly" classname="responsive\responsive-design.spec.ts" time="7.642">
<failure message="responsive-design.spec.ts:123:11 should display workflow section correctly" type="FAILURE">
<![CDATA[  [firefox] › responsive\responsive-design.spec.ts:123:11 › Responsive Design Tests › Mobile Small (320x568) › should display workflow section correctly 

    Error: expect(received).toBe(expected) // Object.is equality

    Expected: "none"
    Received: undefined

      146 |             return window.getComputedStyle(el);
      147 |           });
    > 148 |           expect(lineStyle.display).toBe('none');
          |                                     ^
      149 |         }
      150 |       });
      151 |
        at C:\Users\Joe\SynologyDrive\codes\有声小说\frontend\tests\responsive\responsive-design.spec.ts:148:37

    attachment #1: screenshot (image/png) ──────────────────────────────────────────────────────────
    ..\test-results\responsive-responsive-desi-e6ef1--workflow-section-correctly-firefox\test-failed-1.png
    ────────────────────────────────────────────────────────────────────────────────────────────────

    Error Context: ..\test-results\responsive-responsive-desi-e6ef1--workflow-section-correctly-firefox\error-context.md
]]>
</failure>
<system-out>
<![CDATA[
[[ATTACHMENT|test-results\responsive-responsive-desi-e6ef1--workflow-section-correctly-firefox\test-failed-1.png]]

[[ATTACHMENT|test-results\responsive-responsive-desi-e6ef1--workflow-section-correctly-firefox\error-context.md]]
]]>
</system-out>
</testcase>
<testcase name="Responsive Design Tests › Mobile Small (320x568) › should display action buttons correctly" classname="responsive\responsive-design.spec.ts" time="7.177">
<failure message="responsive-design.spec.ts:152:11 should display action buttons correctly" type="FAILURE">
<![CDATA[  [firefox] › responsive\responsive-design.spec.ts:152:11 › Responsive Design Tests › Mobile Small (320x568) › should display action buttons correctly 

    Error: expect(received).toContain(expected) // indexOf

    Expected substring: "column"
    Received string:    ""

      164 |           });
      165 |
    > 166 |           expect(actionsStyle.flexDirection || '').toContain('column');
          |                                                    ^
      167 |         }
      168 |
      169 |         // 检查按钮是否可点击
        at C:\Users\Joe\SynologyDrive\codes\有声小说\frontend\tests\responsive\responsive-design.spec.ts:166:52

    attachment #1: screenshot (image/png) ──────────────────────────────────────────────────────────
    ..\test-results\responsive-responsive-desi-d638b-ay-action-buttons-correctly-firefox\test-failed-1.png
    ────────────────────────────────────────────────────────────────────────────────────────────────

    Error Context: ..\test-results\responsive-responsive-desi-d638b-ay-action-buttons-correctly-firefox\error-context.md
]]>
</failure>
<system-out>
<![CDATA[
[[ATTACHMENT|test-results\responsive-responsive-desi-d638b-ay-action-buttons-correctly-firefox\test-failed-1.png]]

[[ATTACHMENT|test-results\responsive-responsive-desi-d638b-ay-action-buttons-correctly-firefox\error-context.md]]
]]>
</system-out>
</testcase>
<testcase name="Responsive Design Tests › Mobile Small (320x568) › should handle horizontal scrolling properly" classname="responsive\responsive-design.spec.ts" time="30.684">
<failure message="responsive-design.spec.ts:179:11 should handle horizontal scrolling properly" type="FAILURE">
<![CDATA[  [firefox] › responsive\responsive-design.spec.ts:179:11 › Responsive Design Tests › Mobile Small (320x568) › should handle horizontal scrolling properly 

    Test timeout of 30000ms exceeded while running "beforeEach" hook.

      13 |   devices.forEach(device => {
      14 |     test.describe(`${device.name} (${device.width}x${device.height})`, () => {
    > 15 |       test.beforeEach(async ({ page }) => {
         |            ^
      16 |         await page.setViewportSize({ width: device.width, height: device.height });
      17 |         await page.goto('/');
      18 |         await page.waitForLoadState('networkidle');
        at C:\Users\Joe\SynologyDrive\codes\有声小说\frontend\tests\responsive\responsive-design.spec.ts:15:12

    Error: page.waitForLoadState: Test timeout of 30000ms exceeded.

      16 |         await page.setViewportSize({ width: device.width, height: device.height });
      17 |         await page.goto('/');
    > 18 |         await page.waitForLoadState('networkidle');
         |                    ^
      19 |       });
      20 |
      21 |       test('should display navigation correctly', async ({ page }) => {
        at C:\Users\Joe\SynologyDrive\codes\有声小说\frontend\tests\responsive\responsive-design.spec.ts:18:20

    attachment #1: screenshot (image/png) ──────────────────────────────────────────────────────────
    ..\test-results\responsive-responsive-desi-d9c5e-rizontal-scrolling-properly-firefox\test-failed-1.png
    ────────────────────────────────────────────────────────────────────────────────────────────────

    Error Context: ..\test-results\responsive-responsive-desi-d9c5e-rizontal-scrolling-properly-firefox\error-context.md
]]>
</failure>
<system-out>
<![CDATA[
[[ATTACHMENT|test-results\responsive-responsive-desi-d9c5e-rizontal-scrolling-properly-firefox\test-failed-1.png]]

[[ATTACHMENT|test-results\responsive-responsive-desi-d9c5e-rizontal-scrolling-properly-firefox\error-context.md]]
]]>
</system-out>
</testcase>
<testcase name="Responsive Design Tests › Mobile Small (320x568) › should display text correctly at different sizes" classname="responsive\responsive-design.spec.ts" time="7.241">
<failure message="responsive-design.spec.ts:198:11 should display text correctly at different sizes" type="FAILURE">
<![CDATA[  [firefox] › responsive\responsive-design.spec.ts:198:11 › Responsive Design Tests › Mobile Small (320x568) › should display text correctly at different sizes 

    Error: expect(received).toBeGreaterThanOrEqual(expected)

    Expected: >= 24
    Received:    0

      214 |
      215 |           const fontSize = parseInt(style.fontSize || '0');
    > 216 |           expect(fontSize).toBeGreaterThanOrEqual(element.minSize);
          |                            ^
      217 |           expect(fontSize).toBeLessThanOrEqual(element.maxSize);
      218 |         }
      219 |       });
        at C:\Users\Joe\SynologyDrive\codes\有声小说\frontend\tests\responsive\responsive-design.spec.ts:216:28

    attachment #1: screenshot (image/png) ──────────────────────────────────────────────────────────
    ..\test-results\responsive-responsive-desi-10f2b-orrectly-at-different-sizes-firefox\test-failed-1.png
    ────────────────────────────────────────────────────────────────────────────────────────────────

    Error Context: ..\test-results\responsive-responsive-desi-10f2b-orrectly-at-different-sizes-firefox\error-context.md
]]>
</failure>
<system-out>
<![CDATA[
[[ATTACHMENT|test-results\responsive-responsive-desi-10f2b-orrectly-at-different-sizes-firefox\test-failed-1.png]]

[[ATTACHMENT|test-results\responsive-responsive-desi-10f2b-orrectly-at-different-sizes-firefox\error-context.md]]
]]>
</system-out>
</testcase>
<testcase name="Responsive Design Tests › Mobile Small (320x568) › should handle images and media correctly" classname="responsive\responsive-design.spec.ts" time="2.587">
</testcase>
<testcase name="Responsive Design Tests › Mobile Small (320x568) › should maintain accessibility on all screen sizes" classname="responsive\responsive-design.spec.ts" time="5.981">
<failure message="responsive-design.spec.ts:235:11 should maintain accessibility on all screen sizes" type="FAILURE">
<![CDATA[  [firefox] › responsive\responsive-design.spec.ts:235:11 › Responsive Design Tests › Mobile Small (320x568) › should maintain accessibility on all screen sizes 

    Error: expect(received).toBeGreaterThanOrEqual(expected)

    Expected: >= 44
    Received:    24

      246 |           if (bounds) {
      247 |             const minSize = device.width <= 768 ? 44 : 32;
    > 248 |             expect(bounds.height).toBeGreaterThanOrEqual(minSize);
          |                                   ^
      249 |             expect(bounds.width).toBeGreaterThanOrEqual(minSize);
      250 |           }
      251 |         }
        at C:\Users\Joe\SynologyDrive\codes\有声小说\frontend\tests\responsive\responsive-design.spec.ts:248:35

    attachment #1: screenshot (image/png) ──────────────────────────────────────────────────────────
    ..\test-results\responsive-responsive-desi-833b3-ibility-on-all-screen-sizes-firefox\test-failed-1.png
    ────────────────────────────────────────────────────────────────────────────────────────────────

    Error Context: ..\test-results\responsive-responsive-desi-833b3-ibility-on-all-screen-sizes-firefox\error-context.md
]]>
</failure>
<system-out>
<![CDATA[
[[ATTACHMENT|test-results\responsive-responsive-desi-833b3-ibility-on-all-screen-sizes-firefox\test-failed-1.png]]

[[ATTACHMENT|test-results\responsive-responsive-desi-833b3-ibility-on-all-screen-sizes-firefox\error-context.md]]
]]>
</system-out>
</testcase>
<testcase name="Responsive Design Tests › Mobile Small (320x568) › should handle touch interactions on mobile devices" classname="responsive\responsive-design.spec.ts" time="7.201">
</testcase>
<testcase name="Responsive Design Tests › Orientation Changes › should handle desktop orientation changes" classname="responsive\responsive-design.spec.ts" time="7.824">
</testcase>
<testcase name="Responsive Design Tests › Orientation Changes › should handle mobile orientation changes" classname="responsive\responsive-design.spec.ts" time="8.63">
</testcase>
<testcase name="Responsive Design Tests › Dynamic Content Loading › should load content appropriately for different screen sizes" classname="responsive\responsive-design.spec.ts" time="6.58">
</testcase>
<testcase name="Responsive Design Tests › Dynamic Content Loading › should handle progressive enhancement" classname="responsive\responsive-design.spec.ts" time="30.889">
<failure message="responsive-design.spec.ts:340:9 should handle progressive enhancement" type="FAILURE">
<![CDATA[  [firefox] › responsive\responsive-design.spec.ts:340:9 › Responsive Design Tests › Dynamic Content Loading › should handle progressive enhancement 

    Test timeout of 30000ms exceeded.

    Error: page.waitForLoadState: Test timeout of 30000ms exceeded.

      349 |
      350 |       await page.goto('/');
    > 351 |       await page.waitForLoadState('networkidle');
          |                  ^
      352 |
      353 |       // 即使CSS加载延迟，基本内容也应该可见
      354 |       await expect(page.locator('h1')).toBeVisible();
        at C:\Users\Joe\SynologyDrive\codes\有声小说\frontend\tests\responsive\responsive-design.spec.ts:351:18

    attachment #1: screenshot (image/png) ──────────────────────────────────────────────────────────
    ..\test-results\responsive-responsive-desi-b4d85-dle-progressive-enhancement-firefox\test-failed-1.png
    ────────────────────────────────────────────────────────────────────────────────────────────────

    Error Context: ..\test-results\responsive-responsive-desi-b4d85-dle-progressive-enhancement-firefox\error-context.md
]]>
</failure>
<system-out>
<![CDATA[
[[ATTACHMENT|test-results\responsive-responsive-desi-b4d85-dle-progressive-enhancement-firefox\test-failed-1.png]]

[[ATTACHMENT|test-results\responsive-responsive-desi-b4d85-dle-progressive-enhancement-firefox\error-context.md]]
]]>
</system-out>
</testcase>
<testcase name="Performance Tests › should load quickly on mobile devices" classname="responsive\responsive-design.spec.ts" time="5.294">
</testcase>
<testcase name="Performance Tests › should not cause layout shifts during loading" classname="responsive\responsive-design.spec.ts" time="5.323">
<failure message="responsive-design.spec.ts:379:7 should not cause layout shifts during loading" type="FAILURE">
<![CDATA[  [firefox] › responsive\responsive-design.spec.ts:379:7 › Performance Tests › should not cause layout shifts during loading 

    TypeError: page.evaluateOnNewDocument is not a function

      382 |     // 监控CLS (Cumulative Layout Shift)
      383 |     let layoutShifts = 0;
    > 384 |     await page.evaluateOnNewDocument(() => {
          |                ^
      385 |       new PerformanceObserver((list) => {
      386 |         list.getEntries().forEach((entry) => {
      387 |           if (entry.entryType === 'layout-shift' && !entry.hadRecentInput) {
        at C:\Users\Joe\SynologyDrive\codes\有声小说\frontend\tests\responsive\responsive-design.spec.ts:384:16

    attachment #1: screenshot (image/png) ──────────────────────────────────────────────────────────
    ..\test-results\responsive-responsive-desi-e6b0e-ayout-shifts-during-loading-firefox\test-failed-1.png
    ────────────────────────────────────────────────────────────────────────────────────────────────

    Error Context: ..\test-results\responsive-responsive-desi-e6b0e-ayout-shifts-during-loading-firefox\error-context.md
]]>
</failure>
<system-out>
<![CDATA[
[[ATTACHMENT|test-results\responsive-responsive-desi-e6b0e-ayout-shifts-during-loading-firefox\test-failed-1.png]]

[[ATTACHMENT|test-results\responsive-responsive-desi-e6b0e-ayout-shifts-during-loading-firefox\error-context.md]]
]]>
</system-out>
</testcase>
</testsuite>
<testsuite name="ui\home-page.spec.ts" timestamp="2025-12-01T08:52:23.342Z" hostname="firefox" tests="18" failures="11" skipped="0" time="135.762" errors="0">
<testcase name="Home Page UI Components › should display the main hero section with correct content" classname="ui\home-page.spec.ts" time="4.486">
</testcase>
<testcase name="Home Page UI Components › should display action buttons with correct styling" classname="ui\home-page.spec.ts" time="4.359">
</testcase>
<testcase name="Home Page UI Components › should display sound visualizer with animations" classname="ui\home-page.spec.ts" time="4.038">
</testcase>
<testcase name="Home Page UI Components › should display statistics section with correct data" classname="ui\home-page.spec.ts" time="9.302">
<failure message="home-page.spec.ts:67:7 should display statistics section with correct data" type="FAILURE">
<![CDATA[  [firefox] › ui\home-page.spec.ts:67:7 › Home Page UI Components › should display statistics section with correct data 

    Error: expect(locator).toHaveCount(expected) failed

    Locator:  locator('.stat-item')
    Expected: 4
    Received: 8
    Timeout:  5000ms

    Call log:
      - Expect "toHaveCount" with timeout 5000ms
      - waiting for locator('.stat-item')
        8 × locator resolved to 8 elements
          - unexpected value "8"


      71 |     // 检查统计项
      72 |     const statItems = page.locator('.stat-item');
    > 73 |     await expect(statItems).toHaveCount(4);
         |                             ^
      74 |
      75 |     // 检查每个统计项的内容
      76 |     const expectedStats = [
        at C:\Users\Joe\SynologyDrive\codes\有声小说\frontend\tests\ui\home-page.spec.ts:73:29

    attachment #1: screenshot (image/png) ──────────────────────────────────────────────────────────
    ..\test-results\ui-home-page-Home-Page-UI--ebb6e-s-section-with-correct-data-firefox\test-failed-1.png
    ────────────────────────────────────────────────────────────────────────────────────────────────

    Error Context: ..\test-results\ui-home-page-Home-Page-UI--ebb6e-s-section-with-correct-data-firefox\error-context.md
]]>
</failure>
<system-out>
<![CDATA[
[[ATTACHMENT|test-results\ui-home-page-Home-Page-UI--ebb6e-s-section-with-correct-data-firefox\test-failed-1.png]]

[[ATTACHMENT|test-results\ui-home-page-Home-Page-UI--ebb6e-s-section-with-correct-data-firefox\error-context.md]]
]]>
</system-out>
</testcase>
<testcase name="Home Page UI Components › should display core features section" classname="ui\home-page.spec.ts" time="3.866">
<failure message="home-page.spec.ts:91:7 should display core features section" type="FAILURE">
<![CDATA[  [firefox] › ui\home-page.spec.ts:91:7 › Home Page UI Components › should display core features section 

    Error: expect(locator).toContainText(expected) failed

    Locator: locator('.section-title')
    Expected substring: "完整创作链路"
    Error: strict mode violation: locator('.section-title') resolved to 3 elements:
        1) <h2 data-v-fae5bece="" class="section-title">…</h2> aka getByRole('heading', { name: '完整创作链路' })
        2) <h2 data-v-fae5bece="" class="section-title">…</h2> aka getByRole('heading', { name: '五步成章' })
        ...

    Call log:
      - Expect "toContainText" with timeout 5000ms
      - waiting for locator('.section-title')


      92 |     // 检查功能区域
      93 |     await expect(page.locator('.features-section')).toBeVisible();
    > 94 |     await expect(page.locator('.section-title')).toContainText('完整创作链路');
         |                                                  ^
      95 |
      96 |     // 检查功能卡片
      97 |     const featureCards = page.locator('.feature-card');
        at C:\Users\Joe\SynologyDrive\codes\有声小说\frontend\tests\ui\home-page.spec.ts:94:50

    attachment #1: screenshot (image/png) ──────────────────────────────────────────────────────────
    ..\test-results\ui-home-page-Home-Page-UI--a820e-splay-core-features-section-firefox\test-failed-1.png
    ────────────────────────────────────────────────────────────────────────────────────────────────

    Error Context: ..\test-results\ui-home-page-Home-Page-UI--a820e-splay-core-features-section-firefox\error-context.md
]]>
</failure>
<system-out>
<![CDATA[
[[ATTACHMENT|test-results\ui-home-page-Home-Page-UI--a820e-splay-core-features-section-firefox\test-failed-1.png]]

[[ATTACHMENT|test-results\ui-home-page-Home-Page-UI--a820e-splay-core-features-section-firefox\error-context.md]]
]]>
</system-out>
</testcase>
<testcase name="Home Page UI Components › should display workflow section" classname="ui\home-page.spec.ts" time="4.975">
<failure message="home-page.spec.ts:110:7 should display workflow section" type="FAILURE">
<![CDATA[  [firefox] › ui\home-page.spec.ts:110:7 › Home Page UI Components › should display workflow section 

    Error: expect(locator).toContainText(expected) failed

    Locator: locator('.section-title')
    Expected substring: "五步成章"
    Error: strict mode violation: locator('.section-title') resolved to 3 elements:
        1) <h2 data-v-fae5bece="" class="section-title">…</h2> aka getByRole('heading', { name: '完整创作链路' })
        2) <h2 data-v-fae5bece="" class="section-title">…</h2> aka getByRole('heading', { name: '五步成章' })
        ...

    Call log:
      - Expect "toContainText" with timeout 5000ms
      - waiting for locator('.section-title')


      111 |     // 检查工作流程区域
      112 |     await expect(page.locator('.workflow-section')).toBeVisible();
    > 113 |     await expect(page.locator('.section-title')).toContainText('五步成章');
          |                                                  ^
      114 |
      115 |     // 检查工作流程步骤
      116 |     const workflowSteps = page.locator('.workflow-step');
        at C:\Users\Joe\SynologyDrive\codes\有声小说\frontend\tests\ui\home-page.spec.ts:113:50

    attachment #1: screenshot (image/png) ──────────────────────────────────────────────────────────
    ..\test-results\ui-home-page-Home-Page-UI--14df6-ld-display-workflow-section-firefox\test-failed-1.png
    ────────────────────────────────────────────────────────────────────────────────────────────────

    Error Context: ..\test-results\ui-home-page-Home-Page-UI--14df6-ld-display-workflow-section-firefox\error-context.md
]]>
</failure>
<system-out>
<![CDATA[
[[ATTACHMENT|test-results\ui-home-page-Home-Page-UI--14df6-ld-display-workflow-section-firefox\test-failed-1.png]]

[[ATTACHMENT|test-results\ui-home-page-Home-Page-UI--14df6-ld-display-workflow-section-firefox\error-context.md]]
]]>
</system-out>
</testcase>
<testcase name="Home Page UI Components › should display system status section" classname="ui\home-page.spec.ts" time="3.7">
<failure message="home-page.spec.ts:129:7 should display system status section" type="FAILURE">
<![CDATA[  [firefox] › ui\home-page.spec.ts:129:7 › Home Page UI Components › should display system status section 

    Error: expect(locator).toContainText(expected) failed

    Locator: locator('.section-title')
    Expected substring: "实时状态"
    Error: strict mode violation: locator('.section-title') resolved to 3 elements:
        1) <h2 data-v-fae5bece="" class="section-title">…</h2> aka getByRole('heading', { name: '完整创作链路' })
        2) <h2 data-v-fae5bece="" class="section-title">…</h2> aka getByRole('heading', { name: '五步成章' })
        ...

    Call log:
      - Expect "toContainText" with timeout 5000ms
      - waiting for locator('.section-title')


      130 |     // 检查系统状态区域
      131 |     await expect(page.locator('.status-section')).toBeVisible();
    > 132 |     await expect(page.locator('.section-title')).toContainText('实时状态');
          |                                                  ^
      133 |
      134 |     // 检查ApiStatus组件
      135 |     await expect(page.locator('.status-container')).toBeVisible();
        at C:\Users\Joe\SynologyDrive\codes\有声小说\frontend\tests\ui\home-page.spec.ts:132:50

    attachment #1: screenshot (image/png) ──────────────────────────────────────────────────────────
    ..\test-results\ui-home-page-Home-Page-UI--b0c36-splay-system-status-section-firefox\test-failed-1.png
    ────────────────────────────────────────────────────────────────────────────────────────────────

    Error Context: ..\test-results\ui-home-page-Home-Page-UI--b0c36-splay-system-status-section-firefox\error-context.md
]]>
</failure>
<system-out>
<![CDATA[
[[ATTACHMENT|test-results\ui-home-page-Home-Page-UI--b0c36-splay-system-status-section-firefox\test-failed-1.png]]

[[ATTACHMENT|test-results\ui-home-page-Home-Page-UI--b0c36-splay-system-status-section-firefox\error-context.md]]
]]>
</system-out>
</testcase>
<testcase name="Home Page UI Components › should display call-to-action section" classname="ui\home-page.spec.ts" time="5.601">
</testcase>
<testcase name="Home Page UI Components › should have proper CSS variables and styling applied" classname="ui\home-page.spec.ts" time="5.519">
<failure message="home-page.spec.ts:151:7 should have proper CSS variables and styling applied" type="FAILURE">
<![CDATA[  [firefox] › ui\home-page.spec.ts:151:7 › Home Page UI Components › should have proper CSS variables and styling applied 

    Error: expect(received).toContain(expected) // indexOf

    Matcher error: received value must not be null nor undefined

    Received has value: undefined

      157 |
      158 |     // 验证背景样式
    > 159 |     expect(computedStyle.background).toContain('rgb');
          |                                      ^
      160 |
      161 |     // 检查玻璃拟态效果
      162 |     const statItem = page.locator('.stat-item').first();
        at C:\Users\Joe\SynologyDrive\codes\有声小说\frontend\tests\ui\home-page.spec.ts:159:38

    attachment #1: screenshot (image/png) ──────────────────────────────────────────────────────────
    ..\test-results\ui-home-page-Home-Page-UI--58096-riables-and-styling-applied-firefox\test-failed-1.png
    ────────────────────────────────────────────────────────────────────────────────────────────────

    Error Context: ..\test-results\ui-home-page-Home-Page-UI--58096-riables-and-styling-applied-firefox\error-context.md
]]>
</failure>
<system-out>
<![CDATA[
[[ATTACHMENT|test-results\ui-home-page-Home-Page-UI--58096-riables-and-styling-applied-firefox\test-failed-1.png]]

[[ATTACHMENT|test-results\ui-home-page-Home-Page-UI--58096-riables-and-styling-applied-firefox\error-context.md]]
]]>
</system-out>
</testcase>
<testcase name="Home Page UI Components › should display background elements" classname="ui\home-page.spec.ts" time="5.244">
</testcase>
<testcase name="Home Page Interactions › should navigate to novel creation when clicking start button" classname="ui\home-page.spec.ts" time="16.02">
<failure message="home-page.spec.ts:187:7 should navigate to novel creation when clicking start button" type="FAILURE">
<![CDATA[  [firefox] › ui\home-page.spec.ts:187:7 › Home Page Interactions › should navigate to novel creation when clicking start button 

    TimeoutError: page.click: Timeout 10000ms exceeded.
    Call log:
      - waiting for locator('.action-btn.primary')
        - locator resolved to <button data-v-fae5bece="" class="action-btn primary">…</button>
      - attempting click action
        - waiting for element to be visible, enabled and stable
        - element is not stable
      - retrying click action
        - waiting for element to be visible, enabled and stable
        - element is visible, enabled and stable
        - scrolling into view if needed
        - done scrolling
        - <iframe src="about:blank" id="webpack-dev-server-client-overlay"></iframe> intercepts pointer events
      - retrying click action
        - waiting 20ms
        2 × waiting for element to be visible, enabled and stable
          - element is visible, enabled and stable
          - scrolling into view if needed
          - done scrolling
          - <iframe src="about:blank" id="webpack-dev-server-client-overlay"></iframe> intercepts pointer events
        - retrying click action
          - waiting 100ms
        4 × waiting for element to be visible, enabled and stable
          - element is not stable
        - retrying click action
          - waiting 500ms
          - waiting for element to be visible, enabled and stable
          - element is visible, enabled and stable
          - scrolling into view if needed
          - done scrolling
          - <iframe src="about:blank" id="webpack-dev-server-client-overlay"></iframe> intercepts pointer events
        - retrying click action
          - waiting 500ms
        3 × waiting for element to be visible, enabled and stable
          - element is visible, enabled and stable
          - scrolling into view if needed
          - done scrolling
          - <iframe src="about:blank" id="webpack-dev-server-client-overlay"></iframe> intercepts pointer events
        - retrying click action
          - waiting 500ms


      187 |   test('should navigate to novel creation when clicking start button', async ({ page }) => {
      188 |     // 点击开始创作按钮
    > 189 |     await page.click('.action-btn.primary');
          |                ^
      190 |
      191 |     // 等待导航完成
      192 |     await page.waitForURL('**/novel');
        at C:\Users\Joe\SynologyDrive\codes\有声小说\frontend\tests\ui\home-page.spec.ts:189:16

    attachment #1: screenshot (image/png) ──────────────────────────────────────────────────────────
    ..\test-results\ui-home-page-Home-Page-Int-e0112--when-clicking-start-button-firefox\test-failed-1.png
    ────────────────────────────────────────────────────────────────────────────────────────────────

    Error Context: ..\test-results\ui-home-page-Home-Page-Int-e0112--when-clicking-start-button-firefox\error-context.md
]]>
</failure>
<system-out>
<![CDATA[
[[ATTACHMENT|test-results\ui-home-page-Home-Page-Int-e0112--when-clicking-start-button-firefox\test-failed-1.png]]

[[ATTACHMENT|test-results\ui-home-page-Home-Page-Int-e0112--when-clicking-start-button-firefox\error-context.md]]
]]>
</system-out>
</testcase>
<testcase name="Home Page Interactions › should navigate to models when clicking configure button" classname="ui\home-page.spec.ts" time="16.037">
<failure message="home-page.spec.ts:198:7 should navigate to models when clicking configure button" type="FAILURE">
<![CDATA[  [firefox] › ui\home-page.spec.ts:198:7 › Home Page Interactions › should navigate to models when clicking configure button 

    TimeoutError: page.click: Timeout 10000ms exceeded.
    Call log:
      - waiting for locator('.action-btn.secondary')
        - locator resolved to <button data-v-fae5bece="" class="action-btn secondary">…</button>
      - attempting click action
        2 × waiting for element to be visible, enabled and stable
          - element is visible, enabled and stable
          - scrolling into view if needed
          - done scrolling
          - <iframe src="about:blank" id="webpack-dev-server-client-overlay"></iframe> intercepts pointer events
        - retrying click action
        - waiting 20ms
        2 × waiting for element to be visible, enabled and stable
          - element is visible, enabled and stable
          - scrolling into view if needed
          - done scrolling
          - <iframe src="about:blank" id="webpack-dev-server-client-overlay"></iframe> intercepts pointer events
        - retrying click action
          - waiting 100ms
        4 × waiting for element to be visible, enabled and stable
          - element is visible, enabled and stable
          - scrolling into view if needed
          - done scrolling
          - <iframe src="about:blank" id="webpack-dev-server-client-overlay"></iframe> intercepts pointer events
        - retrying click action
          - waiting 500ms
        2 × waiting for element to be visible, enabled and stable
          - element is not stable
        - retrying click action
          - waiting 500ms
          - waiting for element to be visible, enabled and stable
          - element is visible, enabled and stable
          - scrolling into view if needed
          - done scrolling
          - <iframe src="about:blank" id="webpack-dev-server-client-overlay"></iframe> intercepts pointer events
        - retrying click action
          - waiting 500ms
        2 × waiting for element to be visible, enabled and stable
          - element is visible, enabled and stable
          - scrolling into view if needed
          - done scrolling
          - <iframe src="about:blank" id="webpack-dev-server-client-overlay"></iframe> intercepts pointer events
        - retrying click action
          - waiting 500ms
        - waiting for element to be visible, enabled and stable


      198 |   test('should navigate to models when clicking configure button', async ({ page }) => {
      199 |     // 点击配置模型按钮
    > 200 |     await page.click('.action-btn.secondary');
          |                ^
      201 |
      202 |     // 等待导航完成
      203 |     await page.waitForURL('**/models');
        at C:\Users\Joe\SynologyDrive\codes\有声小说\frontend\tests\ui\home-page.spec.ts:200:16

    attachment #1: screenshot (image/png) ──────────────────────────────────────────────────────────
    ..\test-results\ui-home-page-Home-Page-Int-0ceb0-n-clicking-configure-button-firefox\test-failed-1.png
    ────────────────────────────────────────────────────────────────────────────────────────────────

    Error Context: ..\test-results\ui-home-page-Home-Page-Int-0ceb0-n-clicking-configure-button-firefox\error-context.md
]]>
</failure>
<system-out>
<![CDATA[
[[ATTACHMENT|test-results\ui-home-page-Home-Page-Int-0ceb0-n-clicking-configure-button-firefox\test-failed-1.png]]

[[ATTACHMENT|test-results\ui-home-page-Home-Page-Int-0ceb0-n-clicking-configure-button-firefox\error-context.md]]
]]>
</system-out>
</testcase>
<testcase name="Home Page Interactions › should navigate to correct pages when clicking feature cards" classname="ui\home-page.spec.ts" time="16.269">
<failure message="home-page.spec.ts:209:7 should navigate to correct pages when clicking feature cards" type="FAILURE">
<![CDATA[  [firefox] › ui\home-page.spec.ts:209:7 › Home Page Interactions › should navigate to correct pages when clicking feature cards 

    TimeoutError: locator.click: Timeout 10000ms exceeded.
    Call log:
      - waiting for locator('.feature-card').first()
        - locator resolved to <div data-v-fae5bece="" class="feature-card">…</div>
      - attempting click action
        2 × waiting for element to be visible, enabled and stable
          - element is visible, enabled and stable
          - scrolling into view if needed
          - done scrolling
          - <iframe src="about:blank" id="webpack-dev-server-client-overlay"></iframe> intercepts pointer events
        - retrying click action
        - waiting 20ms
        - waiting for element to be visible, enabled and stable
        - element is visible, enabled and stable
        - scrolling into view if needed
        - done scrolling
        - <iframe src="about:blank" id="webpack-dev-server-client-overlay"></iframe> intercepts pointer events
      2 × retrying click action
          - waiting 100ms
          - waiting for element to be visible, enabled and stable
          - element is not stable
      4 × retrying click action
          - waiting 500ms
          - waiting for element to be visible, enabled and stable
          - element is visible, enabled and stable
          - scrolling into view if needed
          - done scrolling
          - <iframe src="about:blank" id="webpack-dev-server-client-overlay"></iframe> intercepts pointer events
        - retrying click action
          - waiting 500ms
          - waiting for element to be visible, enabled and stable
          - element is not stable
      - retrying click action
        - waiting 500ms
        - waiting for element to be visible, enabled and stable
        - element is visible, enabled and stable
        - scrolling into view if needed
        - done scrolling
        - <iframe src="about:blank" id="webpack-dev-server-client-overlay"></iframe> intercepts pointer events
      - retrying click action
        - waiting 500ms


      213 |     for (let i = 0; i < featureRoutes.length; i++) {
      214 |       await page.goto('/'); // 重新加载首页
    > 215 |       await featureCards.nth(i).click();
          |                                 ^
      216 |       await page.waitForTimeout(1000); // 等待可能的动画
      217 |       expect(page.url()).toContain(featureRoutes[i]);
      218 |     }
        at C:\Users\Joe\SynologyDrive\codes\有声小说\frontend\tests\ui\home-page.spec.ts:215:33

    attachment #1: screenshot (image/png) ──────────────────────────────────────────────────────────
    ..\test-results\ui-home-page-Home-Page-Int-68bc0-when-clicking-feature-cards-firefox\test-failed-1.png
    ────────────────────────────────────────────────────────────────────────────────────────────────

    Error Context: ..\test-results\ui-home-page-Home-Page-Int-68bc0-when-clicking-feature-cards-firefox\error-context.md
]]>
</failure>
<system-out>
<![CDATA[
[[ATTACHMENT|test-results\ui-home-page-Home-Page-Int-68bc0-when-clicking-feature-cards-firefox\test-failed-1.png]]

[[ATTACHMENT|test-results\ui-home-page-Home-Page-Int-68bc0-when-clicking-feature-cards-firefox\error-context.md]]
]]>
</system-out>
</testcase>
<testcase name="Home Page Interactions › should show hover effects on interactive elements" classname="ui\home-page.spec.ts" time="14.049">
<failure message="home-page.spec.ts:221:7 should show hover effects on interactive elements" type="FAILURE">
<![CDATA[  [firefox] › ui\home-page.spec.ts:221:7 › Home Page Interactions › should show hover effects on interactive elements 

    TimeoutError: locator.hover: Timeout 10000ms exceeded.
    Call log:
      - waiting for locator('.action-btn.primary')
        - locator resolved to <button data-v-fae5bece="" class="action-btn primary">…</button>
      - attempting hover action
        - waiting for element to be visible and stable
        - element is not stable
      - retrying hover action
        - waiting for element to be visible and stable
        - element is visible and stable
        - scrolling into view if needed
        - done scrolling
        - <iframe src="about:blank" id="webpack-dev-server-client-overlay"></iframe> intercepts pointer events
      - retrying hover action
        - waiting 20ms
        2 × waiting for element to be visible and stable
          - element is visible and stable
          - scrolling into view if needed
          - done scrolling
          - <iframe src="about:blank" id="webpack-dev-server-client-overlay"></iframe> intercepts pointer events
        - retrying hover action
          - waiting 100ms
        2 × waiting for element to be visible and stable
          - element is not stable
        - retrying hover action
          - waiting 500ms
          - waiting for element to be visible and stable
          - element is visible and stable
          - scrolling into view if needed
          - done scrolling
          - <iframe src="about:blank" id="webpack-dev-server-client-overlay"></iframe> intercepts pointer events
        - retrying hover action
          - waiting 500ms
        2 × waiting for element to be visible and stable
          - element is visible and stable
          - scrolling into view if needed
          - done scrolling
          - <iframe src="about:blank" id="webpack-dev-server-client-overlay"></iframe> intercepts pointer events
        - retrying hover action
          - waiting 500ms
        2 × waiting for element to be visible and stable
          - element is not stable
        - retrying hover action
          - waiting 500ms
          - waiting for element to be visible and stable
          - element is visible and stable
          - scrolling into view if needed
          - done scrolling
          - <iframe src="about:blank" id="webpack-dev-server-client-overlay"></iframe> intercepts pointer events
        - retrying hover action
          - waiting 500ms


      222 |     // 测试按钮悬停效果
      223 |     const primaryBtn = page.locator('.action-btn.primary');
    > 224 |     await primaryBtn.hover();
          |                      ^
      225 |
      226 |     // 检查是否应用了悬停样式
      227 |     const btnStyle = await primaryBtn.evaluate((el) => {
        at C:\Users\Joe\SynologyDrive\codes\有声小说\frontend\tests\ui\home-page.spec.ts:224:22

    attachment #1: screenshot (image/png) ──────────────────────────────────────────────────────────
    ..\test-results\ui-home-page-Home-Page-Int-8daef-cts-on-interactive-elements-firefox\test-failed-1.png
    ────────────────────────────────────────────────────────────────────────────────────────────────

    Error Context: ..\test-results\ui-home-page-Home-Page-Int-8daef-cts-on-interactive-elements-firefox\error-context.md
]]>
</failure>
<system-out>
<![CDATA[
[[ATTACHMENT|test-results\ui-home-page-Home-Page-Int-8daef-cts-on-interactive-elements-firefox\test-failed-1.png]]

[[ATTACHMENT|test-results\ui-home-page-Home-Page-Int-8daef-cts-on-interactive-elements-firefox\error-context.md]]
]]>
</system-out>
</testcase>
<testcase name="Home Page Interactions › should be responsive to viewport changes" classname="ui\home-page.spec.ts" time="8.037">
<failure message="home-page.spec.ts:240:7 should be responsive to viewport changes" type="FAILURE">
<![CDATA[  [firefox] › ui\home-page.spec.ts:240:7 › Home Page Interactions › should be responsive to viewport changes 

    Error: expect(received).toContain(expected) // indexOf

    Matcher error: received value must not be null nor undefined

    Received has value: undefined

      256 |       return window.getComputedStyle(el);
      257 |     });
    > 258 |     expect(contentStyle.flexDirection || contentStyle.display).toContain('column');
          |                                                                ^
      259 |   });
      260 | });
      261 |
        at C:\Users\Joe\SynologyDrive\codes\有声小说\frontend\tests\ui\home-page.spec.ts:258:64

    attachment #1: screenshot (image/png) ──────────────────────────────────────────────────────────
    ..\test-results\ui-home-page-Home-Page-Int-14893-ponsive-to-viewport-changes-firefox\test-failed-1.png
    ────────────────────────────────────────────────────────────────────────────────────────────────

    Error Context: ..\test-results\ui-home-page-Home-Page-Int-14893-ponsive-to-viewport-changes-firefox\error-context.md
]]>
</failure>
<system-out>
<![CDATA[
[[ATTACHMENT|test-results\ui-home-page-Home-Page-Int-14893-ponsive-to-viewport-changes-firefox\test-failed-1.png]]

[[ATTACHMENT|test-results\ui-home-page-Home-Page-Int-14893-ponsive-to-viewport-changes-firefox\error-context.md]]
]]>
</system-out>
</testcase>
<testcase name="Home Page Performance › should load within reasonable time" classname="ui\home-page.spec.ts" time="6.085">
</testcase>
<testcase name="Home Page Performance › should have no console errors" classname="ui\home-page.spec.ts" time="4.257">
<failure message="home-page.spec.ts:273:7 should have no console errors" type="FAILURE">
<![CDATA[  [firefox] › ui\home-page.spec.ts:273:7 › Home Page Performance › should have no console errors ───

    Error: expect(received).toHaveLength(expected)

    Expected length: 0
    Received length: 13
    Received array:  ["加载统计数据失败: Error", "[JavaScript Error: \"XML Parsing Error: syntax error
    Location: http://localhost:8080/api/health/models?_t=1764579488174
    Line Number 1, Column 1:\" {file: \"http://localhost:8080/api/health/models?_t=1764579488174\" line: 1}]", "[JavaScript Error: \"XML Parsing Error: syntax error
    Location: http://localhost:8080/api/health/novel?_t=1764579488174
    Line Number 1, Column 1:\" {file: \"http://localhost:8080/api/health/novel?_t=1764579488174\" line: 1}]", "[JavaScript Error: \"XML Parsing Error: syntax error
    Location: http://localhost:8080/api/health/analysis?_t=1764579488174
    Line Number 1, Column 1:\" {file: \"http://localhost:8080/api/health/analysis?_t=1764579488174\" line: 1}]", "[JavaScript Error: \"XML Parsing Error: syntax error
    Location: http://localhost:8080/api/health/tts?_t=1764579488174
    Line Number 1, Column 1:\" {file: \"http://localhost:8080/api/health/tts?_t=1764579488174\" line: 1}]", "[JavaScript Error: \"XML Parsing Error: syntax error
    Location: http://localhost:8080/api/health/subtitle?_t=1764579488176
    Line Number 1, Column 1:\" {file: \"http://localhost:8080/api/health/subtitle?_t=1764579488176\" line: 1}]", "[JavaScript Error: \"XML Parsing Error: syntax error
    Location: http://localhost:8080/api/health/file-output?_t=1764579488176
    Line Number 1, Column 1:\" {file: \"http://localhost:8080/api/health/file-output?_t=1764579488176\" line: 1}]", "❌ Response Error: JSHandle@object", "❌ Response Error: JSHandle@object", "❌ Response Error: JSHandle@object", …]

      283 |
      284 |     // 检查是否有控制台错误
    > 285 |     expect(consoleErrors).toHaveLength(0);
          |                           ^
      286 |   });
      287 |
      288 |   test('should render all images and assets properly', async ({ page }) => {
        at C:\Users\Joe\SynologyDrive\codes\有声小说\frontend\tests\ui\home-page.spec.ts:285:27

    attachment #1: screenshot (image/png) ──────────────────────────────────────────────────────────
    ..\test-results\ui-home-page-Home-Page-Per-f50d5-ould-have-no-console-errors-firefox\test-failed-1.png
    ────────────────────────────────────────────────────────────────────────────────────────────────

    Error Context: ..\test-results\ui-home-page-Home-Page-Per-f50d5-ould-have-no-console-errors-firefox\error-context.md
]]>
</failure>
<system-out>
<![CDATA[
[[ATTACHMENT|test-results\ui-home-page-Home-Page-Per-f50d5-ould-have-no-console-errors-firefox\test-failed-1.png]]

[[ATTACHMENT|test-results\ui-home-page-Home-Page-Per-f50d5-ould-have-no-console-errors-firefox\error-context.md]]
]]>
</system-out>
</testcase>
<testcase name="Home Page Performance › should render all images and assets properly" classname="ui\home-page.spec.ts" time="3.918">
</testcase>
</testsuite>
<testsuite name="animations\animations.spec.ts" timestamp="2025-12-01T08:52:23.342Z" hostname="webkit" tests="20" failures="20" skipped="0" time="2.786" errors="0">
<testcase name="Animation and Interaction Effects › CSS Animations › should animate hero elements on page load" classname="animations\animations.spec.ts" time="0.291">
<failure message="animations.spec.ts:10:9 should animate hero elements on page load" type="FAILURE">
<![CDATA[  [webkit] › animations\animations.spec.ts:10:9 › Animation and Interaction Effects › CSS Animations › should animate hero elements on page load 

    Error: browserContext.newPage: Protocol error (Screencast.startVideo): Failed to open file 'C:\Users\Joe\SynologyDrive\codes\有声小说\frontend\test-results\.playwright-artifacts-126\1e5e2ec7208b046dad119222280ac497.webm' for writing: No such file or directory
]]>
</failure>
</testcase>
<testcase name="Animation and Interaction Effects › CSS Animations › should animate sound visualizer rings" classname="animations\animations.spec.ts" time="0.275">
<failure message="animations.spec.ts:42:9 should animate sound visualizer rings" type="FAILURE">
<![CDATA[  [webkit] › animations\animations.spec.ts:42:9 › Animation and Interaction Effects › CSS Animations › should animate sound visualizer rings 

    Error: browserContext.newPage: Protocol error (Screencast.startVideo): Failed to open file 'C:\Users\Joe\SynologyDrive\codes\有声小说\frontend\test-results\.playwright-artifacts-127\088b6ce8e24e4af42f57241026e64f5b.webm' for writing: No such file or directory
]]>
</failure>
</testcase>
<testcase name="Animation and Interaction Effects › CSS Animations › should animate sound bars" classname="animations\animations.spec.ts" time="0.129">
<failure message="animations.spec.ts:64:9 should animate sound bars" type="FAILURE">
<![CDATA[  [webkit] › animations\animations.spec.ts:64:9 › Animation and Interaction Effects › CSS Animations › should animate sound bars 

    Error: browserContext.newPage: Protocol error (Screencast.startVideo): Failed to open file 'C:\Users\Joe\SynologyDrive\codes\有声小说\frontend\test-results\.playwright-artifacts-129\f657606699a0736fd97cdb6f6eb130bb.webm' for writing: No such file or directory
]]>
</failure>
</testcase>
<testcase name="Animation and Interaction Effects › CSS Animations › should animate background elements" classname="animations\animations.spec.ts" time="0.163">
<failure message="animations.spec.ts:85:9 should animate background elements" type="FAILURE">
<![CDATA[  [webkit] › animations\animations.spec.ts:85:9 › Animation and Interaction Effects › CSS Animations › should animate background elements 

    Error: browserContext.newPage: Protocol error (Screencast.startVideo): Failed to open file 'C:\Users\Joe\SynologyDrive\codes\有声小说\frontend\test-results\.playwright-artifacts-128\22daece9fd7496dbdfa38024c3da9a58.webm' for writing: No such file or directory
]]>
</failure>
</testcase>
<testcase name="Animation and Interaction Effects › CSS Animations › should animate floating particles" classname="animations\animations.spec.ts" time="0.186">
<failure message="animations.spec.ts:119:9 should animate floating particles" type="FAILURE">
<![CDATA[  [webkit] › animations\animations.spec.ts:119:9 › Animation and Interaction Effects › CSS Animations › should animate floating particles 

    Error: browserContext.newPage: Protocol error (Screencast.startVideo): Failed to open file 'C:\Users\Joe\SynologyDrive\codes\有声小说\frontend\test-results\.playwright-artifacts-130\f0d4afe67557673f0aece15062614e17.webm' for writing: No such file or directory
]]>
</failure>
</testcase>
<testcase name="Animation and Interaction Effects › Hover Effects › should show hover effects on navigation items" classname="animations\animations.spec.ts" time="0.165">
<failure message="animations.spec.ts:141:9 should show hover effects on navigation items" type="FAILURE">
<![CDATA[  [webkit] › animations\animations.spec.ts:141:9 › Animation and Interaction Effects › Hover Effects › should show hover effects on navigation items 

    Error: browserContext.newPage: Protocol error (Screencast.startVideo): Failed to open file 'C:\Users\Joe\SynologyDrive\codes\有声小说\frontend\test-results\.playwright-artifacts-131\bcbc0e71d4f5ae555572545a25790d54.webm' for writing: No such file or directory
]]>
</failure>
</testcase>
<testcase name="Animation and Interaction Effects › Hover Effects › should show hover effects on action buttons" classname="animations\animations.spec.ts" time="0.196">
<failure message="animations.spec.ts:176:9 should show hover effects on action buttons" type="FAILURE">
<![CDATA[  [webkit] › animations\animations.spec.ts:176:9 › Animation and Interaction Effects › Hover Effects › should show hover effects on action buttons 

    Error: browserContext.newPage: Protocol error (Screencast.startVideo): Failed to open file 'C:\Users\Joe\SynologyDrive\codes\有声小说\frontend\test-results\.playwright-artifacts-132\1dd767e1c0b6689898198e56b84efb76.webm' for writing: No such file or directory
]]>
</failure>
</testcase>
<testcase name="Animation and Interaction Effects › Hover Effects › should show hover effects on feature cards" classname="animations\animations.spec.ts" time="0.157">
<failure message="animations.spec.ts:213:9 should show hover effects on feature cards" type="FAILURE">
<![CDATA[  [webkit] › animations\animations.spec.ts:213:9 › Animation and Interaction Effects › Hover Effects › should show hover effects on feature cards 

    Error: browserContext.newPage: Protocol error (Screencast.startVideo): Failed to open file 'C:\Users\Joe\SynologyDrive\codes\有声小说\frontend\test-results\.playwright-artifacts-133\3a58956bf85c49b95833dbf2e2d1393e.webm' for writing: No such file or directory
]]>
</failure>
</testcase>
<testcase name="Animation and Interaction Effects › Hover Effects › should show hover effects on statistics items" classname="animations\animations.spec.ts" time="0.137">
<failure message="animations.spec.ts:261:9 should show hover effects on statistics items" type="FAILURE">
<![CDATA[  [webkit] › animations\animations.spec.ts:261:9 › Animation and Interaction Effects › Hover Effects › should show hover effects on statistics items 

    Error: browserContext.newPage: Protocol error (Screencast.startVideo): Failed to open file 'C:\Users\Joe\SynologyDrive\codes\有声小说\frontend\test-results\.playwright-artifacts-134\1f1f08d6fc496bfc93483be8b5593996.webm' for writing: No such file or directory
]]>
</failure>
</testcase>
<testcase name="Animation and Interaction Effects › Hover Effects › should show hover effects on workflow steps" classname="animations\animations.spec.ts" time="0.141">
<failure message="animations.spec.ts:292:9 should show hover effects on workflow steps" type="FAILURE">
<![CDATA[  [webkit] › animations\animations.spec.ts:292:9 › Animation and Interaction Effects › Hover Effects › should show hover effects on workflow steps 

    Error: browserContext.newPage: Protocol error (Screencast.startVideo): Failed to open file 'C:\Users\Joe\SynologyDrive\codes\有声小说\frontend\test-results\.playwright-artifacts-135\53d0c51306b0f5c6f2518308afd99ec6.webm' for writing: No such file or directory
]]>
</failure>
</testcase>
<testcase name="Animation and Interaction Effects › Transition Effects › should have smooth transitions on interactive elements" classname="animations\animations.spec.ts" time="0.085">
<failure message="animations.spec.ts:325:9 should have smooth transitions on interactive elements" type="FAILURE">
<![CDATA[  [webkit] › animations\animations.spec.ts:325:9 › Animation and Interaction Effects › Transition Effects › should have smooth transitions on interactive elements 

    Error: browserContext.newPage: Protocol error (Screencast.startVideo): Failed to open file 'C:\Users\Joe\SynologyDrive\codes\有声小说\frontend\test-results\.playwright-artifacts-136\76a55f9a75f242dc64ee90780adfafe4.webm' for writing: No such file or directory
]]>
</failure>
</testcase>
<testcase name="Animation and Interaction Effects › Transition Effects › should animate badge glow effect" classname="animations\animations.spec.ts" time="0.089">
<failure message="animations.spec.ts:349:9 should animate badge glow effect" type="FAILURE">
<![CDATA[  [webkit] › animations\animations.spec.ts:349:9 › Animation and Interaction Effects › Transition Effects › should animate badge glow effect 

    Error: browserContext.newPage: Protocol error (Screencast.startVideo): Failed to open file 'C:\Users\Joe\SynologyDrive\codes\有声小说\frontend\test-results\.playwright-artifacts-137\23c78c1f70ebeaeeec06e05de95cc09c.webm' for writing: No such file or directory
]]>
</failure>
</testcase>
<testcase name="Animation and Interaction Effects › Transition Effects › should animate title accent color" classname="animations\animations.spec.ts" time="0.084">
<failure message="animations.spec.ts:365:9 should animate title accent color" type="FAILURE">
<![CDATA[  [webkit] › animations\animations.spec.ts:365:9 › Animation and Interaction Effects › Transition Effects › should animate title accent color 

    Error: browserContext.newPage: Protocol error (Screencast.startVideo): Failed to open file 'C:\Users\Joe\SynologyDrive\codes\有声小说\frontend\test-results\.playwright-artifacts-138\546df54df9a83e136946cb7559493b27.webm' for writing: No such file or directory
]]>
</failure>
</testcase>
<testcase name="Animation and Interaction Effects › Transition Effects › should animate sound ring pulse" classname="animations\animations.spec.ts" time="0.132">
<failure message="animations.spec.ts:381:9 should animate sound ring pulse" type="FAILURE">
<![CDATA[  [webkit] › animations\animations.spec.ts:381:9 › Animation and Interaction Effects › Transition Effects › should animate sound ring pulse 

    Error: browserContext.newPage: Protocol error (Screencast.startVideo): Failed to open file 'C:\Users\Joe\SynologyDrive\codes\有声小说\frontend\test-results\.playwright-artifacts-139\5d1905843297fef59fe6daef0bfbf107.webm' for writing: No such file or directory
]]>
</failure>
</testcase>
<testcase name="Animation and Interaction Effects › Animation Performance › should maintain 60fps on animations" classname="animations\animations.spec.ts" time="0.081">
<failure message="animations.spec.ts:401:9 should maintain 60fps on animations" type="FAILURE">
<![CDATA[  [webkit] › animations\animations.spec.ts:401:9 › Animation and Interaction Effects › Animation Performance › should maintain 60fps on animations 

    Error: browserContext.newPage: Protocol error (Screencast.startVideo): Failed to open file 'C:\Users\Joe\SynologyDrive\codes\有声小说\frontend\test-results\.playwright-artifacts-141\c3effc1191f71d54aa6b2ddea6762bd2.webm' for writing: No such file or directory
]]>
</failure>
</testcase>
<testcase name="Animation and Interaction Effects › Animation Performance › should not block main thread during animations" classname="animations\animations.spec.ts" time="0.076">
<failure message="animations.spec.ts:437:9 should not block main thread during animations" type="FAILURE">
<![CDATA[  [webkit] › animations\animations.spec.ts:437:9 › Animation and Interaction Effects › Animation Performance › should not block main thread during animations 

    Error: browserContext.newPage: Protocol error (Screencast.startVideo): Failed to open file 'C:\Users\Joe\SynologyDrive\codes\有声小说\frontend\test-results\.playwright-artifacts-140\177d1d401fe9238d7d44a010f7c8cb1a.webm' for writing: No such file or directory
]]>
</failure>
</testcase>
<testcase name="Animation and Interaction Effects › Animation Performance › should handle animation interruptions gracefully" classname="animations\animations.spec.ts" time="0.093">
<failure message="animations.spec.ts:452:9 should handle animation interruptions gracefully" type="FAILURE">
<![CDATA[  [webkit] › animations\animations.spec.ts:452:9 › Animation and Interaction Effects › Animation Performance › should handle animation interruptions gracefully 

    Error: browserContext.newPage: Protocol error (Screencast.startVideo): Failed to open file 'C:\Users\Joe\SynologyDrive\codes\有声小说\frontend\test-results\.playwright-artifacts-142\845c4de0b122f61ab64f0af54d6d45cc.webm' for writing: No such file or directory
]]>
</failure>
</testcase>
<testcase name="Animation and Interaction Effects › Reduced Motion Support › should respect prefers-reduced-motion setting" classname="animations\animations.spec.ts" time="0.078">
<failure message="animations.spec.ts:470:9 should respect prefers-reduced-motion setting" type="FAILURE">
<![CDATA[  [webkit] › animations\animations.spec.ts:470:9 › Animation and Interaction Effects › Reduced Motion Support › should respect prefers-reduced-motion setting 

    Error: browserContext.newPage: Protocol error (Screencast.startVideo): Failed to open file 'C:\Users\Joe\SynologyDrive\codes\有声小说\frontend\test-results\.playwright-artifacts-143\887a58a53268a1c19f8bb10f5b7d87b8.webm' for writing: No such file or directory
]]>
</failure>
</testcase>
<testcase name="Animation and Interaction Effects › Animation Accessibility › should have sufficient color contrast during animations" classname="animations\animations.spec.ts" time="0.141">
<failure message="animations.spec.ts:502:9 should have sufficient color contrast during animations" type="FAILURE">
<![CDATA[  [webkit] › animations\animations.spec.ts:502:9 › Animation and Interaction Effects › Animation Accessibility › should have sufficient color contrast during animations 

    Error: browserContext.newPage: Protocol error (Screencast.startVideo): Failed to open file 'C:\Users\Joe\SynologyDrive\codes\有声小说\frontend\test-results\.playwright-artifacts-144\a6eaf8786d35997d0c6093f438f6cbd2.webm' for writing: No such file or directory
]]>
</failure>
</testcase>
<testcase name="Animation and Interaction Effects › Animation Accessibility › should not cause motion sickness" classname="animations\animations.spec.ts" time="0.087">
<failure message="animations.spec.ts:526:9 should not cause motion sickness" type="FAILURE">
<![CDATA[  [webkit] › animations\animations.spec.ts:526:9 › Animation and Interaction Effects › Animation Accessibility › should not cause motion sickness 

    Error: browserContext.newPage: Protocol error (Screencast.startVideo): Failed to open file 'C:\Users\Joe\SynologyDrive\codes\有声小说\frontend\test-results\.playwright-artifacts-145\7023b1c163551b5e62272d4934b9e607.webm' for writing: No such file or directory
]]>
</failure>
</testcase>
</testsuite>
<testsuite name="navigation\navigation.spec.ts" timestamp="2025-12-01T08:52:23.342Z" hostname="webkit" tests="17" failures="17" skipped="0" time="1.526" errors="0">
<testcase name="Navigation System › should display main navigation with all menu items" classname="navigation\navigation.spec.ts" time="0.082">
<failure message="navigation.spec.ts:8:7 should display main navigation with all menu items" type="FAILURE">
<![CDATA[  [webkit] › navigation\navigation.spec.ts:8:7 › Navigation System › should display main navigation with all menu items 

    Error: browserContext.newPage: Protocol error (Screencast.startVideo): Failed to open file 'C:\Users\Joe\SynologyDrive\codes\有声小说\frontend\test-results\.playwright-artifacts-146\36fab2674fbd6182541ce683c2e0d32e.webm' for writing: No such file or directory
]]>
</failure>
</testcase>
<testcase name="Navigation System › should display brand section with correct elements" classname="navigation\navigation.spec.ts" time="0.078">
<failure message="navigation.spec.ts:35:7 should display brand section with correct elements" type="FAILURE">
<![CDATA[  [webkit] › navigation\navigation.spec.ts:35:7 › Navigation System › should display brand section with correct elements 

    Error: browserContext.newPage: Protocol error (Screencast.startVideo): Failed to open file 'C:\Users\Joe\SynologyDrive\codes\有声小说\frontend\test-results\.playwright-artifacts-147\c3a65d4876978307b8820d63c6976df8.webm' for writing: No such file or directory
]]>
</failure>
</testcase>
<testcase name="Navigation System › should have active state indicators for current page" classname="navigation\navigation.spec.ts" time="0.086">
<failure message="navigation.spec.ts:61:7 should have active state indicators for current page" type="FAILURE">
<![CDATA[  [webkit] › navigation\navigation.spec.ts:61:7 › Navigation System › should have active state indicators for current page 

    Error: browserContext.newPage: Protocol error (Screencast.startVideo): Failed to open file 'C:\Users\Joe\SynologyDrive\codes\有声小说\frontend\test-results\.playwright-artifacts-148\fdd8d50b22340fbb5f5bc8315604b7ab.webm' for writing: No such file or directory
]]>
</failure>
</testcase>
<testcase name="Navigation System › should navigate correctly when clicking navigation items" classname="navigation\navigation.spec.ts" time="0.089">
<failure message="navigation.spec.ts:70:7 should navigate correctly when clicking navigation items" type="FAILURE">
<![CDATA[  [webkit] › navigation\navigation.spec.ts:70:7 › Navigation System › should navigate correctly when clicking navigation items 

    Error: browserContext.newPage: Protocol error (Screencast.startVideo): Failed to open file 'C:\Users\Joe\SynologyDrive\codes\有声小说\frontend\test-results\.playwright-artifacts-149\2ef1746af684a59ebd656f0f7060d039.webm' for writing: No such file or directory
]]>
</failure>
</testcase>
<testcase name="Navigation System › should show hover effects on navigation items" classname="navigation\navigation.spec.ts" time="0.122">
<failure message="navigation.spec.ts:86:7 should show hover effects on navigation items" type="FAILURE">
<![CDATA[  [webkit] › navigation\navigation.spec.ts:86:7 › Navigation System › should show hover effects on navigation items 

    Error: browserContext.newPage: Protocol error (Screencast.startVideo): Failed to open file 'C:\Users\Joe\SynologyDrive\codes\有声小说\frontend\test-results\.playwright-artifacts-150\f7fa22eae3afc90ff5bba548192a2b7f.webm' for writing: No such file or directory
]]>
</failure>
</testcase>
<testcase name="Navigation System › should display footer with correct content" classname="navigation\navigation.spec.ts" time="0.122">
<failure message="navigation.spec.ts:107:7 should display footer with correct content" type="FAILURE">
<![CDATA[  [webkit] › navigation\navigation.spec.ts:107:7 › Navigation System › should display footer with correct content 

    Error: browserContext.newPage: Protocol error (Screencast.startVideo): Failed to open file 'C:\Users\Joe\SynologyDrive\codes\有声小说\frontend\test-results\.playwright-artifacts-151\250398122ea1dac3a858c8870452be84.webm' for writing: No such file or directory
]]>
</failure>
</testcase>
<testcase name="Navigation System › should handle navigation with browser back/forward buttons" classname="navigation\navigation.spec.ts" time="0.08">
<failure message="navigation.spec.ts:123:7 should handle navigation with browser back/forward buttons" type="FAILURE">
<![CDATA[  [webkit] › navigation\navigation.spec.ts:123:7 › Navigation System › should handle navigation with browser back/forward buttons 

    Error: browserContext.newPage: Protocol error (Screencast.startVideo): Failed to open file 'C:\Users\Joe\SynologyDrive\codes\有声小说\frontend\test-results\.playwright-artifacts-152\e9459014bd39d87867b07aa223694eca.webm' for writing: No such file or directory
]]>
</failure>
</testcase>
<testcase name="Navigation System › should maintain navigation state on page refresh" classname="navigation\navigation.spec.ts" time="0.085">
<failure message="navigation.spec.ts:142:7 should maintain navigation state on page refresh" type="FAILURE">
<![CDATA[  [webkit] › navigation\navigation.spec.ts:142:7 › Navigation System › should maintain navigation state on page refresh 

    Error: browserContext.newPage: Protocol error (Screencast.startVideo): Failed to open file 'C:\Users\Joe\SynologyDrive\codes\有声小说\frontend\test-results\.playwright-artifacts-153\379e43ad961231e92c34b1977f139595.webm' for writing: No such file or directory
]]>
</failure>
</testcase>
<testcase name="Navigation Accessibility › should be keyboard navigable" classname="navigation\navigation.spec.ts" time="0.092">
<failure message="navigation.spec.ts:165:7 should be keyboard navigable" type="FAILURE">
<![CDATA[  [webkit] › navigation\navigation.spec.ts:165:7 › Navigation Accessibility › should be keyboard navigable 

    Error: browserContext.newPage: Protocol error (Screencast.startVideo): Failed to open file 'C:\Users\Joe\SynologyDrive\codes\有声小说\frontend\test-results\.playwright-artifacts-154\0293c706f34a581d570fdfd6f17c542d.webm' for writing: No such file or directory
]]>
</failure>
</testcase>
<testcase name="Navigation Accessibility › should have proper ARIA labels" classname="navigation\navigation.spec.ts" time="0.075">
<failure message="navigation.spec.ts:181:7 should have proper ARIA labels" type="FAILURE">
<![CDATA[  [webkit] › navigation\navigation.spec.ts:181:7 › Navigation Accessibility › should have proper ARIA labels 

    Error: browserContext.newPage: Protocol error (Screencast.startVideo): Failed to open file 'C:\Users\Joe\SynologyDrive\codes\有声小说\frontend\test-results\.playwright-artifacts-155\45e0b2233e19ee02efcf88ebf228afd4.webm' for writing: No such file or directory
]]>
</failure>
</testcase>
<testcase name="Navigation Accessibility › should have sufficient color contrast" classname="navigation\navigation.spec.ts" time="0.09">
<failure message="navigation.spec.ts:197:7 should have sufficient color contrast" type="FAILURE">
<![CDATA[  [webkit] › navigation\navigation.spec.ts:197:7 › Navigation Accessibility › should have sufficient color contrast 

    Error: browserContext.newPage: Protocol error (Screencast.startVideo): Failed to open file 'C:\Users\Joe\SynologyDrive\codes\有声小说\frontend\test-results\.playwright-artifacts-156\46c9e0c1450466784da5be5f2771fbbd.webm' for writing: No such file or directory
]]>
</failure>
</testcase>
<testcase name="Navigation Responsive Design › should adapt to mobile viewport" classname="navigation\navigation.spec.ts" time="0.111">
<failure message="navigation.spec.ts:218:7 should adapt to mobile viewport" type="FAILURE">
<![CDATA[  [webkit] › navigation\navigation.spec.ts:218:7 › Navigation Responsive Design › should adapt to mobile viewport 

    Error: browserContext.newPage: Protocol error (Screencast.startVideo): Failed to open file 'C:\Users\Joe\SynologyDrive\codes\有声小说\frontend\test-results\.playwright-artifacts-157\e43a97b093d7fde9caa24341a4b556a3.webm' for writing: No such file or directory
]]>
</failure>
</testcase>
<testcase name="Navigation Responsive Design › should adapt to tablet viewport" classname="navigation\navigation.spec.ts" time="0.08">
<failure message="navigation.spec.ts:245:7 should adapt to tablet viewport" type="FAILURE">
<![CDATA[  [webkit] › navigation\navigation.spec.ts:245:7 › Navigation Responsive Design › should adapt to tablet viewport 

    Error: browserContext.newPage: Protocol error (Screencast.startVideo): Failed to open file 'C:\Users\Joe\SynologyDrive\codes\有声小说\frontend\test-results\.playwright-artifacts-158\b65fd1b67b4f374d08083e1a34986486.webm' for writing: No such file or directory
]]>
</failure>
</testcase>
<testcase name="Navigation Responsive Design › should handle viewport orientation changes" classname="navigation\navigation.spec.ts" time="0.086">
<failure message="navigation.spec.ts:260:7 should handle viewport orientation changes" type="FAILURE">
<![CDATA[  [webkit] › navigation\navigation.spec.ts:260:7 › Navigation Responsive Design › should handle viewport orientation changes 

    Error: browserContext.newPage: Protocol error (Screencast.startVideo): Failed to open file 'C:\Users\Joe\SynologyDrive\codes\有声小说\frontend\test-results\.playwright-artifacts-159\847b25d03c4675952381caf888906953.webm' for writing: No such file or directory
]]>
</failure>
</testcase>
<testcase name="Navigation Performance › should load navigation quickly" classname="navigation\navigation.spec.ts" time="0.077">
<failure message="navigation.spec.ts:280:7 should load navigation quickly" type="FAILURE">
<![CDATA[  [webkit] › navigation\navigation.spec.ts:280:7 › Navigation Performance › should load navigation quickly 

    Error: browserContext.newPage: Protocol error (Screencast.startVideo): Failed to open file 'C:\Users\Joe\SynologyDrive\codes\有声小说\frontend\test-results\.playwright-artifacts-160\7e2ffc91dc55ee89d2c60f66b03e150b.webm' for writing: No such file or directory
]]>
</failure>
</testcase>
<testcase name="Navigation Performance › should have smooth transitions between pages" classname="navigation\navigation.spec.ts" time="0.075">
<failure message="navigation.spec.ts:290:7 should have smooth transitions between pages" type="FAILURE">
<![CDATA[  [webkit] › navigation\navigation.spec.ts:290:7 › Navigation Performance › should have smooth transitions between pages 

    Error: browserContext.newPage: Protocol error (Screencast.startVideo): Failed to open file 'C:\Users\Joe\SynologyDrive\codes\有声小说\frontend\test-results\.playwright-artifacts-161\859a45bf65dc7309166ec8fdad972f48.webm' for writing: No such file or directory
]]>
</failure>
</testcase>
<testcase name="Navigation Performance › should not cause layout shifts during navigation" classname="navigation\navigation.spec.ts" time="0.096">
<failure message="navigation.spec.ts:303:7 should not cause layout shifts during navigation" type="FAILURE">
<![CDATA[  [webkit] › navigation\navigation.spec.ts:303:7 › Navigation Performance › should not cause layout shifts during navigation 

    Error: browserContext.newPage: Protocol error (Screencast.startVideo): Failed to open file 'C:\Users\Joe\SynologyDrive\codes\有声小说\frontend\test-results\.playwright-artifacts-162\8f90f6ef6c1f8e7a5fe2271b3df5537e.webm' for writing: No such file or directory
]]>
</failure>
</testcase>
</testsuite>
<testsuite name="responsive\responsive-design.spec.ts" timestamp="2025-12-01T08:52:23.342Z" hostname="webkit" tests="72" failures="72" skipped="0" time="6.581" errors="0">
<testcase name="Responsive Design Tests › Desktop (1920x1080) › should display navigation correctly" classname="responsive\responsive-design.spec.ts" time="0.145">
<failure message="responsive-design.spec.ts:21:11 should display navigation correctly" type="FAILURE">
<![CDATA[  [webkit] › responsive\responsive-design.spec.ts:21:11 › Responsive Design Tests › Desktop (1920x1080) › should display navigation correctly 

    Error: browserContext.newPage: Protocol error (Screencast.startVideo): Failed to open file 'C:\Users\Joe\SynologyDrive\codes\有声小说\frontend\test-results\.playwright-artifacts-163\f9a4ecb6a81e494341aca2c48bbe4af2.webm' for writing: No such file or directory
]]>
</failure>
</testcase>
<testcase name="Responsive Design Tests › Desktop (1920x1080) › should display hero section correctly" classname="responsive\responsive-design.spec.ts" time="0.08">
<failure message="responsive-design.spec.ts:41:11 should display hero section correctly" type="FAILURE">
<![CDATA[  [webkit] › responsive\responsive-design.spec.ts:41:11 › Responsive Design Tests › Desktop (1920x1080) › should display hero section correctly 

    Error: browserContext.newPage: Protocol error (Screencast.startVideo): Failed to open file 'C:\Users\Joe\SynologyDrive\codes\有声小说\frontend\test-results\.playwright-artifacts-164\bbec56746dbfe960a45db686a63b50b0.webm' for writing: No such file or directory
]]>
</failure>
</testcase>
<testcase name="Responsive Design Tests › Desktop (1920x1080) › should display statistics correctly" classname="responsive\responsive-design.spec.ts" time="0.074">
<failure message="responsive-design.spec.ts:73:11 should display statistics correctly" type="FAILURE">
<![CDATA[  [webkit] › responsive\responsive-design.spec.ts:73:11 › Responsive Design Tests › Desktop (1920x1080) › should display statistics correctly 

    Error: browserContext.newPage: Protocol error (Screencast.startVideo): Failed to open file 'C:\Users\Joe\SynologyDrive\codes\有声小说\frontend\test-results\.playwright-artifacts-165\635aa61e4d12cb0c30a0186ea3b3db46.webm' for writing: No such file or directory
]]>
</failure>
</testcase>
<testcase name="Responsive Design Tests › Desktop (1920x1080) › should display features section correctly" classname="responsive\responsive-design.spec.ts" time="0.082">
<failure message="responsive-design.spec.ts:95:11 should display features section correctly" type="FAILURE">
<![CDATA[  [webkit] › responsive\responsive-design.spec.ts:95:11 › Responsive Design Tests › Desktop (1920x1080) › should display features section correctly 

    Error: browserContext.newPage: Protocol error (Screencast.startVideo): Failed to open file 'C:\Users\Joe\SynologyDrive\codes\有声小说\frontend\test-results\.playwright-artifacts-166\c1b2b7b8aca6c33cc2b6fcb10f5adb69.webm' for writing: No such file or directory
]]>
</failure>
</testcase>
<testcase name="Responsive Design Tests › Desktop (1920x1080) › should display workflow section correctly" classname="responsive\responsive-design.spec.ts" time="0.081">
<failure message="responsive-design.spec.ts:123:11 should display workflow section correctly" type="FAILURE">
<![CDATA[  [webkit] › responsive\responsive-design.spec.ts:123:11 › Responsive Design Tests › Desktop (1920x1080) › should display workflow section correctly 

    Error: browserContext.newPage: Protocol error (Screencast.startVideo): Failed to open file 'C:\Users\Joe\SynologyDrive\codes\有声小说\frontend\test-results\.playwright-artifacts-167\9b4794f929f7e1a273c9b716d8ecdd17.webm' for writing: No such file or directory
]]>
</failure>
</testcase>
<testcase name="Responsive Design Tests › Desktop (1920x1080) › should display action buttons correctly" classname="responsive\responsive-design.spec.ts" time="0.073">
<failure message="responsive-design.spec.ts:152:11 should display action buttons correctly" type="FAILURE">
<![CDATA[  [webkit] › responsive\responsive-design.spec.ts:152:11 › Responsive Design Tests › Desktop (1920x1080) › should display action buttons correctly 

    Error: browserContext.newPage: Protocol error (Screencast.startVideo): Failed to open file 'C:\Users\Joe\SynologyDrive\codes\有声小说\frontend\test-results\.playwright-artifacts-168\f4c0b00527ff2125a35e37f9d4cd774d.webm' for writing: No such file or directory
]]>
</failure>
</testcase>
<testcase name="Responsive Design Tests › Desktop (1920x1080) › should handle horizontal scrolling properly" classname="responsive\responsive-design.spec.ts" time="0.13">
<failure message="responsive-design.spec.ts:179:11 should handle horizontal scrolling properly" type="FAILURE">
<![CDATA[  [webkit] › responsive\responsive-design.spec.ts:179:11 › Responsive Design Tests › Desktop (1920x1080) › should handle horizontal scrolling properly 

    Error: browserContext.newPage: Protocol error (Screencast.startVideo): Failed to open file 'C:\Users\Joe\SynologyDrive\codes\有声小说\frontend\test-results\.playwright-artifacts-169\a758f33e0c32cacb4761a404d54aa0dd.webm' for writing: No such file or directory
]]>
</failure>
</testcase>
<testcase name="Responsive Design Tests › Desktop (1920x1080) › should display text correctly at different sizes" classname="responsive\responsive-design.spec.ts" time="0.103">
<failure message="responsive-design.spec.ts:198:11 should display text correctly at different sizes" type="FAILURE">
<![CDATA[  [webkit] › responsive\responsive-design.spec.ts:198:11 › Responsive Design Tests › Desktop (1920x1080) › should display text correctly at different sizes 

    Error: browserContext.newPage: Protocol error (Screencast.startVideo): Failed to open file 'C:\Users\Joe\SynologyDrive\codes\有声小说\frontend\test-results\.playwright-artifacts-170\e231d12b7a6c6caf0104eb7bc38cf6f4.webm' for writing: No such file or directory
]]>
</failure>
</testcase>
<testcase name="Responsive Design Tests › Desktop (1920x1080) › should handle images and media correctly" classname="responsive\responsive-design.spec.ts" time="0.083">
<failure message="responsive-design.spec.ts:221:11 should handle images and media correctly" type="FAILURE">
<![CDATA[  [webkit] › responsive\responsive-design.spec.ts:221:11 › Responsive Design Tests › Desktop (1920x1080) › should handle images and media correctly 

    Error: browserContext.newPage: Protocol error (Screencast.startVideo): Failed to open file 'C:\Users\Joe\SynologyDrive\codes\有声小说\frontend\test-results\.playwright-artifacts-171\04ef0bf33a6b30c98390fb6ab4fe98aa.webm' for writing: No such file or directory
]]>
</failure>
</testcase>
<testcase name="Responsive Design Tests › Desktop (1920x1080) › should maintain accessibility on all screen sizes" classname="responsive\responsive-design.spec.ts" time="0.084">
<failure message="responsive-design.spec.ts:235:11 should maintain accessibility on all screen sizes" type="FAILURE">
<![CDATA[  [webkit] › responsive\responsive-design.spec.ts:235:11 › Responsive Design Tests › Desktop (1920x1080) › should maintain accessibility on all screen sizes 

    Error: browserContext.newPage: Protocol error (Screencast.startVideo): Failed to open file 'C:\Users\Joe\SynologyDrive\codes\有声小说\frontend\test-results\.playwright-artifacts-172\addbff8fa80741af804cb69dfedd1a18.webm' for writing: No such file or directory
]]>
</failure>
</testcase>
<testcase name="Responsive Design Tests › Desktop (1920x1080) › should handle touch interactions on mobile devices" classname="responsive\responsive-design.spec.ts" time="0.076">
<failure message="responsive-design.spec.ts:254:11 should handle touch interactions on mobile devices" type="FAILURE">
<![CDATA[  [webkit] › responsive\responsive-design.spec.ts:254:11 › Responsive Design Tests › Desktop (1920x1080) › should handle touch interactions on mobile devices 

    Error: browserContext.newPage: Protocol error (Screencast.startVideo): Failed to open file 'C:\Users\Joe\SynologyDrive\codes\有声小说\frontend\test-results\.playwright-artifacts-173\e1c642c8a6047be0feddc2e42af352e2.webm' for writing: No such file or directory
]]>
</failure>
</testcase>
<testcase name="Responsive Design Tests › Laptop (1366x768) › should display navigation correctly" classname="responsive\responsive-design.spec.ts" time="0.076">
<failure message="responsive-design.spec.ts:21:11 should display navigation correctly" type="FAILURE">
<![CDATA[  [webkit] › responsive\responsive-design.spec.ts:21:11 › Responsive Design Tests › Laptop (1366x768) › should display navigation correctly 

    Error: browserContext.newPage: Protocol error (Screencast.startVideo): Failed to open file 'C:\Users\Joe\SynologyDrive\codes\有声小说\frontend\test-results\.playwright-artifacts-174\416c9d18258e64769caaa9d979d5010c.webm' for writing: No such file or directory
]]>
</failure>
</testcase>
<testcase name="Responsive Design Tests › Laptop (1366x768) › should display hero section correctly" classname="responsive\responsive-design.spec.ts" time="0.09">
<failure message="responsive-design.spec.ts:41:11 should display hero section correctly" type="FAILURE">
<![CDATA[  [webkit] › responsive\responsive-design.spec.ts:41:11 › Responsive Design Tests › Laptop (1366x768) › should display hero section correctly 

    Error: browserContext.newPage: Protocol error (Screencast.startVideo): Failed to open file 'C:\Users\Joe\SynologyDrive\codes\有声小说\frontend\test-results\.playwright-artifacts-175\b20cb3da2617c00298024afd699d3f83.webm' for writing: No such file or directory
]]>
</failure>
</testcase>
<testcase name="Responsive Design Tests › Laptop (1366x768) › should display statistics correctly" classname="responsive\responsive-design.spec.ts" time="0.105">
<failure message="responsive-design.spec.ts:73:11 should display statistics correctly" type="FAILURE">
<![CDATA[  [webkit] › responsive\responsive-design.spec.ts:73:11 › Responsive Design Tests › Laptop (1366x768) › should display statistics correctly 

    Error: browserContext.newPage: Protocol error (Screencast.startVideo): Failed to open file 'C:\Users\Joe\SynologyDrive\codes\有声小说\frontend\test-results\.playwright-artifacts-176\09356e843988224891b860f6ba7211d9.webm' for writing: No such file or directory
]]>
</failure>
</testcase>
<testcase name="Responsive Design Tests › Laptop (1366x768) › should display features section correctly" classname="responsive\responsive-design.spec.ts" time="0.08">
<failure message="responsive-design.spec.ts:95:11 should display features section correctly" type="FAILURE">
<![CDATA[  [webkit] › responsive\responsive-design.spec.ts:95:11 › Responsive Design Tests › Laptop (1366x768) › should display features section correctly 

    Error: browserContext.newPage: Protocol error (Screencast.startVideo): Failed to open file 'C:\Users\Joe\SynologyDrive\codes\有声小说\frontend\test-results\.playwright-artifacts-177\42cec33bd50c3d2f03cf3d32ecf8026c.webm' for writing: No such file or directory
]]>
</failure>
</testcase>
<testcase name="Responsive Design Tests › Laptop (1366x768) › should display workflow section correctly" classname="responsive\responsive-design.spec.ts" time="0.08">
<failure message="responsive-design.spec.ts:123:11 should display workflow section correctly" type="FAILURE">
<![CDATA[  [webkit] › responsive\responsive-design.spec.ts:123:11 › Responsive Design Tests › Laptop (1366x768) › should display workflow section correctly 

    Error: browserContext.newPage: Protocol error (Screencast.startVideo): Failed to open file 'C:\Users\Joe\SynologyDrive\codes\有声小说\frontend\test-results\.playwright-artifacts-178\3117a2d8714837f59ce9be92dde95ed8.webm' for writing: No such file or directory
]]>
</failure>
</testcase>
<testcase name="Responsive Design Tests › Laptop (1366x768) › should display action buttons correctly" classname="responsive\responsive-design.spec.ts" time="0.084">
<failure message="responsive-design.spec.ts:152:11 should display action buttons correctly" type="FAILURE">
<![CDATA[  [webkit] › responsive\responsive-design.spec.ts:152:11 › Responsive Design Tests › Laptop (1366x768) › should display action buttons correctly 

    Error: browserContext.newPage: Protocol error (Screencast.startVideo): Failed to open file 'C:\Users\Joe\SynologyDrive\codes\有声小说\frontend\test-results\.playwright-artifacts-179\ea9dc6ca6e35f9a68c38e42aa6092bd3.webm' for writing: No such file or directory
]]>
</failure>
</testcase>
<testcase name="Responsive Design Tests › Laptop (1366x768) › should handle horizontal scrolling properly" classname="responsive\responsive-design.spec.ts" time="0.1">
<failure message="responsive-design.spec.ts:179:11 should handle horizontal scrolling properly" type="FAILURE">
<![CDATA[  [webkit] › responsive\responsive-design.spec.ts:179:11 › Responsive Design Tests › Laptop (1366x768) › should handle horizontal scrolling properly 

    Error: browserContext.newPage: Protocol error (Screencast.startVideo): Failed to open file 'C:\Users\Joe\SynologyDrive\codes\有声小说\frontend\test-results\.playwright-artifacts-180\33686455868852d7a3ab7f332e4a387a.webm' for writing: No such file or directory
]]>
</failure>
</testcase>
<testcase name="Responsive Design Tests › Laptop (1366x768) › should display text correctly at different sizes" classname="responsive\responsive-design.spec.ts" time="0.077">
<failure message="responsive-design.spec.ts:198:11 should display text correctly at different sizes" type="FAILURE">
<![CDATA[  [webkit] › responsive\responsive-design.spec.ts:198:11 › Responsive Design Tests › Laptop (1366x768) › should display text correctly at different sizes 

    Error: browserContext.newPage: Protocol error (Screencast.startVideo): Failed to open file 'C:\Users\Joe\SynologyDrive\codes\有声小说\frontend\test-results\.playwright-artifacts-181\dccafbcb33d9142cb1796a750c4565ee.webm' for writing: No such file or directory
]]>
</failure>
</testcase>
<testcase name="Responsive Design Tests › Laptop (1366x768) › should handle images and media correctly" classname="responsive\responsive-design.spec.ts" time="0.094">
<failure message="responsive-design.spec.ts:221:11 should handle images and media correctly" type="FAILURE">
<![CDATA[  [webkit] › responsive\responsive-design.spec.ts:221:11 › Responsive Design Tests › Laptop (1366x768) › should handle images and media correctly 

    Error: browserContext.newPage: Protocol error (Screencast.startVideo): Failed to open file 'C:\Users\Joe\SynologyDrive\codes\有声小说\frontend\test-results\.playwright-artifacts-182\4a1224f9080844aa4d72374657775cec.webm' for writing: No such file or directory
]]>
</failure>
</testcase>
<testcase name="Responsive Design Tests › Laptop (1366x768) › should maintain accessibility on all screen sizes" classname="responsive\responsive-design.spec.ts" time="0.078">
<failure message="responsive-design.spec.ts:235:11 should maintain accessibility on all screen sizes" type="FAILURE">
<![CDATA[  [webkit] › responsive\responsive-design.spec.ts:235:11 › Responsive Design Tests › Laptop (1366x768) › should maintain accessibility on all screen sizes 

    Error: browserContext.newPage: Protocol error (Screencast.startVideo): Failed to open file 'C:\Users\Joe\SynologyDrive\codes\有声小说\frontend\test-results\.playwright-artifacts-183\b51826150c72ffb583d641ffa0ef8a35.webm' for writing: No such file or directory
]]>
</failure>
</testcase>
<testcase name="Responsive Design Tests › Laptop (1366x768) › should handle touch interactions on mobile devices" classname="responsive\responsive-design.spec.ts" time="0.091">
<failure message="responsive-design.spec.ts:254:11 should handle touch interactions on mobile devices" type="FAILURE">
<![CDATA[  [webkit] › responsive\responsive-design.spec.ts:254:11 › Responsive Design Tests › Laptop (1366x768) › should handle touch interactions on mobile devices 

    Error: browserContext.newPage: Protocol error (Screencast.startVideo): Failed to open file 'C:\Users\Joe\SynologyDrive\codes\有声小说\frontend\test-results\.playwright-artifacts-184\0a70c2b5d7ee3a5f29677d623662a4a8.webm' for writing: No such file or directory
]]>
</failure>
</testcase>
<testcase name="Responsive Design Tests › Tablet (768x1024) › should display navigation correctly" classname="responsive\responsive-design.spec.ts" time="0.072">
<failure message="responsive-design.spec.ts:21:11 should display navigation correctly" type="FAILURE">
<![CDATA[  [webkit] › responsive\responsive-design.spec.ts:21:11 › Responsive Design Tests › Tablet (768x1024) › should display navigation correctly 

    Error: browserContext.newPage: Protocol error (Screencast.startVideo): Failed to open file 'C:\Users\Joe\SynologyDrive\codes\有声小说\frontend\test-results\.playwright-artifacts-185\084e50b8873a4fb5f7afde25a32d4424.webm' for writing: No such file or directory
]]>
</failure>
</testcase>
<testcase name="Responsive Design Tests › Tablet (768x1024) › should display hero section correctly" classname="responsive\responsive-design.spec.ts" time="0.08">
<failure message="responsive-design.spec.ts:41:11 should display hero section correctly" type="FAILURE">
<![CDATA[  [webkit] › responsive\responsive-design.spec.ts:41:11 › Responsive Design Tests › Tablet (768x1024) › should display hero section correctly 

    Error: browserContext.newPage: Protocol error (Screencast.startVideo): Failed to open file 'C:\Users\Joe\SynologyDrive\codes\有声小说\frontend\test-results\.playwright-artifacts-186\dc7d47e098b26ea7f5f5b0f9d0e3baa7.webm' for writing: No such file or directory
]]>
</failure>
</testcase>
<testcase name="Responsive Design Tests › Tablet (768x1024) › should display statistics correctly" classname="responsive\responsive-design.spec.ts" time="0.094">
<failure message="responsive-design.spec.ts:73:11 should display statistics correctly" type="FAILURE">
<![CDATA[  [webkit] › responsive\responsive-design.spec.ts:73:11 › Responsive Design Tests › Tablet (768x1024) › should display statistics correctly 

    Error: browserContext.newPage: Protocol error (Screencast.startVideo): Failed to open file 'C:\Users\Joe\SynologyDrive\codes\有声小说\frontend\test-results\.playwright-artifacts-187\4e1520e31ab6d1724cdfbb30d5081610.webm' for writing: No such file or directory
]]>
</failure>
</testcase>
<testcase name="Responsive Design Tests › Tablet (768x1024) › should display features section correctly" classname="responsive\responsive-design.spec.ts" time="0.099">
<failure message="responsive-design.spec.ts:95:11 should display features section correctly" type="FAILURE">
<![CDATA[  [webkit] › responsive\responsive-design.spec.ts:95:11 › Responsive Design Tests › Tablet (768x1024) › should display features section correctly 

    Error: browserContext.newPage: Protocol error (Screencast.startVideo): Failed to open file 'C:\Users\Joe\SynologyDrive\codes\有声小说\frontend\test-results\.playwright-artifacts-188\19278ac59f19111916f43ba155e21dc2.webm' for writing: No such file or directory
]]>
</failure>
</testcase>
<testcase name="Responsive Design Tests › Tablet (768x1024) › should display workflow section correctly" classname="responsive\responsive-design.spec.ts" time="0.079">
<failure message="responsive-design.spec.ts:123:11 should display workflow section correctly" type="FAILURE">
<![CDATA[  [webkit] › responsive\responsive-design.spec.ts:123:11 › Responsive Design Tests › Tablet (768x1024) › should display workflow section correctly 

    Error: browserContext.newPage: Protocol error (Screencast.startVideo): Failed to open file 'C:\Users\Joe\SynologyDrive\codes\有声小说\frontend\test-results\.playwright-artifacts-189\0ae808a911d9b9e8d389f86d7e8e164d.webm' for writing: No such file or directory
]]>
</failure>
</testcase>
<testcase name="Responsive Design Tests › Tablet (768x1024) › should display action buttons correctly" classname="responsive\responsive-design.spec.ts" time="0.097">
<failure message="responsive-design.spec.ts:152:11 should display action buttons correctly" type="FAILURE">
<![CDATA[  [webkit] › responsive\responsive-design.spec.ts:152:11 › Responsive Design Tests › Tablet (768x1024) › should display action buttons correctly 

    Error: browserContext.newPage: Protocol error (Screencast.startVideo): Failed to open file 'C:\Users\Joe\SynologyDrive\codes\有声小说\frontend\test-results\.playwright-artifacts-190\8f97d7ff25447e23197c91f76278858e.webm' for writing: No such file or directory
]]>
</failure>
</testcase>
<testcase name="Responsive Design Tests › Tablet (768x1024) › should handle horizontal scrolling properly" classname="responsive\responsive-design.spec.ts" time="0.081">
<failure message="responsive-design.spec.ts:179:11 should handle horizontal scrolling properly" type="FAILURE">
<![CDATA[  [webkit] › responsive\responsive-design.spec.ts:179:11 › Responsive Design Tests › Tablet (768x1024) › should handle horizontal scrolling properly 

    Error: browserContext.newPage: Protocol error (Screencast.startVideo): Failed to open file 'C:\Users\Joe\SynologyDrive\codes\有声小说\frontend\test-results\.playwright-artifacts-191\490e80788510f9ed2570f72f97cc805b.webm' for writing: No such file or directory
]]>
</failure>
</testcase>
<testcase name="Responsive Design Tests › Tablet (768x1024) › should display text correctly at different sizes" classname="responsive\responsive-design.spec.ts" time="0.083">
<failure message="responsive-design.spec.ts:198:11 should display text correctly at different sizes" type="FAILURE">
<![CDATA[  [webkit] › responsive\responsive-design.spec.ts:198:11 › Responsive Design Tests › Tablet (768x1024) › should display text correctly at different sizes 

    Error: browserContext.newPage: Protocol error (Screencast.startVideo): Failed to open file 'C:\Users\Joe\SynologyDrive\codes\有声小说\frontend\test-results\.playwright-artifacts-192\3cedbdea7182593d50ac2a3853d6037c.webm' for writing: No such file or directory
]]>
</failure>
</testcase>
<testcase name="Responsive Design Tests › Tablet (768x1024) › should handle images and media correctly" classname="responsive\responsive-design.spec.ts" time="0.084">
<failure message="responsive-design.spec.ts:221:11 should handle images and media correctly" type="FAILURE">
<![CDATA[  [webkit] › responsive\responsive-design.spec.ts:221:11 › Responsive Design Tests › Tablet (768x1024) › should handle images and media correctly 

    Error: browserContext.newPage: Protocol error (Screencast.startVideo): Failed to open file 'C:\Users\Joe\SynologyDrive\codes\有声小说\frontend\test-results\.playwright-artifacts-193\f0110f414c3fc0a65dc5ff26afd132a9.webm' for writing: No such file or directory
]]>
</failure>
</testcase>
<testcase name="Responsive Design Tests › Tablet (768x1024) › should maintain accessibility on all screen sizes" classname="responsive\responsive-design.spec.ts" time="0.089">
<failure message="responsive-design.spec.ts:235:11 should maintain accessibility on all screen sizes" type="FAILURE">
<![CDATA[  [webkit] › responsive\responsive-design.spec.ts:235:11 › Responsive Design Tests › Tablet (768x1024) › should maintain accessibility on all screen sizes 

    Error: browserContext.newPage: Protocol error (Screencast.startVideo): Failed to open file 'C:\Users\Joe\SynologyDrive\codes\有声小说\frontend\test-results\.playwright-artifacts-194\319891ceb50c6975cf67298b33fc54dc.webm' for writing: No such file or directory
]]>
</failure>
</testcase>
<testcase name="Responsive Design Tests › Tablet (768x1024) › should handle touch interactions on mobile devices" classname="responsive\responsive-design.spec.ts" time="0.096">
<failure message="responsive-design.spec.ts:254:11 should handle touch interactions on mobile devices" type="FAILURE">
<![CDATA[  [webkit] › responsive\responsive-design.spec.ts:254:11 › Responsive Design Tests › Tablet (768x1024) › should handle touch interactions on mobile devices 

    Error: browserContext.newPage: Protocol error (Screencast.startVideo): Failed to open file 'C:\Users\Joe\SynologyDrive\codes\有声小说\frontend\test-results\.playwright-artifacts-195\b7d400fbe3780932b871e6659a3ce874.webm' for writing: No such file or directory
]]>
</failure>
</testcase>
<testcase name="Responsive Design Tests › Mobile Large (414x896) › should display navigation correctly" classname="responsive\responsive-design.spec.ts" time="0.095">
<failure message="responsive-design.spec.ts:21:11 should display navigation correctly" type="FAILURE">
<![CDATA[  [webkit] › responsive\responsive-design.spec.ts:21:11 › Responsive Design Tests › Mobile Large (414x896) › should display navigation correctly 

    Error: browserContext.newPage: Protocol error (Screencast.startVideo): Failed to open file 'C:\Users\Joe\SynologyDrive\codes\有声小说\frontend\test-results\.playwright-artifacts-196\747972b17ba4846e5897d17f22d22946.webm' for writing: No such file or directory
]]>
</failure>
</testcase>
<testcase name="Responsive Design Tests › Mobile Large (414x896) › should display hero section correctly" classname="responsive\responsive-design.spec.ts" time="0.079">
<failure message="responsive-design.spec.ts:41:11 should display hero section correctly" type="FAILURE">
<![CDATA[  [webkit] › responsive\responsive-design.spec.ts:41:11 › Responsive Design Tests › Mobile Large (414x896) › should display hero section correctly 

    Error: browserContext.newPage: Protocol error (Screencast.startVideo): Failed to open file 'C:\Users\Joe\SynologyDrive\codes\有声小说\frontend\test-results\.playwright-artifacts-197\dc94e310c5c1e176cf9abd45a76a32a3.webm' for writing: No such file or directory
]]>
</failure>
</testcase>
<testcase name="Responsive Design Tests › Mobile Large (414x896) › should display statistics correctly" classname="responsive\responsive-design.spec.ts" time="0.098">
<failure message="responsive-design.spec.ts:73:11 should display statistics correctly" type="FAILURE">
<![CDATA[  [webkit] › responsive\responsive-design.spec.ts:73:11 › Responsive Design Tests › Mobile Large (414x896) › should display statistics correctly 

    Error: browserContext.newPage: Protocol error (Screencast.startVideo): Failed to open file 'C:\Users\Joe\SynologyDrive\codes\有声小说\frontend\test-results\.playwright-artifacts-198\f062b225ac4e2f1f147c9af0aa0c657b.webm' for writing: No such file or directory
]]>
</failure>
</testcase>
<testcase name="Responsive Design Tests › Mobile Large (414x896) › should display features section correctly" classname="responsive\responsive-design.spec.ts" time="0.083">
<failure message="responsive-design.spec.ts:95:11 should display features section correctly" type="FAILURE">
<![CDATA[  [webkit] › responsive\responsive-design.spec.ts:95:11 › Responsive Design Tests › Mobile Large (414x896) › should display features section correctly 

    Error: browserContext.newPage: Protocol error (Screencast.startVideo): Failed to open file 'C:\Users\Joe\SynologyDrive\codes\有声小说\frontend\test-results\.playwright-artifacts-199\76881901d4e5a169369e01a338d10fdf.webm' for writing: No such file or directory
]]>
</failure>
</testcase>
<testcase name="Responsive Design Tests › Mobile Large (414x896) › should display workflow section correctly" classname="responsive\responsive-design.spec.ts" time="0.091">
<failure message="responsive-design.spec.ts:123:11 should display workflow section correctly" type="FAILURE">
<![CDATA[  [webkit] › responsive\responsive-design.spec.ts:123:11 › Responsive Design Tests › Mobile Large (414x896) › should display workflow section correctly 

    Error: browserContext.newPage: Protocol error (Screencast.startVideo): Failed to open file 'C:\Users\Joe\SynologyDrive\codes\有声小说\frontend\test-results\.playwright-artifacts-200\d003351f32edc5c1768d476ce5352b36.webm' for writing: No such file or directory
]]>
</failure>
</testcase>
<testcase name="Responsive Design Tests › Mobile Large (414x896) › should display action buttons correctly" classname="responsive\responsive-design.spec.ts" time="0.085">
<failure message="responsive-design.spec.ts:152:11 should display action buttons correctly" type="FAILURE">
<![CDATA[  [webkit] › responsive\responsive-design.spec.ts:152:11 › Responsive Design Tests › Mobile Large (414x896) › should display action buttons correctly 

    Error: browserContext.newPage: Protocol error (Screencast.startVideo): Failed to open file 'C:\Users\Joe\SynologyDrive\codes\有声小说\frontend\test-results\.playwright-artifacts-201\9f90e8427e1cc2491548e69bf276d62c.webm' for writing: No such file or directory
]]>
</failure>
</testcase>
<testcase name="Responsive Design Tests › Mobile Large (414x896) › should handle horizontal scrolling properly" classname="responsive\responsive-design.spec.ts" time="0.131">
<failure message="responsive-design.spec.ts:179:11 should handle horizontal scrolling properly" type="FAILURE">
<![CDATA[  [webkit] › responsive\responsive-design.spec.ts:179:11 › Responsive Design Tests › Mobile Large (414x896) › should handle horizontal scrolling properly 

    Error: browserContext.newPage: Protocol error (Screencast.startVideo): Failed to open file 'C:\Users\Joe\SynologyDrive\codes\有声小说\frontend\test-results\.playwright-artifacts-202\e940bf02835f6b2044e892fa5a7c6084.webm' for writing: No such file or directory
]]>
</failure>
</testcase>
<testcase name="Responsive Design Tests › Mobile Large (414x896) › should display text correctly at different sizes" classname="responsive\responsive-design.spec.ts" time="0.083">
<failure message="responsive-design.spec.ts:198:11 should display text correctly at different sizes" type="FAILURE">
<![CDATA[  [webkit] › responsive\responsive-design.spec.ts:198:11 › Responsive Design Tests › Mobile Large (414x896) › should display text correctly at different sizes 

    Error: browserContext.newPage: Protocol error (Screencast.startVideo): Failed to open file 'C:\Users\Joe\SynologyDrive\codes\有声小说\frontend\test-results\.playwright-artifacts-203\2d0dd43723102e8bb2fb0a01676ed38d.webm' for writing: No such file or directory
]]>
</failure>
</testcase>
<testcase name="Responsive Design Tests › Mobile Large (414x896) › should handle images and media correctly" classname="responsive\responsive-design.spec.ts" time="0.091">
<failure message="responsive-design.spec.ts:221:11 should handle images and media correctly" type="FAILURE">
<![CDATA[  [webkit] › responsive\responsive-design.spec.ts:221:11 › Responsive Design Tests › Mobile Large (414x896) › should handle images and media correctly 

    Error: browserContext.newPage: Protocol error (Screencast.startVideo): Failed to open file 'C:\Users\Joe\SynologyDrive\codes\有声小说\frontend\test-results\.playwright-artifacts-204\b0f7e338e691d2b7dadfc3afd8e2610f.webm' for writing: No such file or directory
]]>
</failure>
</testcase>
<testcase name="Responsive Design Tests › Mobile Large (414x896) › should maintain accessibility on all screen sizes" classname="responsive\responsive-design.spec.ts" time="0.082">
<failure message="responsive-design.spec.ts:235:11 should maintain accessibility on all screen sizes" type="FAILURE">
<![CDATA[  [webkit] › responsive\responsive-design.spec.ts:235:11 › Responsive Design Tests › Mobile Large (414x896) › should maintain accessibility on all screen sizes 

    Error: browserContext.newPage: Protocol error (Screencast.startVideo): Failed to open file 'C:\Users\Joe\SynologyDrive\codes\有声小说\frontend\test-results\.playwright-artifacts-205\21204d28b99d4142acbd897db8af51e1.webm' for writing: No such file or directory
]]>
</failure>
</testcase>
<testcase name="Responsive Design Tests › Mobile Large (414x896) › should handle touch interactions on mobile devices" classname="responsive\responsive-design.spec.ts" time="0.081">
<failure message="responsive-design.spec.ts:254:11 should handle touch interactions on mobile devices" type="FAILURE">
<![CDATA[  [webkit] › responsive\responsive-design.spec.ts:254:11 › Responsive Design Tests › Mobile Large (414x896) › should handle touch interactions on mobile devices 

    Error: browserContext.newPage: Protocol error (Screencast.startVideo): Failed to open file 'C:\Users\Joe\SynologyDrive\codes\有声小说\frontend\test-results\.playwright-artifacts-206\57b47e3c87d94e63c8224d7e72758a52.webm' for writing: No such file or directory
]]>
</failure>
</testcase>
<testcase name="Responsive Design Tests › Mobile (375x667) › should display navigation correctly" classname="responsive\responsive-design.spec.ts" time="0.083">
<failure message="responsive-design.spec.ts:21:11 should display navigation correctly" type="FAILURE">
<![CDATA[  [webkit] › responsive\responsive-design.spec.ts:21:11 › Responsive Design Tests › Mobile (375x667) › should display navigation correctly 

    Error: browserContext.newPage: Protocol error (Screencast.startVideo): Failed to open file 'C:\Users\Joe\SynologyDrive\codes\有声小说\frontend\test-results\.playwright-artifacts-207\45878e83ae36a105706e89863a3622c7.webm' for writing: No such file or directory
]]>
</failure>
</testcase>
<testcase name="Responsive Design Tests › Mobile (375x667) › should display hero section correctly" classname="responsive\responsive-design.spec.ts" time="0.093">
<failure message="responsive-design.spec.ts:41:11 should display hero section correctly" type="FAILURE">
<![CDATA[  [webkit] › responsive\responsive-design.spec.ts:41:11 › Responsive Design Tests › Mobile (375x667) › should display hero section correctly 

    Error: browserContext.newPage: Protocol error (Screencast.startVideo): Failed to open file 'C:\Users\Joe\SynologyDrive\codes\有声小说\frontend\test-results\.playwright-artifacts-208\76ea76205c657d934b9b6b280c175912.webm' for writing: No such file or directory
]]>
</failure>
</testcase>
<testcase name="Responsive Design Tests › Mobile (375x667) › should display statistics correctly" classname="responsive\responsive-design.spec.ts" time="0.084">
<failure message="responsive-design.spec.ts:73:11 should display statistics correctly" type="FAILURE">
<![CDATA[  [webkit] › responsive\responsive-design.spec.ts:73:11 › Responsive Design Tests › Mobile (375x667) › should display statistics correctly 

    Error: browserContext.newPage: Protocol error (Screencast.startVideo): Failed to open file 'C:\Users\Joe\SynologyDrive\codes\有声小说\frontend\test-results\.playwright-artifacts-209\86b702fc40b31bcdf35b36aadb608fd3.webm' for writing: No such file or directory
]]>
</failure>
</testcase>
<testcase name="Responsive Design Tests › Mobile (375x667) › should display features section correctly" classname="responsive\responsive-design.spec.ts" time="0.109">
<failure message="responsive-design.spec.ts:95:11 should display features section correctly" type="FAILURE">
<![CDATA[  [webkit] › responsive\responsive-design.spec.ts:95:11 › Responsive Design Tests › Mobile (375x667) › should display features section correctly 

    Error: browserContext.newPage: Protocol error (Screencast.startVideo): Failed to open file 'C:\Users\Joe\SynologyDrive\codes\有声小说\frontend\test-results\.playwright-artifacts-210\339f03636234b217b14164e666eea3bf.webm' for writing: No such file or directory
]]>
</failure>
</testcase>
<testcase name="Responsive Design Tests › Mobile (375x667) › should display workflow section correctly" classname="responsive\responsive-design.spec.ts" time="0.092">
<failure message="responsive-design.spec.ts:123:11 should display workflow section correctly" type="FAILURE">
<![CDATA[  [webkit] › responsive\responsive-design.spec.ts:123:11 › Responsive Design Tests › Mobile (375x667) › should display workflow section correctly 

    Error: browserContext.newPage: Protocol error (Screencast.startVideo): Failed to open file 'C:\Users\Joe\SynologyDrive\codes\有声小说\frontend\test-results\.playwright-artifacts-211\144b9c87ee056c06ddb57e0b1c639d5b.webm' for writing: No such file or directory
]]>
</failure>
</testcase>
<testcase name="Responsive Design Tests › Mobile (375x667) › should display action buttons correctly" classname="responsive\responsive-design.spec.ts" time="0.082">
<failure message="responsive-design.spec.ts:152:11 should display action buttons correctly" type="FAILURE">
<![CDATA[  [webkit] › responsive\responsive-design.spec.ts:152:11 › Responsive Design Tests › Mobile (375x667) › should display action buttons correctly 

    Error: browserContext.newPage: Protocol error (Screencast.startVideo): Failed to open file 'C:\Users\Joe\SynologyDrive\codes\有声小说\frontend\test-results\.playwright-artifacts-212\80f109a814a5df53e8e03dcd0115dab8.webm' for writing: No such file or directory
]]>
</failure>
</testcase>
<testcase name="Responsive Design Tests › Mobile (375x667) › should handle horizontal scrolling properly" classname="responsive\responsive-design.spec.ts" time="0.088">
<failure message="responsive-design.spec.ts:179:11 should handle horizontal scrolling properly" type="FAILURE">
<![CDATA[  [webkit] › responsive\responsive-design.spec.ts:179:11 › Responsive Design Tests › Mobile (375x667) › should handle horizontal scrolling properly 

    Error: browserContext.newPage: Protocol error (Screencast.startVideo): Failed to open file 'C:\Users\Joe\SynologyDrive\codes\有声小说\frontend\test-results\.playwright-artifacts-213\57a64a22aa9b80fb1e52789b86c53432.webm' for writing: No such file or directory
]]>
</failure>
</testcase>
<testcase name="Responsive Design Tests › Mobile (375x667) › should display text correctly at different sizes" classname="responsive\responsive-design.spec.ts" time="0.092">
<failure message="responsive-design.spec.ts:198:11 should display text correctly at different sizes" type="FAILURE">
<![CDATA[  [webkit] › responsive\responsive-design.spec.ts:198:11 › Responsive Design Tests › Mobile (375x667) › should display text correctly at different sizes 

    Error: browserContext.newPage: Protocol error (Screencast.startVideo): Failed to open file 'C:\Users\Joe\SynologyDrive\codes\有声小说\frontend\test-results\.playwright-artifacts-214\aa2f759c4b0b062d4a188c2a425a8d57.webm' for writing: No such file or directory
]]>
</failure>
</testcase>
<testcase name="Responsive Design Tests › Mobile (375x667) › should handle images and media correctly" classname="responsive\responsive-design.spec.ts" time="0.095">
<failure message="responsive-design.spec.ts:221:11 should handle images and media correctly" type="FAILURE">
<![CDATA[  [webkit] › responsive\responsive-design.spec.ts:221:11 › Responsive Design Tests › Mobile (375x667) › should handle images and media correctly 

    Error: browserContext.newPage: Protocol error (Screencast.startVideo): Failed to open file 'C:\Users\Joe\SynologyDrive\codes\有声小说\frontend\test-results\.playwright-artifacts-215\ddc414bef94333ea5c050dc11c6ad40a.webm' for writing: No such file or directory
]]>
</failure>
</testcase>
<testcase name="Responsive Design Tests › Mobile (375x667) › should maintain accessibility on all screen sizes" classname="responsive\responsive-design.spec.ts" time="0.113">
<failure message="responsive-design.spec.ts:235:11 should maintain accessibility on all screen sizes" type="FAILURE">
<![CDATA[  [webkit] › responsive\responsive-design.spec.ts:235:11 › Responsive Design Tests › Mobile (375x667) › should maintain accessibility on all screen sizes 

    Error: browserContext.newPage: Protocol error (Screencast.startVideo): Failed to open file 'C:\Users\Joe\SynologyDrive\codes\有声小说\frontend\test-results\.playwright-artifacts-216\ada0ff626f42347542f8449d7d60ac16.webm' for writing: No such file or directory
]]>
</failure>
</testcase>
<testcase name="Responsive Design Tests › Mobile (375x667) › should handle touch interactions on mobile devices" classname="responsive\responsive-design.spec.ts" time="0.091">
<failure message="responsive-design.spec.ts:254:11 should handle touch interactions on mobile devices" type="FAILURE">
<![CDATA[  [webkit] › responsive\responsive-design.spec.ts:254:11 › Responsive Design Tests › Mobile (375x667) › should handle touch interactions on mobile devices 

    Error: browserContext.newPage: Protocol error (Screencast.startVideo): Failed to open file 'C:\Users\Joe\SynologyDrive\codes\有声小说\frontend\test-results\.playwright-artifacts-217\c3a7ad475259d20a330af2b82be8848e.webm' for writing: No such file or directory
]]>
</failure>
</testcase>
<testcase name="Responsive Design Tests › Mobile Small (320x568) › should display navigation correctly" classname="responsive\responsive-design.spec.ts" time="0.092">
<failure message="responsive-design.spec.ts:21:11 should display navigation correctly" type="FAILURE">
<![CDATA[  [webkit] › responsive\responsive-design.spec.ts:21:11 › Responsive Design Tests › Mobile Small (320x568) › should display navigation correctly 

    Error: browserContext.newPage: Protocol error (Screencast.startVideo): Failed to open file 'C:\Users\Joe\SynologyDrive\codes\有声小说\frontend\test-results\.playwright-artifacts-218\1674520721e092d2cdd09a58736339e7.webm' for writing: No such file or directory
]]>
</failure>
</testcase>
<testcase name="Responsive Design Tests › Mobile Small (320x568) › should display hero section correctly" classname="responsive\responsive-design.spec.ts" time="0.095">
<failure message="responsive-design.spec.ts:41:11 should display hero section correctly" type="FAILURE">
<![CDATA[  [webkit] › responsive\responsive-design.spec.ts:41:11 › Responsive Design Tests › Mobile Small (320x568) › should display hero section correctly 

    Error: browserContext.newPage: Protocol error (Screencast.startVideo): Failed to open file 'C:\Users\Joe\SynologyDrive\codes\有声小说\frontend\test-results\.playwright-artifacts-219\3a790e2b79bbc7095bf8aa33a8ef4ca8.webm' for writing: No such file or directory
]]>
</failure>
</testcase>
<testcase name="Responsive Design Tests › Mobile Small (320x568) › should display statistics correctly" classname="responsive\responsive-design.spec.ts" time="0.096">
<failure message="responsive-design.spec.ts:73:11 should display statistics correctly" type="FAILURE">
<![CDATA[  [webkit] › responsive\responsive-design.spec.ts:73:11 › Responsive Design Tests › Mobile Small (320x568) › should display statistics correctly 

    Error: browserContext.newPage: Protocol error (Screencast.startVideo): Failed to open file 'C:\Users\Joe\SynologyDrive\codes\有声小说\frontend\test-results\.playwright-artifacts-220\555ba6ca4019797254a7dac71c43c928.webm' for writing: No such file or directory
]]>
</failure>
</testcase>
<testcase name="Responsive Design Tests › Mobile Small (320x568) › should display features section correctly" classname="responsive\responsive-design.spec.ts" time="0.099">
<failure message="responsive-design.spec.ts:95:11 should display features section correctly" type="FAILURE">
<![CDATA[  [webkit] › responsive\responsive-design.spec.ts:95:11 › Responsive Design Tests › Mobile Small (320x568) › should display features section correctly 

    Error: browserContext.newPage: Protocol error (Screencast.startVideo): Failed to open file 'C:\Users\Joe\SynologyDrive\codes\有声小说\frontend\test-results\.playwright-artifacts-221\cd9eac77ce6485353544a1b67e2e2d7d.webm' for writing: No such file or directory
]]>
</failure>
</testcase>
<testcase name="Responsive Design Tests › Mobile Small (320x568) › should display workflow section correctly" classname="responsive\responsive-design.spec.ts" time="0.115">
<failure message="responsive-design.spec.ts:123:11 should display workflow section correctly" type="FAILURE">
<![CDATA[  [webkit] › responsive\responsive-design.spec.ts:123:11 › Responsive Design Tests › Mobile Small (320x568) › should display workflow section correctly 

    Error: browserContext.newPage: Protocol error (Screencast.startVideo): Failed to open file 'C:\Users\Joe\SynologyDrive\codes\有声小说\frontend\test-results\.playwright-artifacts-222\8072a872ce59b62287021b3389749453.webm' for writing: No such file or directory
]]>
</failure>
</testcase>
<testcase name="Responsive Design Tests › Mobile Small (320x568) › should display action buttons correctly" classname="responsive\responsive-design.spec.ts" time="0.091">
<failure message="responsive-design.spec.ts:152:11 should display action buttons correctly" type="FAILURE">
<![CDATA[  [webkit] › responsive\responsive-design.spec.ts:152:11 › Responsive Design Tests › Mobile Small (320x568) › should display action buttons correctly 

    Error: browserContext.newPage: Protocol error (Screencast.startVideo): Failed to open file 'C:\Users\Joe\SynologyDrive\codes\有声小说\frontend\test-results\.playwright-artifacts-223\b4ec40d64c6273d278c7d204e74843ea.webm' for writing: No such file or directory
]]>
</failure>
</testcase>
<testcase name="Responsive Design Tests › Mobile Small (320x568) › should handle horizontal scrolling properly" classname="responsive\responsive-design.spec.ts" time="0.109">
<failure message="responsive-design.spec.ts:179:11 should handle horizontal scrolling properly" type="FAILURE">
<![CDATA[  [webkit] › responsive\responsive-design.spec.ts:179:11 › Responsive Design Tests › Mobile Small (320x568) › should handle horizontal scrolling properly 

    Error: browserContext.newPage: Protocol error (Screencast.startVideo): Failed to open file 'C:\Users\Joe\SynologyDrive\codes\有声小说\frontend\test-results\.playwright-artifacts-224\1b5a29fc50da7f4bddd01fec3a30613e.webm' for writing: No such file or directory
]]>
</failure>
</testcase>
<testcase name="Responsive Design Tests › Mobile Small (320x568) › should display text correctly at different sizes" classname="responsive\responsive-design.spec.ts" time="0.081">
<failure message="responsive-design.spec.ts:198:11 should display text correctly at different sizes" type="FAILURE">
<![CDATA[  [webkit] › responsive\responsive-design.spec.ts:198:11 › Responsive Design Tests › Mobile Small (320x568) › should display text correctly at different sizes 

    Error: browserContext.newPage: Protocol error (Screencast.startVideo): Failed to open file 'C:\Users\Joe\SynologyDrive\codes\有声小说\frontend\test-results\.playwright-artifacts-225\4d0fe44faacdbb591f07b2867b501c03.webm' for writing: No such file or directory
]]>
</failure>
</testcase>
<testcase name="Responsive Design Tests › Mobile Small (320x568) › should handle images and media correctly" classname="responsive\responsive-design.spec.ts" time="0.096">
<failure message="responsive-design.spec.ts:221:11 should handle images and media correctly" type="FAILURE">
<![CDATA[  [webkit] › responsive\responsive-design.spec.ts:221:11 › Responsive Design Tests › Mobile Small (320x568) › should handle images and media correctly 

    Error: browserContext.newPage: Protocol error (Screencast.startVideo): Failed to open file 'C:\Users\Joe\SynologyDrive\codes\有声小说\frontend\test-results\.playwright-artifacts-226\ffb72370323b8f6ff689b6216bcdca72.webm' for writing: No such file or directory
]]>
</failure>
</testcase>
<testcase name="Responsive Design Tests › Mobile Small (320x568) › should maintain accessibility on all screen sizes" classname="responsive\responsive-design.spec.ts" time="0.077">
<failure message="responsive-design.spec.ts:235:11 should maintain accessibility on all screen sizes" type="FAILURE">
<![CDATA[  [webkit] › responsive\responsive-design.spec.ts:235:11 › Responsive Design Tests › Mobile Small (320x568) › should maintain accessibility on all screen sizes 

    Error: browserContext.newPage: Protocol error (Screencast.startVideo): Failed to open file 'C:\Users\Joe\SynologyDrive\codes\有声小说\frontend\test-results\.playwright-artifacts-227\e8a8e3ce28874fe94e0337d295e10fff.webm' for writing: No such file or directory
]]>
</failure>
</testcase>
<testcase name="Responsive Design Tests › Mobile Small (320x568) › should handle touch interactions on mobile devices" classname="responsive\responsive-design.spec.ts" time="0.113">
<failure message="responsive-design.spec.ts:254:11 should handle touch interactions on mobile devices" type="FAILURE">
<![CDATA[  [webkit] › responsive\responsive-design.spec.ts:254:11 › Responsive Design Tests › Mobile Small (320x568) › should handle touch interactions on mobile devices 

    Error: browserContext.newPage: Protocol error (Screencast.startVideo): Failed to open file 'C:\Users\Joe\SynologyDrive\codes\有声小说\frontend\test-results\.playwright-artifacts-228\b266e9991129fb44de5baffa0ba8f27f.webm' for writing: No such file or directory
]]>
</failure>
</testcase>
<testcase name="Responsive Design Tests › Orientation Changes › should handle desktop orientation changes" classname="responsive\responsive-design.spec.ts" time="0.087">
<failure message="responsive-design.spec.ts:276:9 should handle desktop orientation changes" type="FAILURE">
<![CDATA[  [webkit] › responsive\responsive-design.spec.ts:276:9 › Responsive Design Tests › Orientation Changes › should handle desktop orientation changes 

    Error: browserContext.newPage: Protocol error (Screencast.startVideo): Failed to open file 'C:\Users\Joe\SynologyDrive\codes\有声小说\frontend\test-results\.playwright-artifacts-229\9f291e7d0ba276cde4c82a8bafb32a69.webm' for writing: No such file or directory
]]>
</failure>
</testcase>
<testcase name="Responsive Design Tests › Orientation Changes › should handle mobile orientation changes" classname="responsive\responsive-design.spec.ts" time="0.118">
<failure message="responsive-design.spec.ts:292:9 should handle mobile orientation changes" type="FAILURE">
<![CDATA[  [webkit] › responsive\responsive-design.spec.ts:292:9 › Responsive Design Tests › Orientation Changes › should handle mobile orientation changes 

    Error: browserContext.newPage: Protocol error (Screencast.startVideo): Failed to open file 'C:\Users\Joe\SynologyDrive\codes\有声小说\frontend\test-results\.playwright-artifacts-230\dac2d1e32ba3f525a835558dd89bca94.webm' for writing: No such file or directory
]]>
</failure>
</testcase>
<testcase name="Responsive Design Tests › Dynamic Content Loading › should load content appropriately for different screen sizes" classname="responsive\responsive-design.spec.ts" time="0.076">
<failure message="responsive-design.spec.ts:317:9 should load content appropriately for different screen sizes" type="FAILURE">
<![CDATA[  [webkit] › responsive\responsive-design.spec.ts:317:9 › Responsive Design Tests › Dynamic Content Loading › should load content appropriately for different screen sizes 

    Error: browserContext.newPage: Protocol error (Screencast.startVideo): Failed to open file 'C:\Users\Joe\SynologyDrive\codes\有声小说\frontend\test-results\.playwright-artifacts-231\2979985dd42c78f4faf3d4dd46e1ba61.webm' for writing: No such file or directory
]]>
</failure>
</testcase>
<testcase name="Responsive Design Tests › Dynamic Content Loading › should handle progressive enhancement" classname="responsive\responsive-design.spec.ts" time="0.082">
<failure message="responsive-design.spec.ts:340:9 should handle progressive enhancement" type="FAILURE">
<![CDATA[  [webkit] › responsive\responsive-design.spec.ts:340:9 › Responsive Design Tests › Dynamic Content Loading › should handle progressive enhancement 

    Error: browserContext.newPage: Protocol error (Screencast.startVideo): Failed to open file 'C:\Users\Joe\SynologyDrive\codes\有声小说\frontend\test-results\.playwright-artifacts-232\8325a70ff949f24d834dc62c542bb2e7.webm' for writing: No such file or directory
]]>
</failure>
</testcase>
<testcase name="Performance Tests › should load quickly on mobile devices" classname="responsive\responsive-design.spec.ts" time="0.089">
<failure message="responsive-design.spec.ts:361:7 should load quickly on mobile devices" type="FAILURE">
<![CDATA[  [webkit] › responsive\responsive-design.spec.ts:361:7 › Performance Tests › should load quickly on mobile devices 

    Error: browserContext.newPage: Protocol error (Screencast.startVideo): Failed to open file 'C:\Users\Joe\SynologyDrive\codes\有声小说\frontend\test-results\.playwright-artifacts-233\5393b28ce5a12a1a75396a3ef423f4ed.webm' for writing: No such file or directory
]]>
</failure>
</testcase>
<testcase name="Performance Tests › should not cause layout shifts during loading" classname="responsive\responsive-design.spec.ts" time="0.124">
<failure message="responsive-design.spec.ts:379:7 should not cause layout shifts during loading" type="FAILURE">
<![CDATA[  [webkit] › responsive\responsive-design.spec.ts:379:7 › Performance Tests › should not cause layout shifts during loading 

    Error: browserContext.newPage: Protocol error (Screencast.startVideo): Failed to open file 'C:\Users\Joe\SynologyDrive\codes\有声小说\frontend\test-results\.playwright-artifacts-234\e8437d2cc5a27228d13187c752ccf09f.webm' for writing: No such file or directory
]]>
</failure>
</testcase>
</testsuite>
<testsuite name="ui\home-page.spec.ts" timestamp="2025-12-01T08:52:23.342Z" hostname="webkit" tests="18" failures="18" skipped="0" time="1.718" errors="0">
<testcase name="Home Page UI Components › should display the main hero section with correct content" classname="ui\home-page.spec.ts" time="0.08">
<failure message="home-page.spec.ts:8:7 should display the main hero section with correct content" type="FAILURE">
<![CDATA[  [webkit] › ui\home-page.spec.ts:8:7 › Home Page UI Components › should display the main hero section with correct content 

    Error: browserContext.newPage: Protocol error (Screencast.startVideo): Failed to open file 'C:\Users\Joe\SynologyDrive\codes\有声小说\frontend\test-results\.playwright-artifacts-235\4303c544c2fa6487afb92b32d738f167.webm' for writing: No such file or directory
]]>
</failure>
</testcase>
<testcase name="Home Page UI Components › should display action buttons with correct styling" classname="ui\home-page.spec.ts" time="0.118">
<failure message="home-page.spec.ts:33:7 should display action buttons with correct styling" type="FAILURE">
<![CDATA[  [webkit] › ui\home-page.spec.ts:33:7 › Home Page UI Components › should display action buttons with correct styling 

    Error: browserContext.newPage: Protocol error (Screencast.startVideo): Failed to open file 'C:\Users\Joe\SynologyDrive\codes\有声小说\frontend\test-results\.playwright-artifacts-236\272c4ed2462c73cd183cfea9ba63586e.webm' for writing: No such file or directory
]]>
</failure>
</testcase>
<testcase name="Home Page UI Components › should display sound visualizer with animations" classname="ui\home-page.spec.ts" time="0.076">
<failure message="home-page.spec.ts:49:7 should display sound visualizer with animations" type="FAILURE">
<![CDATA[  [webkit] › ui\home-page.spec.ts:49:7 › Home Page UI Components › should display sound visualizer with animations 

    Error: browserContext.newPage: Protocol error (Screencast.startVideo): Failed to open file 'C:\Users\Joe\SynologyDrive\codes\有声小说\frontend\test-results\.playwright-artifacts-237\5e024c70d697f984e73e6fce5ce55770.webm' for writing: No such file or directory
]]>
</failure>
</testcase>
<testcase name="Home Page UI Components › should display statistics section with correct data" classname="ui\home-page.spec.ts" time="0.082">
<failure message="home-page.spec.ts:67:7 should display statistics section with correct data" type="FAILURE">
<![CDATA[  [webkit] › ui\home-page.spec.ts:67:7 › Home Page UI Components › should display statistics section with correct data 

    Error: browserContext.newPage: Protocol error (Screencast.startVideo): Failed to open file 'C:\Users\Joe\SynologyDrive\codes\有声小说\frontend\test-results\.playwright-artifacts-238\021b35bfc1bb4b1c0edb3dc8c4815173.webm' for writing: No such file or directory
]]>
</failure>
</testcase>
<testcase name="Home Page UI Components › should display core features section" classname="ui\home-page.spec.ts" time="0.096">
<failure message="home-page.spec.ts:91:7 should display core features section" type="FAILURE">
<![CDATA[  [webkit] › ui\home-page.spec.ts:91:7 › Home Page UI Components › should display core features section 

    Error: browserContext.newPage: Protocol error (Screencast.startVideo): Failed to open file 'C:\Users\Joe\SynologyDrive\codes\有声小说\frontend\test-results\.playwright-artifacts-239\c37e80de7324ba0bd18859ad11aba959.webm' for writing: No such file or directory
]]>
</failure>
</testcase>
<testcase name="Home Page UI Components › should display workflow section" classname="ui\home-page.spec.ts" time="0.124">
<failure message="home-page.spec.ts:110:7 should display workflow section" type="FAILURE">
<![CDATA[  [webkit] › ui\home-page.spec.ts:110:7 › Home Page UI Components › should display workflow section 

    Error: browserContext.newPage: Protocol error (Screencast.startVideo): Failed to open file 'C:\Users\Joe\SynologyDrive\codes\有声小说\frontend\test-results\.playwright-artifacts-240\d340864d1acdefd2157848a5099bcabe.webm' for writing: No such file or directory
]]>
</failure>
</testcase>
<testcase name="Home Page UI Components › should display system status section" classname="ui\home-page.spec.ts" time="0.099">
<failure message="home-page.spec.ts:129:7 should display system status section" type="FAILURE">
<![CDATA[  [webkit] › ui\home-page.spec.ts:129:7 › Home Page UI Components › should display system status section 

    Error: browserContext.newPage: Protocol error (Screencast.startVideo): Failed to open file 'C:\Users\Joe\SynologyDrive\codes\有声小说\frontend\test-results\.playwright-artifacts-241\66e41560b77e92f46507b9a452759c5f.webm' for writing: No such file or directory
]]>
</failure>
</testcase>
<testcase name="Home Page UI Components › should display call-to-action section" classname="ui\home-page.spec.ts" time="0.099">
<failure message="home-page.spec.ts:138:7 should display call-to-action section" type="FAILURE">
<![CDATA[  [webkit] › ui\home-page.spec.ts:138:7 › Home Page UI Components › should display call-to-action section 

    Error: browserContext.newPage: Protocol error (Screencast.startVideo): Failed to open file 'C:\Users\Joe\SynologyDrive\codes\有声小说\frontend\test-results\.playwright-artifacts-242\0e5b3684629d8e7d65cbff798e35f672.webm' for writing: No such file or directory
]]>
</failure>
</testcase>
<testcase name="Home Page UI Components › should have proper CSS variables and styling applied" classname="ui\home-page.spec.ts" time="0.084">
<failure message="home-page.spec.ts:151:7 should have proper CSS variables and styling applied" type="FAILURE">
<![CDATA[  [webkit] › ui\home-page.spec.ts:151:7 › Home Page UI Components › should have proper CSS variables and styling applied 

    Error: browserContext.newPage: Protocol error (Screencast.startVideo): Failed to open file 'C:\Users\Joe\SynologyDrive\codes\有声小说\frontend\test-results\.playwright-artifacts-243\9843aefd822d6dd5538be1294e2aab77.webm' for writing: No such file or directory
]]>
</failure>
</testcase>
<testcase name="Home Page UI Components › should display background elements" classname="ui\home-page.spec.ts" time="0.08">
<failure message="home-page.spec.ts:170:7 should display background elements" type="FAILURE">
<![CDATA[  [webkit] › ui\home-page.spec.ts:170:7 › Home Page UI Components › should display background elements 

    Error: browserContext.newPage: Protocol error (Screencast.startVideo): Failed to open file 'C:\Users\Joe\SynologyDrive\codes\有声小说\frontend\test-results\.playwright-artifacts-244\df9ae92e5d33ed358c80786dda4d1559.webm' for writing: No such file or directory
]]>
</failure>
</testcase>
<testcase name="Home Page Interactions › should navigate to novel creation when clicking start button" classname="ui\home-page.spec.ts" time="0.102">
<failure message="home-page.spec.ts:187:7 should navigate to novel creation when clicking start button" type="FAILURE">
<![CDATA[  [webkit] › ui\home-page.spec.ts:187:7 › Home Page Interactions › should navigate to novel creation when clicking start button 

    Error: browserContext.newPage: Protocol error (Screencast.startVideo): Failed to open file 'C:\Users\Joe\SynologyDrive\codes\有声小说\frontend\test-results\.playwright-artifacts-245\c6025aa671b58e350dbb4e9e322d37ee.webm' for writing: No such file or directory
]]>
</failure>
</testcase>
<testcase name="Home Page Interactions › should navigate to models when clicking configure button" classname="ui\home-page.spec.ts" time="0.115">
<failure message="home-page.spec.ts:198:7 should navigate to models when clicking configure button" type="FAILURE">
<![CDATA[  [webkit] › ui\home-page.spec.ts:198:7 › Home Page Interactions › should navigate to models when clicking configure button 

    Error: browserContext.newPage: Protocol error (Screencast.startVideo): Failed to open file 'C:\Users\Joe\SynologyDrive\codes\有声小说\frontend\test-results\.playwright-artifacts-246\ac191db66da8003e9d13cc625b3907d7.webm' for writing: No such file or directory
]]>
</failure>
</testcase>
<testcase name="Home Page Interactions › should navigate to correct pages when clicking feature cards" classname="ui\home-page.spec.ts" time="0.115">
<failure message="home-page.spec.ts:209:7 should navigate to correct pages when clicking feature cards" type="FAILURE">
<![CDATA[  [webkit] › ui\home-page.spec.ts:209:7 › Home Page Interactions › should navigate to correct pages when clicking feature cards 

    Error: browserContext.newPage: Protocol error (Screencast.startVideo): Failed to open file 'C:\Users\Joe\SynologyDrive\codes\有声小说\frontend\test-results\.playwright-artifacts-247\85cffa29d2f4ae99e068f864e23cd229.webm' for writing: No such file or directory
]]>
</failure>
</testcase>
<testcase name="Home Page Interactions › should show hover effects on interactive elements" classname="ui\home-page.spec.ts" time="0.104">
<failure message="home-page.spec.ts:221:7 should show hover effects on interactive elements" type="FAILURE">
<![CDATA[  [webkit] › ui\home-page.spec.ts:221:7 › Home Page Interactions › should show hover effects on interactive elements 

    Error: browserContext.newPage: Protocol error (Screencast.startVideo): Failed to open file 'C:\Users\Joe\SynologyDrive\codes\有声小说\frontend\test-results\.playwright-artifacts-248\a81e9066709e431b98f351f3c87abc35.webm' for writing: No such file or directory
]]>
</failure>
</testcase>
<testcase name="Home Page Interactions › should be responsive to viewport changes" classname="ui\home-page.spec.ts" time="0.072">
<failure message="home-page.spec.ts:240:7 should be responsive to viewport changes" type="FAILURE">
<![CDATA[  [webkit] › ui\home-page.spec.ts:240:7 › Home Page Interactions › should be responsive to viewport changes 

    Error: browserContext.newPage: Protocol error (Screencast.startVideo): Failed to open file 'C:\Users\Joe\SynologyDrive\codes\有声小说\frontend\test-results\.playwright-artifacts-249\b00a9a3a8a03c44f8985ca46dd2fa5b6.webm' for writing: No such file or directory
]]>
</failure>
</testcase>
<testcase name="Home Page Performance › should load within reasonable time" classname="ui\home-page.spec.ts" time="0.082">
<failure message="home-page.spec.ts:263:7 should load within reasonable time" type="FAILURE">
<![CDATA[  [webkit] › ui\home-page.spec.ts:263:7 › Home Page Performance › should load within reasonable time 

    Error: browserContext.newPage: Protocol error (Screencast.startVideo): Failed to open file 'C:\Users\Joe\SynologyDrive\codes\有声小说\frontend\test-results\.playwright-artifacts-250\8681fbacb69d5b5dfc4600287342b013.webm' for writing: No such file or directory
]]>
</failure>
</testcase>
<testcase name="Home Page Performance › should have no console errors" classname="ui\home-page.spec.ts" time="0.076">
<failure message="home-page.spec.ts:273:7 should have no console errors" type="FAILURE">
<![CDATA[  [webkit] › ui\home-page.spec.ts:273:7 › Home Page Performance › should have no console errors ────

    Error: browserContext.newPage: Protocol error (Screencast.startVideo): Failed to open file 'C:\Users\Joe\SynologyDrive\codes\有声小说\frontend\test-results\.playwright-artifacts-251\5ee6b01f57a4f0834a3afafca9978c4c.webm' for writing: No such file or directory
]]>
</failure>
</testcase>
<testcase name="Home Page Performance › should render all images and assets properly" classname="ui\home-page.spec.ts" time="0.114">
<failure message="home-page.spec.ts:288:7 should render all images and assets properly" type="FAILURE">
<![CDATA[  [webkit] › ui\home-page.spec.ts:288:7 › Home Page Performance › should render all images and assets properly 

    Error: browserContext.newPage: Protocol error (Screencast.startVideo): Failed to open file 'C:\Users\Joe\SynologyDrive\codes\有声小说\frontend\test-results\.playwright-artifacts-252\e8c9d5914d32b2a28d83661b5f0c94ad.webm' for writing: No such file or directory
]]>
</failure>
</testcase>
</testsuite>
<testsuite name="animations\animations.spec.ts" timestamp="2025-12-01T08:52:23.342Z" hostname="Mobile Chrome" tests="20" failures="9" skipped="0" time="150.365" errors="0">
<testcase name="Animation and Interaction Effects › CSS Animations › should animate hero elements on page load" classname="animations\animations.spec.ts" time="4.545">
</testcase>
<testcase name="Animation and Interaction Effects › CSS Animations › should animate sound visualizer rings" classname="animations\animations.spec.ts" time="4.856">
</testcase>
<testcase name="Animation and Interaction Effects › CSS Animations › should animate sound bars" classname="animations\animations.spec.ts" time="4.559">
</testcase>
<testcase name="Animation and Interaction Effects › CSS Animations › should animate background elements" classname="animations\animations.spec.ts" time="4.788">
</testcase>
<testcase name="Animation and Interaction Effects › CSS Animations › should animate floating particles" classname="animations\animations.spec.ts" time="4.574">
</testcase>
<testcase name="Animation and Interaction Effects › Hover Effects › should show hover effects on navigation items" classname="animations\animations.spec.ts" time="14.219">
<failure message="animations.spec.ts:141:9 should show hover effects on navigation items" type="FAILURE">
<![CDATA[  [Mobile Chrome] › animations\animations.spec.ts:141:9 › Animation and Interaction Effects › Hover Effects › should show hover effects on navigation items 

    TimeoutError: locator.hover: Timeout 10000ms exceeded.
    Call log:
      - waiting for locator('.nav-item').nth(1)
        - locator resolved to <a href="/models" class="nav-item" data-text="AI模型">…</a>
      - attempting hover action
        2 × waiting for element to be visible and stable
          - element is visible and stable
          - scrolling into view if needed
          - done scrolling
          - <iframe src="about:blank" id="webpack-dev-server-client-overlay"></iframe> intercepts pointer events
        - retrying hover action
        - waiting 20ms
        2 × waiting for element to be visible and stable
          - element is visible and stable
          - scrolling into view if needed
          - done scrolling
          - <iframe src="about:blank" id="webpack-dev-server-client-overlay"></iframe> intercepts pointer events
        - retrying hover action
          - waiting 100ms
        - waiting for element to be visible and stable
        - element is not stable
      17 × retrying hover action
           - waiting 500ms
           - waiting for element to be visible and stable
           - element is visible and stable
           - scrolling into view if needed
           - done scrolling
           - <iframe src="about:blank" id="webpack-dev-server-client-overlay"></iframe> intercepts pointer events
      - retrying hover action
        - waiting 500ms


      153 |
      154 |       // 执行悬停
    > 155 |       await navItem.hover();
          |                     ^
      156 |       await page.waitForTimeout(300); // 等待过渡动画
      157 |
      158 |       // 悬停后的状态
        at C:\Users\Joe\SynologyDrive\codes\有声小说\frontend\tests\animations\animations.spec.ts:155:21

    attachment #1: screenshot (image/png) ──────────────────────────────────────────────────────────
    ..\test-results\animations-animations-Anim-cd6ae-effects-on-navigation-items-Mobile-Chrome\test-failed-1.png
    ────────────────────────────────────────────────────────────────────────────────────────────────

    attachment #2: video (video/webm) ──────────────────────────────────────────────────────────────
    ..\test-results\animations-animations-Anim-cd6ae-effects-on-navigation-items-Mobile-Chrome\video.webm
    ────────────────────────────────────────────────────────────────────────────────────────────────

    Error Context: ..\test-results\animations-animations-Anim-cd6ae-effects-on-navigation-items-Mobile-Chrome\error-context.md
]]>
</failure>
<system-out>
<![CDATA[
[[ATTACHMENT|test-results\animations-animations-Anim-cd6ae-effects-on-navigation-items-Mobile-Chrome\test-failed-1.png]]

[[ATTACHMENT|test-results\animations-animations-Anim-cd6ae-effects-on-navigation-items-Mobile-Chrome\video.webm]]

[[ATTACHMENT|test-results\animations-animations-Anim-cd6ae-effects-on-navigation-items-Mobile-Chrome\error-context.md]]
]]>
</system-out>
</testcase>
<testcase name="Animation and Interaction Effects › Hover Effects › should show hover effects on action buttons" classname="animations\animations.spec.ts" time="13.068">
<failure message="animations.spec.ts:176:9 should show hover effects on action buttons" type="FAILURE">
<![CDATA[  [Mobile Chrome] › animations\animations.spec.ts:176:9 › Animation and Interaction Effects › Hover Effects › should show hover effects on action buttons 

    TimeoutError: locator.hover: Timeout 10000ms exceeded.
    Call log:
      - waiting for locator('.action-btn.primary')
        - locator resolved to <button data-v-fae5bece="" class="action-btn primary">…</button>
      - attempting hover action
        2 × waiting for element to be visible and stable
          - element is not stable
        - retrying hover action
        - waiting 20ms
        - waiting for element to be visible and stable
        - element is visible and stable
        - scrolling into view if needed
        - done scrolling
        - <iframe src="about:blank" id="webpack-dev-server-client-overlay"></iframe> intercepts pointer events
      - retrying hover action
        - waiting 100ms
        - waiting for element to be visible and stable
        - element is not stable
      - retrying hover action
        - waiting 100ms
        18 × waiting for element to be visible and stable
           - element is visible and stable
           - scrolling into view if needed
           - done scrolling
           - <iframe src="about:blank" id="webpack-dev-server-client-overlay"></iframe> intercepts pointer events
         - retrying hover action
           - waiting 500ms


      187 |
      188 |       // 执行悬停
    > 189 |       await primaryBtn.hover();
          |                        ^
      190 |       await page.waitForTimeout(300);
      191 |
      192 |       // 悬停后的状态
        at C:\Users\Joe\SynologyDrive\codes\有声小说\frontend\tests\animations\animations.spec.ts:189:24

    attachment #1: screenshot (image/png) ──────────────────────────────────────────────────────────
    ..\test-results\animations-animations-Anim-9af68-r-effects-on-action-buttons-Mobile-Chrome\test-failed-1.png
    ────────────────────────────────────────────────────────────────────────────────────────────────

    attachment #2: video (video/webm) ──────────────────────────────────────────────────────────────
    ..\test-results\animations-animations-Anim-9af68-r-effects-on-action-buttons-Mobile-Chrome\video.webm
    ────────────────────────────────────────────────────────────────────────────────────────────────

    Error Context: ..\test-results\animations-animations-Anim-9af68-r-effects-on-action-buttons-Mobile-Chrome\error-context.md
]]>
</failure>
<system-out>
<![CDATA[
[[ATTACHMENT|test-results\animations-animations-Anim-9af68-r-effects-on-action-buttons-Mobile-Chrome\test-failed-1.png]]

[[ATTACHMENT|test-results\animations-animations-Anim-9af68-r-effects-on-action-buttons-Mobile-Chrome\video.webm]]

[[ATTACHMENT|test-results\animations-animations-Anim-9af68-r-effects-on-action-buttons-Mobile-Chrome\error-context.md]]
]]>
</system-out>
</testcase>
<testcase name="Animation and Interaction Effects › Hover Effects › should show hover effects on feature cards" classname="animations\animations.spec.ts" time="13.011">
<failure message="animations.spec.ts:213:9 should show hover effects on feature cards" type="FAILURE">
<![CDATA[  [Mobile Chrome] › animations\animations.spec.ts:213:9 › Animation and Interaction Effects › Hover Effects › should show hover effects on feature cards 

    TimeoutError: locator.hover: Timeout 10000ms exceeded.
    Call log:
      - waiting for locator('.feature-card').first()
        - locator resolved to <div data-v-fae5bece="" class="feature-card">…</div>
      - attempting hover action
        2 × waiting for element to be visible and stable
          - element is visible and stable
          - scrolling into view if needed
          - done scrolling
          - <iframe src="about:blank" id="webpack-dev-server-client-overlay"></iframe> intercepts pointer events
        - retrying hover action
        - waiting 20ms
        2 × waiting for element to be visible and stable
          - element is not stable
        - retrying hover action
          - waiting 100ms
        18 × waiting for element to be visible and stable
           - element is visible and stable
           - scrolling into view if needed
           - done scrolling
           - <iframe src="about:blank" id="webpack-dev-server-client-overlay"></iframe> intercepts pointer events
         - retrying hover action
           - waiting 500ms


      219 |
      220 |       // 执行悬停
    > 221 |       await featureCard.hover();
          |                         ^
      222 |       await page.waitForTimeout(400); // 等待过渡动画
      223 |
      224 |       // 检查变换效果
        at C:\Users\Joe\SynologyDrive\codes\有声小说\frontend\tests\animations\animations.spec.ts:221:25

    attachment #1: screenshot (image/png) ──────────────────────────────────────────────────────────
    ..\test-results\animations-animations-Anim-afc10-er-effects-on-feature-cards-Mobile-Chrome\test-failed-1.png
    ────────────────────────────────────────────────────────────────────────────────────────────────

    attachment #2: video (video/webm) ──────────────────────────────────────────────────────────────
    ..\test-results\animations-animations-Anim-afc10-er-effects-on-feature-cards-Mobile-Chrome\video.webm
    ────────────────────────────────────────────────────────────────────────────────────────────────

    Error Context: ..\test-results\animations-animations-Anim-afc10-er-effects-on-feature-cards-Mobile-Chrome\error-context.md
]]>
</failure>
<system-out>
<![CDATA[
[[ATTACHMENT|test-results\animations-animations-Anim-afc10-er-effects-on-feature-cards-Mobile-Chrome\test-failed-1.png]]

[[ATTACHMENT|test-results\animations-animations-Anim-afc10-er-effects-on-feature-cards-Mobile-Chrome\video.webm]]

[[ATTACHMENT|test-results\animations-animations-Anim-afc10-er-effects-on-feature-cards-Mobile-Chrome\error-context.md]]
]]>
</system-out>
</testcase>
<testcase name="Animation and Interaction Effects › Hover Effects › should show hover effects on statistics items" classname="animations\animations.spec.ts" time="13.372">
<failure message="animations.spec.ts:261:9 should show hover effects on statistics items" type="FAILURE">
<![CDATA[  [Mobile Chrome] › animations\animations.spec.ts:261:9 › Animation and Interaction Effects › Hover Effects › should show hover effects on statistics items 

    TimeoutError: locator.hover: Timeout 10000ms exceeded.
    Call log:
      - waiting for locator('.stat-item').first()
        - locator resolved to <div class="stat-item" data-v-fae5bece="">…</div>
      - attempting hover action
        2 × waiting for element to be visible and stable
          - element is visible and stable
          - scrolling into view if needed
          - done scrolling
          - <iframe src="about:blank" id="webpack-dev-server-client-overlay"></iframe> intercepts pointer events
        - retrying hover action
        - waiting 20ms
        2 × waiting for element to be visible and stable
          - element is not stable
        - retrying hover action
          - waiting 100ms
        18 × waiting for element to be visible and stable
           - element is visible and stable
           - scrolling into view if needed
           - done scrolling
           - <iframe src="about:blank" id="webpack-dev-server-client-overlay"></iframe> intercepts pointer events
         - retrying hover action
           - waiting 500ms


      272 |
      273 |       // 执行悬停
    > 274 |       await statItem.hover();
          |                      ^
      275 |       await page.waitForTimeout(300);
      276 |
      277 |       // 悬停后的状态
        at C:\Users\Joe\SynologyDrive\codes\有声小说\frontend\tests\animations\animations.spec.ts:274:22

    attachment #1: screenshot (image/png) ──────────────────────────────────────────────────────────
    ..\test-results\animations-animations-Anim-fa189-effects-on-statistics-items-Mobile-Chrome\test-failed-1.png
    ────────────────────────────────────────────────────────────────────────────────────────────────

    attachment #2: video (video/webm) ──────────────────────────────────────────────────────────────
    ..\test-results\animations-animations-Anim-fa189-effects-on-statistics-items-Mobile-Chrome\video.webm
    ────────────────────────────────────────────────────────────────────────────────────────────────

    Error Context: ..\test-results\animations-animations-Anim-fa189-effects-on-statistics-items-Mobile-Chrome\error-context.md
]]>
</failure>
<system-out>
<![CDATA[
[[ATTACHMENT|test-results\animations-animations-Anim-fa189-effects-on-statistics-items-Mobile-Chrome\test-failed-1.png]]

[[ATTACHMENT|test-results\animations-animations-Anim-fa189-effects-on-statistics-items-Mobile-Chrome\video.webm]]

[[ATTACHMENT|test-results\animations-animations-Anim-fa189-effects-on-statistics-items-Mobile-Chrome\error-context.md]]
]]>
</system-out>
</testcase>
<testcase name="Animation and Interaction Effects › Hover Effects › should show hover effects on workflow steps" classname="animations\animations.spec.ts" time="13.865">
<failure message="animations.spec.ts:292:9 should show hover effects on workflow steps" type="FAILURE">
<![CDATA[  [Mobile Chrome] › animations\animations.spec.ts:292:9 › Animation and Interaction Effects › Hover Effects › should show hover effects on workflow steps 

    TimeoutError: locator.hover: Timeout 10000ms exceeded.
    Call log:
      - waiting for locator('.workflow-step .step-content').first()
        - locator resolved to <div data-v-fae5bece="" class="step-content">…</div>
      - attempting hover action
        2 × waiting for element to be visible and stable
          - element is visible and stable
          - scrolling into view if needed
          - done scrolling
          - <iframe src="about:blank" id="webpack-dev-server-client-overlay"></iframe> intercepts pointer events
        - retrying hover action
        - waiting 20ms
        2 × waiting for element to be visible and stable
          - element is not stable
        - retrying hover action
          - waiting 100ms
        18 × waiting for element to be visible and stable
           - element is visible and stable
           - scrolling into view if needed
           - done scrolling
           - <iframe src="about:blank" id="webpack-dev-server-client-overlay"></iframe> intercepts pointer events
         - retrying hover action
           - waiting 500ms


      303 |
      304 |       // 执行悬停
    > 305 |       await stepContent.hover();
          |                         ^
      306 |       await page.waitForTimeout(300);
      307 |
      308 |       // 悬停后的状态
        at C:\Users\Joe\SynologyDrive\codes\有声小说\frontend\tests\animations\animations.spec.ts:305:25

    attachment #1: screenshot (image/png) ──────────────────────────────────────────────────────────
    ..\test-results\animations-animations-Anim-17ecc-r-effects-on-workflow-steps-Mobile-Chrome\test-failed-1.png
    ────────────────────────────────────────────────────────────────────────────────────────────────

    attachment #2: video (video/webm) ──────────────────────────────────────────────────────────────
    ..\test-results\animations-animations-Anim-17ecc-r-effects-on-workflow-steps-Mobile-Chrome\video.webm
    ────────────────────────────────────────────────────────────────────────────────────────────────

    Error Context: ..\test-results\animations-animations-Anim-17ecc-r-effects-on-workflow-steps-Mobile-Chrome\error-context.md
]]>
</failure>
<system-out>
<![CDATA[
[[ATTACHMENT|test-results\animations-animations-Anim-17ecc-r-effects-on-workflow-steps-Mobile-Chrome\test-failed-1.png]]

[[ATTACHMENT|test-results\animations-animations-Anim-17ecc-r-effects-on-workflow-steps-Mobile-Chrome\video.webm]]

[[ATTACHMENT|test-results\animations-animations-Anim-17ecc-r-effects-on-workflow-steps-Mobile-Chrome\error-context.md]]
]]>
</system-out>
</testcase>
<testcase name="Animation and Interaction Effects › Transition Effects › should have smooth transitions on interactive elements" classname="animations\animations.spec.ts" time="3.628">
</testcase>
<testcase name="Animation and Interaction Effects › Transition Effects › should animate badge glow effect" classname="animations\animations.spec.ts" time="3.042">
</testcase>
<testcase name="Animation and Interaction Effects › Transition Effects › should animate title accent color" classname="animations\animations.spec.ts" time="3.227">
</testcase>
<testcase name="Animation and Interaction Effects › Transition Effects › should animate sound ring pulse" classname="animations\animations.spec.ts" time="3.315">
</testcase>
<testcase name="Animation and Interaction Effects › Animation Performance › should maintain 60fps on animations" classname="animations\animations.spec.ts" time="8.163">
</testcase>
<testcase name="Animation and Interaction Effects › Animation Performance › should not block main thread during animations" classname="animations\animations.spec.ts" time="12.793">
<failure message="animations.spec.ts:437:9 should not block main thread during animations" type="FAILURE">
<![CDATA[  [Mobile Chrome] › animations\animations.spec.ts:437:9 › Animation and Interaction Effects › Animation Performance › should not block main thread during animations 

    TimeoutError: page.hover: Timeout 10000ms exceeded.
    Call log:
      - waiting for locator('.feature-card')
        - locator resolved to 6 elements. Proceeding with the first one: <div data-v-fae5bece="" class="feature-card">…</div>
      - attempting hover action
        2 × waiting for element to be visible and stable
          - element is visible and stable
          - scrolling into view if needed
          - done scrolling
          - <iframe src="about:blank" id="webpack-dev-server-client-overlay"></iframe> intercepts pointer events
        - retrying hover action
        - waiting 20ms
        2 × waiting for element to be visible and stable
          - element is not stable
        - retrying hover action
          - waiting 100ms
        18 × waiting for element to be visible and stable
           - element is visible and stable
           - scrolling into view if needed
           - done scrolling
           - <iframe src="about:blank" id="webpack-dev-server-client-overlay"></iframe> intercepts pointer events
         - retrying hover action
           - waiting 500ms


      440 |
      441 |       // 触发一些动画
    > 442 |       await page.hover('.feature-card');
          |                  ^
      443 |       await page.hover('.action-btn.primary');
      444 |       await page.hover('.nav-item');
      445 |
        at C:\Users\Joe\SynologyDrive\codes\有声小说\frontend\tests\animations\animations.spec.ts:442:18

    attachment #1: screenshot (image/png) ──────────────────────────────────────────────────────────
    ..\test-results\animations-animations-Anim-ddd44-in-thread-during-animations-Mobile-Chrome\test-failed-1.png
    ────────────────────────────────────────────────────────────────────────────────────────────────

    attachment #2: video (video/webm) ──────────────────────────────────────────────────────────────
    ..\test-results\animations-animations-Anim-ddd44-in-thread-during-animations-Mobile-Chrome\video.webm
    ────────────────────────────────────────────────────────────────────────────────────────────────

    Error Context: ..\test-results\animations-animations-Anim-ddd44-in-thread-during-animations-Mobile-Chrome\error-context.md
]]>
</failure>
<system-out>
<![CDATA[
[[ATTACHMENT|test-results\animations-animations-Anim-ddd44-in-thread-during-animations-Mobile-Chrome\test-failed-1.png]]

[[ATTACHMENT|test-results\animations-animations-Anim-ddd44-in-thread-during-animations-Mobile-Chrome\video.webm]]

[[ATTACHMENT|test-results\animations-animations-Anim-ddd44-in-thread-during-animations-Mobile-Chrome\error-context.md]]
]]>
</system-out>
</testcase>
<testcase name="Animation and Interaction Effects › Animation Performance › should handle animation interruptions gracefully" classname="animations\animations.spec.ts" time="12.853">
<failure message="animations.spec.ts:452:9 should handle animation interruptions gracefully" type="FAILURE">
<![CDATA[  [Mobile Chrome] › animations\animations.spec.ts:452:9 › Animation and Interaction Effects › Animation Performance › should handle animation interruptions gracefully 

    TimeoutError: locator.hover: Timeout 10000ms exceeded.
    Call log:
      - waiting for locator('.feature-card').first()
        - locator resolved to <div data-v-fae5bece="" class="feature-card">…</div>
      - attempting hover action
        2 × waiting for element to be visible and stable
          - element is visible and stable
          - scrolling into view if needed
          - done scrolling
          - <iframe src="about:blank" id="webpack-dev-server-client-overlay"></iframe> intercepts pointer events
        - retrying hover action
        - waiting 20ms
        - waiting for element to be visible and stable
        - element is visible and stable
        - scrolling into view if needed
        - done scrolling
        - <iframe src="about:blank" id="webpack-dev-server-client-overlay"></iframe> intercepts pointer events
      - retrying hover action
        - waiting 100ms
        - waiting for element to be visible and stable
        - element is not stable
      - retrying hover action
        - waiting 100ms
        18 × waiting for element to be visible and stable
           - element is visible and stable
           - scrolling into view if needed
           - done scrolling
           - <iframe src="about:blank" id="webpack-dev-server-client-overlay"></iframe> intercepts pointer events
         - retrying hover action
           - waiting 500ms


      454 |
      455 |       // 快速移动鼠标，测试动画中断
    > 456 |       await featureCard.hover();
          |                         ^
      457 |       await page.waitForTimeout(50);
      458 |       await page.hover('.feature-card').nth(1);
      459 |       await page.waitForTimeout(50);
        at C:\Users\Joe\SynologyDrive\codes\有声小说\frontend\tests\animations\animations.spec.ts:456:25

    attachment #1: screenshot (image/png) ──────────────────────────────────────────────────────────
    ..\test-results\animations-animations-Anim-2d85b-on-interruptions-gracefully-Mobile-Chrome\test-failed-1.png
    ────────────────────────────────────────────────────────────────────────────────────────────────

    attachment #2: video (video/webm) ──────────────────────────────────────────────────────────────
    ..\test-results\animations-animations-Anim-2d85b-on-interruptions-gracefully-Mobile-Chrome\video.webm
    ────────────────────────────────────────────────────────────────────────────────────────────────

    Error Context: ..\test-results\animations-animations-Anim-2d85b-on-interruptions-gracefully-Mobile-Chrome\error-context.md
]]>
</failure>
<system-out>
<![CDATA[
[[ATTACHMENT|test-results\animations-animations-Anim-2d85b-on-interruptions-gracefully-Mobile-Chrome\test-failed-1.png]]

[[ATTACHMENT|test-results\animations-animations-Anim-2d85b-on-interruptions-gracefully-Mobile-Chrome\video.webm]]

[[ATTACHMENT|test-results\animations-animations-Anim-2d85b-on-interruptions-gracefully-Mobile-Chrome\error-context.md]]
]]>
</system-out>
</testcase>
<testcase name="Animation and Interaction Effects › Reduced Motion Support › should respect prefers-reduced-motion setting" classname="animations\animations.spec.ts" time="5.11">
<failure message="animations.spec.ts:470:9 should respect prefers-reduced-motion setting" type="FAILURE">
<![CDATA[  [Mobile Chrome] › animations\animations.spec.ts:470:9 › Animation and Interaction Effects › Reduced Motion Support › should respect prefers-reduced-motion setting 

    Error: expect(received).toBe(expected) // Object.is equality

    Expected: true
    Received: false

      493 |
      494 |           // 动画应该被禁用或设置为none
    > 495 |           expect(animation === 'none' || animation === '').toBe(true);
          |                                                            ^
      496 |         }
      497 |       }
      498 |     });
        at C:\Users\Joe\SynologyDrive\codes\有声小说\frontend\tests\animations\animations.spec.ts:495:60

    attachment #1: screenshot (image/png) ──────────────────────────────────────────────────────────
    ..\test-results\animations-animations-Anim-1bccd-fers-reduced-motion-setting-Mobile-Chrome\test-failed-1.png
    ────────────────────────────────────────────────────────────────────────────────────────────────

    attachment #2: video (video/webm) ──────────────────────────────────────────────────────────────
    ..\test-results\animations-animations-Anim-1bccd-fers-reduced-motion-setting-Mobile-Chrome\video.webm
    ────────────────────────────────────────────────────────────────────────────────────────────────

    Error Context: ..\test-results\animations-animations-Anim-1bccd-fers-reduced-motion-setting-Mobile-Chrome\error-context.md
]]>
</failure>
<system-out>
<![CDATA[
[[ATTACHMENT|test-results\animations-animations-Anim-1bccd-fers-reduced-motion-setting-Mobile-Chrome\test-failed-1.png]]

[[ATTACHMENT|test-results\animations-animations-Anim-1bccd-fers-reduced-motion-setting-Mobile-Chrome\video.webm]]

[[ATTACHMENT|test-results\animations-animations-Anim-1bccd-fers-reduced-motion-setting-Mobile-Chrome\error-context.md]]
]]>
</system-out>
</testcase>
<testcase name="Animation and Interaction Effects › Animation Accessibility › should have sufficient color contrast during animations" classname="animations\animations.spec.ts" time="3.784">
</testcase>
<testcase name="Animation and Interaction Effects › Animation Accessibility › should not cause motion sickness" classname="animations\animations.spec.ts" time="3.593">
<failure message="animations.spec.ts:526:9 should not cause motion sickness" type="FAILURE">
<![CDATA[  [Mobile Chrome] › animations\animations.spec.ts:526:9 › Animation and Interaction Effects › Animation Accessibility › should not cause motion sickness 

    Error: expect(received).toBe(expected) // Object.is equality

    Expected: 0
    Received: 1

      548 |
      549 |       // 应该没有可能引起眩晕的旋转动画
    > 550 |       expect(animations.length).toBe(0);
          |                                 ^
      551 |     });
      552 |   });
      553 | });
        at C:\Users\Joe\SynologyDrive\codes\有声小说\frontend\tests\animations\animations.spec.ts:550:33

    attachment #1: screenshot (image/png) ──────────────────────────────────────────────────────────
    ..\test-results\animations-animations-Anim-0db1d-d-not-cause-motion-sickness-Mobile-Chrome\test-failed-1.png
    ────────────────────────────────────────────────────────────────────────────────────────────────

    attachment #2: video (video/webm) ──────────────────────────────────────────────────────────────
    ..\test-results\animations-animations-Anim-0db1d-d-not-cause-motion-sickness-Mobile-Chrome\video.webm
    ────────────────────────────────────────────────────────────────────────────────────────────────

    Error Context: ..\test-results\animations-animations-Anim-0db1d-d-not-cause-motion-sickness-Mobile-Chrome\error-context.md
]]>
</failure>
<system-out>
<![CDATA[
[[ATTACHMENT|test-results\animations-animations-Anim-0db1d-d-not-cause-motion-sickness-Mobile-Chrome\test-failed-1.png]]

[[ATTACHMENT|test-results\animations-animations-Anim-0db1d-d-not-cause-motion-sickness-Mobile-Chrome\video.webm]]

[[ATTACHMENT|test-results\animations-animations-Anim-0db1d-d-not-cause-motion-sickness-Mobile-Chrome\error-context.md]]
]]>
</system-out>
</testcase>
</testsuite>
<testsuite name="navigation\navigation.spec.ts" timestamp="2025-12-01T08:52:23.342Z" hostname="Mobile Chrome" tests="17" failures="8" skipped="0" time="112.655" errors="0">
<testcase name="Navigation System › should display main navigation with all menu items" classname="navigation\navigation.spec.ts" time="2.664">
</testcase>
<testcase name="Navigation System › should display brand section with correct elements" classname="navigation\navigation.spec.ts" time="2.731">
</testcase>
<testcase name="Navigation System › should have active state indicators for current page" classname="navigation\navigation.spec.ts" time="2.743">
</testcase>
<testcase name="Navigation System › should navigate correctly when clicking navigation items" classname="navigation\navigation.spec.ts" time="13.021">
<failure message="navigation.spec.ts:70:7 should navigate correctly when clicking navigation items" type="FAILURE">
<![CDATA[  [Mobile Chrome] › navigation\navigation.spec.ts:70:7 › Navigation System › should navigate correctly when clicking navigation items 

    TimeoutError: locator.click: Timeout 10000ms exceeded.
    Call log:
      - waiting for locator('.nav-item').first()
        - locator resolved to <a href="/" data-text="首页" aria-current="page" class="router-link-active router-link-exact-active nav-item">…</a>
      - attempting click action
        2 × waiting for element to be visible, enabled and stable
          - element is visible, enabled and stable
          - scrolling into view if needed
          - done scrolling
          - <iframe src="about:blank" id="webpack-dev-server-client-overlay"></iframe> intercepts pointer events
        - retrying click action
        - waiting 20ms
        2 × waiting for element to be visible, enabled and stable
          - element is visible, enabled and stable
          - scrolling into view if needed
          - done scrolling
          - <iframe src="about:blank" id="webpack-dev-server-client-overlay"></iframe> intercepts pointer events
        - retrying click action
          - waiting 100ms
        - waiting for element to be visible, enabled and stable
        - element is not stable
      16 × retrying click action
           - waiting 500ms
           - waiting for element to be visible, enabled and stable
           - element is visible, enabled and stable
           - scrolling into view if needed
           - done scrolling
           - <iframe src="about:blank" id="webpack-dev-server-client-overlay"></iframe> intercepts pointer events
      - retrying click action
        - waiting 500ms


      74 |     for (let i = 0; i < navRoutes.length; i++) {
      75 |       await page.goto('/'); // 每次从首页开始
    > 76 |       await navItems.nth(i).click();
         |                             ^
      77 |
      78 |       // 等待导航完成
      79 |       await page.waitForTimeout(1000);
        at C:\Users\Joe\SynologyDrive\codes\有声小说\frontend\tests\navigation\navigation.spec.ts:76:29

    attachment #1: screenshot (image/png) ──────────────────────────────────────────────────────────
    ..\test-results\navigation-navigation-Navi-60a0f-n-clicking-navigation-items-Mobile-Chrome\test-failed-1.png
    ────────────────────────────────────────────────────────────────────────────────────────────────

    attachment #2: video (video/webm) ──────────────────────────────────────────────────────────────
    ..\test-results\navigation-navigation-Navi-60a0f-n-clicking-navigation-items-Mobile-Chrome\video.webm
    ────────────────────────────────────────────────────────────────────────────────────────────────

    Error Context: ..\test-results\navigation-navigation-Navi-60a0f-n-clicking-navigation-items-Mobile-Chrome\error-context.md
]]>
</failure>
<system-out>
<![CDATA[
[[ATTACHMENT|test-results\navigation-navigation-Navi-60a0f-n-clicking-navigation-items-Mobile-Chrome\test-failed-1.png]]

[[ATTACHMENT|test-results\navigation-navigation-Navi-60a0f-n-clicking-navigation-items-Mobile-Chrome\video.webm]]

[[ATTACHMENT|test-results\navigation-navigation-Navi-60a0f-n-clicking-navigation-items-Mobile-Chrome\error-context.md]]
]]>
</system-out>
</testcase>
<testcase name="Navigation System › should show hover effects on navigation items" classname="navigation\navigation.spec.ts" time="12.688">
<failure message="navigation.spec.ts:86:7 should show hover effects on navigation items" type="FAILURE">
<![CDATA[  [Mobile Chrome] › navigation\navigation.spec.ts:86:7 › Navigation System › should show hover effects on navigation items 

    TimeoutError: locator.hover: Timeout 10000ms exceeded.
    Call log:
      - waiting for locator('.nav-item').nth(1)
        - locator resolved to <a href="/models" class="nav-item" data-text="AI模型">…</a>
      - attempting hover action
        2 × waiting for element to be visible and stable
          - element is visible and stable
          - scrolling into view if needed
          - done scrolling
          - <iframe src="about:blank" id="webpack-dev-server-client-overlay"></iframe> intercepts pointer events
        - retrying hover action
        - waiting 20ms
        2 × waiting for element to be visible and stable
          - element is visible and stable
          - scrolling into view if needed
          - done scrolling
          - <iframe src="about:blank" id="webpack-dev-server-client-overlay"></iframe> intercepts pointer events
        - retrying hover action
          - waiting 100ms
        - waiting for element to be visible and stable
        - element is not stable
      17 × retrying hover action
           - waiting 500ms
           - waiting for element to be visible and stable
           - element is visible and stable
           - scrolling into view if needed
           - done scrolling
           - <iframe src="about:blank" id="webpack-dev-server-client-overlay"></iframe> intercepts pointer events
      - retrying hover action
        - waiting 500ms


      91 |
      92 |     // 执行悬停
    > 93 |     await navItem.hover();
         |                   ^
      94 |
      95 |     // 检查悬停效果（通过CSS变换或背景变化）
      96 |     const computedStyle = await navItem.evaluate((el) => {
        at C:\Users\Joe\SynologyDrive\codes\有声小说\frontend\tests\navigation\navigation.spec.ts:93:19

    attachment #1: screenshot (image/png) ──────────────────────────────────────────────────────────
    ..\test-results\navigation-navigation-Navi-c7428-effects-on-navigation-items-Mobile-Chrome\test-failed-1.png
    ────────────────────────────────────────────────────────────────────────────────────────────────

    attachment #2: video (video/webm) ──────────────────────────────────────────────────────────────
    ..\test-results\navigation-navigation-Navi-c7428-effects-on-navigation-items-Mobile-Chrome\video.webm
    ────────────────────────────────────────────────────────────────────────────────────────────────

    Error Context: ..\test-results\navigation-navigation-Navi-c7428-effects-on-navigation-items-Mobile-Chrome\error-context.md
]]>
</failure>
<system-out>
<![CDATA[
[[ATTACHMENT|test-results\navigation-navigation-Navi-c7428-effects-on-navigation-items-Mobile-Chrome\test-failed-1.png]]

[[ATTACHMENT|test-results\navigation-navigation-Navi-c7428-effects-on-navigation-items-Mobile-Chrome\video.webm]]

[[ATTACHMENT|test-results\navigation-navigation-Navi-c7428-effects-on-navigation-items-Mobile-Chrome\error-context.md]]
]]>
</system-out>
</testcase>
<testcase name="Navigation System › should display footer with correct content" classname="navigation\navigation.spec.ts" time="3.141">
<failure message="navigation.spec.ts:107:7 should display footer with correct content" type="FAILURE">
<![CDATA[  [Mobile Chrome] › navigation\navigation.spec.ts:107:7 › Navigation System › should display footer with correct content 

    Error: expect(locator).toContainText(expected) failed

    Locator: locator('.footer-info').locator('p')
    Expected substring: "© 2025 SoundStory AI"
    Error: strict mode violation: locator('.footer-info').locator('p') resolved to 2 elements:
        1) <p>© 2025 SoundStory AI - 声波叙事平台</p> aka getByText('© 2025 SoundStory AI - 声波叙事平台')
        2) <p class="footer-motto">让每一个故事都有独特的声音</p> aka getByText('让每一个故事都有独特的声音', { exact: true })

    Call log:
      - Expect "toContainText" with timeout 5000ms
      - waiting for locator('.footer-info').locator('p')


      113 |     const footerInfo = page.locator('.footer-info');
      114 |     await expect(footerInfo).toBeVisible();
    > 115 |     await expect(footerInfo.locator('p')).toContainText('© 2025 SoundStory AI');
          |                                           ^
      116 |
      117 |     // 检查页脚链接
      118 |     const footerLinks = page.locator('.footer-links');
        at C:\Users\Joe\SynologyDrive\codes\有声小说\frontend\tests\navigation\navigation.spec.ts:115:43

    attachment #1: screenshot (image/png) ──────────────────────────────────────────────────────────
    ..\test-results\navigation-navigation-Navi-ed007-footer-with-correct-content-Mobile-Chrome\test-failed-1.png
    ────────────────────────────────────────────────────────────────────────────────────────────────

    attachment #2: video (video/webm) ──────────────────────────────────────────────────────────────
    ..\test-results\navigation-navigation-Navi-ed007-footer-with-correct-content-Mobile-Chrome\video.webm
    ────────────────────────────────────────────────────────────────────────────────────────────────

    Error Context: ..\test-results\navigation-navigation-Navi-ed007-footer-with-correct-content-Mobile-Chrome\error-context.md
]]>
</failure>
<system-out>
<![CDATA[
[[ATTACHMENT|test-results\navigation-navigation-Navi-ed007-footer-with-correct-content-Mobile-Chrome\test-failed-1.png]]

[[ATTACHMENT|test-results\navigation-navigation-Navi-ed007-footer-with-correct-content-Mobile-Chrome\video.webm]]

[[ATTACHMENT|test-results\navigation-navigation-Navi-ed007-footer-with-correct-content-Mobile-Chrome\error-context.md]]
]]>
</system-out>
</testcase>
<testcase name="Navigation System › should handle navigation with browser back/forward buttons" classname="navigation\navigation.spec.ts" time="12.844">
<failure message="navigation.spec.ts:123:7 should handle navigation with browser back/forward buttons" type="FAILURE">
<![CDATA[  [Mobile Chrome] › navigation\navigation.spec.ts:123:7 › Navigation System › should handle navigation with browser back/forward buttons 

    TimeoutError: page.click: Timeout 10000ms exceeded.
    Call log:
      - waiting for locator('.nav-item').locator('text=模型配置')
        - locator resolved to <span class="nav-text">模型配置</span>
      - attempting click action
        2 × waiting for element to be visible, enabled and stable
          - element is visible, enabled and stable
          - scrolling into view if needed
          - done scrolling
          - <iframe src="about:blank" id="webpack-dev-server-client-overlay"></iframe> intercepts pointer events
        - retrying click action
        - waiting 20ms
        2 × waiting for element to be visible, enabled and stable
          - element is visible, enabled and stable
          - scrolling into view if needed
          - done scrolling
          - <iframe src="about:blank" id="webpack-dev-server-client-overlay"></iframe> intercepts pointer events
        - retrying click action
          - waiting 100ms
        - waiting for element to be visible, enabled and stable
        - element is not stable
      16 × retrying click action
           - waiting 500ms
           - waiting for element to be visible, enabled and stable
           - element is visible, enabled and stable
           - scrolling into view if needed
           - done scrolling
           - <iframe src="about:blank" id="webpack-dev-server-client-overlay"></iframe> intercepts pointer events
      - retrying click action
        - waiting 500ms
        - waiting for element to be visible, enabled and stable


      123 |   test('should handle navigation with browser back/forward buttons', async ({ page }) => {
      124 |     // 导航到不同页面
    > 125 |     await page.click('.nav-item >> text=模型配置');
          |                ^
      126 |     await page.waitForURL('**/models');
      127 |
      128 |     await page.click('.nav-item >> text=小说生成');
        at C:\Users\Joe\SynologyDrive\codes\有声小说\frontend\tests\navigation\navigation.spec.ts:125:16

    attachment #1: screenshot (image/png) ──────────────────────────────────────────────────────────
    ..\test-results\navigation-navigation-Navi-3e16f-rowser-back-forward-buttons-Mobile-Chrome\test-failed-1.png
    ────────────────────────────────────────────────────────────────────────────────────────────────

    attachment #2: video (video/webm) ──────────────────────────────────────────────────────────────
    ..\test-results\navigation-navigation-Navi-3e16f-rowser-back-forward-buttons-Mobile-Chrome\video.webm
    ────────────────────────────────────────────────────────────────────────────────────────────────

    Error Context: ..\test-results\navigation-navigation-Navi-3e16f-rowser-back-forward-buttons-Mobile-Chrome\error-context.md
]]>
</failure>
<system-out>
<![CDATA[
[[ATTACHMENT|test-results\navigation-navigation-Navi-3e16f-rowser-back-forward-buttons-Mobile-Chrome\test-failed-1.png]]

[[ATTACHMENT|test-results\navigation-navigation-Navi-3e16f-rowser-back-forward-buttons-Mobile-Chrome\video.webm]]

[[ATTACHMENT|test-results\navigation-navigation-Navi-3e16f-rowser-back-forward-buttons-Mobile-Chrome\error-context.md]]
]]>
</system-out>
</testcase>
<testcase name="Navigation System › should maintain navigation state on page refresh" classname="navigation\navigation.spec.ts" time="12.169">
<failure message="navigation.spec.ts:142:7 should maintain navigation state on page refresh" type="FAILURE">
<![CDATA[  [Mobile Chrome] › navigation\navigation.spec.ts:142:7 › Navigation System › should maintain navigation state on page refresh 

    TimeoutError: page.click: Timeout 10000ms exceeded.
    Call log:
      - waiting for locator('.nav-item').locator('text=语音合成')
        - locator resolved to <span class="nav-text">语音合成</span>
      - attempting click action
        2 × waiting for element to be visible, enabled and stable
          - element is visible, enabled and stable
          - scrolling into view if needed
          - done scrolling
          - <iframe src="about:blank" id="webpack-dev-server-client-overlay"></iframe> intercepts pointer events
        - retrying click action
        - waiting 20ms
        2 × waiting for element to be visible, enabled and stable
          - element is visible, enabled and stable
          - scrolling into view if needed
          - done scrolling
          - <iframe src="about:blank" id="webpack-dev-server-client-overlay"></iframe> intercepts pointer events
        - retrying click action
          - waiting 100ms
        - waiting for element to be visible, enabled and stable
        - element is not stable
      16 × retrying click action
           - waiting 500ms
           - waiting for element to be visible, enabled and stable
           - element is visible, enabled and stable
           - scrolling into view if needed
           - done scrolling
           - <iframe src="about:blank" id="webpack-dev-server-client-overlay"></iframe> intercepts pointer events
      - retrying click action
        - waiting 500ms


      142 |   test('should maintain navigation state on page refresh', async ({ page }) => {
      143 |     // 导航到特定页面
    > 144 |     await page.click('.nav-item >> text=语音合成');
          |                ^
      145 |     await page.waitForURL('**/tts');
      146 |
      147 |     // 刷新页面
        at C:\Users\Joe\SynologyDrive\codes\有声小说\frontend\tests\navigation\navigation.spec.ts:144:16

    attachment #1: screenshot (image/png) ──────────────────────────────────────────────────────────
    ..\test-results\navigation-navigation-Navi-dca1d-ation-state-on-page-refresh-Mobile-Chrome\test-failed-1.png
    ────────────────────────────────────────────────────────────────────────────────────────────────

    attachment #2: video (video/webm) ──────────────────────────────────────────────────────────────
    ..\test-results\navigation-navigation-Navi-dca1d-ation-state-on-page-refresh-Mobile-Chrome\video.webm
    ────────────────────────────────────────────────────────────────────────────────────────────────

    Error Context: ..\test-results\navigation-navigation-Navi-dca1d-ation-state-on-page-refresh-Mobile-Chrome\error-context.md
]]>
</failure>
<system-out>
<![CDATA[
[[ATTACHMENT|test-results\navigation-navigation-Navi-dca1d-ation-state-on-page-refresh-Mobile-Chrome\test-failed-1.png]]

[[ATTACHMENT|test-results\navigation-navigation-Navi-dca1d-ation-state-on-page-refresh-Mobile-Chrome\video.webm]]

[[ATTACHMENT|test-results\navigation-navigation-Navi-dca1d-ation-state-on-page-refresh-Mobile-Chrome\error-context.md]]
]]>
</system-out>
</testcase>
<testcase name="Navigation Accessibility › should be keyboard navigable" classname="navigation\navigation.spec.ts" time="3.181">
</testcase>
<testcase name="Navigation Accessibility › should have proper ARIA labels" classname="navigation\navigation.spec.ts" time="3.128">
</testcase>
<testcase name="Navigation Accessibility › should have sufficient color contrast" classname="navigation\navigation.spec.ts" time="3.638">
</testcase>
<testcase name="Navigation Responsive Design › should adapt to mobile viewport" classname="navigation\navigation.spec.ts" time="3.621">
</testcase>
<testcase name="Navigation Responsive Design › should adapt to tablet viewport" classname="navigation\navigation.spec.ts" time="3.925">
</testcase>
<testcase name="Navigation Responsive Design › should handle viewport orientation changes" classname="navigation\navigation.spec.ts" time="13.56">
<failure message="navigation.spec.ts:260:7 should handle viewport orientation changes" type="FAILURE">
<![CDATA[  [Mobile Chrome] › navigation\navigation.spec.ts:260:7 › Navigation Responsive Design › should handle viewport orientation changes 

    TimeoutError: page.click: Timeout 10000ms exceeded.
    Call log:
      - waiting for locator('.nav-item').locator('text=首页')
        - locator resolved to <span class="nav-text">首页</span>
      - attempting click action
        2 × waiting for element to be visible, enabled and stable
          - element is visible, enabled and stable
          - scrolling into view if needed
          - done scrolling
          - <iframe src="about:blank" id="webpack-dev-server-client-overlay"></iframe> intercepts pointer events
        - retrying click action
        - waiting 20ms
        2 × waiting for element to be visible, enabled and stable
          - element is visible, enabled and stable
          - scrolling into view if needed
          - done scrolling
          - <iframe src="about:blank" id="webpack-dev-server-client-overlay"></iframe> intercepts pointer events
        - retrying click action
          - waiting 100ms
        - waiting for element to be visible, enabled and stable
        - element is not stable
      16 × retrying click action
           - waiting 500ms
           - waiting for element to be visible, enabled and stable
           - element is visible, enabled and stable
           - scrolling into view if needed
           - done scrolling
           - <iframe src="about:blank" id="webpack-dev-server-client-overlay"></iframe> intercepts pointer events
      - retrying click action
        - waiting 500ms


      272 |
      273 |     // 测试导航功能
    > 274 |     await page.click('.nav-item >> text=首页');
          |                ^
      275 |     await expect(page.url()).toContain('/');
      276 |   });
      277 | });
        at C:\Users\Joe\SynologyDrive\codes\有声小说\frontend\tests\navigation\navigation.spec.ts:274:16

    attachment #1: screenshot (image/png) ──────────────────────────────────────────────────────────
    ..\test-results\navigation-navigation-Navi-a8404-iewport-orientation-changes-Mobile-Chrome\test-failed-1.png
    ────────────────────────────────────────────────────────────────────────────────────────────────

    attachment #2: video (video/webm) ──────────────────────────────────────────────────────────────
    ..\test-results\navigation-navigation-Navi-a8404-iewport-orientation-changes-Mobile-Chrome\video.webm
    ────────────────────────────────────────────────────────────────────────────────────────────────

    Error Context: ..\test-results\navigation-navigation-Navi-a8404-iewport-orientation-changes-Mobile-Chrome\error-context.md
]]>
</failure>
<system-out>
<![CDATA[
[[ATTACHMENT|test-results\navigation-navigation-Navi-a8404-iewport-orientation-changes-Mobile-Chrome\test-failed-1.png]]

[[ATTACHMENT|test-results\navigation-navigation-Navi-a8404-iewport-orientation-changes-Mobile-Chrome\video.webm]]

[[ATTACHMENT|test-results\navigation-navigation-Navi-a8404-iewport-orientation-changes-Mobile-Chrome\error-context.md]]
]]>
</system-out>
</testcase>
<testcase name="Navigation Performance › should load navigation quickly" classname="navigation\navigation.spec.ts" time="2.874">
<failure message="navigation.spec.ts:280:7 should load navigation quickly" type="FAILURE">
<![CDATA[  [Mobile Chrome] › navigation\navigation.spec.ts:280:7 › Navigation Performance › should load navigation quickly 

    Error: expect(received).toBeLessThan(expected)

    Expected: < 1000
    Received:   1547

      285 |
      286 |     // 导航应该在1秒内加载完成
    > 287 |     expect(loadTime).toBeLessThan(1000);
          |                      ^
      288 |   });
      289 |
      290 |   test('should have smooth transitions between pages', async ({ page }) => {
        at C:\Users\Joe\SynologyDrive\codes\有声小说\frontend\tests\navigation\navigation.spec.ts:287:22

    attachment #1: screenshot (image/png) ──────────────────────────────────────────────────────────
    ..\test-results\navigation-navigation-Navi-4bcf8-uld-load-navigation-quickly-Mobile-Chrome\test-failed-1.png
    ────────────────────────────────────────────────────────────────────────────────────────────────

    attachment #2: video (video/webm) ──────────────────────────────────────────────────────────────
    ..\test-results\navigation-navigation-Navi-4bcf8-uld-load-navigation-quickly-Mobile-Chrome\video.webm
    ────────────────────────────────────────────────────────────────────────────────────────────────

    Error Context: ..\test-results\navigation-navigation-Navi-4bcf8-uld-load-navigation-quickly-Mobile-Chrome\error-context.md
]]>
</failure>
<system-out>
<![CDATA[
[[ATTACHMENT|test-results\navigation-navigation-Navi-4bcf8-uld-load-navigation-quickly-Mobile-Chrome\test-failed-1.png]]

[[ATTACHMENT|test-results\navigation-navigation-Navi-4bcf8-uld-load-navigation-quickly-Mobile-Chrome\video.webm]]

[[ATTACHMENT|test-results\navigation-navigation-Navi-4bcf8-uld-load-navigation-quickly-Mobile-Chrome\error-context.md]]
]]>
</system-out>
</testcase>
<testcase name="Navigation Performance › should have smooth transitions between pages" classname="navigation\navigation.spec.ts" time="12.82">
<failure message="navigation.spec.ts:290:7 should have smooth transitions between pages" type="FAILURE">
<![CDATA[  [Mobile Chrome] › navigation\navigation.spec.ts:290:7 › Navigation Performance › should have smooth transitions between pages 

    TimeoutError: page.click: Timeout 10000ms exceeded.
    Call log:
      - waiting for locator('.nav-item').locator('text=模型配置')
        - locator resolved to <span class="nav-text">模型配置</span>
      - attempting click action
        2 × waiting for element to be visible, enabled and stable
          - element is visible, enabled and stable
          - scrolling into view if needed
          - done scrolling
          - <iframe src="about:blank" id="webpack-dev-server-client-overlay"></iframe> intercepts pointer events
        - retrying click action
        - waiting 20ms
        2 × waiting for element to be visible, enabled and stable
          - element is visible, enabled and stable
          - scrolling into view if needed
          - done scrolling
          - <iframe src="about:blank" id="webpack-dev-server-client-overlay"></iframe> intercepts pointer events
        - retrying click action
          - waiting 100ms
        - waiting for element to be visible, enabled and stable
        - element is not stable
      16 × retrying click action
           - waiting 500ms
           - waiting for element to be visible, enabled and stable
           - element is visible, enabled and stable
           - scrolling into view if needed
           - done scrolling
           - <iframe src="about:blank" id="webpack-dev-server-client-overlay"></iframe> intercepts pointer events
      - retrying click action
        - waiting 500ms


      293 |     // 测试页面转换速度
      294 |     const startTime = Date.now();
    > 295 |     await page.click('.nav-item >> text=模型配置');
          |                ^
      296 |     await page.waitForURL('**/models');
      297 |     const navigationTime = Date.now() - startTime;
      298 |
        at C:\Users\Joe\SynologyDrive\codes\有声小说\frontend\tests\navigation\navigation.spec.ts:295:16

    attachment #1: screenshot (image/png) ──────────────────────────────────────────────────────────
    ..\test-results\navigation-navigation-Navi-f4c5b-h-transitions-between-pages-Mobile-Chrome\test-failed-1.png
    ────────────────────────────────────────────────────────────────────────────────────────────────

    attachment #2: video (video/webm) ──────────────────────────────────────────────────────────────
    ..\test-results\navigation-navigation-Navi-f4c5b-h-transitions-between-pages-Mobile-Chrome\video.webm
    ────────────────────────────────────────────────────────────────────────────────────────────────

    Error Context: ..\test-results\navigation-navigation-Navi-f4c5b-h-transitions-between-pages-Mobile-Chrome\error-context.md
]]>
</failure>
<system-out>
<![CDATA[
[[ATTACHMENT|test-results\navigation-navigation-Navi-f4c5b-h-transitions-between-pages-Mobile-Chrome\test-failed-1.png]]

[[ATTACHMENT|test-results\navigation-navigation-Navi-f4c5b-h-transitions-between-pages-Mobile-Chrome\video.webm]]

[[ATTACHMENT|test-results\navigation-navigation-Navi-f4c5b-h-transitions-between-pages-Mobile-Chrome\error-context.md]]
]]>
</system-out>
</testcase>
<testcase name="Navigation Performance › should not cause layout shifts during navigation" classname="navigation\navigation.spec.ts" time="3.907">
</testcase>
</testsuite>
<testsuite name="responsive\responsive-design.spec.ts" timestamp="2025-12-01T08:52:23.342Z" hostname="Mobile Chrome" tests="72" failures="24" skipped="0" time="412.819" errors="0">
<testcase name="Responsive Design Tests › Desktop (1920x1080) › should display navigation correctly" classname="responsive\responsive-design.spec.ts" time="8.062">
<failure message="responsive-design.spec.ts:21:11 should display navigation correctly" type="FAILURE">
<![CDATA[  [Mobile Chrome] › responsive\responsive-design.spec.ts:21:11 › Responsive Design Tests › Desktop (1920x1080) › should display navigation correctly 

    Error: expect(locator).toBeVisible() failed

    Locator: locator('.nav-item')
    Expected: visible
    Error: strict mode violation: locator('.nav-item') resolved to 7 elements:
        1) <a href="/" data-text="首页" aria-current="page" class="router-link-active router-link-exact-active nav-item">…</a> aka getByRole('link', { name: '🏠 首页' })
        2) <a href="/models" class="nav-item" data-text="AI模型">…</a> aka getByRole('link', { name: '🤖 模型配置' })
        3) <a href="/novel" class="nav-item" data-text="小说创作">…</a> aka getByRole('link', { name: '✍️ 小说生成' })
        4) <a href="/analysis" class="nav-item" data-text="角色分析">…</a> aka getByRole('link', { name: '🎭 角色分析' })
        5) <a href="/tts" class="nav-item" data-text="语音合成">…</a> aka getByRole('link', { name: '🎙️ 语音合成' })
        6) <a href="/subtitle" class="nav-item" data-text="字幕生成">…</a> aka getByRole('link', { name: '📝 字幕生成' })
        7) <a href="/output" class="nav-item" data-text="文件输出">…</a> aka getByRole('link', { name: '📦 文件输出' })

    Call log:
      - Expect "toBeVisible" with timeout 5000ms
      - waiting for locator('.nav-item')


      25 |         // 检查导航项是否可见
      26 |         const navItems = page.locator('.nav-item');
    > 27 |         await expect(navItems).toBeVisible();
         |                                ^
      28 |
      29 |         // 在小屏幕上检查导航布局
      30 |         if (device.width <= 768) {
        at C:\Users\Joe\SynologyDrive\codes\有声小说\frontend\tests\responsive\responsive-design.spec.ts:27:32

    attachment #1: video (video/webm) ──────────────────────────────────────────────────────────────
    ..\test-results\responsive-responsive-desi-63ace-isplay-navigation-correctly-Mobile-Chrome\video.webm
    ────────────────────────────────────────────────────────────────────────────────────────────────

    Error Context: ..\test-results\responsive-responsive-desi-63ace-isplay-navigation-correctly-Mobile-Chrome\error-context.md
]]>
</failure>
<system-out>
<![CDATA[
[[ATTACHMENT|test-results\responsive-responsive-desi-63ace-isplay-navigation-correctly-Mobile-Chrome\video.webm]]

[[ATTACHMENT|test-results\responsive-responsive-desi-63ace-isplay-navigation-correctly-Mobile-Chrome\error-context.md]]
]]>
</system-out>
</testcase>
<testcase name="Responsive Design Tests › Desktop (1920x1080) › should display hero section correctly" classname="responsive\responsive-design.spec.ts" time="8.229">
</testcase>
<testcase name="Responsive Design Tests › Desktop (1920x1080) › should display statistics correctly" classname="responsive\responsive-design.spec.ts" time="12.085">
<failure message="responsive-design.spec.ts:73:11 should display statistics correctly" type="FAILURE">
<![CDATA[  [Mobile Chrome] › responsive\responsive-design.spec.ts:73:11 › Responsive Design Tests › Desktop (1920x1080) › should display statistics correctly 

    Error: expect(locator).toHaveCount(expected) failed

    Locator:  locator('.stat-item')
    Expected: 4
    Received: 8
    Timeout:  5000ms

    Call log:
      - Expect "toHaveCount" with timeout 5000ms
      - waiting for locator('.stat-item')
        8 × locator resolved to 8 elements
          - unexpected value "8"


      76 |
      77 |         const statItems = page.locator('.stat-item');
    > 78 |         await expect(statItems).toHaveCount(4);
         |                                 ^
      79 |
      80 |         // 根据屏幕尺寸检查网格布局
      81 |         const gridCols = device.width >= 1024 ? 4 :
        at C:\Users\Joe\SynologyDrive\codes\有声小说\frontend\tests\responsive\responsive-design.spec.ts:78:33

    attachment #1: screenshot (image/png) ──────────────────────────────────────────────────────────
    ..\test-results\responsive-responsive-desi-97a7f-isplay-statistics-correctly-Mobile-Chrome\test-failed-1.png
    ────────────────────────────────────────────────────────────────────────────────────────────────

    attachment #2: video (video/webm) ──────────────────────────────────────────────────────────────
    ..\test-results\responsive-responsive-desi-97a7f-isplay-statistics-correctly-Mobile-Chrome\video.webm
    ────────────────────────────────────────────────────────────────────────────────────────────────

    Error Context: ..\test-results\responsive-responsive-desi-97a7f-isplay-statistics-correctly-Mobile-Chrome\error-context.md
]]>
</failure>
<system-out>
<![CDATA[
[[ATTACHMENT|test-results\responsive-responsive-desi-97a7f-isplay-statistics-correctly-Mobile-Chrome\test-failed-1.png]]

[[ATTACHMENT|test-results\responsive-responsive-desi-97a7f-isplay-statistics-correctly-Mobile-Chrome\video.webm]]

[[ATTACHMENT|test-results\responsive-responsive-desi-97a7f-isplay-statistics-correctly-Mobile-Chrome\error-context.md]]
]]>
</system-out>
</testcase>
<testcase name="Responsive Design Tests › Desktop (1920x1080) › should display features section correctly" classname="responsive\responsive-design.spec.ts" time="8.793">
</testcase>
<testcase name="Responsive Design Tests › Desktop (1920x1080) › should display workflow section correctly" classname="responsive\responsive-design.spec.ts" time="8.309">
</testcase>
<testcase name="Responsive Design Tests › Desktop (1920x1080) › should display action buttons correctly" classname="responsive\responsive-design.spec.ts" time="8.341">
</testcase>
<testcase name="Responsive Design Tests › Desktop (1920x1080) › should handle horizontal scrolling properly" classname="responsive\responsive-design.spec.ts" time="7.774">
</testcase>
<testcase name="Responsive Design Tests › Desktop (1920x1080) › should display text correctly at different sizes" classname="responsive\responsive-design.spec.ts" time="8.806">
</testcase>
<testcase name="Responsive Design Tests › Desktop (1920x1080) › should handle images and media correctly" classname="responsive\responsive-design.spec.ts" time="9.245">
</testcase>
<testcase name="Responsive Design Tests › Desktop (1920x1080) › should maintain accessibility on all screen sizes" classname="responsive\responsive-design.spec.ts" time="9.533">
<failure message="responsive-design.spec.ts:235:11 should maintain accessibility on all screen sizes" type="FAILURE">
<![CDATA[  [Mobile Chrome] › responsive\responsive-design.spec.ts:235:11 › Responsive Design Tests › Desktop (1920x1080) › should maintain accessibility on all screen sizes 

    Error: expect(received).toBeGreaterThanOrEqual(expected)

    Expected: >= 32
    Received:    24

      246 |           if (bounds) {
      247 |             const minSize = device.width <= 768 ? 44 : 32;
    > 248 |             expect(bounds.height).toBeGreaterThanOrEqual(minSize);
          |                                   ^
      249 |             expect(bounds.width).toBeGreaterThanOrEqual(minSize);
      250 |           }
      251 |         }
        at C:\Users\Joe\SynologyDrive\codes\有声小说\frontend\tests\responsive\responsive-design.spec.ts:248:35

    attachment #1: video (video/webm) ──────────────────────────────────────────────────────────────
    ..\test-results\responsive-responsive-desi-b0eb5-ibility-on-all-screen-sizes-Mobile-Chrome\video.webm
    ────────────────────────────────────────────────────────────────────────────────────────────────

    Error Context: ..\test-results\responsive-responsive-desi-b0eb5-ibility-on-all-screen-sizes-Mobile-Chrome\error-context.md
]]>
</failure>
<system-out>
<![CDATA[
[[ATTACHMENT|test-results\responsive-responsive-desi-b0eb5-ibility-on-all-screen-sizes-Mobile-Chrome\video.webm]]

[[ATTACHMENT|test-results\responsive-responsive-desi-b0eb5-ibility-on-all-screen-sizes-Mobile-Chrome\error-context.md]]
]]>
</system-out>
</testcase>
<testcase name="Responsive Design Tests › Desktop (1920x1080) › should handle touch interactions on mobile devices" classname="responsive\responsive-design.spec.ts" time="9.404">
</testcase>
<testcase name="Responsive Design Tests › Laptop (1366x768) › should display navigation correctly" classname="responsive\responsive-design.spec.ts" time="6.429">
<failure message="responsive-design.spec.ts:21:11 should display navigation correctly" type="FAILURE">
<![CDATA[  [Mobile Chrome] › responsive\responsive-design.spec.ts:21:11 › Responsive Design Tests › Laptop (1366x768) › should display navigation correctly 

    Error: expect(locator).toBeVisible() failed

    Locator: locator('.nav-item')
    Expected: visible
    Error: strict mode violation: locator('.nav-item') resolved to 7 elements:
        1) <a href="/" data-text="首页" aria-current="page" class="router-link-active router-link-exact-active nav-item">…</a> aka getByRole('link', { name: '🏠 首页' })
        2) <a href="/models" class="nav-item" data-text="AI模型">…</a> aka getByRole('link', { name: '🤖 模型配置' })
        3) <a href="/novel" class="nav-item" data-text="小说创作">…</a> aka getByRole('link', { name: '✍️ 小说生成' })
        4) <a href="/analysis" class="nav-item" data-text="角色分析">…</a> aka getByRole('link', { name: '🎭 角色分析' })
        5) <a href="/tts" class="nav-item" data-text="语音合成">…</a> aka getByRole('link', { name: '🎙️ 语音合成' })
        6) <a href="/subtitle" class="nav-item" data-text="字幕生成">…</a> aka getByRole('link', { name: '📝 字幕生成' })
        7) <a href="/output" class="nav-item" data-text="文件输出">…</a> aka getByRole('link', { name: '📦 文件输出' })

    Call log:
      - Expect "toBeVisible" with timeout 5000ms
      - waiting for locator('.nav-item')


      25 |         // 检查导航项是否可见
      26 |         const navItems = page.locator('.nav-item');
    > 27 |         await expect(navItems).toBeVisible();
         |                                ^
      28 |
      29 |         // 在小屏幕上检查导航布局
      30 |         if (device.width <= 768) {
        at C:\Users\Joe\SynologyDrive\codes\有声小说\frontend\tests\responsive\responsive-design.spec.ts:27:32

    attachment #1: screenshot (image/png) ──────────────────────────────────────────────────────────
    ..\test-results\responsive-responsive-desi-3bc42-isplay-navigation-correctly-Mobile-Chrome\test-failed-1.png
    ────────────────────────────────────────────────────────────────────────────────────────────────

    attachment #2: video (video/webm) ──────────────────────────────────────────────────────────────
    ..\test-results\responsive-responsive-desi-3bc42-isplay-navigation-correctly-Mobile-Chrome\video.webm
    ────────────────────────────────────────────────────────────────────────────────────────────────

    Error Context: ..\test-results\responsive-responsive-desi-3bc42-isplay-navigation-correctly-Mobile-Chrome\error-context.md
]]>
</failure>
<system-out>
<![CDATA[
[[ATTACHMENT|test-results\responsive-responsive-desi-3bc42-isplay-navigation-correctly-Mobile-Chrome\test-failed-1.png]]

[[ATTACHMENT|test-results\responsive-responsive-desi-3bc42-isplay-navigation-correctly-Mobile-Chrome\video.webm]]

[[ATTACHMENT|test-results\responsive-responsive-desi-3bc42-isplay-navigation-correctly-Mobile-Chrome\error-context.md]]
]]>
</system-out>
</testcase>
<testcase name="Responsive Design Tests › Laptop (1366x768) › should display hero section correctly" classname="responsive\responsive-design.spec.ts" time="6.836">
</testcase>
<testcase name="Responsive Design Tests › Laptop (1366x768) › should display statistics correctly" classname="responsive\responsive-design.spec.ts" time="13.837">
<failure message="responsive-design.spec.ts:73:11 should display statistics correctly" type="FAILURE">
<![CDATA[  [Mobile Chrome] › responsive\responsive-design.spec.ts:73:11 › Responsive Design Tests › Laptop (1366x768) › should display statistics correctly 

    Error: expect(locator).toHaveCount(expected) failed

    Locator:  locator('.stat-item')
    Expected: 4
    Received: 8
    Timeout:  5000ms

    Call log:
      - Expect "toHaveCount" with timeout 5000ms
      - waiting for locator('.stat-item')
        8 × locator resolved to 8 elements
          - unexpected value "8"


      76 |
      77 |         const statItems = page.locator('.stat-item');
    > 78 |         await expect(statItems).toHaveCount(4);
         |                                 ^
      79 |
      80 |         // 根据屏幕尺寸检查网格布局
      81 |         const gridCols = device.width >= 1024 ? 4 :
        at C:\Users\Joe\SynologyDrive\codes\有声小说\frontend\tests\responsive\responsive-design.spec.ts:78:33

    attachment #1: screenshot (image/png) ──────────────────────────────────────────────────────────
    ..\test-results\responsive-responsive-desi-c88fb-isplay-statistics-correctly-Mobile-Chrome\test-failed-1.png
    ────────────────────────────────────────────────────────────────────────────────────────────────

    attachment #2: video (video/webm) ──────────────────────────────────────────────────────────────
    ..\test-results\responsive-responsive-desi-c88fb-isplay-statistics-correctly-Mobile-Chrome\video.webm
    ────────────────────────────────────────────────────────────────────────────────────────────────

    Error Context: ..\test-results\responsive-responsive-desi-c88fb-isplay-statistics-correctly-Mobile-Chrome\error-context.md
]]>
</failure>
<system-out>
<![CDATA[
[[ATTACHMENT|test-results\responsive-responsive-desi-c88fb-isplay-statistics-correctly-Mobile-Chrome\test-failed-1.png]]

[[ATTACHMENT|test-results\responsive-responsive-desi-c88fb-isplay-statistics-correctly-Mobile-Chrome\video.webm]]

[[ATTACHMENT|test-results\responsive-responsive-desi-c88fb-isplay-statistics-correctly-Mobile-Chrome\error-context.md]]
]]>
</system-out>
</testcase>
<testcase name="Responsive Design Tests › Laptop (1366x768) › should display features section correctly" classname="responsive\responsive-design.spec.ts" time="6.996">
</testcase>
<testcase name="Responsive Design Tests › Laptop (1366x768) › should display workflow section correctly" classname="responsive\responsive-design.spec.ts" time="7.247">
</testcase>
<testcase name="Responsive Design Tests › Laptop (1366x768) › should display action buttons correctly" classname="responsive\responsive-design.spec.ts" time="7.099">
</testcase>
<testcase name="Responsive Design Tests › Laptop (1366x768) › should handle horizontal scrolling properly" classname="responsive\responsive-design.spec.ts" time="6.934">
</testcase>
<testcase name="Responsive Design Tests › Laptop (1366x768) › should display text correctly at different sizes" classname="responsive\responsive-design.spec.ts" time="7.743">
</testcase>
<testcase name="Responsive Design Tests › Laptop (1366x768) › should handle images and media correctly" classname="responsive\responsive-design.spec.ts" time="8.828">
</testcase>
<testcase name="Responsive Design Tests › Laptop (1366x768) › should maintain accessibility on all screen sizes" classname="responsive\responsive-design.spec.ts" time="6.506">
<failure message="responsive-design.spec.ts:235:11 should maintain accessibility on all screen sizes" type="FAILURE">
<![CDATA[  [Mobile Chrome] › responsive\responsive-design.spec.ts:235:11 › Responsive Design Tests › Laptop (1366x768) › should maintain accessibility on all screen sizes 

    Error: expect(received).toBeGreaterThanOrEqual(expected)

    Expected: >= 32
    Received:    24

      246 |           if (bounds) {
      247 |             const minSize = device.width <= 768 ? 44 : 32;
    > 248 |             expect(bounds.height).toBeGreaterThanOrEqual(minSize);
          |                                   ^
      249 |             expect(bounds.width).toBeGreaterThanOrEqual(minSize);
      250 |           }
      251 |         }
        at C:\Users\Joe\SynologyDrive\codes\有声小说\frontend\tests\responsive\responsive-design.spec.ts:248:35

    attachment #1: screenshot (image/png) ──────────────────────────────────────────────────────────
    ..\test-results\responsive-responsive-desi-1eb67-ibility-on-all-screen-sizes-Mobile-Chrome\test-failed-1.png
    ────────────────────────────────────────────────────────────────────────────────────────────────

    attachment #2: video (video/webm) ──────────────────────────────────────────────────────────────
    ..\test-results\responsive-responsive-desi-1eb67-ibility-on-all-screen-sizes-Mobile-Chrome\video.webm
    ────────────────────────────────────────────────────────────────────────────────────────────────

    Error Context: ..\test-results\responsive-responsive-desi-1eb67-ibility-on-all-screen-sizes-Mobile-Chrome\error-context.md
]]>
</failure>
<system-out>
<![CDATA[
[[ATTACHMENT|test-results\responsive-responsive-desi-1eb67-ibility-on-all-screen-sizes-Mobile-Chrome\test-failed-1.png]]

[[ATTACHMENT|test-results\responsive-responsive-desi-1eb67-ibility-on-all-screen-sizes-Mobile-Chrome\video.webm]]

[[ATTACHMENT|test-results\responsive-responsive-desi-1eb67-ibility-on-all-screen-sizes-Mobile-Chrome\error-context.md]]
]]>
</system-out>
</testcase>
<testcase name="Responsive Design Tests › Laptop (1366x768) › should handle touch interactions on mobile devices" classname="responsive\responsive-design.spec.ts" time="6.339">
</testcase>
<testcase name="Responsive Design Tests › Tablet (768x1024) › should display navigation correctly" classname="responsive\responsive-design.spec.ts" time="5.632">
<failure message="responsive-design.spec.ts:21:11 should display navigation correctly" type="FAILURE">
<![CDATA[  [Mobile Chrome] › responsive\responsive-design.spec.ts:21:11 › Responsive Design Tests › Tablet (768x1024) › should display navigation correctly 

    Error: expect(locator).toBeVisible() failed

    Locator: locator('.nav-item')
    Expected: visible
    Error: strict mode violation: locator('.nav-item') resolved to 7 elements:
        1) <a href="/" data-text="首页" aria-current="page" class="router-link-active router-link-exact-active nav-item">…</a> aka getByRole('link', { name: '🏠 首页' })
        2) <a href="/models" class="nav-item" data-text="AI模型">…</a> aka getByRole('link', { name: '🤖 模型配置' })
        3) <a href="/novel" class="nav-item" data-text="小说创作">…</a> aka getByRole('link', { name: '✍️ 小说生成' })
        4) <a href="/analysis" class="nav-item" data-text="角色分析">…</a> aka getByRole('link', { name: '🎭 角色分析' })
        5) <a href="/tts" class="nav-item" data-text="语音合成">…</a> aka getByRole('link', { name: '🎙️ 语音合成' })
        6) <a href="/subtitle" class="nav-item" data-text="字幕生成">…</a> aka getByRole('link', { name: '📝 字幕生成' })
        7) <a href="/output" class="nav-item" data-text="文件输出">…</a> aka getByRole('link', { name: '📦 文件输出' })

    Call log:
      - Expect "toBeVisible" with timeout 5000ms
      - waiting for locator('.nav-item')


      25 |         // 检查导航项是否可见
      26 |         const navItems = page.locator('.nav-item');
    > 27 |         await expect(navItems).toBeVisible();
         |                                ^
      28 |
      29 |         // 在小屏幕上检查导航布局
      30 |         if (device.width <= 768) {
        at C:\Users\Joe\SynologyDrive\codes\有声小说\frontend\tests\responsive\responsive-design.spec.ts:27:32

    attachment #1: screenshot (image/png) ──────────────────────────────────────────────────────────
    ..\test-results\responsive-responsive-desi-cdfd3-isplay-navigation-correctly-Mobile-Chrome\test-failed-1.png
    ────────────────────────────────────────────────────────────────────────────────────────────────

    attachment #2: video (video/webm) ──────────────────────────────────────────────────────────────
    ..\test-results\responsive-responsive-desi-cdfd3-isplay-navigation-correctly-Mobile-Chrome\video.webm
    ────────────────────────────────────────────────────────────────────────────────────────────────

    Error Context: ..\test-results\responsive-responsive-desi-cdfd3-isplay-navigation-correctly-Mobile-Chrome\error-context.md
]]>
</failure>
<system-out>
<![CDATA[
[[ATTACHMENT|test-results\responsive-responsive-desi-cdfd3-isplay-navigation-correctly-Mobile-Chrome\test-failed-1.png]]

[[ATTACHMENT|test-results\responsive-responsive-desi-cdfd3-isplay-navigation-correctly-Mobile-Chrome\video.webm]]

[[ATTACHMENT|test-results\responsive-responsive-desi-cdfd3-isplay-navigation-correctly-Mobile-Chrome\error-context.md]]
]]>
</system-out>
</testcase>
<testcase name="Responsive Design Tests › Tablet (768x1024) › should display hero section correctly" classname="responsive\responsive-design.spec.ts" time="5.15">
<failure message="responsive-design.spec.ts:41:11 should display hero section correctly" type="FAILURE">
<![CDATA[  [Mobile Chrome] › responsive\responsive-design.spec.ts:41:11 › Responsive Design Tests › Tablet (768x1024) › should display hero section correctly 

    Error: expect(received).toContain(expected) // indexOf

    Expected substring: "column"
    Received string:    "row"

      54 |
      55 |           // 移动设备上应该是垂直排列
    > 56 |           expect(contentStyle.flexDirection || contentStyle.display).toContain('column');
         |                                                                      ^
      57 |           expect(contentStyle.textAlign || '').toContain('center');
      58 |         }
      59 |
        at C:\Users\Joe\SynologyDrive\codes\有声小说\frontend\tests\responsive\responsive-design.spec.ts:56:70

    attachment #1: screenshot (image/png) ──────────────────────────────────────────────────────────
    ..\test-results\responsive-responsive-desi-4c893-play-hero-section-correctly-Mobile-Chrome\test-failed-1.png
    ────────────────────────────────────────────────────────────────────────────────────────────────

    attachment #2: video (video/webm) ──────────────────────────────────────────────────────────────
    ..\test-results\responsive-responsive-desi-4c893-play-hero-section-correctly-Mobile-Chrome\video.webm
    ────────────────────────────────────────────────────────────────────────────────────────────────

    Error Context: ..\test-results\responsive-responsive-desi-4c893-play-hero-section-correctly-Mobile-Chrome\error-context.md
]]>
</failure>
<system-out>
<![CDATA[
[[ATTACHMENT|test-results\responsive-responsive-desi-4c893-play-hero-section-correctly-Mobile-Chrome\test-failed-1.png]]

[[ATTACHMENT|test-results\responsive-responsive-desi-4c893-play-hero-section-correctly-Mobile-Chrome\video.webm]]

[[ATTACHMENT|test-results\responsive-responsive-desi-4c893-play-hero-section-correctly-Mobile-Chrome\error-context.md]]
]]>
</system-out>
</testcase>
<testcase name="Responsive Design Tests › Tablet (768x1024) › should display statistics correctly" classname="responsive\responsive-design.spec.ts" time="9.943">
<failure message="responsive-design.spec.ts:73:11 should display statistics correctly" type="FAILURE">
<![CDATA[  [Mobile Chrome] › responsive\responsive-design.spec.ts:73:11 › Responsive Design Tests › Tablet (768x1024) › should display statistics correctly 

    Error: expect(locator).toHaveCount(expected) failed

    Locator:  locator('.stat-item')
    Expected: 4
    Received: 8
    Timeout:  5000ms

    Call log:
      - Expect "toHaveCount" with timeout 5000ms
      - waiting for locator('.stat-item')
        8 × locator resolved to 8 elements
          - unexpected value "8"


      76 |
      77 |         const statItems = page.locator('.stat-item');
    > 78 |         await expect(statItems).toHaveCount(4);
         |                                 ^
      79 |
      80 |         // 根据屏幕尺寸检查网格布局
      81 |         const gridCols = device.width >= 1024 ? 4 :
        at C:\Users\Joe\SynologyDrive\codes\有声小说\frontend\tests\responsive\responsive-design.spec.ts:78:33

    attachment #1: screenshot (image/png) ──────────────────────────────────────────────────────────
    ..\test-results\responsive-responsive-desi-bea12-isplay-statistics-correctly-Mobile-Chrome\test-failed-1.png
    ────────────────────────────────────────────────────────────────────────────────────────────────

    attachment #2: video (video/webm) ──────────────────────────────────────────────────────────────
    ..\test-results\responsive-responsive-desi-bea12-isplay-statistics-correctly-Mobile-Chrome\video.webm
    ────────────────────────────────────────────────────────────────────────────────────────────────

    Error Context: ..\test-results\responsive-responsive-desi-bea12-isplay-statistics-correctly-Mobile-Chrome\error-context.md
]]>
</failure>
<system-out>
<![CDATA[
[[ATTACHMENT|test-results\responsive-responsive-desi-bea12-isplay-statistics-correctly-Mobile-Chrome\test-failed-1.png]]

[[ATTACHMENT|test-results\responsive-responsive-desi-bea12-isplay-statistics-correctly-Mobile-Chrome\video.webm]]

[[ATTACHMENT|test-results\responsive-responsive-desi-bea12-isplay-statistics-correctly-Mobile-Chrome\error-context.md]]
]]>
</system-out>
</testcase>
<testcase name="Responsive Design Tests › Tablet (768x1024) › should display features section correctly" classname="responsive\responsive-design.spec.ts" time="4.468">
</testcase>
<testcase name="Responsive Design Tests › Tablet (768x1024) › should display workflow section correctly" classname="responsive\responsive-design.spec.ts" time="6.08">
</testcase>
<testcase name="Responsive Design Tests › Tablet (768x1024) › should display action buttons correctly" classname="responsive\responsive-design.spec.ts" time="5.976">
</testcase>
<testcase name="Responsive Design Tests › Tablet (768x1024) › should handle horizontal scrolling properly" classname="responsive\responsive-design.spec.ts" time="5.687">
</testcase>
<testcase name="Responsive Design Tests › Tablet (768x1024) › should display text correctly at different sizes" classname="responsive\responsive-design.spec.ts" time="5.931">
</testcase>
<testcase name="Responsive Design Tests › Tablet (768x1024) › should handle images and media correctly" classname="responsive\responsive-design.spec.ts" time="5.961">
</testcase>
<testcase name="Responsive Design Tests › Tablet (768x1024) › should maintain accessibility on all screen sizes" classname="responsive\responsive-design.spec.ts" time="5.746">
<failure message="responsive-design.spec.ts:235:11 should maintain accessibility on all screen sizes" type="FAILURE">
<![CDATA[  [Mobile Chrome] › responsive\responsive-design.spec.ts:235:11 › Responsive Design Tests › Tablet (768x1024) › should maintain accessibility on all screen sizes 

    Error: expect(received).toBeGreaterThanOrEqual(expected)

    Expected: >= 44
    Received:    24

      246 |           if (bounds) {
      247 |             const minSize = device.width <= 768 ? 44 : 32;
    > 248 |             expect(bounds.height).toBeGreaterThanOrEqual(minSize);
          |                                   ^
      249 |             expect(bounds.width).toBeGreaterThanOrEqual(minSize);
      250 |           }
      251 |         }
        at C:\Users\Joe\SynologyDrive\codes\有声小说\frontend\tests\responsive\responsive-design.spec.ts:248:35

    attachment #1: screenshot (image/png) ──────────────────────────────────────────────────────────
    ..\test-results\responsive-responsive-desi-2f4da-ibility-on-all-screen-sizes-Mobile-Chrome\test-failed-1.png
    ────────────────────────────────────────────────────────────────────────────────────────────────

    attachment #2: video (video/webm) ──────────────────────────────────────────────────────────────
    ..\test-results\responsive-responsive-desi-2f4da-ibility-on-all-screen-sizes-Mobile-Chrome\video.webm
    ────────────────────────────────────────────────────────────────────────────────────────────────

    Error Context: ..\test-results\responsive-responsive-desi-2f4da-ibility-on-all-screen-sizes-Mobile-Chrome\error-context.md
]]>
</failure>
<system-out>
<![CDATA[
[[ATTACHMENT|test-results\responsive-responsive-desi-2f4da-ibility-on-all-screen-sizes-Mobile-Chrome\test-failed-1.png]]

[[ATTACHMENT|test-results\responsive-responsive-desi-2f4da-ibility-on-all-screen-sizes-Mobile-Chrome\video.webm]]

[[ATTACHMENT|test-results\responsive-responsive-desi-2f4da-ibility-on-all-screen-sizes-Mobile-Chrome\error-context.md]]
]]>
</system-out>
</testcase>
<testcase name="Responsive Design Tests › Tablet (768x1024) › should handle touch interactions on mobile devices" classname="responsive\responsive-design.spec.ts" time="5.354">
</testcase>
<testcase name="Responsive Design Tests › Mobile Large (414x896) › should display navigation correctly" classname="responsive\responsive-design.spec.ts" time="4.187">
<failure message="responsive-design.spec.ts:21:11 should display navigation correctly" type="FAILURE">
<![CDATA[  [Mobile Chrome] › responsive\responsive-design.spec.ts:21:11 › Responsive Design Tests › Mobile Large (414x896) › should display navigation correctly 

    Error: expect(locator).toBeVisible() failed

    Locator: locator('.nav-item')
    Expected: visible
    Error: strict mode violation: locator('.nav-item') resolved to 7 elements:
        1) <a href="/" data-text="首页" aria-current="page" class="router-link-active router-link-exact-active nav-item">…</a> aka getByRole('link', { name: '🏠 首页' })
        2) <a href="/models" class="nav-item" data-text="AI模型">…</a> aka getByRole('link', { name: '🤖 模型配置' })
        3) <a href="/novel" class="nav-item" data-text="小说创作">…</a> aka getByRole('link', { name: '✍️ 小说生成' })
        4) <a href="/analysis" class="nav-item" data-text="角色分析">…</a> aka getByRole('link', { name: '🎭 角色分析' })
        5) <a href="/tts" class="nav-item" data-text="语音合成">…</a> aka getByRole('link', { name: '🎙️ 语音合成' })
        6) <a href="/subtitle" class="nav-item" data-text="字幕生成">…</a> aka getByRole('link', { name: '📝 字幕生成' })
        7) <a href="/output" class="nav-item" data-text="文件输出">…</a> aka getByRole('link', { name: '📦 文件输出' })

    Call log:
      - Expect "toBeVisible" with timeout 5000ms
      - waiting for locator('.nav-item')


      25 |         // 检查导航项是否可见
      26 |         const navItems = page.locator('.nav-item');
    > 27 |         await expect(navItems).toBeVisible();
         |                                ^
      28 |
      29 |         // 在小屏幕上检查导航布局
      30 |         if (device.width <= 768) {
        at C:\Users\Joe\SynologyDrive\codes\有声小说\frontend\tests\responsive\responsive-design.spec.ts:27:32

    attachment #1: screenshot (image/png) ──────────────────────────────────────────────────────────
    ..\test-results\responsive-responsive-desi-906ac-isplay-navigation-correctly-Mobile-Chrome\test-failed-1.png
    ────────────────────────────────────────────────────────────────────────────────────────────────

    attachment #2: video (video/webm) ──────────────────────────────────────────────────────────────
    ..\test-results\responsive-responsive-desi-906ac-isplay-navigation-correctly-Mobile-Chrome\video.webm
    ────────────────────────────────────────────────────────────────────────────────────────────────

    Error Context: ..\test-results\responsive-responsive-desi-906ac-isplay-navigation-correctly-Mobile-Chrome\error-context.md
]]>
</failure>
<system-out>
<![CDATA[
[[ATTACHMENT|test-results\responsive-responsive-desi-906ac-isplay-navigation-correctly-Mobile-Chrome\test-failed-1.png]]

[[ATTACHMENT|test-results\responsive-responsive-desi-906ac-isplay-navigation-correctly-Mobile-Chrome\video.webm]]

[[ATTACHMENT|test-results\responsive-responsive-desi-906ac-isplay-navigation-correctly-Mobile-Chrome\error-context.md]]
]]>
</system-out>
</testcase>
<testcase name="Responsive Design Tests › Mobile Large (414x896) › should display hero section correctly" classname="responsive\responsive-design.spec.ts" time="4.107">
<failure message="responsive-design.spec.ts:41:11 should display hero section correctly" type="FAILURE">
<![CDATA[  [Mobile Chrome] › responsive\responsive-design.spec.ts:41:11 › Responsive Design Tests › Mobile Large (414x896) › should display hero section correctly 

    Error: expect(received).toContain(expected) // indexOf

    Expected substring: "column"
    Received string:    "row"

      54 |
      55 |           // 移动设备上应该是垂直排列
    > 56 |           expect(contentStyle.flexDirection || contentStyle.display).toContain('column');
         |                                                                      ^
      57 |           expect(contentStyle.textAlign || '').toContain('center');
      58 |         }
      59 |
        at C:\Users\Joe\SynologyDrive\codes\有声小说\frontend\tests\responsive\responsive-design.spec.ts:56:70

    attachment #1: screenshot (image/png) ──────────────────────────────────────────────────────────
    ..\test-results\responsive-responsive-desi-2f324-play-hero-section-correctly-Mobile-Chrome\test-failed-1.png
    ────────────────────────────────────────────────────────────────────────────────────────────────

    attachment #2: video (video/webm) ──────────────────────────────────────────────────────────────
    ..\test-results\responsive-responsive-desi-2f324-play-hero-section-correctly-Mobile-Chrome\video.webm
    ────────────────────────────────────────────────────────────────────────────────────────────────

    Error Context: ..\test-results\responsive-responsive-desi-2f324-play-hero-section-correctly-Mobile-Chrome\error-context.md
]]>
</failure>
<system-out>
<![CDATA[
[[ATTACHMENT|test-results\responsive-responsive-desi-2f324-play-hero-section-correctly-Mobile-Chrome\test-failed-1.png]]

[[ATTACHMENT|test-results\responsive-responsive-desi-2f324-play-hero-section-correctly-Mobile-Chrome\video.webm]]

[[ATTACHMENT|test-results\responsive-responsive-desi-2f324-play-hero-section-correctly-Mobile-Chrome\error-context.md]]
]]>
</system-out>
</testcase>
<testcase name="Responsive Design Tests › Mobile Large (414x896) › should display statistics correctly" classname="responsive\responsive-design.spec.ts" time="11.181">
<failure message="responsive-design.spec.ts:73:11 should display statistics correctly" type="FAILURE">
<![CDATA[  [Mobile Chrome] › responsive\responsive-design.spec.ts:73:11 › Responsive Design Tests › Mobile Large (414x896) › should display statistics correctly 

    Error: expect(locator).toHaveCount(expected) failed

    Locator:  locator('.stat-item')
    Expected: 4
    Received: 8
    Timeout:  5000ms

    Call log:
      - Expect "toHaveCount" with timeout 5000ms
      - waiting for locator('.stat-item')
        8 × locator resolved to 8 elements
          - unexpected value "8"


      76 |
      77 |         const statItems = page.locator('.stat-item');
    > 78 |         await expect(statItems).toHaveCount(4);
         |                                 ^
      79 |
      80 |         // 根据屏幕尺寸检查网格布局
      81 |         const gridCols = device.width >= 1024 ? 4 :
        at C:\Users\Joe\SynologyDrive\codes\有声小说\frontend\tests\responsive\responsive-design.spec.ts:78:33

    attachment #1: screenshot (image/png) ──────────────────────────────────────────────────────────
    ..\test-results\responsive-responsive-desi-2be93-isplay-statistics-correctly-Mobile-Chrome\test-failed-1.png
    ────────────────────────────────────────────────────────────────────────────────────────────────

    attachment #2: video (video/webm) ──────────────────────────────────────────────────────────────
    ..\test-results\responsive-responsive-desi-2be93-isplay-statistics-correctly-Mobile-Chrome\video.webm
    ────────────────────────────────────────────────────────────────────────────────────────────────

    Error Context: ..\test-results\responsive-responsive-desi-2be93-isplay-statistics-correctly-Mobile-Chrome\error-context.md
]]>
</failure>
<system-out>
<![CDATA[
[[ATTACHMENT|test-results\responsive-responsive-desi-2be93-isplay-statistics-correctly-Mobile-Chrome\test-failed-1.png]]

[[ATTACHMENT|test-results\responsive-responsive-desi-2be93-isplay-statistics-correctly-Mobile-Chrome\video.webm]]

[[ATTACHMENT|test-results\responsive-responsive-desi-2be93-isplay-statistics-correctly-Mobile-Chrome\error-context.md]]
]]>
</system-out>
</testcase>
<testcase name="Responsive Design Tests › Mobile Large (414x896) › should display features section correctly" classname="responsive\responsive-design.spec.ts" time="4.424">
</testcase>
<testcase name="Responsive Design Tests › Mobile Large (414x896) › should display workflow section correctly" classname="responsive\responsive-design.spec.ts" time="4.788">
</testcase>
<testcase name="Responsive Design Tests › Mobile Large (414x896) › should display action buttons correctly" classname="responsive\responsive-design.spec.ts" time="4.446">
</testcase>
<testcase name="Responsive Design Tests › Mobile Large (414x896) › should handle horizontal scrolling properly" classname="responsive\responsive-design.spec.ts" time="4.71">
</testcase>
<testcase name="Responsive Design Tests › Mobile Large (414x896) › should display text correctly at different sizes" classname="responsive\responsive-design.spec.ts" time="4.833">
</testcase>
<testcase name="Responsive Design Tests › Mobile Large (414x896) › should handle images and media correctly" classname="responsive\responsive-design.spec.ts" time="4.648">
</testcase>
<testcase name="Responsive Design Tests › Mobile Large (414x896) › should maintain accessibility on all screen sizes" classname="responsive\responsive-design.spec.ts" time="4.568">
<failure message="responsive-design.spec.ts:235:11 should maintain accessibility on all screen sizes" type="FAILURE">
<![CDATA[  [Mobile Chrome] › responsive\responsive-design.spec.ts:235:11 › Responsive Design Tests › Mobile Large (414x896) › should maintain accessibility on all screen sizes 

    Error: expect(received).toBeGreaterThanOrEqual(expected)

    Expected: >= 44
    Received:    24

      246 |           if (bounds) {
      247 |             const minSize = device.width <= 768 ? 44 : 32;
    > 248 |             expect(bounds.height).toBeGreaterThanOrEqual(minSize);
          |                                   ^
      249 |             expect(bounds.width).toBeGreaterThanOrEqual(minSize);
      250 |           }
      251 |         }
        at C:\Users\Joe\SynologyDrive\codes\有声小说\frontend\tests\responsive\responsive-design.spec.ts:248:35

    attachment #1: screenshot (image/png) ──────────────────────────────────────────────────────────
    ..\test-results\responsive-responsive-desi-7cc27-ibility-on-all-screen-sizes-Mobile-Chrome\test-failed-1.png
    ────────────────────────────────────────────────────────────────────────────────────────────────

    attachment #2: video (video/webm) ──────────────────────────────────────────────────────────────
    ..\test-results\responsive-responsive-desi-7cc27-ibility-on-all-screen-sizes-Mobile-Chrome\video.webm
    ────────────────────────────────────────────────────────────────────────────────────────────────

    Error Context: ..\test-results\responsive-responsive-desi-7cc27-ibility-on-all-screen-sizes-Mobile-Chrome\error-context.md
]]>
</failure>
<system-out>
<![CDATA[
[[ATTACHMENT|test-results\responsive-responsive-desi-7cc27-ibility-on-all-screen-sizes-Mobile-Chrome\test-failed-1.png]]

[[ATTACHMENT|test-results\responsive-responsive-desi-7cc27-ibility-on-all-screen-sizes-Mobile-Chrome\video.webm]]

[[ATTACHMENT|test-results\responsive-responsive-desi-7cc27-ibility-on-all-screen-sizes-Mobile-Chrome\error-context.md]]
]]>
</system-out>
</testcase>
<testcase name="Responsive Design Tests › Mobile Large (414x896) › should handle touch interactions on mobile devices" classname="responsive\responsive-design.spec.ts" time="4.534">
</testcase>
<testcase name="Responsive Design Tests › Mobile (375x667) › should display navigation correctly" classname="responsive\responsive-design.spec.ts" time="4.052">
<failure message="responsive-design.spec.ts:21:11 should display navigation correctly" type="FAILURE">
<![CDATA[  [Mobile Chrome] › responsive\responsive-design.spec.ts:21:11 › Responsive Design Tests › Mobile (375x667) › should display navigation correctly 

    Error: expect(locator).toBeVisible() failed

    Locator: locator('.nav-item')
    Expected: visible
    Error: strict mode violation: locator('.nav-item') resolved to 7 elements:
        1) <a href="/" data-text="首页" aria-current="page" class="router-link-active router-link-exact-active nav-item">…</a> aka getByRole('link', { name: '🏠 首页' })
        2) <a href="/models" class="nav-item" data-text="AI模型">…</a> aka getByRole('link', { name: '🤖 模型配置' })
        3) <a href="/novel" class="nav-item" data-text="小说创作">…</a> aka getByRole('link', { name: '✍️ 小说生成' })
        4) <a href="/analysis" class="nav-item" data-text="角色分析">…</a> aka getByRole('link', { name: '🎭 角色分析' })
        5) <a href="/tts" class="nav-item" data-text="语音合成">…</a> aka getByRole('link', { name: '🎙️ 语音合成' })
        6) <a href="/subtitle" class="nav-item" data-text="字幕生成">…</a> aka getByRole('link', { name: '📝 字幕生成' })
        7) <a href="/output" class="nav-item" data-text="文件输出">…</a> aka getByRole('link', { name: '📦 文件输出' })

    Call log:
      - Expect "toBeVisible" with timeout 5000ms
      - waiting for locator('.nav-item')


      25 |         // 检查导航项是否可见
      26 |         const navItems = page.locator('.nav-item');
    > 27 |         await expect(navItems).toBeVisible();
         |                                ^
      28 |
      29 |         // 在小屏幕上检查导航布局
      30 |         if (device.width <= 768) {
        at C:\Users\Joe\SynologyDrive\codes\有声小说\frontend\tests\responsive\responsive-design.spec.ts:27:32

    attachment #1: screenshot (image/png) ──────────────────────────────────────────────────────────
    ..\test-results\responsive-responsive-desi-cab0a-isplay-navigation-correctly-Mobile-Chrome\test-failed-1.png
    ────────────────────────────────────────────────────────────────────────────────────────────────

    attachment #2: video (video/webm) ──────────────────────────────────────────────────────────────
    ..\test-results\responsive-responsive-desi-cab0a-isplay-navigation-correctly-Mobile-Chrome\video.webm
    ────────────────────────────────────────────────────────────────────────────────────────────────

    Error Context: ..\test-results\responsive-responsive-desi-cab0a-isplay-navigation-correctly-Mobile-Chrome\error-context.md
]]>
</failure>
<system-out>
<![CDATA[
[[ATTACHMENT|test-results\responsive-responsive-desi-cab0a-isplay-navigation-correctly-Mobile-Chrome\test-failed-1.png]]

[[ATTACHMENT|test-results\responsive-responsive-desi-cab0a-isplay-navigation-correctly-Mobile-Chrome\video.webm]]

[[ATTACHMENT|test-results\responsive-responsive-desi-cab0a-isplay-navigation-correctly-Mobile-Chrome\error-context.md]]
]]>
</system-out>
</testcase>
<testcase name="Responsive Design Tests › Mobile (375x667) › should display hero section correctly" classname="responsive\responsive-design.spec.ts" time="4.149">
<failure message="responsive-design.spec.ts:41:11 should display hero section correctly" type="FAILURE">
<![CDATA[  [Mobile Chrome] › responsive\responsive-design.spec.ts:41:11 › Responsive Design Tests › Mobile (375x667) › should display hero section correctly 

    Error: expect(received).toContain(expected) // indexOf

    Expected substring: "column"
    Received string:    "row"

      54 |
      55 |           // 移动设备上应该是垂直排列
    > 56 |           expect(contentStyle.flexDirection || contentStyle.display).toContain('column');
         |                                                                      ^
      57 |           expect(contentStyle.textAlign || '').toContain('center');
      58 |         }
      59 |
        at C:\Users\Joe\SynologyDrive\codes\有声小说\frontend\tests\responsive\responsive-design.spec.ts:56:70

    attachment #1: screenshot (image/png) ──────────────────────────────────────────────────────────
    ..\test-results\responsive-responsive-desi-97a19-play-hero-section-correctly-Mobile-Chrome\test-failed-1.png
    ────────────────────────────────────────────────────────────────────────────────────────────────

    attachment #2: video (video/webm) ──────────────────────────────────────────────────────────────
    ..\test-results\responsive-responsive-desi-97a19-play-hero-section-correctly-Mobile-Chrome\video.webm
    ────────────────────────────────────────────────────────────────────────────────────────────────

    Error Context: ..\test-results\responsive-responsive-desi-97a19-play-hero-section-correctly-Mobile-Chrome\error-context.md
]]>
</failure>
<system-out>
<![CDATA[
[[ATTACHMENT|test-results\responsive-responsive-desi-97a19-play-hero-section-correctly-Mobile-Chrome\test-failed-1.png]]

[[ATTACHMENT|test-results\responsive-responsive-desi-97a19-play-hero-section-correctly-Mobile-Chrome\video.webm]]

[[ATTACHMENT|test-results\responsive-responsive-desi-97a19-play-hero-section-correctly-Mobile-Chrome\error-context.md]]
]]>
</system-out>
</testcase>
<testcase name="Responsive Design Tests › Mobile (375x667) › should display statistics correctly" classname="responsive\responsive-design.spec.ts" time="9.381">
<failure message="responsive-design.spec.ts:73:11 should display statistics correctly" type="FAILURE">
<![CDATA[  [Mobile Chrome] › responsive\responsive-design.spec.ts:73:11 › Responsive Design Tests › Mobile (375x667) › should display statistics correctly 

    Error: expect(locator).toHaveCount(expected) failed

    Locator:  locator('.stat-item')
    Expected: 4
    Received: 8
    Timeout:  5000ms

    Call log:
      - Expect "toHaveCount" with timeout 5000ms
      - waiting for locator('.stat-item')
        9 × locator resolved to 8 elements
          - unexpected value "8"


      76 |
      77 |         const statItems = page.locator('.stat-item');
    > 78 |         await expect(statItems).toHaveCount(4);
         |                                 ^
      79 |
      80 |         // 根据屏幕尺寸检查网格布局
      81 |         const gridCols = device.width >= 1024 ? 4 :
        at C:\Users\Joe\SynologyDrive\codes\有声小说\frontend\tests\responsive\responsive-design.spec.ts:78:33

    attachment #1: screenshot (image/png) ──────────────────────────────────────────────────────────
    ..\test-results\responsive-responsive-desi-67a48-isplay-statistics-correctly-Mobile-Chrome\test-failed-1.png
    ────────────────────────────────────────────────────────────────────────────────────────────────

    attachment #2: video (video/webm) ──────────────────────────────────────────────────────────────
    ..\test-results\responsive-responsive-desi-67a48-isplay-statistics-correctly-Mobile-Chrome\video.webm
    ────────────────────────────────────────────────────────────────────────────────────────────────

    Error Context: ..\test-results\responsive-responsive-desi-67a48-isplay-statistics-correctly-Mobile-Chrome\error-context.md
]]>
</failure>
<system-out>
<![CDATA[
[[ATTACHMENT|test-results\responsive-responsive-desi-67a48-isplay-statistics-correctly-Mobile-Chrome\test-failed-1.png]]

[[ATTACHMENT|test-results\responsive-responsive-desi-67a48-isplay-statistics-correctly-Mobile-Chrome\video.webm]]

[[ATTACHMENT|test-results\responsive-responsive-desi-67a48-isplay-statistics-correctly-Mobile-Chrome\error-context.md]]
]]>
</system-out>
</testcase>
<testcase name="Responsive Design Tests › Mobile (375x667) › should display features section correctly" classname="responsive\responsive-design.spec.ts" time="2.841">
</testcase>
<testcase name="Responsive Design Tests › Mobile (375x667) › should display workflow section correctly" classname="responsive\responsive-design.spec.ts" time="3.339">
</testcase>
<testcase name="Responsive Design Tests › Mobile (375x667) › should display action buttons correctly" classname="responsive\responsive-design.spec.ts" time="3.137">
</testcase>
<testcase name="Responsive Design Tests › Mobile (375x667) › should handle horizontal scrolling properly" classname="responsive\responsive-design.spec.ts" time="3.217">
</testcase>
<testcase name="Responsive Design Tests › Mobile (375x667) › should display text correctly at different sizes" classname="responsive\responsive-design.spec.ts" time="3.357">
</testcase>
<testcase name="Responsive Design Tests › Mobile (375x667) › should handle images and media correctly" classname="responsive\responsive-design.spec.ts" time="3.617">
</testcase>
<testcase name="Responsive Design Tests › Mobile (375x667) › should maintain accessibility on all screen sizes" classname="responsive\responsive-design.spec.ts" time="3.431">
<failure message="responsive-design.spec.ts:235:11 should maintain accessibility on all screen sizes" type="FAILURE">
<![CDATA[  [Mobile Chrome] › responsive\responsive-design.spec.ts:235:11 › Responsive Design Tests › Mobile (375x667) › should maintain accessibility on all screen sizes 

    Error: expect(received).toBeGreaterThanOrEqual(expected)

    Expected: >= 44
    Received:    24

      246 |           if (bounds) {
      247 |             const minSize = device.width <= 768 ? 44 : 32;
    > 248 |             expect(bounds.height).toBeGreaterThanOrEqual(minSize);
          |                                   ^
      249 |             expect(bounds.width).toBeGreaterThanOrEqual(minSize);
      250 |           }
      251 |         }
        at C:\Users\Joe\SynologyDrive\codes\有声小说\frontend\tests\responsive\responsive-design.spec.ts:248:35

    attachment #1: screenshot (image/png) ──────────────────────────────────────────────────────────
    ..\test-results\responsive-responsive-desi-7f193-ibility-on-all-screen-sizes-Mobile-Chrome\test-failed-1.png
    ────────────────────────────────────────────────────────────────────────────────────────────────

    attachment #2: video (video/webm) ──────────────────────────────────────────────────────────────
    ..\test-results\responsive-responsive-desi-7f193-ibility-on-all-screen-sizes-Mobile-Chrome\video.webm
    ────────────────────────────────────────────────────────────────────────────────────────────────

    Error Context: ..\test-results\responsive-responsive-desi-7f193-ibility-on-all-screen-sizes-Mobile-Chrome\error-context.md
]]>
</failure>
<system-out>
<![CDATA[
[[ATTACHMENT|test-results\responsive-responsive-desi-7f193-ibility-on-all-screen-sizes-Mobile-Chrome\test-failed-1.png]]

[[ATTACHMENT|test-results\responsive-responsive-desi-7f193-ibility-on-all-screen-sizes-Mobile-Chrome\video.webm]]

[[ATTACHMENT|test-results\responsive-responsive-desi-7f193-ibility-on-all-screen-sizes-Mobile-Chrome\error-context.md]]
]]>
</system-out>
</testcase>
<testcase name="Responsive Design Tests › Mobile (375x667) › should handle touch interactions on mobile devices" classname="responsive\responsive-design.spec.ts" time="3.199">
</testcase>
<testcase name="Responsive Design Tests › Mobile Small (320x568) › should display navigation correctly" classname="responsive\responsive-design.spec.ts" time="3.188">
<failure message="responsive-design.spec.ts:21:11 should display navigation correctly" type="FAILURE">
<![CDATA[  [Mobile Chrome] › responsive\responsive-design.spec.ts:21:11 › Responsive Design Tests › Mobile Small (320x568) › should display navigation correctly 

    Error: expect(locator).toBeVisible() failed

    Locator: locator('.nav-item')
    Expected: visible
    Error: strict mode violation: locator('.nav-item') resolved to 7 elements:
        1) <a href="/" data-text="首页" aria-current="page" class="router-link-active router-link-exact-active nav-item">…</a> aka getByRole('link', { name: '🏠 首页' })
        2) <a href="/models" class="nav-item" data-text="AI模型">…</a> aka getByRole('link', { name: '🤖 模型配置' })
        3) <a href="/novel" class="nav-item" data-text="小说创作">…</a> aka getByRole('link', { name: '✍️ 小说生成' })
        4) <a href="/analysis" class="nav-item" data-text="角色分析">…</a> aka getByRole('link', { name: '🎭 角色分析' })
        5) <a href="/tts" class="nav-item" data-text="语音合成">…</a> aka getByRole('link', { name: '🎙️ 语音合成' })
        6) <a href="/subtitle" class="nav-item" data-text="字幕生成">…</a> aka getByRole('link', { name: '📝 字幕生成' })
        7) <a href="/output" class="nav-item" data-text="文件输出">…</a> aka getByRole('link', { name: '📦 文件输出' })

    Call log:
      - Expect "toBeVisible" with timeout 5000ms
      - waiting for locator('.nav-item')


      25 |         // 检查导航项是否可见
      26 |         const navItems = page.locator('.nav-item');
    > 27 |         await expect(navItems).toBeVisible();
         |                                ^
      28 |
      29 |         // 在小屏幕上检查导航布局
      30 |         if (device.width <= 768) {
        at C:\Users\Joe\SynologyDrive\codes\有声小说\frontend\tests\responsive\responsive-design.spec.ts:27:32

    attachment #1: screenshot (image/png) ──────────────────────────────────────────────────────────
    ..\test-results\responsive-responsive-desi-eca9c-isplay-navigation-correctly-Mobile-Chrome\test-failed-1.png
    ────────────────────────────────────────────────────────────────────────────────────────────────

    attachment #2: video (video/webm) ──────────────────────────────────────────────────────────────
    ..\test-results\responsive-responsive-desi-eca9c-isplay-navigation-correctly-Mobile-Chrome\video.webm
    ────────────────────────────────────────────────────────────────────────────────────────────────

    Error Context: ..\test-results\responsive-responsive-desi-eca9c-isplay-navigation-correctly-Mobile-Chrome\error-context.md
]]>
</failure>
<system-out>
<![CDATA[
[[ATTACHMENT|test-results\responsive-responsive-desi-eca9c-isplay-navigation-correctly-Mobile-Chrome\test-failed-1.png]]

[[ATTACHMENT|test-results\responsive-responsive-desi-eca9c-isplay-navigation-correctly-Mobile-Chrome\video.webm]]

[[ATTACHMENT|test-results\responsive-responsive-desi-eca9c-isplay-navigation-correctly-Mobile-Chrome\error-context.md]]
]]>
</system-out>
</testcase>
<testcase name="Responsive Design Tests › Mobile Small (320x568) › should display hero section correctly" classname="responsive\responsive-design.spec.ts" time="3.014">
<failure message="responsive-design.spec.ts:41:11 should display hero section correctly" type="FAILURE">
<![CDATA[  [Mobile Chrome] › responsive\responsive-design.spec.ts:41:11 › Responsive Design Tests › Mobile Small (320x568) › should display hero section correctly 

    Error: expect(received).toContain(expected) // indexOf

    Expected substring: "column"
    Received string:    "row"

      54 |
      55 |           // 移动设备上应该是垂直排列
    > 56 |           expect(contentStyle.flexDirection || contentStyle.display).toContain('column');
         |                                                                      ^
      57 |           expect(contentStyle.textAlign || '').toContain('center');
      58 |         }
      59 |
        at C:\Users\Joe\SynologyDrive\codes\有声小说\frontend\tests\responsive\responsive-design.spec.ts:56:70

    attachment #1: screenshot (image/png) ──────────────────────────────────────────────────────────
    ..\test-results\responsive-responsive-desi-639ad-play-hero-section-correctly-Mobile-Chrome\test-failed-1.png
    ────────────────────────────────────────────────────────────────────────────────────────────────

    attachment #2: video (video/webm) ──────────────────────────────────────────────────────────────
    ..\test-results\responsive-responsive-desi-639ad-play-hero-section-correctly-Mobile-Chrome\video.webm
    ────────────────────────────────────────────────────────────────────────────────────────────────

    Error Context: ..\test-results\responsive-responsive-desi-639ad-play-hero-section-correctly-Mobile-Chrome\error-context.md
]]>
</failure>
<system-out>
<![CDATA[
[[ATTACHMENT|test-results\responsive-responsive-desi-639ad-play-hero-section-correctly-Mobile-Chrome\test-failed-1.png]]

[[ATTACHMENT|test-results\responsive-responsive-desi-639ad-play-hero-section-correctly-Mobile-Chrome\video.webm]]

[[ATTACHMENT|test-results\responsive-responsive-desi-639ad-play-hero-section-correctly-Mobile-Chrome\error-context.md]]
]]>
</system-out>
</testcase>
<testcase name="Responsive Design Tests › Mobile Small (320x568) › should display statistics correctly" classname="responsive\responsive-design.spec.ts" time="8.149">
<failure message="responsive-design.spec.ts:73:11 should display statistics correctly" type="FAILURE">
<![CDATA[  [Mobile Chrome] › responsive\responsive-design.spec.ts:73:11 › Responsive Design Tests › Mobile Small (320x568) › should display statistics correctly 

    Error: expect(locator).toHaveCount(expected) failed

    Locator:  locator('.stat-item')
    Expected: 4
    Received: 8
    Timeout:  5000ms

    Call log:
      - Expect "toHaveCount" with timeout 5000ms
      - waiting for locator('.stat-item')
        9 × locator resolved to 8 elements
          - unexpected value "8"


      76 |
      77 |         const statItems = page.locator('.stat-item');
    > 78 |         await expect(statItems).toHaveCount(4);
         |                                 ^
      79 |
      80 |         // 根据屏幕尺寸检查网格布局
      81 |         const gridCols = device.width >= 1024 ? 4 :
        at C:\Users\Joe\SynologyDrive\codes\有声小说\frontend\tests\responsive\responsive-design.spec.ts:78:33

    attachment #1: screenshot (image/png) ──────────────────────────────────────────────────────────
    ..\test-results\responsive-responsive-desi-a2add-isplay-statistics-correctly-Mobile-Chrome\test-failed-1.png
    ────────────────────────────────────────────────────────────────────────────────────────────────

    attachment #2: video (video/webm) ──────────────────────────────────────────────────────────────
    ..\test-results\responsive-responsive-desi-a2add-isplay-statistics-correctly-Mobile-Chrome\video.webm
    ────────────────────────────────────────────────────────────────────────────────────────────────

    Error Context: ..\test-results\responsive-responsive-desi-a2add-isplay-statistics-correctly-Mobile-Chrome\error-context.md
]]>
</failure>
<system-out>
<![CDATA[
[[ATTACHMENT|test-results\responsive-responsive-desi-a2add-isplay-statistics-correctly-Mobile-Chrome\test-failed-1.png]]

[[ATTACHMENT|test-results\responsive-responsive-desi-a2add-isplay-statistics-correctly-Mobile-Chrome\video.webm]]

[[ATTACHMENT|test-results\responsive-responsive-desi-a2add-isplay-statistics-correctly-Mobile-Chrome\error-context.md]]
]]>
</system-out>
</testcase>
<testcase name="Responsive Design Tests › Mobile Small (320x568) › should display features section correctly" classname="responsive\responsive-design.spec.ts" time="2.737">
</testcase>
<testcase name="Responsive Design Tests › Mobile Small (320x568) › should display workflow section correctly" classname="responsive\responsive-design.spec.ts" time="2.763">
</testcase>
<testcase name="Responsive Design Tests › Mobile Small (320x568) › should display action buttons correctly" classname="responsive\responsive-design.spec.ts" time="2.614">
</testcase>
<testcase name="Responsive Design Tests › Mobile Small (320x568) › should handle horizontal scrolling properly" classname="responsive\responsive-design.spec.ts" time="3.114">
</testcase>
<testcase name="Responsive Design Tests › Mobile Small (320x568) › should display text correctly at different sizes" classname="responsive\responsive-design.spec.ts" time="3.195">
</testcase>
<testcase name="Responsive Design Tests › Mobile Small (320x568) › should handle images and media correctly" classname="responsive\responsive-design.spec.ts" time="2.832">
</testcase>
<testcase name="Responsive Design Tests › Mobile Small (320x568) › should maintain accessibility on all screen sizes" classname="responsive\responsive-design.spec.ts" time="3.612">
<failure message="responsive-design.spec.ts:235:11 should maintain accessibility on all screen sizes" type="FAILURE">
<![CDATA[  [Mobile Chrome] › responsive\responsive-design.spec.ts:235:11 › Responsive Design Tests › Mobile Small (320x568) › should maintain accessibility on all screen sizes 

    Error: expect(received).toBeGreaterThanOrEqual(expected)

    Expected: >= 44
    Received:    24

      246 |           if (bounds) {
      247 |             const minSize = device.width <= 768 ? 44 : 32;
    > 248 |             expect(bounds.height).toBeGreaterThanOrEqual(minSize);
          |                                   ^
      249 |             expect(bounds.width).toBeGreaterThanOrEqual(minSize);
      250 |           }
      251 |         }
        at C:\Users\Joe\SynologyDrive\codes\有声小说\frontend\tests\responsive\responsive-design.spec.ts:248:35

    attachment #1: screenshot (image/png) ──────────────────────────────────────────────────────────
    ..\test-results\responsive-responsive-desi-833b3-ibility-on-all-screen-sizes-Mobile-Chrome\test-failed-1.png
    ────────────────────────────────────────────────────────────────────────────────────────────────

    attachment #2: video (video/webm) ──────────────────────────────────────────────────────────────
    ..\test-results\responsive-responsive-desi-833b3-ibility-on-all-screen-sizes-Mobile-Chrome\video.webm
    ────────────────────────────────────────────────────────────────────────────────────────────────

    Error Context: ..\test-results\responsive-responsive-desi-833b3-ibility-on-all-screen-sizes-Mobile-Chrome\error-context.md
]]>
</failure>
<system-out>
<![CDATA[
[[ATTACHMENT|test-results\responsive-responsive-desi-833b3-ibility-on-all-screen-sizes-Mobile-Chrome\test-failed-1.png]]

[[ATTACHMENT|test-results\responsive-responsive-desi-833b3-ibility-on-all-screen-sizes-Mobile-Chrome\video.webm]]

[[ATTACHMENT|test-results\responsive-responsive-desi-833b3-ibility-on-all-screen-sizes-Mobile-Chrome\error-context.md]]
]]>
</system-out>
</testcase>
<testcase name="Responsive Design Tests › Mobile Small (320x568) › should handle touch interactions on mobile devices" classname="responsive\responsive-design.spec.ts" time="3.085">
</testcase>
<testcase name="Responsive Design Tests › Orientation Changes › should handle desktop orientation changes" classname="responsive\responsive-design.spec.ts" time="7.254">
</testcase>
<testcase name="Responsive Design Tests › Orientation Changes › should handle mobile orientation changes" classname="responsive\responsive-design.spec.ts" time="3.882">
</testcase>
<testcase name="Responsive Design Tests › Dynamic Content Loading › should load content appropriately for different screen sizes" classname="responsive\responsive-design.spec.ts" time="3.482">
</testcase>
<testcase name="Responsive Design Tests › Dynamic Content Loading › should handle progressive enhancement" classname="responsive\responsive-design.spec.ts" time="3.64">
<failure message="responsive-design.spec.ts:340:9 should handle progressive enhancement" type="FAILURE">
<![CDATA[  [Mobile Chrome] › responsive\responsive-design.spec.ts:340:9 › Responsive Design Tests › Dynamic Content Loading › should handle progressive enhancement 

    Error: expect(locator).toBeVisible() failed

    Locator: locator('h1')
    Expected: visible
    Error: strict mode violation: locator('h1') resolved to 2 elements:
        1) <h1 class="app-title">SoundStory AI</h1> aka getByText('SoundStory AI', { exact: true })
        2) <h1 class="hero-title" data-v-fae5bece="">…</h1> aka getByText('SoundStoryAI')

    Call log:
      - Expect "toBeVisible" with timeout 5000ms
      - waiting for locator('h1')


      352 |
      353 |       // 即使CSS加载延迟，基本内容也应该可见
    > 354 |       await expect(page.locator('h1')).toBeVisible();
          |                                        ^
      355 |       await expect(page.locator('.nav-menu')).toBeVisible();
      356 |     });
      357 |   });
        at C:\Users\Joe\SynologyDrive\codes\有声小说\frontend\tests\responsive\responsive-design.spec.ts:354:40

    attachment #1: screenshot (image/png) ──────────────────────────────────────────────────────────
    ..\test-results\responsive-responsive-desi-b4d85-dle-progressive-enhancement-Mobile-Chrome\test-failed-1.png
    ────────────────────────────────────────────────────────────────────────────────────────────────

    attachment #2: video (video/webm) ──────────────────────────────────────────────────────────────
    ..\test-results\responsive-responsive-desi-b4d85-dle-progressive-enhancement-Mobile-Chrome\video.webm
    ────────────────────────────────────────────────────────────────────────────────────────────────

    Error Context: ..\test-results\responsive-responsive-desi-b4d85-dle-progressive-enhancement-Mobile-Chrome\error-context.md
]]>
</failure>
<system-out>
<![CDATA[
[[ATTACHMENT|test-results\responsive-responsive-desi-b4d85-dle-progressive-enhancement-Mobile-Chrome\test-failed-1.png]]

[[ATTACHMENT|test-results\responsive-responsive-desi-b4d85-dle-progressive-enhancement-Mobile-Chrome\video.webm]]

[[ATTACHMENT|test-results\responsive-responsive-desi-b4d85-dle-progressive-enhancement-Mobile-Chrome\error-context.md]]
]]>
</system-out>
</testcase>
<testcase name="Performance Tests › should load quickly on mobile devices" classname="responsive\responsive-design.spec.ts" time="4.142">
</testcase>
<testcase name="Performance Tests › should not cause layout shifts during loading" classname="responsive\responsive-design.spec.ts" time="2.667">
<failure message="responsive-design.spec.ts:379:7 should not cause layout shifts during loading" type="FAILURE">
<![CDATA[  [Mobile Chrome] › responsive\responsive-design.spec.ts:379:7 › Performance Tests › should not cause layout shifts during loading 

    TypeError: page.evaluateOnNewDocument is not a function

      382 |     // 监控CLS (Cumulative Layout Shift)
      383 |     let layoutShifts = 0;
    > 384 |     await page.evaluateOnNewDocument(() => {
          |                ^
      385 |       new PerformanceObserver((list) => {
      386 |         list.getEntries().forEach((entry) => {
      387 |           if (entry.entryType === 'layout-shift' && !entry.hadRecentInput) {
        at C:\Users\Joe\SynologyDrive\codes\有声小说\frontend\tests\responsive\responsive-design.spec.ts:384:16

    attachment #1: screenshot (image/png) ──────────────────────────────────────────────────────────
    ..\test-results\responsive-responsive-desi-e6b0e-ayout-shifts-during-loading-Mobile-Chrome\test-failed-1.png
    ────────────────────────────────────────────────────────────────────────────────────────────────

    attachment #2: video (video/webm) ──────────────────────────────────────────────────────────────
    ..\test-results\responsive-responsive-desi-e6b0e-ayout-shifts-during-loading-Mobile-Chrome\video.webm
    ────────────────────────────────────────────────────────────────────────────────────────────────

    Error Context: ..\test-results\responsive-responsive-desi-e6b0e-ayout-shifts-during-loading-Mobile-Chrome\error-context.md
]]>
</failure>
<system-out>
<![CDATA[
[[ATTACHMENT|test-results\responsive-responsive-desi-e6b0e-ayout-shifts-during-loading-Mobile-Chrome\test-failed-1.png]]

[[ATTACHMENT|test-results\responsive-responsive-desi-e6b0e-ayout-shifts-during-loading-Mobile-Chrome\video.webm]]

[[ATTACHMENT|test-results\responsive-responsive-desi-e6b0e-ayout-shifts-during-loading-Mobile-Chrome\error-context.md]]
]]>
</system-out>
</testcase>
</testsuite>
<testsuite name="ui\home-page.spec.ts" timestamp="2025-12-01T08:52:23.342Z" hostname="Mobile Chrome" tests="18" failures="10" skipped="0" time="96.937" errors="0">
<testcase name="Home Page UI Components › should display the main hero section with correct content" classname="ui\home-page.spec.ts" time="3.519">
</testcase>
<testcase name="Home Page UI Components › should display action buttons with correct styling" classname="ui\home-page.spec.ts" time="3.087">
</testcase>
<testcase name="Home Page UI Components › should display sound visualizer with animations" classname="ui\home-page.spec.ts" time="2.736">
</testcase>
<testcase name="Home Page UI Components › should display statistics section with correct data" classname="ui\home-page.spec.ts" time="7.533">
<failure message="home-page.spec.ts:67:7 should display statistics section with correct data" type="FAILURE">
<![CDATA[  [Mobile Chrome] › ui\home-page.spec.ts:67:7 › Home Page UI Components › should display statistics section with correct data 

    Error: expect(locator).toHaveCount(expected) failed

    Locator:  locator('.stat-item')
    Expected: 4
    Received: 8
    Timeout:  5000ms

    Call log:
      - Expect "toHaveCount" with timeout 5000ms
      - waiting for locator('.stat-item')
        9 × locator resolved to 8 elements
          - unexpected value "8"


      71 |     // 检查统计项
      72 |     const statItems = page.locator('.stat-item');
    > 73 |     await expect(statItems).toHaveCount(4);
         |                             ^
      74 |
      75 |     // 检查每个统计项的内容
      76 |     const expectedStats = [
        at C:\Users\Joe\SynologyDrive\codes\有声小说\frontend\tests\ui\home-page.spec.ts:73:29

    attachment #1: screenshot (image/png) ──────────────────────────────────────────────────────────
    ..\test-results\ui-home-page-Home-Page-UI--ebb6e-s-section-with-correct-data-Mobile-Chrome\test-failed-1.png
    ────────────────────────────────────────────────────────────────────────────────────────────────

    attachment #2: video (video/webm) ──────────────────────────────────────────────────────────────
    ..\test-results\ui-home-page-Home-Page-UI--ebb6e-s-section-with-correct-data-Mobile-Chrome\video.webm
    ────────────────────────────────────────────────────────────────────────────────────────────────

    Error Context: ..\test-results\ui-home-page-Home-Page-UI--ebb6e-s-section-with-correct-data-Mobile-Chrome\error-context.md
]]>
</failure>
<system-out>
<![CDATA[
[[ATTACHMENT|test-results\ui-home-page-Home-Page-UI--ebb6e-s-section-with-correct-data-Mobile-Chrome\test-failed-1.png]]

[[ATTACHMENT|test-results\ui-home-page-Home-Page-UI--ebb6e-s-section-with-correct-data-Mobile-Chrome\video.webm]]

[[ATTACHMENT|test-results\ui-home-page-Home-Page-UI--ebb6e-s-section-with-correct-data-Mobile-Chrome\error-context.md]]
]]>
</system-out>
</testcase>
<testcase name="Home Page UI Components › should display core features section" classname="ui\home-page.spec.ts" time="2.939">
<failure message="home-page.spec.ts:91:7 should display core features section" type="FAILURE">
<![CDATA[  [Mobile Chrome] › ui\home-page.spec.ts:91:7 › Home Page UI Components › should display core features section 

    Error: expect(locator).toContainText(expected) failed

    Locator: locator('.section-title')
    Expected substring: "完整创作链路"
    Error: strict mode violation: locator('.section-title') resolved to 3 elements:
        1) <h2 data-v-fae5bece="" class="section-title">…</h2> aka getByRole('heading', { name: '完整创作链路' })
        2) <h2 data-v-fae5bece="" class="section-title">…</h2> aka getByRole('heading', { name: '五步成章' })
        3) <h2 data-v-fae5bece="" class="section-title">…</h2> aka getByRole('heading', { name: '实时状态' })

    Call log:
      - Expect "toContainText" with timeout 5000ms
      - waiting for locator('.section-title')


      92 |     // 检查功能区域
      93 |     await expect(page.locator('.features-section')).toBeVisible();
    > 94 |     await expect(page.locator('.section-title')).toContainText('完整创作链路');
         |                                                  ^
      95 |
      96 |     // 检查功能卡片
      97 |     const featureCards = page.locator('.feature-card');
        at C:\Users\Joe\SynologyDrive\codes\有声小说\frontend\tests\ui\home-page.spec.ts:94:50

    attachment #1: screenshot (image/png) ──────────────────────────────────────────────────────────
    ..\test-results\ui-home-page-Home-Page-UI--a820e-splay-core-features-section-Mobile-Chrome\test-failed-1.png
    ────────────────────────────────────────────────────────────────────────────────────────────────

    attachment #2: video (video/webm) ──────────────────────────────────────────────────────────────
    ..\test-results\ui-home-page-Home-Page-UI--a820e-splay-core-features-section-Mobile-Chrome\video.webm
    ────────────────────────────────────────────────────────────────────────────────────────────────

    Error Context: ..\test-results\ui-home-page-Home-Page-UI--a820e-splay-core-features-section-Mobile-Chrome\error-context.md
]]>
</failure>
<system-out>
<![CDATA[
[[ATTACHMENT|test-results\ui-home-page-Home-Page-UI--a820e-splay-core-features-section-Mobile-Chrome\test-failed-1.png]]

[[ATTACHMENT|test-results\ui-home-page-Home-Page-UI--a820e-splay-core-features-section-Mobile-Chrome\video.webm]]

[[ATTACHMENT|test-results\ui-home-page-Home-Page-UI--a820e-splay-core-features-section-Mobile-Chrome\error-context.md]]
]]>
</system-out>
</testcase>
<testcase name="Home Page UI Components › should display workflow section" classname="ui\home-page.spec.ts" time="3.021">
<failure message="home-page.spec.ts:110:7 should display workflow section" type="FAILURE">
<![CDATA[  [Mobile Chrome] › ui\home-page.spec.ts:110:7 › Home Page UI Components › should display workflow section 

    Error: expect(locator).toContainText(expected) failed

    Locator: locator('.section-title')
    Expected substring: "五步成章"
    Error: strict mode violation: locator('.section-title') resolved to 3 elements:
        1) <h2 data-v-fae5bece="" class="section-title">…</h2> aka getByRole('heading', { name: '完整创作链路' })
        2) <h2 data-v-fae5bece="" class="section-title">…</h2> aka getByRole('heading', { name: '五步成章' })
        3) <h2 data-v-fae5bece="" class="section-title">…</h2> aka getByRole('heading', { name: '实时状态' })

    Call log:
      - Expect "toContainText" with timeout 5000ms
      - waiting for locator('.section-title')


      111 |     // 检查工作流程区域
      112 |     await expect(page.locator('.workflow-section')).toBeVisible();
    > 113 |     await expect(page.locator('.section-title')).toContainText('五步成章');
          |                                                  ^
      114 |
      115 |     // 检查工作流程步骤
      116 |     const workflowSteps = page.locator('.workflow-step');
        at C:\Users\Joe\SynologyDrive\codes\有声小说\frontend\tests\ui\home-page.spec.ts:113:50

    attachment #1: screenshot (image/png) ──────────────────────────────────────────────────────────
    ..\test-results\ui-home-page-Home-Page-UI--14df6-ld-display-workflow-section-Mobile-Chrome\test-failed-1.png
    ────────────────────────────────────────────────────────────────────────────────────────────────

    attachment #2: video (video/webm) ──────────────────────────────────────────────────────────────
    ..\test-results\ui-home-page-Home-Page-UI--14df6-ld-display-workflow-section-Mobile-Chrome\video.webm
    ────────────────────────────────────────────────────────────────────────────────────────────────

    Error Context: ..\test-results\ui-home-page-Home-Page-UI--14df6-ld-display-workflow-section-Mobile-Chrome\error-context.md
]]>
</failure>
<system-out>
<![CDATA[
[[ATTACHMENT|test-results\ui-home-page-Home-Page-UI--14df6-ld-display-workflow-section-Mobile-Chrome\test-failed-1.png]]

[[ATTACHMENT|test-results\ui-home-page-Home-Page-UI--14df6-ld-display-workflow-section-Mobile-Chrome\video.webm]]

[[ATTACHMENT|test-results\ui-home-page-Home-Page-UI--14df6-ld-display-workflow-section-Mobile-Chrome\error-context.md]]
]]>
</system-out>
</testcase>
<testcase name="Home Page UI Components › should display system status section" classname="ui\home-page.spec.ts" time="2.716">
<failure message="home-page.spec.ts:129:7 should display system status section" type="FAILURE">
<![CDATA[  [Mobile Chrome] › ui\home-page.spec.ts:129:7 › Home Page UI Components › should display system status section 

    Error: expect(locator).toContainText(expected) failed

    Locator: locator('.section-title')
    Expected substring: "实时状态"
    Error: strict mode violation: locator('.section-title') resolved to 3 elements:
        1) <h2 data-v-fae5bece="" class="section-title">…</h2> aka getByRole('heading', { name: '完整创作链路' })
        2) <h2 data-v-fae5bece="" class="section-title">…</h2> aka getByRole('heading', { name: '五步成章' })
        3) <h2 data-v-fae5bece="" class="section-title">…</h2> aka getByRole('heading', { name: '实时状态' })

    Call log:
      - Expect "toContainText" with timeout 5000ms
      - waiting for locator('.section-title')


      130 |     // 检查系统状态区域
      131 |     await expect(page.locator('.status-section')).toBeVisible();
    > 132 |     await expect(page.locator('.section-title')).toContainText('实时状态');
          |                                                  ^
      133 |
      134 |     // 检查ApiStatus组件
      135 |     await expect(page.locator('.status-container')).toBeVisible();
        at C:\Users\Joe\SynologyDrive\codes\有声小说\frontend\tests\ui\home-page.spec.ts:132:50

    attachment #1: screenshot (image/png) ──────────────────────────────────────────────────────────
    ..\test-results\ui-home-page-Home-Page-UI--b0c36-splay-system-status-section-Mobile-Chrome\test-failed-1.png
    ────────────────────────────────────────────────────────────────────────────────────────────────

    attachment #2: video (video/webm) ──────────────────────────────────────────────────────────────
    ..\test-results\ui-home-page-Home-Page-UI--b0c36-splay-system-status-section-Mobile-Chrome\video.webm
    ────────────────────────────────────────────────────────────────────────────────────────────────

    Error Context: ..\test-results\ui-home-page-Home-Page-UI--b0c36-splay-system-status-section-Mobile-Chrome\error-context.md
]]>
</failure>
<system-out>
<![CDATA[
[[ATTACHMENT|test-results\ui-home-page-Home-Page-UI--b0c36-splay-system-status-section-Mobile-Chrome\test-failed-1.png]]

[[ATTACHMENT|test-results\ui-home-page-Home-Page-UI--b0c36-splay-system-status-section-Mobile-Chrome\video.webm]]

[[ATTACHMENT|test-results\ui-home-page-Home-Page-UI--b0c36-splay-system-status-section-Mobile-Chrome\error-context.md]]
]]>
</system-out>
</testcase>
<testcase name="Home Page UI Components › should display call-to-action section" classname="ui\home-page.spec.ts" time="3.079">
</testcase>
<testcase name="Home Page UI Components › should have proper CSS variables and styling applied" classname="ui\home-page.spec.ts" time="2.618">
</testcase>
<testcase name="Home Page UI Components › should display background elements" classname="ui\home-page.spec.ts" time="2.872">
</testcase>
<testcase name="Home Page Interactions › should navigate to novel creation when clicking start button" classname="ui\home-page.spec.ts" time="12.422">
<failure message="home-page.spec.ts:187:7 should navigate to novel creation when clicking start button" type="FAILURE">
<![CDATA[  [Mobile Chrome] › ui\home-page.spec.ts:187:7 › Home Page Interactions › should navigate to novel creation when clicking start button 

    TimeoutError: page.click: Timeout 10000ms exceeded.
    Call log:
      - waiting for locator('.action-btn.primary')
        - locator resolved to <button data-v-fae5bece="" class="action-btn primary">…</button>
      - attempting click action
        2 × waiting for element to be visible, enabled and stable
          - element is not stable
        - retrying click action
        - waiting 20ms
        2 × waiting for element to be visible, enabled and stable
          - element is not stable
        - retrying click action
          - waiting 100ms
        - waiting for element to be visible, enabled and stable
        - element is not stable
      16 × retrying click action
           - waiting 500ms
           - waiting for element to be visible, enabled and stable
           - element is visible, enabled and stable
           - scrolling into view if needed
           - done scrolling
           - <iframe src="about:blank" id="webpack-dev-server-client-overlay"></iframe> intercepts pointer events
      - retrying click action
        - waiting 500ms


      187 |   test('should navigate to novel creation when clicking start button', async ({ page }) => {
      188 |     // 点击开始创作按钮
    > 189 |     await page.click('.action-btn.primary');
          |                ^
      190 |
      191 |     // 等待导航完成
      192 |     await page.waitForURL('**/novel');
        at C:\Users\Joe\SynologyDrive\codes\有声小说\frontend\tests\ui\home-page.spec.ts:189:16

    attachment #1: screenshot (image/png) ──────────────────────────────────────────────────────────
    ..\test-results\ui-home-page-Home-Page-Int-e0112--when-clicking-start-button-Mobile-Chrome\test-failed-1.png
    ────────────────────────────────────────────────────────────────────────────────────────────────

    attachment #2: video (video/webm) ──────────────────────────────────────────────────────────────
    ..\test-results\ui-home-page-Home-Page-Int-e0112--when-clicking-start-button-Mobile-Chrome\video.webm
    ────────────────────────────────────────────────────────────────────────────────────────────────

    Error Context: ..\test-results\ui-home-page-Home-Page-Int-e0112--when-clicking-start-button-Mobile-Chrome\error-context.md
]]>
</failure>
<system-out>
<![CDATA[
[[ATTACHMENT|test-results\ui-home-page-Home-Page-Int-e0112--when-clicking-start-button-Mobile-Chrome\test-failed-1.png]]

[[ATTACHMENT|test-results\ui-home-page-Home-Page-Int-e0112--when-clicking-start-button-Mobile-Chrome\video.webm]]

[[ATTACHMENT|test-results\ui-home-page-Home-Page-Int-e0112--when-clicking-start-button-Mobile-Chrome\error-context.md]]
]]>
</system-out>
</testcase>
<testcase name="Home Page Interactions › should navigate to models when clicking configure button" classname="ui\home-page.spec.ts" time="12.344">
<failure message="home-page.spec.ts:198:7 should navigate to models when clicking configure button" type="FAILURE">
<![CDATA[  [Mobile Chrome] › ui\home-page.spec.ts:198:7 › Home Page Interactions › should navigate to models when clicking configure button 

    TimeoutError: page.click: Timeout 10000ms exceeded.
    Call log:
      - waiting for locator('.action-btn.secondary')
        - locator resolved to <button data-v-fae5bece="" class="action-btn secondary">…</button>
      - attempting click action
        2 × waiting for element to be visible, enabled and stable
          - element is not stable
        - retrying click action
        - waiting 20ms
        2 × waiting for element to be visible, enabled and stable
          - element is not stable
        - retrying click action
          - waiting 100ms
        - waiting for element to be visible, enabled and stable
        - element is not stable
      16 × retrying click action
           - waiting 500ms
           - waiting for element to be visible, enabled and stable
           - element is visible, enabled and stable
           - scrolling into view if needed
           - done scrolling
           - <iframe src="about:blank" id="webpack-dev-server-client-overlay"></iframe> intercepts pointer events
      - retrying click action
        - waiting 500ms
        - waiting for element to be visible, enabled and stable


      198 |   test('should navigate to models when clicking configure button', async ({ page }) => {
      199 |     // 点击配置模型按钮
    > 200 |     await page.click('.action-btn.secondary');
          |                ^
      201 |
      202 |     // 等待导航完成
      203 |     await page.waitForURL('**/models');
        at C:\Users\Joe\SynologyDrive\codes\有声小说\frontend\tests\ui\home-page.spec.ts:200:16

    attachment #1: screenshot (image/png) ──────────────────────────────────────────────────────────
    ..\test-results\ui-home-page-Home-Page-Int-0ceb0-n-clicking-configure-button-Mobile-Chrome\test-failed-1.png
    ────────────────────────────────────────────────────────────────────────────────────────────────

    attachment #2: video (video/webm) ──────────────────────────────────────────────────────────────
    ..\test-results\ui-home-page-Home-Page-Int-0ceb0-n-clicking-configure-button-Mobile-Chrome\video.webm
    ────────────────────────────────────────────────────────────────────────────────────────────────

    Error Context: ..\test-results\ui-home-page-Home-Page-Int-0ceb0-n-clicking-configure-button-Mobile-Chrome\error-context.md
]]>
</failure>
<system-out>
<![CDATA[
[[ATTACHMENT|test-results\ui-home-page-Home-Page-Int-0ceb0-n-clicking-configure-button-Mobile-Chrome\test-failed-1.png]]

[[ATTACHMENT|test-results\ui-home-page-Home-Page-Int-0ceb0-n-clicking-configure-button-Mobile-Chrome\video.webm]]

[[ATTACHMENT|test-results\ui-home-page-Home-Page-Int-0ceb0-n-clicking-configure-button-Mobile-Chrome\error-context.md]]
]]>
</system-out>
</testcase>
<testcase name="Home Page Interactions › should navigate to correct pages when clicking feature cards" classname="ui\home-page.spec.ts" time="12.254">
<failure message="home-page.spec.ts:209:7 should navigate to correct pages when clicking feature cards" type="FAILURE">
<![CDATA[  [Mobile Chrome] › ui\home-page.spec.ts:209:7 › Home Page Interactions › should navigate to correct pages when clicking feature cards 

    TimeoutError: locator.click: Timeout 10000ms exceeded.
    Call log:
      - waiting for locator('.feature-card').first()
        - locator resolved to <div data-v-fae5bece="" class="feature-card">…</div>
      - attempting click action
        2 × waiting for element to be visible, enabled and stable
          - element is visible, enabled and stable
          - scrolling into view if needed
          - done scrolling
          - <iframe src="about:blank" id="webpack-dev-server-client-overlay"></iframe> intercepts pointer events
        - retrying click action
        - waiting 20ms
        - waiting for element to be visible, enabled and stable
        - element is visible, enabled and stable
        - scrolling into view if needed
        - done scrolling
        - <iframe src="about:blank" id="webpack-dev-server-client-overlay"></iframe> intercepts pointer events
      - retrying click action
        - waiting 100ms
        - waiting for element to be visible, enabled and stable
        - element is not stable
      - retrying click action
        - waiting 100ms
        18 × waiting for element to be visible, enabled and stable
           - element is visible, enabled and stable
           - scrolling into view if needed
           - done scrolling
           - <iframe src="about:blank" id="webpack-dev-server-client-overlay"></iframe> intercepts pointer events
         - retrying click action
           - waiting 500ms


      213 |     for (let i = 0; i < featureRoutes.length; i++) {
      214 |       await page.goto('/'); // 重新加载首页
    > 215 |       await featureCards.nth(i).click();
          |                                 ^
      216 |       await page.waitForTimeout(1000); // 等待可能的动画
      217 |       expect(page.url()).toContain(featureRoutes[i]);
      218 |     }
        at C:\Users\Joe\SynologyDrive\codes\有声小说\frontend\tests\ui\home-page.spec.ts:215:33

    attachment #1: screenshot (image/png) ──────────────────────────────────────────────────────────
    ..\test-results\ui-home-page-Home-Page-Int-68bc0-when-clicking-feature-cards-Mobile-Chrome\test-failed-1.png
    ────────────────────────────────────────────────────────────────────────────────────────────────

    attachment #2: video (video/webm) ──────────────────────────────────────────────────────────────
    ..\test-results\ui-home-page-Home-Page-Int-68bc0-when-clicking-feature-cards-Mobile-Chrome\video.webm
    ────────────────────────────────────────────────────────────────────────────────────────────────

    Error Context: ..\test-results\ui-home-page-Home-Page-Int-68bc0-when-clicking-feature-cards-Mobile-Chrome\error-context.md
]]>
</failure>
<system-out>
<![CDATA[
[[ATTACHMENT|test-results\ui-home-page-Home-Page-Int-68bc0-when-clicking-feature-cards-Mobile-Chrome\test-failed-1.png]]

[[ATTACHMENT|test-results\ui-home-page-Home-Page-Int-68bc0-when-clicking-feature-cards-Mobile-Chrome\video.webm]]

[[ATTACHMENT|test-results\ui-home-page-Home-Page-Int-68bc0-when-clicking-feature-cards-Mobile-Chrome\error-context.md]]
]]>
</system-out>
</testcase>
<testcase name="Home Page Interactions › should show hover effects on interactive elements" classname="ui\home-page.spec.ts" time="12.454">
<failure message="home-page.spec.ts:221:7 should show hover effects on interactive elements" type="FAILURE">
<![CDATA[  [Mobile Chrome] › ui\home-page.spec.ts:221:7 › Home Page Interactions › should show hover effects on interactive elements 

    TimeoutError: locator.hover: Timeout 10000ms exceeded.
    Call log:
      - waiting for locator('.action-btn.primary')
        - locator resolved to <button data-v-fae5bece="" class="action-btn primary">…</button>
      - attempting hover action
        2 × waiting for element to be visible and stable
          - element is not stable
        - retrying hover action
        - waiting 20ms
        2 × waiting for element to be visible and stable
          - element is not stable
        - retrying hover action
          - waiting 100ms
        - waiting for element to be visible and stable
        - element is not stable
      17 × retrying hover action
           - waiting 500ms
           - waiting for element to be visible and stable
           - element is visible and stable
           - scrolling into view if needed
           - done scrolling
           - <iframe src="about:blank" id="webpack-dev-server-client-overlay"></iframe> intercepts pointer events
      - retrying hover action
        - waiting 500ms


      222 |     // 测试按钮悬停效果
      223 |     const primaryBtn = page.locator('.action-btn.primary');
    > 224 |     await primaryBtn.hover();
          |                      ^
      225 |
      226 |     // 检查是否应用了悬停样式
      227 |     const btnStyle = await primaryBtn.evaluate((el) => {
        at C:\Users\Joe\SynologyDrive\codes\有声小说\frontend\tests\ui\home-page.spec.ts:224:22

    attachment #1: screenshot (image/png) ──────────────────────────────────────────────────────────
    ..\test-results\ui-home-page-Home-Page-Int-8daef-cts-on-interactive-elements-Mobile-Chrome\test-failed-1.png
    ────────────────────────────────────────────────────────────────────────────────────────────────

    attachment #2: video (video/webm) ──────────────────────────────────────────────────────────────
    ..\test-results\ui-home-page-Home-Page-Int-8daef-cts-on-interactive-elements-Mobile-Chrome\video.webm
    ────────────────────────────────────────────────────────────────────────────────────────────────

    Error Context: ..\test-results\ui-home-page-Home-Page-Int-8daef-cts-on-interactive-elements-Mobile-Chrome\error-context.md
]]>
</failure>
<system-out>
<![CDATA[
[[ATTACHMENT|test-results\ui-home-page-Home-Page-Int-8daef-cts-on-interactive-elements-Mobile-Chrome\test-failed-1.png]]

[[ATTACHMENT|test-results\ui-home-page-Home-Page-Int-8daef-cts-on-interactive-elements-Mobile-Chrome\video.webm]]

[[ATTACHMENT|test-results\ui-home-page-Home-Page-Int-8daef-cts-on-interactive-elements-Mobile-Chrome\error-context.md]]
]]>
</system-out>
</testcase>
<testcase name="Home Page Interactions › should be responsive to viewport changes" classname="ui\home-page.spec.ts" time="4.18">
<failure message="home-page.spec.ts:240:7 should be responsive to viewport changes" type="FAILURE">
<![CDATA[  [Mobile Chrome] › ui\home-page.spec.ts:240:7 › Home Page Interactions › should be responsive to viewport changes 

    Error: expect(received).toContain(expected) // indexOf

    Expected substring: "column"
    Received string:    "row"

      256 |       return window.getComputedStyle(el);
      257 |     });
    > 258 |     expect(contentStyle.flexDirection || contentStyle.display).toContain('column');
          |                                                                ^
      259 |   });
      260 | });
      261 |
        at C:\Users\Joe\SynologyDrive\codes\有声小说\frontend\tests\ui\home-page.spec.ts:258:64

    attachment #1: screenshot (image/png) ──────────────────────────────────────────────────────────
    ..\test-results\ui-home-page-Home-Page-Int-14893-ponsive-to-viewport-changes-Mobile-Chrome\test-failed-1.png
    ────────────────────────────────────────────────────────────────────────────────────────────────

    attachment #2: video (video/webm) ──────────────────────────────────────────────────────────────
    ..\test-results\ui-home-page-Home-Page-Int-14893-ponsive-to-viewport-changes-Mobile-Chrome\video.webm
    ────────────────────────────────────────────────────────────────────────────────────────────────

    Error Context: ..\test-results\ui-home-page-Home-Page-Int-14893-ponsive-to-viewport-changes-Mobile-Chrome\error-context.md
]]>
</failure>
<system-out>
<![CDATA[
[[ATTACHMENT|test-results\ui-home-page-Home-Page-Int-14893-ponsive-to-viewport-changes-Mobile-Chrome\test-failed-1.png]]

[[ATTACHMENT|test-results\ui-home-page-Home-Page-Int-14893-ponsive-to-viewport-changes-Mobile-Chrome\video.webm]]

[[ATTACHMENT|test-results\ui-home-page-Home-Page-Int-14893-ponsive-to-viewport-changes-Mobile-Chrome\error-context.md]]
]]>
</system-out>
</testcase>
<testcase name="Home Page Performance › should load within reasonable time" classname="ui\home-page.spec.ts" time="3.048">
</testcase>
<testcase name="Home Page Performance › should have no console errors" classname="ui\home-page.spec.ts" time="3.169">
<failure message="home-page.spec.ts:273:7 should have no console errors" type="FAILURE">
<![CDATA[  [Mobile Chrome] › ui\home-page.spec.ts:273:7 › Home Page Performance › should have no console errors 

    Error: expect(received).toHaveLength(expected)

    Expected length: 0
    Received length: 13
    Received array:  ["加载统计数据失败: TypeError: Cannot read properties of undefined (reading 'get')
        at Proxy.fetchModels (webpack-internal:///./src/store/models.js:35:79)
        at Proxy.wrappedAction (webpack-internal:///./node_modules/pinia/dist/pinia.mjs:1420:26)
        at store.<computed> (webpack-internal:///./node_modules/pinia/dist/pinia.mjs:976:50)
        at loadStats (webpack-internal:///./node_modules/vue-loader/dist/index.js??ruleSet[0].use[0]!./src/views/Home.vue?vue&type=script&lang=js:126:27)
        at eval (webpack-internal:///./node_modules/vue-loader/dist/index.js??ruleSet[0].use[0]!./src/views/Home.vue?vue&type=script&lang=js:170:7)
        at eval (webpack-internal:///./node_modules/@vue/runtime-core/dist/runtime-core.esm-bundler.js:3021:40)
        at callWithErrorHandling (webpack-internal:///./node_modules/@vue/runtime-core/dist/runtime-core.esm-bundler.js:351:19)
        at callWithAsyncErrorHandling (webpack-internal:///./node_modules/@vue/runtime-core/dist/runtime-core.esm-bundler.js:358:17)
        at hook.__weh.hook.__weh (webpack-internal:///./node_modules/@vue/runtime-core/dist/runtime-core.esm-bundler.js:3001:19)
        at flushPostFlushCbs (webpack-internal:///./node_modules/@vue/runtime-core/dist/runtime-core.esm-bundler.js:534:28)", "Failed to load resource: the server responded with a status of 500 (Internal Server Error)", "❌ Response Error: AxiosError", "Failed to load resource: the server responded with a status of 500 (Internal Server Error)", "❌ Response Error: AxiosError", "Failed to load resource: the server responded with a status of 500 (Internal Server Error)", "❌ Response Error: AxiosError", "Failed to load resource: the server responded with a status of 500 (Internal Server Error)", "❌ Response Error: AxiosError", "Failed to load resource: the server responded with a status of 500 (Internal Server Error)", …]

      283 |
      284 |     // 检查是否有控制台错误
    > 285 |     expect(consoleErrors).toHaveLength(0);
          |                           ^
      286 |   });
      287 |
      288 |   test('should render all images and assets properly', async ({ page }) => {
        at C:\Users\Joe\SynologyDrive\codes\有声小说\frontend\tests\ui\home-page.spec.ts:285:27

    attachment #1: screenshot (image/png) ──────────────────────────────────────────────────────────
    ..\test-results\ui-home-page-Home-Page-Per-f50d5-ould-have-no-console-errors-Mobile-Chrome\test-failed-1.png
    ────────────────────────────────────────────────────────────────────────────────────────────────

    attachment #2: video (video/webm) ──────────────────────────────────────────────────────────────
    ..\test-results\ui-home-page-Home-Page-Per-f50d5-ould-have-no-console-errors-Mobile-Chrome\video.webm
    ────────────────────────────────────────────────────────────────────────────────────────────────

    Error Context: ..\test-results\ui-home-page-Home-Page-Per-f50d5-ould-have-no-console-errors-Mobile-Chrome\error-context.md
]]>
</failure>
<system-out>
<![CDATA[
[[ATTACHMENT|test-results\ui-home-page-Home-Page-Per-f50d5-ould-have-no-console-errors-Mobile-Chrome\test-failed-1.png]]

[[ATTACHMENT|test-results\ui-home-page-Home-Page-Per-f50d5-ould-have-no-console-errors-Mobile-Chrome\video.webm]]

[[ATTACHMENT|test-results\ui-home-page-Home-Page-Per-f50d5-ould-have-no-console-errors-Mobile-Chrome\error-context.md]]
]]>
</system-out>
</testcase>
<testcase name="Home Page Performance › should render all images and assets properly" classname="ui\home-page.spec.ts" time="2.946">
</testcase>
</testsuite>
<testsuite name="animations\animations.spec.ts" timestamp="2025-12-01T08:52:23.342Z" hostname="Mobile Safari" tests="20" failures="20" skipped="0" time="1.893" errors="0">
<testcase name="Animation and Interaction Effects › CSS Animations › should animate hero elements on page load" classname="animations\animations.spec.ts" time="0.094">
<failure message="animations.spec.ts:10:9 should animate hero elements on page load" type="FAILURE">
<![CDATA[  [Mobile Safari] › animations\animations.spec.ts:10:9 › Animation and Interaction Effects › CSS Animations › should animate hero elements on page load 

    Error: browserContext.newPage: Protocol error (Screencast.startVideo): Failed to open file 'C:\Users\Joe\SynologyDrive\codes\有声小说\frontend\test-results\.playwright-artifacts-305\4c8ffcc654ca15991ce56dbf199badf6.webm' for writing: No such file or directory
]]>
</failure>
</testcase>
<testcase name="Animation and Interaction Effects › CSS Animations › should animate sound visualizer rings" classname="animations\animations.spec.ts" time="0.105">
<failure message="animations.spec.ts:42:9 should animate sound visualizer rings" type="FAILURE">
<![CDATA[  [Mobile Safari] › animations\animations.spec.ts:42:9 › Animation and Interaction Effects › CSS Animations › should animate sound visualizer rings 

    Error: browserContext.newPage: Protocol error (Screencast.startVideo): Failed to open file 'C:\Users\Joe\SynologyDrive\codes\有声小说\frontend\test-results\.playwright-artifacts-306\16db3661fe5aedf11b5aa688c435b336.webm' for writing: No such file or directory
]]>
</failure>
</testcase>
<testcase name="Animation and Interaction Effects › CSS Animations › should animate sound bars" classname="animations\animations.spec.ts" time="0.098">
<failure message="animations.spec.ts:64:9 should animate sound bars" type="FAILURE">
<![CDATA[  [Mobile Safari] › animations\animations.spec.ts:64:9 › Animation and Interaction Effects › CSS Animations › should animate sound bars 

    Error: browserContext.newPage: Protocol error (Screencast.startVideo): Failed to open file 'C:\Users\Joe\SynologyDrive\codes\有声小说\frontend\test-results\.playwright-artifacts-307\28dd23476f292b15e98052c28745d973.webm' for writing: No such file or directory
]]>
</failure>
</testcase>
<testcase name="Animation and Interaction Effects › CSS Animations › should animate background elements" classname="animations\animations.spec.ts" time="0.092">
<failure message="animations.spec.ts:85:9 should animate background elements" type="FAILURE">
<![CDATA[  [Mobile Safari] › animations\animations.spec.ts:85:9 › Animation and Interaction Effects › CSS Animations › should animate background elements 

    Error: browserContext.newPage: Protocol error (Screencast.startVideo): Failed to open file 'C:\Users\Joe\SynologyDrive\codes\有声小说\frontend\test-results\.playwright-artifacts-308\81ab467b5714da9f6fc2e5cb84a65c6f.webm' for writing: No such file or directory
]]>
</failure>
</testcase>
<testcase name="Animation and Interaction Effects › CSS Animations › should animate floating particles" classname="animations\animations.spec.ts" time="0.085">
<failure message="animations.spec.ts:119:9 should animate floating particles" type="FAILURE">
<![CDATA[  [Mobile Safari] › animations\animations.spec.ts:119:9 › Animation and Interaction Effects › CSS Animations › should animate floating particles 

    Error: browserContext.newPage: Protocol error (Screencast.startVideo): Failed to open file 'C:\Users\Joe\SynologyDrive\codes\有声小说\frontend\test-results\.playwright-artifacts-309\c33f0b770b648f2331d30198ca3e7141.webm' for writing: No such file or directory
]]>
</failure>
</testcase>
<testcase name="Animation and Interaction Effects › Hover Effects › should show hover effects on navigation items" classname="animations\animations.spec.ts" time="0.081">
<failure message="animations.spec.ts:141:9 should show hover effects on navigation items" type="FAILURE">
<![CDATA[  [Mobile Safari] › animations\animations.spec.ts:141:9 › Animation and Interaction Effects › Hover Effects › should show hover effects on navigation items 

    Error: browserContext.newPage: Protocol error (Screencast.startVideo): Failed to open file 'C:\Users\Joe\SynologyDrive\codes\有声小说\frontend\test-results\.playwright-artifacts-310\df97eb228d62cd4b09eb3820398251b5.webm' for writing: No such file or directory
]]>
</failure>
</testcase>
<testcase name="Animation and Interaction Effects › Hover Effects › should show hover effects on action buttons" classname="animations\animations.spec.ts" time="0.083">
<failure message="animations.spec.ts:176:9 should show hover effects on action buttons" type="FAILURE">
<![CDATA[  [Mobile Safari] › animations\animations.spec.ts:176:9 › Animation and Interaction Effects › Hover Effects › should show hover effects on action buttons 

    Error: browserContext.newPage: Protocol error (Screencast.startVideo): Failed to open file 'C:\Users\Joe\SynologyDrive\codes\有声小说\frontend\test-results\.playwright-artifacts-311\06c1febab23c833b9cd1e05492847295.webm' for writing: No such file or directory
]]>
</failure>
</testcase>
<testcase name="Animation and Interaction Effects › Hover Effects › should show hover effects on feature cards" classname="animations\animations.spec.ts" time="0.087">
<failure message="animations.spec.ts:213:9 should show hover effects on feature cards" type="FAILURE">
<![CDATA[  [Mobile Safari] › animations\animations.spec.ts:213:9 › Animation and Interaction Effects › Hover Effects › should show hover effects on feature cards 

    Error: browserContext.newPage: Protocol error (Screencast.startVideo): Failed to open file 'C:\Users\Joe\SynologyDrive\codes\有声小说\frontend\test-results\.playwright-artifacts-312\a823d7ddc7de376e6b16139daf618c70.webm' for writing: No such file or directory
]]>
</failure>
</testcase>
<testcase name="Animation and Interaction Effects › Hover Effects › should show hover effects on statistics items" classname="animations\animations.spec.ts" time="0.12">
<failure message="animations.spec.ts:261:9 should show hover effects on statistics items" type="FAILURE">
<![CDATA[  [Mobile Safari] › animations\animations.spec.ts:261:9 › Animation and Interaction Effects › Hover Effects › should show hover effects on statistics items 

    Error: browserContext.newPage: Protocol error (Screencast.startVideo): Failed to open file 'C:\Users\Joe\SynologyDrive\codes\有声小说\frontend\test-results\.playwright-artifacts-313\2ffdcf4ac9f66c085f6e4653b19cf34b.webm' for writing: No such file or directory
]]>
</failure>
</testcase>
<testcase name="Animation and Interaction Effects › Hover Effects › should show hover effects on workflow steps" classname="animations\animations.spec.ts" time="0.075">
<failure message="animations.spec.ts:292:9 should show hover effects on workflow steps" type="FAILURE">
<![CDATA[  [Mobile Safari] › animations\animations.spec.ts:292:9 › Animation and Interaction Effects › Hover Effects › should show hover effects on workflow steps 

    Error: browserContext.newPage: Protocol error (Screencast.startVideo): Failed to open file 'C:\Users\Joe\SynologyDrive\codes\有声小说\frontend\test-results\.playwright-artifacts-314\ad0032f0532518e76908ff549e03d6ca.webm' for writing: No such file or directory
]]>
</failure>
</testcase>
<testcase name="Animation and Interaction Effects › Transition Effects › should have smooth transitions on interactive elements" classname="animations\animations.spec.ts" time="0.076">
<failure message="animations.spec.ts:325:9 should have smooth transitions on interactive elements" type="FAILURE">
<![CDATA[  [Mobile Safari] › animations\animations.spec.ts:325:9 › Animation and Interaction Effects › Transition Effects › should have smooth transitions on interactive elements 

    Error: browserContext.newPage: Protocol error (Screencast.startVideo): Failed to open file 'C:\Users\Joe\SynologyDrive\codes\有声小说\frontend\test-results\.playwright-artifacts-315\d590c67f7ca9425daa583008f8df3ae8.webm' for writing: No such file or directory
]]>
</failure>
</testcase>
<testcase name="Animation and Interaction Effects › Transition Effects › should animate badge glow effect" classname="animations\animations.spec.ts" time="0.085">
<failure message="animations.spec.ts:349:9 should animate badge glow effect" type="FAILURE">
<![CDATA[  [Mobile Safari] › animations\animations.spec.ts:349:9 › Animation and Interaction Effects › Transition Effects › should animate badge glow effect 

    Error: browserContext.newPage: Protocol error (Screencast.startVideo): Failed to open file 'C:\Users\Joe\SynologyDrive\codes\有声小说\frontend\test-results\.playwright-artifacts-316\7f0135cdf429d956689b6d66bb696d3d.webm' for writing: No such file or directory
]]>
</failure>
</testcase>
<testcase name="Animation and Interaction Effects › Transition Effects › should animate title accent color" classname="animations\animations.spec.ts" time="0.09">
<failure message="animations.spec.ts:365:9 should animate title accent color" type="FAILURE">
<![CDATA[  [Mobile Safari] › animations\animations.spec.ts:365:9 › Animation and Interaction Effects › Transition Effects › should animate title accent color 

    Error: browserContext.newPage: Protocol error (Screencast.startVideo): Failed to open file 'C:\Users\Joe\SynologyDrive\codes\有声小说\frontend\test-results\.playwright-artifacts-317\881bbceb3221e56c1253a4cc029d6431.webm' for writing: No such file or directory
]]>
</failure>
</testcase>
<testcase name="Animation and Interaction Effects › Transition Effects › should animate sound ring pulse" classname="animations\animations.spec.ts" time="0.136">
<failure message="animations.spec.ts:381:9 should animate sound ring pulse" type="FAILURE">
<![CDATA[  [Mobile Safari] › animations\animations.spec.ts:381:9 › Animation and Interaction Effects › Transition Effects › should animate sound ring pulse 

    Error: browserContext.newPage: Protocol error (Screencast.startVideo): Failed to open file 'C:\Users\Joe\SynologyDrive\codes\有声小说\frontend\test-results\.playwright-artifacts-318\34b5541b05f17469135f19cdf6225672.webm' for writing: No such file or directory
]]>
</failure>
</testcase>
<testcase name="Animation and Interaction Effects › Animation Performance › should maintain 60fps on animations" classname="animations\animations.spec.ts" time="0.137">
<failure message="animations.spec.ts:401:9 should maintain 60fps on animations" type="FAILURE">
<![CDATA[  [Mobile Safari] › animations\animations.spec.ts:401:9 › Animation and Interaction Effects › Animation Performance › should maintain 60fps on animations 

    Error: browserContext.newPage: Protocol error (Screencast.startVideo): Failed to open file 'C:\Users\Joe\SynologyDrive\codes\有声小说\frontend\test-results\.playwright-artifacts-319\7d84e8b051fc9628a3e01f123737193e.webm' for writing: No such file or directory
]]>
</failure>
</testcase>
<testcase name="Animation and Interaction Effects › Animation Performance › should not block main thread during animations" classname="animations\animations.spec.ts" time="0.074">
<failure message="animations.spec.ts:437:9 should not block main thread during animations" type="FAILURE">
<![CDATA[  [Mobile Safari] › animations\animations.spec.ts:437:9 › Animation and Interaction Effects › Animation Performance › should not block main thread during animations 

    Error: browserContext.newPage: Protocol error (Screencast.startVideo): Failed to open file 'C:\Users\Joe\SynologyDrive\codes\有声小说\frontend\test-results\.playwright-artifacts-320\9f5fae6d7ef608272c38b57ff11e2eba.webm' for writing: No such file or directory
]]>
</failure>
</testcase>
<testcase name="Animation and Interaction Effects › Animation Performance › should handle animation interruptions gracefully" classname="animations\animations.spec.ts" time="0.073">
<failure message="animations.spec.ts:452:9 should handle animation interruptions gracefully" type="FAILURE">
<![CDATA[  [Mobile Safari] › animations\animations.spec.ts:452:9 › Animation and Interaction Effects › Animation Performance › should handle animation interruptions gracefully 

    Error: browserContext.newPage: Protocol error (Screencast.startVideo): Failed to open file 'C:\Users\Joe\SynologyDrive\codes\有声小说\frontend\test-results\.playwright-artifacts-321\c1eef93472b93503cedb61ae505d7225.webm' for writing: No such file or directory
]]>
</failure>
</testcase>
<testcase name="Animation and Interaction Effects › Reduced Motion Support › should respect prefers-reduced-motion setting" classname="animations\animations.spec.ts" time="0.078">
<failure message="animations.spec.ts:470:9 should respect prefers-reduced-motion setting" type="FAILURE">
<![CDATA[  [Mobile Safari] › animations\animations.spec.ts:470:9 › Animation and Interaction Effects › Reduced Motion Support › should respect prefers-reduced-motion setting 

    Error: browserContext.newPage: Protocol error (Screencast.startVideo): Failed to open file 'C:\Users\Joe\SynologyDrive\codes\有声小说\frontend\test-results\.playwright-artifacts-322\7de69b418423a17d4e0d9cc4f42a2c91.webm' for writing: No such file or directory
]]>
</failure>
</testcase>
<testcase name="Animation and Interaction Effects › Animation Accessibility › should have sufficient color contrast during animations" classname="animations\animations.spec.ts" time="0.084">
<failure message="animations.spec.ts:502:9 should have sufficient color contrast during animations" type="FAILURE">
<![CDATA[  [Mobile Safari] › animations\animations.spec.ts:502:9 › Animation and Interaction Effects › Animation Accessibility › should have sufficient color contrast during animations 

    Error: browserContext.newPage: Protocol error (Screencast.startVideo): Failed to open file 'C:\Users\Joe\SynologyDrive\codes\有声小说\frontend\test-results\.playwright-artifacts-323\d6c40438b80e2dce0d85c445d1affde2.webm' for writing: No such file or directory
]]>
</failure>
</testcase>
<testcase name="Animation and Interaction Effects › Animation Accessibility › should not cause motion sickness" classname="animations\animations.spec.ts" time="0.14">
<failure message="animations.spec.ts:526:9 should not cause motion sickness" type="FAILURE">
<![CDATA[  [Mobile Safari] › animations\animations.spec.ts:526:9 › Animation and Interaction Effects › Animation Accessibility › should not cause motion sickness 

    Error: browserContext.newPage: Protocol error (Screencast.startVideo): Failed to open file 'C:\Users\Joe\SynologyDrive\codes\有声小说\frontend\test-results\.playwright-artifacts-324\223f96dd19bf8a3f0de18680e95ee3f1.webm' for writing: No such file or directory
]]>
</failure>
</testcase>
</testsuite>
<testsuite name="navigation\navigation.spec.ts" timestamp="2025-12-01T08:52:23.342Z" hostname="Mobile Safari" tests="17" failures="17" skipped="0" time="1.506" errors="0">
<testcase name="Navigation System › should display main navigation with all menu items" classname="navigation\navigation.spec.ts" time="0.14">
<failure message="navigation.spec.ts:8:7 should display main navigation with all menu items" type="FAILURE">
<![CDATA[  [Mobile Safari] › navigation\navigation.spec.ts:8:7 › Navigation System › should display main navigation with all menu items 

    Error: browserContext.newPage: Protocol error (Screencast.startVideo): Failed to open file 'C:\Users\Joe\SynologyDrive\codes\有声小说\frontend\test-results\.playwright-artifacts-325\ae64b1e7ed6add4743f1e792b8e2cd2d.webm' for writing: No such file or directory
]]>
</failure>
</testcase>
<testcase name="Navigation System › should display brand section with correct elements" classname="navigation\navigation.spec.ts" time="0.083">
<failure message="navigation.spec.ts:35:7 should display brand section with correct elements" type="FAILURE">
<![CDATA[  [Mobile Safari] › navigation\navigation.spec.ts:35:7 › Navigation System › should display brand section with correct elements 

    Error: browserContext.newPage: Protocol error (Screencast.startVideo): Failed to open file 'C:\Users\Joe\SynologyDrive\codes\有声小说\frontend\test-results\.playwright-artifacts-326\576fb52aaabaaa9a81047276c51f637a.webm' for writing: No such file or directory
]]>
</failure>
</testcase>
<testcase name="Navigation System › should have active state indicators for current page" classname="navigation\navigation.spec.ts" time="0.078">
<failure message="navigation.spec.ts:61:7 should have active state indicators for current page" type="FAILURE">
<![CDATA[  [Mobile Safari] › navigation\navigation.spec.ts:61:7 › Navigation System › should have active state indicators for current page 

    Error: browserContext.newPage: Protocol error (Screencast.startVideo): Failed to open file 'C:\Users\Joe\SynologyDrive\codes\有声小说\frontend\test-results\.playwright-artifacts-327\405271540c155644a0fd7a4288005588.webm' for writing: No such file or directory
]]>
</failure>
</testcase>
<testcase name="Navigation System › should navigate correctly when clicking navigation items" classname="navigation\navigation.spec.ts" time="0.076">
<failure message="navigation.spec.ts:70:7 should navigate correctly when clicking navigation items" type="FAILURE">
<![CDATA[  [Mobile Safari] › navigation\navigation.spec.ts:70:7 › Navigation System › should navigate correctly when clicking navigation items 

    Error: browserContext.newPage: Protocol error (Screencast.startVideo): Failed to open file 'C:\Users\Joe\SynologyDrive\codes\有声小说\frontend\test-results\.playwright-artifacts-328\b0398467ddcd87c0529106fdd5a040ec.webm' for writing: No such file or directory
]]>
</failure>
</testcase>
<testcase name="Navigation System › should show hover effects on navigation items" classname="navigation\navigation.spec.ts" time="0.079">
<failure message="navigation.spec.ts:86:7 should show hover effects on navigation items" type="FAILURE">
<![CDATA[  [Mobile Safari] › navigation\navigation.spec.ts:86:7 › Navigation System › should show hover effects on navigation items 

    Error: browserContext.newPage: Protocol error (Screencast.startVideo): Failed to open file 'C:\Users\Joe\SynologyDrive\codes\有声小说\frontend\test-results\.playwright-artifacts-329\f5db52b3ebd5fc01867d2f7e77c30e4c.webm' for writing: No such file or directory
]]>
</failure>
</testcase>
<testcase name="Navigation System › should display footer with correct content" classname="navigation\navigation.spec.ts" time="0.093">
<failure message="navigation.spec.ts:107:7 should display footer with correct content" type="FAILURE">
<![CDATA[  [Mobile Safari] › navigation\navigation.spec.ts:107:7 › Navigation System › should display footer with correct content 

    Error: browserContext.newPage: Protocol error (Screencast.startVideo): Failed to open file 'C:\Users\Joe\SynologyDrive\codes\有声小说\frontend\test-results\.playwright-artifacts-330\fed7bac59328b23530cbd42523bebc58.webm' for writing: No such file or directory
]]>
</failure>
</testcase>
<testcase name="Navigation System › should handle navigation with browser back/forward buttons" classname="navigation\navigation.spec.ts" time="0.123">
<failure message="navigation.spec.ts:123:7 should handle navigation with browser back/forward buttons" type="FAILURE">
<![CDATA[  [Mobile Safari] › navigation\navigation.spec.ts:123:7 › Navigation System › should handle navigation with browser back/forward buttons 

    Error: browserContext.newPage: Protocol error (Screencast.startVideo): Failed to open file 'C:\Users\Joe\SynologyDrive\codes\有声小说\frontend\test-results\.playwright-artifacts-331\5b2028b66e4ef3538c3e9d6f3f17681b.webm' for writing: No such file or directory
]]>
</failure>
</testcase>
<testcase name="Navigation System › should maintain navigation state on page refresh" classname="navigation\navigation.spec.ts" time="0.074">
<failure message="navigation.spec.ts:142:7 should maintain navigation state on page refresh" type="FAILURE">
<![CDATA[  [Mobile Safari] › navigation\navigation.spec.ts:142:7 › Navigation System › should maintain navigation state on page refresh 

    Error: browserContext.newPage: Protocol error (Screencast.startVideo): Failed to open file 'C:\Users\Joe\SynologyDrive\codes\有声小说\frontend\test-results\.playwright-artifacts-332\af69cc84bf758a2db4e6e32917061fcd.webm' for writing: No such file or directory
]]>
</failure>
</testcase>
<testcase name="Navigation Accessibility › should be keyboard navigable" classname="navigation\navigation.spec.ts" time="0.079">
<failure message="navigation.spec.ts:165:7 should be keyboard navigable" type="FAILURE">
<![CDATA[  [Mobile Safari] › navigation\navigation.spec.ts:165:7 › Navigation Accessibility › should be keyboard navigable 

    Error: browserContext.newPage: Protocol error (Screencast.startVideo): Failed to open file 'C:\Users\Joe\SynologyDrive\codes\有声小说\frontend\test-results\.playwright-artifacts-333\02cac13f401762678cd5e4b0abe48ef7.webm' for writing: No such file or directory
]]>
</failure>
</testcase>
<testcase name="Navigation Accessibility › should have proper ARIA labels" classname="navigation\navigation.spec.ts" time="0.072">
<failure message="navigation.spec.ts:181:7 should have proper ARIA labels" type="FAILURE">
<![CDATA[  [Mobile Safari] › navigation\navigation.spec.ts:181:7 › Navigation Accessibility › should have proper ARIA labels 

    Error: browserContext.newPage: Protocol error (Screencast.startVideo): Failed to open file 'C:\Users\Joe\SynologyDrive\codes\有声小说\frontend\test-results\.playwright-artifacts-334\024f4c2cfd50b3184e14959979840467.webm' for writing: No such file or directory
]]>
</failure>
</testcase>
<testcase name="Navigation Accessibility › should have sufficient color contrast" classname="navigation\navigation.spec.ts" time="0.075">
<failure message="navigation.spec.ts:197:7 should have sufficient color contrast" type="FAILURE">
<![CDATA[  [Mobile Safari] › navigation\navigation.spec.ts:197:7 › Navigation Accessibility › should have sufficient color contrast 

    Error: browserContext.newPage: Protocol error (Screencast.startVideo): Failed to open file 'C:\Users\Joe\SynologyDrive\codes\有声小说\frontend\test-results\.playwright-artifacts-335\375190958eefc474b6d6dd184a28cc79.webm' for writing: No such file or directory
]]>
</failure>
</testcase>
<testcase name="Navigation Responsive Design › should adapt to mobile viewport" classname="navigation\navigation.spec.ts" time="0.087">
<failure message="navigation.spec.ts:218:7 should adapt to mobile viewport" type="FAILURE">
<![CDATA[  [Mobile Safari] › navigation\navigation.spec.ts:218:7 › Navigation Responsive Design › should adapt to mobile viewport 

    Error: browserContext.newPage: Protocol error (Screencast.startVideo): Failed to open file 'C:\Users\Joe\SynologyDrive\codes\有声小说\frontend\test-results\.playwright-artifacts-336\9d98f409e891a3321e73d19765d44cfa.webm' for writing: No such file or directory
]]>
</failure>
</testcase>
<testcase name="Navigation Responsive Design › should adapt to tablet viewport" classname="navigation\navigation.spec.ts" time="0.121">
<failure message="navigation.spec.ts:245:7 should adapt to tablet viewport" type="FAILURE">
<![CDATA[  [Mobile Safari] › navigation\navigation.spec.ts:245:7 › Navigation Responsive Design › should adapt to tablet viewport 

    Error: browserContext.newPage: Protocol error (Screencast.startVideo): Failed to open file 'C:\Users\Joe\SynologyDrive\codes\有声小说\frontend\test-results\.playwright-artifacts-337\1954f244ef861ac29a604edaf4fac27b.webm' for writing: No such file or directory
]]>
</failure>
</testcase>
<testcase name="Navigation Responsive Design › should handle viewport orientation changes" classname="navigation\navigation.spec.ts" time="0.08">
<failure message="navigation.spec.ts:260:7 should handle viewport orientation changes" type="FAILURE">
<![CDATA[  [Mobile Safari] › navigation\navigation.spec.ts:260:7 › Navigation Responsive Design › should handle viewport orientation changes 

    Error: browserContext.newPage: Protocol error (Screencast.startVideo): Failed to open file 'C:\Users\Joe\SynologyDrive\codes\有声小说\frontend\test-results\.playwright-artifacts-338\7ed8657d808023b4cefc31cd8dd17733.webm' for writing: No such file or directory
]]>
</failure>
</testcase>
<testcase name="Navigation Performance › should load navigation quickly" classname="navigation\navigation.spec.ts" time="0.082">
<failure message="navigation.spec.ts:280:7 should load navigation quickly" type="FAILURE">
<![CDATA[  [Mobile Safari] › navigation\navigation.spec.ts:280:7 › Navigation Performance › should load navigation quickly 

    Error: browserContext.newPage: Protocol error (Screencast.startVideo): Failed to open file 'C:\Users\Joe\SynologyDrive\codes\有声小说\frontend\test-results\.playwright-artifacts-339\a7e2f1798150c8a8bd75352e28ff640d.webm' for writing: No such file or directory
]]>
</failure>
</testcase>
<testcase name="Navigation Performance › should have smooth transitions between pages" classname="navigation\navigation.spec.ts" time="0.089">
<failure message="navigation.spec.ts:290:7 should have smooth transitions between pages" type="FAILURE">
<![CDATA[  [Mobile Safari] › navigation\navigation.spec.ts:290:7 › Navigation Performance › should have smooth transitions between pages 

    Error: browserContext.newPage: Protocol error (Screencast.startVideo): Failed to open file 'C:\Users\Joe\SynologyDrive\codes\有声小说\frontend\test-results\.playwright-artifacts-340\bd9efd14d653363f059b0175db89aab4.webm' for writing: No such file or directory
]]>
</failure>
</testcase>
<testcase name="Navigation Performance › should not cause layout shifts during navigation" classname="navigation\navigation.spec.ts" time="0.075">
<failure message="navigation.spec.ts:303:7 should not cause layout shifts during navigation" type="FAILURE">
<![CDATA[  [Mobile Safari] › navigation\navigation.spec.ts:303:7 › Navigation Performance › should not cause layout shifts during navigation 

    Error: browserContext.newPage: Protocol error (Screencast.startVideo): Failed to open file 'C:\Users\Joe\SynologyDrive\codes\有声小说\frontend\test-results\.playwright-artifacts-341\b38f2e21bbec5790cad0734a02d3c60a.webm' for writing: No such file or directory
]]>
</failure>
</testcase>
</testsuite>
<testsuite name="responsive\responsive-design.spec.ts" timestamp="2025-12-01T08:52:23.342Z" hostname="Mobile Safari" tests="72" failures="72" skipped="0" time="6.494" errors="0">
<testcase name="Responsive Design Tests › Desktop (1920x1080) › should display navigation correctly" classname="responsive\responsive-design.spec.ts" time="0.08">
<failure message="responsive-design.spec.ts:21:11 should display navigation correctly" type="FAILURE">
<![CDATA[  [Mobile Safari] › responsive\responsive-design.spec.ts:21:11 › Responsive Design Tests › Desktop (1920x1080) › should display navigation correctly 

    Error: browserContext.newPage: Protocol error (Screencast.startVideo): Failed to open file 'C:\Users\Joe\SynologyDrive\codes\有声小说\frontend\test-results\.playwright-artifacts-342\f74d17a2ef42f8b5a94e6007fcb97e75.webm' for writing: No such file or directory
]]>
</failure>
</testcase>
<testcase name="Responsive Design Tests › Desktop (1920x1080) › should display hero section correctly" classname="responsive\responsive-design.spec.ts" time="0.093">
<failure message="responsive-design.spec.ts:41:11 should display hero section correctly" type="FAILURE">
<![CDATA[  [Mobile Safari] › responsive\responsive-design.spec.ts:41:11 › Responsive Design Tests › Desktop (1920x1080) › should display hero section correctly 

    Error: browserContext.newPage: Protocol error (Screencast.startVideo): Failed to open file 'C:\Users\Joe\SynologyDrive\codes\有声小说\frontend\test-results\.playwright-artifacts-343\ce7f1c853c811fa1914625d463148283.webm' for writing: No such file or directory
]]>
</failure>
</testcase>
<testcase name="Responsive Design Tests › Desktop (1920x1080) › should display statistics correctly" classname="responsive\responsive-design.spec.ts" time="0.079">
<failure message="responsive-design.spec.ts:73:11 should display statistics correctly" type="FAILURE">
<![CDATA[  [Mobile Safari] › responsive\responsive-design.spec.ts:73:11 › Responsive Design Tests › Desktop (1920x1080) › should display statistics correctly 

    Error: browserContext.newPage: Protocol error (Screencast.startVideo): Failed to open file 'C:\Users\Joe\SynologyDrive\codes\有声小说\frontend\test-results\.playwright-artifacts-344\c4c2ff9260691a9dd3b0ce4e0ac90c3d.webm' for writing: No such file or directory
]]>
</failure>
</testcase>
<testcase name="Responsive Design Tests › Desktop (1920x1080) › should display features section correctly" classname="responsive\responsive-design.spec.ts" time="0.075">
<failure message="responsive-design.spec.ts:95:11 should display features section correctly" type="FAILURE">
<![CDATA[  [Mobile Safari] › responsive\responsive-design.spec.ts:95:11 › Responsive Design Tests › Desktop (1920x1080) › should display features section correctly 

    Error: browserContext.newPage: Protocol error (Screencast.startVideo): Failed to open file 'C:\Users\Joe\SynologyDrive\codes\有声小说\frontend\test-results\.playwright-artifacts-345\7278ab279bdcaa683c727737e5ff7b3f.webm' for writing: No such file or directory
]]>
</failure>
</testcase>
<testcase name="Responsive Design Tests › Desktop (1920x1080) › should display workflow section correctly" classname="responsive\responsive-design.spec.ts" time="0.086">
<failure message="responsive-design.spec.ts:123:11 should display workflow section correctly" type="FAILURE">
<![CDATA[  [Mobile Safari] › responsive\responsive-design.spec.ts:123:11 › Responsive Design Tests › Desktop (1920x1080) › should display workflow section correctly 

    Error: browserContext.newPage: Protocol error (Screencast.startVideo): Failed to open file 'C:\Users\Joe\SynologyDrive\codes\有声小说\frontend\test-results\.playwright-artifacts-346\d69263ea1cf3dc4d66fa290f57bc6a6d.webm' for writing: No such file or directory
]]>
</failure>
</testcase>
<testcase name="Responsive Design Tests › Desktop (1920x1080) › should display action buttons correctly" classname="responsive\responsive-design.spec.ts" time="0.077">
<failure message="responsive-design.spec.ts:152:11 should display action buttons correctly" type="FAILURE">
<![CDATA[  [Mobile Safari] › responsive\responsive-design.spec.ts:152:11 › Responsive Design Tests › Desktop (1920x1080) › should display action buttons correctly 

    Error: browserContext.newPage: Protocol error (Screencast.startVideo): Failed to open file 'C:\Users\Joe\SynologyDrive\codes\有声小说\frontend\test-results\.playwright-artifacts-347\f9e51a18691f9749cb1af6c958609be8.webm' for writing: No such file or directory
]]>
</failure>
</testcase>
<testcase name="Responsive Design Tests › Desktop (1920x1080) › should handle horizontal scrolling properly" classname="responsive\responsive-design.spec.ts" time="0.081">
<failure message="responsive-design.spec.ts:179:11 should handle horizontal scrolling properly" type="FAILURE">
<![CDATA[  [Mobile Safari] › responsive\responsive-design.spec.ts:179:11 › Responsive Design Tests › Desktop (1920x1080) › should handle horizontal scrolling properly 

    Error: browserContext.newPage: Protocol error (Screencast.startVideo): Failed to open file 'C:\Users\Joe\SynologyDrive\codes\有声小说\frontend\test-results\.playwright-artifacts-348\f19a602cea788fcb95b0b40b8e83156e.webm' for writing: No such file or directory
]]>
</failure>
</testcase>
<testcase name="Responsive Design Tests › Desktop (1920x1080) › should display text correctly at different sizes" classname="responsive\responsive-design.spec.ts" time="0.082">
<failure message="responsive-design.spec.ts:198:11 should display text correctly at different sizes" type="FAILURE">
<![CDATA[  [Mobile Safari] › responsive\responsive-design.spec.ts:198:11 › Responsive Design Tests › Desktop (1920x1080) › should display text correctly at different sizes 

    Error: browserContext.newPage: Protocol error (Screencast.startVideo): Failed to open file 'C:\Users\Joe\SynologyDrive\codes\有声小说\frontend\test-results\.playwright-artifacts-349\f92917cbf7f85fbd5342c4864907ba3b.webm' for writing: No such file or directory
]]>
</failure>
</testcase>
<testcase name="Responsive Design Tests › Desktop (1920x1080) › should handle images and media correctly" classname="responsive\responsive-design.spec.ts" time="0.089">
<failure message="responsive-design.spec.ts:221:11 should handle images and media correctly" type="FAILURE">
<![CDATA[  [Mobile Safari] › responsive\responsive-design.spec.ts:221:11 › Responsive Design Tests › Desktop (1920x1080) › should handle images and media correctly 

    Error: browserContext.newPage: Protocol error (Screencast.startVideo): Failed to open file 'C:\Users\Joe\SynologyDrive\codes\有声小说\frontend\test-results\.playwright-artifacts-350\4b72fc19e96b0fae78c8ef3a39d2c7c5.webm' for writing: No such file or directory
]]>
</failure>
</testcase>
<testcase name="Responsive Design Tests › Desktop (1920x1080) › should maintain accessibility on all screen sizes" classname="responsive\responsive-design.spec.ts" time="0.081">
<failure message="responsive-design.spec.ts:235:11 should maintain accessibility on all screen sizes" type="FAILURE">
<![CDATA[  [Mobile Safari] › responsive\responsive-design.spec.ts:235:11 › Responsive Design Tests › Desktop (1920x1080) › should maintain accessibility on all screen sizes 

    Error: browserContext.newPage: Protocol error (Screencast.startVideo): Failed to open file 'C:\Users\Joe\SynologyDrive\codes\有声小说\frontend\test-results\.playwright-artifacts-351\c30be00660877bada1c641e1181ec8d7.webm' for writing: No such file or directory
]]>
</failure>
</testcase>
<testcase name="Responsive Design Tests › Desktop (1920x1080) › should handle touch interactions on mobile devices" classname="responsive\responsive-design.spec.ts" time="0.082">
<failure message="responsive-design.spec.ts:254:11 should handle touch interactions on mobile devices" type="FAILURE">
<![CDATA[  [Mobile Safari] › responsive\responsive-design.spec.ts:254:11 › Responsive Design Tests › Desktop (1920x1080) › should handle touch interactions on mobile devices 

    Error: browserContext.newPage: Protocol error (Screencast.startVideo): Failed to open file 'C:\Users\Joe\SynologyDrive\codes\有声小说\frontend\test-results\.playwright-artifacts-352\b4e16ddc5aeec454149e60967defb672.webm' for writing: No such file or directory
]]>
</failure>
</testcase>
<testcase name="Responsive Design Tests › Laptop (1366x768) › should display navigation correctly" classname="responsive\responsive-design.spec.ts" time="0.078">
<failure message="responsive-design.spec.ts:21:11 should display navigation correctly" type="FAILURE">
<![CDATA[  [Mobile Safari] › responsive\responsive-design.spec.ts:21:11 › Responsive Design Tests › Laptop (1366x768) › should display navigation correctly 

    Error: browserContext.newPage: Protocol error (Screencast.startVideo): Failed to open file 'C:\Users\Joe\SynologyDrive\codes\有声小说\frontend\test-results\.playwright-artifacts-353\d9bdf4b2bc63bee9157b5244f7e789d9.webm' for writing: No such file or directory
]]>
</failure>
</testcase>
<testcase name="Responsive Design Tests › Laptop (1366x768) › should display hero section correctly" classname="responsive\responsive-design.spec.ts" time="0.08">
<failure message="responsive-design.spec.ts:41:11 should display hero section correctly" type="FAILURE">
<![CDATA[  [Mobile Safari] › responsive\responsive-design.spec.ts:41:11 › Responsive Design Tests › Laptop (1366x768) › should display hero section correctly 

    Error: browserContext.newPage: Protocol error (Screencast.startVideo): Failed to open file 'C:\Users\Joe\SynologyDrive\codes\有声小说\frontend\test-results\.playwright-artifacts-354\b5890f4d96bc299a8260f1f6ef060a0f.webm' for writing: No such file or directory
]]>
</failure>
</testcase>
<testcase name="Responsive Design Tests › Laptop (1366x768) › should display statistics correctly" classname="responsive\responsive-design.spec.ts" time="0.079">
<failure message="responsive-design.spec.ts:73:11 should display statistics correctly" type="FAILURE">
<![CDATA[  [Mobile Safari] › responsive\responsive-design.spec.ts:73:11 › Responsive Design Tests › Laptop (1366x768) › should display statistics correctly 

    Error: browserContext.newPage: Protocol error (Screencast.startVideo): Failed to open file 'C:\Users\Joe\SynologyDrive\codes\有声小说\frontend\test-results\.playwright-artifacts-355\f5276c309c87657bd289147d6257c074.webm' for writing: No such file or directory
]]>
</failure>
</testcase>
<testcase name="Responsive Design Tests › Laptop (1366x768) › should display features section correctly" classname="responsive\responsive-design.spec.ts" time="0.078">
<failure message="responsive-design.spec.ts:95:11 should display features section correctly" type="FAILURE">
<![CDATA[  [Mobile Safari] › responsive\responsive-design.spec.ts:95:11 › Responsive Design Tests › Laptop (1366x768) › should display features section correctly 

    Error: browserContext.newPage: Protocol error (Screencast.startVideo): Failed to open file 'C:\Users\Joe\SynologyDrive\codes\有声小说\frontend\test-results\.playwright-artifacts-356\3f3bf8d9b30d1ce3682375372dee766d.webm' for writing: No such file or directory
]]>
</failure>
</testcase>
<testcase name="Responsive Design Tests › Laptop (1366x768) › should display workflow section correctly" classname="responsive\responsive-design.spec.ts" time="0.075">
<failure message="responsive-design.spec.ts:123:11 should display workflow section correctly" type="FAILURE">
<![CDATA[  [Mobile Safari] › responsive\responsive-design.spec.ts:123:11 › Responsive Design Tests › Laptop (1366x768) › should display workflow section correctly 

    Error: browserContext.newPage: Protocol error (Screencast.startVideo): Failed to open file 'C:\Users\Joe\SynologyDrive\codes\有声小说\frontend\test-results\.playwright-artifacts-357\0ba12e2d43c8f9e89675d409fa05f264.webm' for writing: No such file or directory
]]>
</failure>
</testcase>
<testcase name="Responsive Design Tests › Laptop (1366x768) › should display action buttons correctly" classname="responsive\responsive-design.spec.ts" time="0.082">
<failure message="responsive-design.spec.ts:152:11 should display action buttons correctly" type="FAILURE">
<![CDATA[  [Mobile Safari] › responsive\responsive-design.spec.ts:152:11 › Responsive Design Tests › Laptop (1366x768) › should display action buttons correctly 

    Error: browserContext.newPage: Protocol error (Screencast.startVideo): Failed to open file 'C:\Users\Joe\SynologyDrive\codes\有声小说\frontend\test-results\.playwright-artifacts-358\809525b458fddaba79da81e0354b45b1.webm' for writing: No such file or directory
]]>
</failure>
</testcase>
<testcase name="Responsive Design Tests › Laptop (1366x768) › should handle horizontal scrolling properly" classname="responsive\responsive-design.spec.ts" time="0.079">
<failure message="responsive-design.spec.ts:179:11 should handle horizontal scrolling properly" type="FAILURE">
<![CDATA[  [Mobile Safari] › responsive\responsive-design.spec.ts:179:11 › Responsive Design Tests › Laptop (1366x768) › should handle horizontal scrolling properly 

    Error: browserContext.newPage: Protocol error (Screencast.startVideo): Failed to open file 'C:\Users\Joe\SynologyDrive\codes\有声小说\frontend\test-results\.playwright-artifacts-359\dcd67c0f8a360019dbd7d1c8030a48b7.webm' for writing: No such file or directory
]]>
</failure>
</testcase>
<testcase name="Responsive Design Tests › Laptop (1366x768) › should display text correctly at different sizes" classname="responsive\responsive-design.spec.ts" time="0.084">
<failure message="responsive-design.spec.ts:198:11 should display text correctly at different sizes" type="FAILURE">
<![CDATA[  [Mobile Safari] › responsive\responsive-design.spec.ts:198:11 › Responsive Design Tests › Laptop (1366x768) › should display text correctly at different sizes 

    Error: browserContext.newPage: Protocol error (Screencast.startVideo): Failed to open file 'C:\Users\Joe\SynologyDrive\codes\有声小说\frontend\test-results\.playwright-artifacts-360\6574530d4836763838ea7834f3208061.webm' for writing: No such file or directory
]]>
</failure>
</testcase>
<testcase name="Responsive Design Tests › Laptop (1366x768) › should handle images and media correctly" classname="responsive\responsive-design.spec.ts" time="0.08">
<failure message="responsive-design.spec.ts:221:11 should handle images and media correctly" type="FAILURE">
<![CDATA[  [Mobile Safari] › responsive\responsive-design.spec.ts:221:11 › Responsive Design Tests › Laptop (1366x768) › should handle images and media correctly 

    Error: browserContext.newPage: Protocol error (Screencast.startVideo): Failed to open file 'C:\Users\Joe\SynologyDrive\codes\有声小说\frontend\test-results\.playwright-artifacts-361\d515323f4c705fc3ab83f427c52fc7b1.webm' for writing: No such file or directory
]]>
</failure>
</testcase>
<testcase name="Responsive Design Tests › Laptop (1366x768) › should maintain accessibility on all screen sizes" classname="responsive\responsive-design.spec.ts" time="0.08">
<failure message="responsive-design.spec.ts:235:11 should maintain accessibility on all screen sizes" type="FAILURE">
<![CDATA[  [Mobile Safari] › responsive\responsive-design.spec.ts:235:11 › Responsive Design Tests › Laptop (1366x768) › should maintain accessibility on all screen sizes 

    Error: browserContext.newPage: Protocol error (Screencast.startVideo): Failed to open file 'C:\Users\Joe\SynologyDrive\codes\有声小说\frontend\test-results\.playwright-artifacts-362\83262eb2dce8c3bdabffcd76ff72010f.webm' for writing: No such file or directory
]]>
</failure>
</testcase>
<testcase name="Responsive Design Tests › Laptop (1366x768) › should handle touch interactions on mobile devices" classname="responsive\responsive-design.spec.ts" time="0.078">
<failure message="responsive-design.spec.ts:254:11 should handle touch interactions on mobile devices" type="FAILURE">
<![CDATA[  [Mobile Safari] › responsive\responsive-design.spec.ts:254:11 › Responsive Design Tests › Laptop (1366x768) › should handle touch interactions on mobile devices 

    Error: browserContext.newPage: Protocol error (Screencast.startVideo): Failed to open file 'C:\Users\Joe\SynologyDrive\codes\有声小说\frontend\test-results\.playwright-artifacts-363\e083a5703f1af4a9e3334131b9e1fa89.webm' for writing: No such file or directory
]]>
</failure>
</testcase>
<testcase name="Responsive Design Tests › Tablet (768x1024) › should display navigation correctly" classname="responsive\responsive-design.spec.ts" time="0.091">
<failure message="responsive-design.spec.ts:21:11 should display navigation correctly" type="FAILURE">
<![CDATA[  [Mobile Safari] › responsive\responsive-design.spec.ts:21:11 › Responsive Design Tests › Tablet (768x1024) › should display navigation correctly 

    Error: browserContext.newPage: Protocol error (Screencast.startVideo): Failed to open file 'C:\Users\Joe\SynologyDrive\codes\有声小说\frontend\test-results\.playwright-artifacts-364\eaa21dbfa5c71304e4b085e26ded6ecd.webm' for writing: No such file or directory
]]>
</failure>
</testcase>
<testcase name="Responsive Design Tests › Tablet (768x1024) › should display hero section correctly" classname="responsive\responsive-design.spec.ts" time="0.078">
<failure message="responsive-design.spec.ts:41:11 should display hero section correctly" type="FAILURE">
<![CDATA[  [Mobile Safari] › responsive\responsive-design.spec.ts:41:11 › Responsive Design Tests › Tablet (768x1024) › should display hero section correctly 

    Error: browserContext.newPage: Protocol error (Screencast.startVideo): Failed to open file 'C:\Users\Joe\SynologyDrive\codes\有声小说\frontend\test-results\.playwright-artifacts-365\b9afdcdac3942647eff5ca2aa6fcf45f.webm' for writing: No such file or directory
]]>
</failure>
</testcase>
<testcase name="Responsive Design Tests › Tablet (768x1024) › should display statistics correctly" classname="responsive\responsive-design.spec.ts" time="0.093">
<failure message="responsive-design.spec.ts:73:11 should display statistics correctly" type="FAILURE">
<![CDATA[  [Mobile Safari] › responsive\responsive-design.spec.ts:73:11 › Responsive Design Tests › Tablet (768x1024) › should display statistics correctly 

    Error: browserContext.newPage: Protocol error (Screencast.startVideo): Failed to open file 'C:\Users\Joe\SynologyDrive\codes\有声小说\frontend\test-results\.playwright-artifacts-366\63232fe409d1121f1b2bdb55e9db16a5.webm' for writing: No such file or directory
]]>
</failure>
</testcase>
<testcase name="Responsive Design Tests › Tablet (768x1024) › should display features section correctly" classname="responsive\responsive-design.spec.ts" time="0.077">
<failure message="responsive-design.spec.ts:95:11 should display features section correctly" type="FAILURE">
<![CDATA[  [Mobile Safari] › responsive\responsive-design.spec.ts:95:11 › Responsive Design Tests › Tablet (768x1024) › should display features section correctly 

    Error: browserContext.newPage: Protocol error (Screencast.startVideo): Failed to open file 'C:\Users\Joe\SynologyDrive\codes\有声小说\frontend\test-results\.playwright-artifacts-367\617c1c2922874ce389d5f4324ebd96f8.webm' for writing: No such file or directory
]]>
</failure>
</testcase>
<testcase name="Responsive Design Tests › Tablet (768x1024) › should display workflow section correctly" classname="responsive\responsive-design.spec.ts" time="0.08">
<failure message="responsive-design.spec.ts:123:11 should display workflow section correctly" type="FAILURE">
<![CDATA[  [Mobile Safari] › responsive\responsive-design.spec.ts:123:11 › Responsive Design Tests › Tablet (768x1024) › should display workflow section correctly 

    Error: browserContext.newPage: Protocol error (Screencast.startVideo): Failed to open file 'C:\Users\Joe\SynologyDrive\codes\有声小说\frontend\test-results\.playwright-artifacts-368\d5bae70cda2e8849226ac2dd4cfe656f.webm' for writing: No such file or directory
]]>
</failure>
</testcase>
<testcase name="Responsive Design Tests › Tablet (768x1024) › should display action buttons correctly" classname="responsive\responsive-design.spec.ts" time="0.096">
<failure message="responsive-design.spec.ts:152:11 should display action buttons correctly" type="FAILURE">
<![CDATA[  [Mobile Safari] › responsive\responsive-design.spec.ts:152:11 › Responsive Design Tests › Tablet (768x1024) › should display action buttons correctly 

    Error: browserContext.newPage: Protocol error (Screencast.startVideo): Failed to open file 'C:\Users\Joe\SynologyDrive\codes\有声小说\frontend\test-results\.playwright-artifacts-369\8c9996da44923834b1bc3833986e7da7.webm' for writing: No such file or directory
]]>
</failure>
</testcase>
<testcase name="Responsive Design Tests › Tablet (768x1024) › should handle horizontal scrolling properly" classname="responsive\responsive-design.spec.ts" time="0.118">
<failure message="responsive-design.spec.ts:179:11 should handle horizontal scrolling properly" type="FAILURE">
<![CDATA[  [Mobile Safari] › responsive\responsive-design.spec.ts:179:11 › Responsive Design Tests › Tablet (768x1024) › should handle horizontal scrolling properly 

    Error: browserContext.newPage: Protocol error (Screencast.startVideo): Failed to open file 'C:\Users\Joe\SynologyDrive\codes\有声小说\frontend\test-results\.playwright-artifacts-370\f4aad6b42800936d1855716df17d9601.webm' for writing: No such file or directory
]]>
</failure>
</testcase>
<testcase name="Responsive Design Tests › Tablet (768x1024) › should display text correctly at different sizes" classname="responsive\responsive-design.spec.ts" time="0.088">
<failure message="responsive-design.spec.ts:198:11 should display text correctly at different sizes" type="FAILURE">
<![CDATA[  [Mobile Safari] › responsive\responsive-design.spec.ts:198:11 › Responsive Design Tests › Tablet (768x1024) › should display text correctly at different sizes 

    Error: browserContext.newPage: Protocol error (Screencast.startVideo): Failed to open file 'C:\Users\Joe\SynologyDrive\codes\有声小说\frontend\test-results\.playwright-artifacts-371\386cf53946a5cfb798fc2d9aace65b77.webm' for writing: No such file or directory
]]>
</failure>
</testcase>
<testcase name="Responsive Design Tests › Tablet (768x1024) › should handle images and media correctly" classname="responsive\responsive-design.spec.ts" time="0.117">
<failure message="responsive-design.spec.ts:221:11 should handle images and media correctly" type="FAILURE">
<![CDATA[  [Mobile Safari] › responsive\responsive-design.spec.ts:221:11 › Responsive Design Tests › Tablet (768x1024) › should handle images and media correctly 

    Error: browserContext.newPage: Protocol error (Screencast.startVideo): Failed to open file 'C:\Users\Joe\SynologyDrive\codes\有声小说\frontend\test-results\.playwright-artifacts-372\7df80ea662cbe84dd6620ecbda409fd6.webm' for writing: No such file or directory
]]>
</failure>
</testcase>
<testcase name="Responsive Design Tests › Tablet (768x1024) › should maintain accessibility on all screen sizes" classname="responsive\responsive-design.spec.ts" time="0.081">
<failure message="responsive-design.spec.ts:235:11 should maintain accessibility on all screen sizes" type="FAILURE">
<![CDATA[  [Mobile Safari] › responsive\responsive-design.spec.ts:235:11 › Responsive Design Tests › Tablet (768x1024) › should maintain accessibility on all screen sizes 

    Error: browserContext.newPage: Protocol error (Screencast.startVideo): Failed to open file 'C:\Users\Joe\SynologyDrive\codes\有声小说\frontend\test-results\.playwright-artifacts-373\65060d801b89bb7cd4e85b62cae9c39c.webm' for writing: No such file or directory
]]>
</failure>
</testcase>
<testcase name="Responsive Design Tests › Tablet (768x1024) › should handle touch interactions on mobile devices" classname="responsive\responsive-design.spec.ts" time="0.104">
<failure message="responsive-design.spec.ts:254:11 should handle touch interactions on mobile devices" type="FAILURE">
<![CDATA[  [Mobile Safari] › responsive\responsive-design.spec.ts:254:11 › Responsive Design Tests › Tablet (768x1024) › should handle touch interactions on mobile devices 

    Error: browserContext.newPage: Protocol error (Screencast.startVideo): Failed to open file 'C:\Users\Joe\SynologyDrive\codes\有声小说\frontend\test-results\.playwright-artifacts-374\72ba97c3a5c508b8913747edd3eba5db.webm' for writing: No such file or directory
]]>
</failure>
</testcase>
<testcase name="Responsive Design Tests › Mobile Large (414x896) › should display navigation correctly" classname="responsive\responsive-design.spec.ts" time="0.076">
<failure message="responsive-design.spec.ts:21:11 should display navigation correctly" type="FAILURE">
<![CDATA[  [Mobile Safari] › responsive\responsive-design.spec.ts:21:11 › Responsive Design Tests › Mobile Large (414x896) › should display navigation correctly 

    Error: browserContext.newPage: Protocol error (Screencast.startVideo): Failed to open file 'C:\Users\Joe\SynologyDrive\codes\有声小说\frontend\test-results\.playwright-artifacts-375\05bbf4a314b9f8ee96beb39c57c87b7c.webm' for writing: No such file or directory
]]>
</failure>
</testcase>
<testcase name="Responsive Design Tests › Mobile Large (414x896) › should display hero section correctly" classname="responsive\responsive-design.spec.ts" time="0.102">
<failure message="responsive-design.spec.ts:41:11 should display hero section correctly" type="FAILURE">
<![CDATA[  [Mobile Safari] › responsive\responsive-design.spec.ts:41:11 › Responsive Design Tests › Mobile Large (414x896) › should display hero section correctly 

    Error: browserContext.newPage: Protocol error (Screencast.startVideo): Failed to open file 'C:\Users\Joe\SynologyDrive\codes\有声小说\frontend\test-results\.playwright-artifacts-376\277830c21cf2b14852fd42f7ff52b015.webm' for writing: No such file or directory
]]>
</failure>
</testcase>
<testcase name="Responsive Design Tests › Mobile Large (414x896) › should display statistics correctly" classname="responsive\responsive-design.spec.ts" time="0.099">
<failure message="responsive-design.spec.ts:73:11 should display statistics correctly" type="FAILURE">
<![CDATA[  [Mobile Safari] › responsive\responsive-design.spec.ts:73:11 › Responsive Design Tests › Mobile Large (414x896) › should display statistics correctly 

    Error: browserContext.newPage: Protocol error (Screencast.startVideo): Failed to open file 'C:\Users\Joe\SynologyDrive\codes\有声小说\frontend\test-results\.playwright-artifacts-377\7290a3bb56f191d9969b7885780c28c3.webm' for writing: No such file or directory
]]>
</failure>
</testcase>
<testcase name="Responsive Design Tests › Mobile Large (414x896) › should display features section correctly" classname="responsive\responsive-design.spec.ts" time="0.125">
<failure message="responsive-design.spec.ts:95:11 should display features section correctly" type="FAILURE">
<![CDATA[  [Mobile Safari] › responsive\responsive-design.spec.ts:95:11 › Responsive Design Tests › Mobile Large (414x896) › should display features section correctly 

    Error: browserContext.newPage: Protocol error (Screencast.startVideo): Failed to open file 'C:\Users\Joe\SynologyDrive\codes\有声小说\frontend\test-results\.playwright-artifacts-378\1ce2e82dce218de6bb5774a5cdedb19c.webm' for writing: No such file or directory
]]>
</failure>
</testcase>
<testcase name="Responsive Design Tests › Mobile Large (414x896) › should display workflow section correctly" classname="responsive\responsive-design.spec.ts" time="0.076">
<failure message="responsive-design.spec.ts:123:11 should display workflow section correctly" type="FAILURE">
<![CDATA[  [Mobile Safari] › responsive\responsive-design.spec.ts:123:11 › Responsive Design Tests › Mobile Large (414x896) › should display workflow section correctly 

    Error: browserContext.newPage: Protocol error (Screencast.startVideo): Failed to open file 'C:\Users\Joe\SynologyDrive\codes\有声小说\frontend\test-results\.playwright-artifacts-379\ebd4f1332f4f4ac1409d3744e1534d1f.webm' for writing: No such file or directory
]]>
</failure>
</testcase>
<testcase name="Responsive Design Tests › Mobile Large (414x896) › should display action buttons correctly" classname="responsive\responsive-design.spec.ts" time="0.081">
<failure message="responsive-design.spec.ts:152:11 should display action buttons correctly" type="FAILURE">
<![CDATA[  [Mobile Safari] › responsive\responsive-design.spec.ts:152:11 › Responsive Design Tests › Mobile Large (414x896) › should display action buttons correctly 

    Error: browserContext.newPage: Protocol error (Screencast.startVideo): Failed to open file 'C:\Users\Joe\SynologyDrive\codes\有声小说\frontend\test-results\.playwright-artifacts-380\7bed26c7985c94426757c1cc56d7651d.webm' for writing: No such file or directory
]]>
</failure>
</testcase>
<testcase name="Responsive Design Tests › Mobile Large (414x896) › should handle horizontal scrolling properly" classname="responsive\responsive-design.spec.ts" time="0.086">
<failure message="responsive-design.spec.ts:179:11 should handle horizontal scrolling properly" type="FAILURE">
<![CDATA[  [Mobile Safari] › responsive\responsive-design.spec.ts:179:11 › Responsive Design Tests › Mobile Large (414x896) › should handle horizontal scrolling properly 

    Error: browserContext.newPage: Protocol error (Screencast.startVideo): Failed to open file 'C:\Users\Joe\SynologyDrive\codes\有声小说\frontend\test-results\.playwright-artifacts-381\48cd4df3d2608a79de6029d18b4fe135.webm' for writing: No such file or directory
]]>
</failure>
</testcase>
<testcase name="Responsive Design Tests › Mobile Large (414x896) › should display text correctly at different sizes" classname="responsive\responsive-design.spec.ts" time="0.11">
<failure message="responsive-design.spec.ts:198:11 should display text correctly at different sizes" type="FAILURE">
<![CDATA[  [Mobile Safari] › responsive\responsive-design.spec.ts:198:11 › Responsive Design Tests › Mobile Large (414x896) › should display text correctly at different sizes 

    Error: browserContext.newPage: Protocol error (Screencast.startVideo): Failed to open file 'C:\Users\Joe\SynologyDrive\codes\有声小说\frontend\test-results\.playwright-artifacts-382\b09640ce2b1ad54da8f48a3a08e7fd82.webm' for writing: No such file or directory
]]>
</failure>
</testcase>
<testcase name="Responsive Design Tests › Mobile Large (414x896) › should handle images and media correctly" classname="responsive\responsive-design.spec.ts" time="0.088">
<failure message="responsive-design.spec.ts:221:11 should handle images and media correctly" type="FAILURE">
<![CDATA[  [Mobile Safari] › responsive\responsive-design.spec.ts:221:11 › Responsive Design Tests › Mobile Large (414x896) › should handle images and media correctly 

    Error: browserContext.newPage: Protocol error (Screencast.startVideo): Failed to open file 'C:\Users\Joe\SynologyDrive\codes\有声小说\frontend\test-results\.playwright-artifacts-383\f20efee02206035138fdb9d93a4c90d6.webm' for writing: No such file or directory
]]>
</failure>
</testcase>
<testcase name="Responsive Design Tests › Mobile Large (414x896) › should maintain accessibility on all screen sizes" classname="responsive\responsive-design.spec.ts" time="0.1">
<failure message="responsive-design.spec.ts:235:11 should maintain accessibility on all screen sizes" type="FAILURE">
<![CDATA[  [Mobile Safari] › responsive\responsive-design.spec.ts:235:11 › Responsive Design Tests › Mobile Large (414x896) › should maintain accessibility on all screen sizes 

    Error: browserContext.newPage: Protocol error (Screencast.startVideo): Failed to open file 'C:\Users\Joe\SynologyDrive\codes\有声小说\frontend\test-results\.playwright-artifacts-384\ebf4eddebbc99cbd3a0344e607d9da43.webm' for writing: No such file or directory
]]>
</failure>
</testcase>
<testcase name="Responsive Design Tests › Mobile Large (414x896) › should handle touch interactions on mobile devices" classname="responsive\responsive-design.spec.ts" time="0.078">
<failure message="responsive-design.spec.ts:254:11 should handle touch interactions on mobile devices" type="FAILURE">
<![CDATA[  [Mobile Safari] › responsive\responsive-design.spec.ts:254:11 › Responsive Design Tests › Mobile Large (414x896) › should handle touch interactions on mobile devices 

    Error: browserContext.newPage: Protocol error (Screencast.startVideo): Failed to open file 'C:\Users\Joe\SynologyDrive\codes\有声小说\frontend\test-results\.playwright-artifacts-385\b3318d06897c6b79f085afa02ce84622.webm' for writing: No such file or directory
]]>
</failure>
</testcase>
<testcase name="Responsive Design Tests › Mobile (375x667) › should display navigation correctly" classname="responsive\responsive-design.spec.ts" time="0.081">
<failure message="responsive-design.spec.ts:21:11 should display navigation correctly" type="FAILURE">
<![CDATA[  [Mobile Safari] › responsive\responsive-design.spec.ts:21:11 › Responsive Design Tests › Mobile (375x667) › should display navigation correctly 

    Error: browserContext.newPage: Protocol error (Screencast.startVideo): Failed to open file 'C:\Users\Joe\SynologyDrive\codes\有声小说\frontend\test-results\.playwright-artifacts-386\2221a87305197dc78e3de57ea441f921.webm' for writing: No such file or directory
]]>
</failure>
</testcase>
<testcase name="Responsive Design Tests › Mobile (375x667) › should display hero section correctly" classname="responsive\responsive-design.spec.ts" time="0.09">
<failure message="responsive-design.spec.ts:41:11 should display hero section correctly" type="FAILURE">
<![CDATA[  [Mobile Safari] › responsive\responsive-design.spec.ts:41:11 › Responsive Design Tests › Mobile (375x667) › should display hero section correctly 

    Error: browserContext.newPage: Protocol error (Screencast.startVideo): Failed to open file 'C:\Users\Joe\SynologyDrive\codes\有声小说\frontend\test-results\.playwright-artifacts-387\b09e9caa06dff58d7ac6fd31f6e78fbb.webm' for writing: No such file or directory
]]>
</failure>
</testcase>
<testcase name="Responsive Design Tests › Mobile (375x667) › should display statistics correctly" classname="responsive\responsive-design.spec.ts" time="0.074">
<failure message="responsive-design.spec.ts:73:11 should display statistics correctly" type="FAILURE">
<![CDATA[  [Mobile Safari] › responsive\responsive-design.spec.ts:73:11 › Responsive Design Tests › Mobile (375x667) › should display statistics correctly 

    Error: browserContext.newPage: Protocol error (Screencast.startVideo): Failed to open file 'C:\Users\Joe\SynologyDrive\codes\有声小说\frontend\test-results\.playwright-artifacts-388\fed53ded326c3c43ea4e79487c8f1a1f.webm' for writing: No such file or directory
]]>
</failure>
</testcase>
<testcase name="Responsive Design Tests › Mobile (375x667) › should display features section correctly" classname="responsive\responsive-design.spec.ts" time="0.084">
<failure message="responsive-design.spec.ts:95:11 should display features section correctly" type="FAILURE">
<![CDATA[  [Mobile Safari] › responsive\responsive-design.spec.ts:95:11 › Responsive Design Tests › Mobile (375x667) › should display features section correctly 

    Error: browserContext.newPage: Protocol error (Screencast.startVideo): Failed to open file 'C:\Users\Joe\SynologyDrive\codes\有声小说\frontend\test-results\.playwright-artifacts-389\331a6ba4902ee399b00807609d89c91e.webm' for writing: No such file or directory
]]>
</failure>
</testcase>
<testcase name="Responsive Design Tests › Mobile (375x667) › should display workflow section correctly" classname="responsive\responsive-design.spec.ts" time="0.119">
<failure message="responsive-design.spec.ts:123:11 should display workflow section correctly" type="FAILURE">
<![CDATA[  [Mobile Safari] › responsive\responsive-design.spec.ts:123:11 › Responsive Design Tests › Mobile (375x667) › should display workflow section correctly 

    Error: browserContext.newPage: Protocol error (Screencast.startVideo): Failed to open file 'C:\Users\Joe\SynologyDrive\codes\有声小说\frontend\test-results\.playwright-artifacts-390\3cfc2fc9d41fa39f7eff912250d7bcfe.webm' for writing: No such file or directory
]]>
</failure>
</testcase>
<testcase name="Responsive Design Tests › Mobile (375x667) › should display action buttons correctly" classname="responsive\responsive-design.spec.ts" time="0.084">
<failure message="responsive-design.spec.ts:152:11 should display action buttons correctly" type="FAILURE">
<![CDATA[  [Mobile Safari] › responsive\responsive-design.spec.ts:152:11 › Responsive Design Tests › Mobile (375x667) › should display action buttons correctly 

    Error: browserContext.newPage: Protocol error (Screencast.startVideo): Failed to open file 'C:\Users\Joe\SynologyDrive\codes\有声小说\frontend\test-results\.playwright-artifacts-391\99145f501fc375731fa3ffbde6700f42.webm' for writing: No such file or directory
]]>
</failure>
</testcase>
<testcase name="Responsive Design Tests › Mobile (375x667) › should handle horizontal scrolling properly" classname="responsive\responsive-design.spec.ts" time="0.099">
<failure message="responsive-design.spec.ts:179:11 should handle horizontal scrolling properly" type="FAILURE">
<![CDATA[  [Mobile Safari] › responsive\responsive-design.spec.ts:179:11 › Responsive Design Tests › Mobile (375x667) › should handle horizontal scrolling properly 

    Error: browserContext.newPage: Protocol error (Screencast.startVideo): Failed to open file 'C:\Users\Joe\SynologyDrive\codes\有声小说\frontend\test-results\.playwright-artifacts-392\e803d0961560f6d9dbc3018cdbb9261d.webm' for writing: No such file or directory
]]>
</failure>
</testcase>
<testcase name="Responsive Design Tests › Mobile (375x667) › should display text correctly at different sizes" classname="responsive\responsive-design.spec.ts" time="0.1">
<failure message="responsive-design.spec.ts:198:11 should display text correctly at different sizes" type="FAILURE">
<![CDATA[  [Mobile Safari] › responsive\responsive-design.spec.ts:198:11 › Responsive Design Tests › Mobile (375x667) › should display text correctly at different sizes 

    Error: browserContext.newPage: Protocol error (Screencast.startVideo): Failed to open file 'C:\Users\Joe\SynologyDrive\codes\有声小说\frontend\test-results\.playwright-artifacts-393\a813c19633e703d9e620020aeba8a4a5.webm' for writing: No such file or directory
]]>
</failure>
</testcase>
<testcase name="Responsive Design Tests › Mobile (375x667) › should handle images and media correctly" classname="responsive\responsive-design.spec.ts" time="0.109">
<failure message="responsive-design.spec.ts:221:11 should handle images and media correctly" type="FAILURE">
<![CDATA[  [Mobile Safari] › responsive\responsive-design.spec.ts:221:11 › Responsive Design Tests › Mobile (375x667) › should handle images and media correctly 

    Error: browserContext.newPage: Protocol error (Screencast.startVideo): Failed to open file 'C:\Users\Joe\SynologyDrive\codes\有声小说\frontend\test-results\.playwright-artifacts-394\a10e988955179080404c22f84a59ea64.webm' for writing: No such file or directory
]]>
</failure>
</testcase>
<testcase name="Responsive Design Tests › Mobile (375x667) › should maintain accessibility on all screen sizes" classname="responsive\responsive-design.spec.ts" time="0.078">
<failure message="responsive-design.spec.ts:235:11 should maintain accessibility on all screen sizes" type="FAILURE">
<![CDATA[  [Mobile Safari] › responsive\responsive-design.spec.ts:235:11 › Responsive Design Tests › Mobile (375x667) › should maintain accessibility on all screen sizes 

    Error: browserContext.newPage: Protocol error (Screencast.startVideo): Failed to open file 'C:\Users\Joe\SynologyDrive\codes\有声小说\frontend\test-results\.playwright-artifacts-395\8b4e340db72e9e016079f5b343d06d43.webm' for writing: No such file or directory
]]>
</failure>
</testcase>
<testcase name="Responsive Design Tests › Mobile (375x667) › should handle touch interactions on mobile devices" classname="responsive\responsive-design.spec.ts" time="0.122">
<failure message="responsive-design.spec.ts:254:11 should handle touch interactions on mobile devices" type="FAILURE">
<![CDATA[  [Mobile Safari] › responsive\responsive-design.spec.ts:254:11 › Responsive Design Tests › Mobile (375x667) › should handle touch interactions on mobile devices 

    Error: browserContext.newPage: Protocol error (Screencast.startVideo): Failed to open file 'C:\Users\Joe\SynologyDrive\codes\有声小说\frontend\test-results\.playwright-artifacts-396\f6bb81886af88d69d85760585d8d0788.webm' for writing: No such file or directory
]]>
</failure>
</testcase>
<testcase name="Responsive Design Tests › Mobile Small (320x568) › should display navigation correctly" classname="responsive\responsive-design.spec.ts" time="0.104">
<failure message="responsive-design.spec.ts:21:11 should display navigation correctly" type="FAILURE">
<![CDATA[  [Mobile Safari] › responsive\responsive-design.spec.ts:21:11 › Responsive Design Tests › Mobile Small (320x568) › should display navigation correctly 

    Error: browserContext.newPage: Protocol error (Screencast.startVideo): Failed to open file 'C:\Users\Joe\SynologyDrive\codes\有声小说\frontend\test-results\.playwright-artifacts-397\4c83654e31c37485624866b2f9236c60.webm' for writing: No such file or directory
]]>
</failure>
</testcase>
<testcase name="Responsive Design Tests › Mobile Small (320x568) › should display hero section correctly" classname="responsive\responsive-design.spec.ts" time="0.124">
<failure message="responsive-design.spec.ts:41:11 should display hero section correctly" type="FAILURE">
<![CDATA[  [Mobile Safari] › responsive\responsive-design.spec.ts:41:11 › Responsive Design Tests › Mobile Small (320x568) › should display hero section correctly 

    Error: browserContext.newPage: Protocol error (Screencast.startVideo): Failed to open file 'C:\Users\Joe\SynologyDrive\codes\有声小说\frontend\test-results\.playwright-artifacts-398\ece3567a364e3458990d90e62a02ad5b.webm' for writing: No such file or directory
]]>
</failure>
</testcase>
<testcase name="Responsive Design Tests › Mobile Small (320x568) › should display statistics correctly" classname="responsive\responsive-design.spec.ts" time="0.111">
<failure message="responsive-design.spec.ts:73:11 should display statistics correctly" type="FAILURE">
<![CDATA[  [Mobile Safari] › responsive\responsive-design.spec.ts:73:11 › Responsive Design Tests › Mobile Small (320x568) › should display statistics correctly 

    Error: browserContext.newPage: Protocol error (Screencast.startVideo): Failed to open file 'C:\Users\Joe\SynologyDrive\codes\有声小说\frontend\test-results\.playwright-artifacts-400\0373400287917502a8063b8d246a2e71.webm' for writing: No such file or directory
]]>
</failure>
</testcase>
<testcase name="Responsive Design Tests › Mobile Small (320x568) › should display features section correctly" classname="responsive\responsive-design.spec.ts" time="0.11">
<failure message="responsive-design.spec.ts:95:11 should display features section correctly" type="FAILURE">
<![CDATA[  [Mobile Safari] › responsive\responsive-design.spec.ts:95:11 › Responsive Design Tests › Mobile Small (320x568) › should display features section correctly 

    Error: browserContext.newPage: Protocol error (Screencast.startVideo): Failed to open file 'C:\Users\Joe\SynologyDrive\codes\有声小说\frontend\test-results\.playwright-artifacts-399\664f67a0d3f5fd72ea9b43f0a1ea6dfa.webm' for writing: No such file or directory
]]>
</failure>
</testcase>
<testcase name="Responsive Design Tests › Mobile Small (320x568) › should display workflow section correctly" classname="responsive\responsive-design.spec.ts" time="0.09">
<failure message="responsive-design.spec.ts:123:11 should display workflow section correctly" type="FAILURE">
<![CDATA[  [Mobile Safari] › responsive\responsive-design.spec.ts:123:11 › Responsive Design Tests › Mobile Small (320x568) › should display workflow section correctly 

    Error: browserContext.newPage: Protocol error (Screencast.startVideo): Failed to open file 'C:\Users\Joe\SynologyDrive\codes\有声小说\frontend\test-results\.playwright-artifacts-401\020acb5faa6a7f424358a529914e658d.webm' for writing: No such file or directory
]]>
</failure>
</testcase>
<testcase name="Responsive Design Tests › Mobile Small (320x568) › should display action buttons correctly" classname="responsive\responsive-design.spec.ts" time="0.094">
<failure message="responsive-design.spec.ts:152:11 should display action buttons correctly" type="FAILURE">
<![CDATA[  [Mobile Safari] › responsive\responsive-design.spec.ts:152:11 › Responsive Design Tests › Mobile Small (320x568) › should display action buttons correctly 

    Error: browserContext.newPage: Protocol error (Screencast.startVideo): Failed to open file 'C:\Users\Joe\SynologyDrive\codes\有声小说\frontend\test-results\.playwright-artifacts-402\69c589fe1da29634791eee74d7b42abf.webm' for writing: No such file or directory
]]>
</failure>
</testcase>
<testcase name="Responsive Design Tests › Mobile Small (320x568) › should handle horizontal scrolling properly" classname="responsive\responsive-design.spec.ts" time="0.097">
<failure message="responsive-design.spec.ts:179:11 should handle horizontal scrolling properly" type="FAILURE">
<![CDATA[  [Mobile Safari] › responsive\responsive-design.spec.ts:179:11 › Responsive Design Tests › Mobile Small (320x568) › should handle horizontal scrolling properly 

    Error: browserContext.newPage: Protocol error (Screencast.startVideo): Failed to open file 'C:\Users\Joe\SynologyDrive\codes\有声小说\frontend\test-results\.playwright-artifacts-403\e11dc26045519a254c25ea6c9dd86a44.webm' for writing: No such file or directory
]]>
</failure>
</testcase>
<testcase name="Responsive Design Tests › Mobile Small (320x568) › should display text correctly at different sizes" classname="responsive\responsive-design.spec.ts" time="0.118">
<failure message="responsive-design.spec.ts:198:11 should display text correctly at different sizes" type="FAILURE">
<![CDATA[  [Mobile Safari] › responsive\responsive-design.spec.ts:198:11 › Responsive Design Tests › Mobile Small (320x568) › should display text correctly at different sizes 

    Error: browserContext.newPage: Protocol error (Screencast.startVideo): Failed to open file 'C:\Users\Joe\SynologyDrive\codes\有声小说\frontend\test-results\.playwright-artifacts-404\c60884879511292739999c8be4a8fe61.webm' for writing: No such file or directory
]]>
</failure>
</testcase>
<testcase name="Responsive Design Tests › Mobile Small (320x568) › should handle images and media correctly" classname="responsive\responsive-design.spec.ts" time="0.079">
<failure message="responsive-design.spec.ts:221:11 should handle images and media correctly" type="FAILURE">
<![CDATA[  [Mobile Safari] › responsive\responsive-design.spec.ts:221:11 › Responsive Design Tests › Mobile Small (320x568) › should handle images and media correctly 

    Error: browserContext.newPage: Protocol error (Screencast.startVideo): Failed to open file 'C:\Users\Joe\SynologyDrive\codes\有声小说\frontend\test-results\.playwright-artifacts-405\a683a0d72e24f26b1cdc8b9759f98e91.webm' for writing: No such file or directory
]]>
</failure>
</testcase>
<testcase name="Responsive Design Tests › Mobile Small (320x568) › should maintain accessibility on all screen sizes" classname="responsive\responsive-design.spec.ts" time="0.113">
<failure message="responsive-design.spec.ts:235:11 should maintain accessibility on all screen sizes" type="FAILURE">
<![CDATA[  [Mobile Safari] › responsive\responsive-design.spec.ts:235:11 › Responsive Design Tests › Mobile Small (320x568) › should maintain accessibility on all screen sizes 

    Error: browserContext.newPage: Protocol error (Screencast.startVideo): Failed to open file 'C:\Users\Joe\SynologyDrive\codes\有声小说\frontend\test-results\.playwright-artifacts-406\67caa53c5f71598b5ce98018ca59c121.webm' for writing: No such file or directory
]]>
</failure>
</testcase>
<testcase name="Responsive Design Tests › Mobile Small (320x568) › should handle touch interactions on mobile devices" classname="responsive\responsive-design.spec.ts" time="0.075">
<failure message="responsive-design.spec.ts:254:11 should handle touch interactions on mobile devices" type="FAILURE">
<![CDATA[  [Mobile Safari] › responsive\responsive-design.spec.ts:254:11 › Responsive Design Tests › Mobile Small (320x568) › should handle touch interactions on mobile devices 

    Error: browserContext.newPage: Protocol error (Screencast.startVideo): Failed to open file 'C:\Users\Joe\SynologyDrive\codes\有声小说\frontend\test-results\.playwright-artifacts-407\12e9785260e5097892ef0ed930614d26.webm' for writing: No such file or directory
]]>
</failure>
</testcase>
<testcase name="Responsive Design Tests › Orientation Changes › should handle desktop orientation changes" classname="responsive\responsive-design.spec.ts" time="0.083">
<failure message="responsive-design.spec.ts:276:9 should handle desktop orientation changes" type="FAILURE">
<![CDATA[  [Mobile Safari] › responsive\responsive-design.spec.ts:276:9 › Responsive Design Tests › Orientation Changes › should handle desktop orientation changes 

    Error: browserContext.newPage: Protocol error (Screencast.startVideo): Failed to open file 'C:\Users\Joe\SynologyDrive\codes\有声小说\frontend\test-results\.playwright-artifacts-408\994d56b74512b5267f458b0e077e1041.webm' for writing: No such file or directory
]]>
</failure>
</testcase>
<testcase name="Responsive Design Tests › Orientation Changes › should handle mobile orientation changes" classname="responsive\responsive-design.spec.ts" time="0.084">
<failure message="responsive-design.spec.ts:292:9 should handle mobile orientation changes" type="FAILURE">
<![CDATA[  [Mobile Safari] › responsive\responsive-design.spec.ts:292:9 › Responsive Design Tests › Orientation Changes › should handle mobile orientation changes 

    Error: browserContext.newPage: Protocol error (Screencast.startVideo): Failed to open file 'C:\Users\Joe\SynologyDrive\codes\有声小说\frontend\test-results\.playwright-artifacts-409\3900b43d6cde814cc7086b448b314557.webm' for writing: No such file or directory
]]>
</failure>
</testcase>
<testcase name="Responsive Design Tests › Dynamic Content Loading › should load content appropriately for different screen sizes" classname="responsive\responsive-design.spec.ts" time="0.092">
<failure message="responsive-design.spec.ts:317:9 should load content appropriately for different screen sizes" type="FAILURE">
<![CDATA[  [Mobile Safari] › responsive\responsive-design.spec.ts:317:9 › Responsive Design Tests › Dynamic Content Loading › should load content appropriately for different screen sizes 

    Error: browserContext.newPage: Protocol error (Screencast.startVideo): Failed to open file 'C:\Users\Joe\SynologyDrive\codes\有声小说\frontend\test-results\.playwright-artifacts-410\778a7daef425c889abd1786726dbad70.webm' for writing: No such file or directory
]]>
</failure>
</testcase>
<testcase name="Responsive Design Tests › Dynamic Content Loading › should handle progressive enhancement" classname="responsive\responsive-design.spec.ts" time="0.08">
<failure message="responsive-design.spec.ts:340:9 should handle progressive enhancement" type="FAILURE">
<![CDATA[  [Mobile Safari] › responsive\responsive-design.spec.ts:340:9 › Responsive Design Tests › Dynamic Content Loading › should handle progressive enhancement 

    Error: browserContext.newPage: Protocol error (Screencast.startVideo): Failed to open file 'C:\Users\Joe\SynologyDrive\codes\有声小说\frontend\test-results\.playwright-artifacts-411\98351ac2eaa19831c4a2d3858b939f81.webm' for writing: No such file or directory
]]>
</failure>
</testcase>
<testcase name="Performance Tests › should load quickly on mobile devices" classname="responsive\responsive-design.spec.ts" time="0.098">
<failure message="responsive-design.spec.ts:361:7 should load quickly on mobile devices" type="FAILURE">
<![CDATA[  [Mobile Safari] › responsive\responsive-design.spec.ts:361:7 › Performance Tests › should load quickly on mobile devices 

    Error: browserContext.newPage: Protocol error (Screencast.startVideo): Failed to open file 'C:\Users\Joe\SynologyDrive\codes\有声小说\frontend\test-results\.playwright-artifacts-412\c0e17146684b813a134aa5a9a9fed51a.webm' for writing: No such file or directory
]]>
</failure>
</testcase>
<testcase name="Performance Tests › should not cause layout shifts during loading" classname="responsive\responsive-design.spec.ts" time="0.08">
<failure message="responsive-design.spec.ts:379:7 should not cause layout shifts during loading" type="FAILURE">
<![CDATA[  [Mobile Safari] › responsive\responsive-design.spec.ts:379:7 › Performance Tests › should not cause layout shifts during loading 

    Error: browserContext.newPage: Protocol error (Screencast.startVideo): Failed to open file 'C:\Users\Joe\SynologyDrive\codes\有声小说\frontend\test-results\.playwright-artifacts-413\0f30b95fbafb648e85fbd9703f823712.webm' for writing: No such file or directory
]]>
</failure>
</testcase>
</testsuite>
<testsuite name="ui\home-page.spec.ts" timestamp="2025-12-01T08:52:23.342Z" hostname="Mobile Safari" tests="18" failures="18" skipped="0" time="1.761" errors="0">
<testcase name="Home Page UI Components › should display the main hero section with correct content" classname="ui\home-page.spec.ts" time="0.079">
<failure message="home-page.spec.ts:8:7 should display the main hero section with correct content" type="FAILURE">
<![CDATA[  [Mobile Safari] › ui\home-page.spec.ts:8:7 › Home Page UI Components › should display the main hero section with correct content 

    Error: browserContext.newPage: Protocol error (Screencast.startVideo): Failed to open file 'C:\Users\Joe\SynologyDrive\codes\有声小说\frontend\test-results\.playwright-artifacts-414\f4be85992e83870b0dca44f4ed3a7a9b.webm' for writing: No such file or directory
]]>
</failure>
</testcase>
<testcase name="Home Page UI Components › should display action buttons with correct styling" classname="ui\home-page.spec.ts" time="0.088">
<failure message="home-page.spec.ts:33:7 should display action buttons with correct styling" type="FAILURE">
<![CDATA[  [Mobile Safari] › ui\home-page.spec.ts:33:7 › Home Page UI Components › should display action buttons with correct styling 

    Error: browserContext.newPage: Protocol error (Screencast.startVideo): Failed to open file 'C:\Users\Joe\SynologyDrive\codes\有声小说\frontend\test-results\.playwright-artifacts-415\e315b58ffa021c09d3ed51e793bf158a.webm' for writing: No such file or directory
]]>
</failure>
</testcase>
<testcase name="Home Page UI Components › should display sound visualizer with animations" classname="ui\home-page.spec.ts" time="0.116">
<failure message="home-page.spec.ts:49:7 should display sound visualizer with animations" type="FAILURE">
<![CDATA[  [Mobile Safari] › ui\home-page.spec.ts:49:7 › Home Page UI Components › should display sound visualizer with animations 

    Error: browserContext.newPage: Protocol error (Screencast.startVideo): Failed to open file 'C:\Users\Joe\SynologyDrive\codes\有声小说\frontend\test-results\.playwright-artifacts-416\d76204a6b6d1eb491b5b897532a00b8a.webm' for writing: No such file or directory
]]>
</failure>
</testcase>
<testcase name="Home Page UI Components › should display statistics section with correct data" classname="ui\home-page.spec.ts" time="0.121">
<failure message="home-page.spec.ts:67:7 should display statistics section with correct data" type="FAILURE">
<![CDATA[  [Mobile Safari] › ui\home-page.spec.ts:67:7 › Home Page UI Components › should display statistics section with correct data 

    Error: browserContext.newPage: Protocol error (Screencast.startVideo): Failed to open file 'C:\Users\Joe\SynologyDrive\codes\有声小说\frontend\test-results\.playwright-artifacts-417\604680f988944bc1ff414353c139176c.webm' for writing: No such file or directory
]]>
</failure>
</testcase>
<testcase name="Home Page UI Components › should display core features section" classname="ui\home-page.spec.ts" time="0.119">
<failure message="home-page.spec.ts:91:7 should display core features section" type="FAILURE">
<![CDATA[  [Mobile Safari] › ui\home-page.spec.ts:91:7 › Home Page UI Components › should display core features section 

    Error: browserContext.newPage: Protocol error (Screencast.startVideo): Failed to open file 'C:\Users\Joe\SynologyDrive\codes\有声小说\frontend\test-results\.playwright-artifacts-418\2109ff0b5b04bf4094c9e2d72a697f6a.webm' for writing: No such file or directory
]]>
</failure>
</testcase>
<testcase name="Home Page UI Components › should display workflow section" classname="ui\home-page.spec.ts" time="0.084">
<failure message="home-page.spec.ts:110:7 should display workflow section" type="FAILURE">
<![CDATA[  [Mobile Safari] › ui\home-page.spec.ts:110:7 › Home Page UI Components › should display workflow section 

    Error: browserContext.newPage: Protocol error (Screencast.startVideo): Failed to open file 'C:\Users\Joe\SynologyDrive\codes\有声小说\frontend\test-results\.playwright-artifacts-419\2de28436ddcb903eddb77c5b66a6ce57.webm' for writing: No such file or directory
]]>
</failure>
</testcase>
<testcase name="Home Page UI Components › should display system status section" classname="ui\home-page.spec.ts" time="0.076">
<failure message="home-page.spec.ts:129:7 should display system status section" type="FAILURE">
<![CDATA[  [Mobile Safari] › ui\home-page.spec.ts:129:7 › Home Page UI Components › should display system status section 

    Error: browserContext.newPage: Protocol error (Screencast.startVideo): Failed to open file 'C:\Users\Joe\SynologyDrive\codes\有声小说\frontend\test-results\.playwright-artifacts-420\73a4ac7597d5819f89254f2025cfd595.webm' for writing: No such file or directory
]]>
</failure>
</testcase>
<testcase name="Home Page UI Components › should display call-to-action section" classname="ui\home-page.spec.ts" time="0.079">
<failure message="home-page.spec.ts:138:7 should display call-to-action section" type="FAILURE">
<![CDATA[  [Mobile Safari] › ui\home-page.spec.ts:138:7 › Home Page UI Components › should display call-to-action section 

    Error: browserContext.newPage: Protocol error (Screencast.startVideo): Failed to open file 'C:\Users\Joe\SynologyDrive\codes\有声小说\frontend\test-results\.playwright-artifacts-421\121212cf0284ef81f6b67afcf2c2324d.webm' for writing: No such file or directory
]]>
</failure>
</testcase>
<testcase name="Home Page UI Components › should have proper CSS variables and styling applied" classname="ui\home-page.spec.ts" time="0.12">
<failure message="home-page.spec.ts:151:7 should have proper CSS variables and styling applied" type="FAILURE">
<![CDATA[  [Mobile Safari] › ui\home-page.spec.ts:151:7 › Home Page UI Components › should have proper CSS variables and styling applied 

    Error: browserContext.newPage: Protocol error (Screencast.startVideo): Failed to open file 'C:\Users\Joe\SynologyDrive\codes\有声小说\frontend\test-results\.playwright-artifacts-422\eed9cd6fd075c5f15fbe619f6158ce45.webm' for writing: No such file or directory
]]>
</failure>
</testcase>
<testcase name="Home Page UI Components › should display background elements" classname="ui\home-page.spec.ts" time="0.085">
<failure message="home-page.spec.ts:170:7 should display background elements" type="FAILURE">
<![CDATA[  [Mobile Safari] › ui\home-page.spec.ts:170:7 › Home Page UI Components › should display background elements 

    Error: browserContext.newPage: Protocol error (Screencast.startVideo): Failed to open file 'C:\Users\Joe\SynologyDrive\codes\有声小说\frontend\test-results\.playwright-artifacts-423\62e68bbf4922afbf2e3e0bfb5962439f.webm' for writing: No such file or directory
]]>
</failure>
</testcase>
<testcase name="Home Page Interactions › should navigate to novel creation when clicking start button" classname="ui\home-page.spec.ts" time="0.12">
<failure message="home-page.spec.ts:187:7 should navigate to novel creation when clicking start button" type="FAILURE">
<![CDATA[  [Mobile Safari] › ui\home-page.spec.ts:187:7 › Home Page Interactions › should navigate to novel creation when clicking start button 

    Error: browserContext.newPage: Protocol error (Screencast.startVideo): Failed to open file 'C:\Users\Joe\SynologyDrive\codes\有声小说\frontend\test-results\.playwright-artifacts-424\e7fa158550e453aaeb104dfb8752a477.webm' for writing: No such file or directory
]]>
</failure>
</testcase>
<testcase name="Home Page Interactions › should navigate to models when clicking configure button" classname="ui\home-page.spec.ts" time="0.088">
<failure message="home-page.spec.ts:198:7 should navigate to models when clicking configure button" type="FAILURE">
<![CDATA[  [Mobile Safari] › ui\home-page.spec.ts:198:7 › Home Page Interactions › should navigate to models when clicking configure button 

    Error: browserContext.newPage: Protocol error (Screencast.startVideo): Failed to open file 'C:\Users\Joe\SynologyDrive\codes\有声小说\frontend\test-results\.playwright-artifacts-425\56b33b755a232eaa412a9237167e4c49.webm' for writing: No such file or directory
]]>
</failure>
</testcase>
<testcase name="Home Page Interactions › should navigate to correct pages when clicking feature cards" classname="ui\home-page.spec.ts" time="0.08">
<failure message="home-page.spec.ts:209:7 should navigate to correct pages when clicking feature cards" type="FAILURE">
<![CDATA[  [Mobile Safari] › ui\home-page.spec.ts:209:7 › Home Page Interactions › should navigate to correct pages when clicking feature cards 

    Error: browserContext.newPage: Protocol error (Screencast.startVideo): Failed to open file 'C:\Users\Joe\SynologyDrive\codes\有声小说\frontend\test-results\.playwright-artifacts-426\f23bfb73e7fb481706fe883900045a6a.webm' for writing: No such file or directory
]]>
</failure>
</testcase>
<testcase name="Home Page Interactions › should show hover effects on interactive elements" classname="ui\home-page.spec.ts" time="0.077">
<failure message="home-page.spec.ts:221:7 should show hover effects on interactive elements" type="FAILURE">
<![CDATA[  [Mobile Safari] › ui\home-page.spec.ts:221:7 › Home Page Interactions › should show hover effects on interactive elements 

    Error: browserContext.newPage: Protocol error (Screencast.startVideo): Failed to open file 'C:\Users\Joe\SynologyDrive\codes\有声小说\frontend\test-results\.playwright-artifacts-427\4e204851aa1325eb98c96171364ed87f.webm' for writing: No such file or directory
]]>
</failure>
</testcase>
<testcase name="Home Page Interactions › should be responsive to viewport changes" classname="ui\home-page.spec.ts" time="0.083">
<failure message="home-page.spec.ts:240:7 should be responsive to viewport changes" type="FAILURE">
<![CDATA[  [Mobile Safari] › ui\home-page.spec.ts:240:7 › Home Page Interactions › should be responsive to viewport changes 

    Error: browserContext.newPage: Protocol error (Screencast.startVideo): Failed to open file 'C:\Users\Joe\SynologyDrive\codes\有声小说\frontend\test-results\.playwright-artifacts-428\08ff13f4225a941276cc28857c3b7b31.webm' for writing: No such file or directory
]]>
</failure>
</testcase>
<testcase name="Home Page Performance › should load within reasonable time" classname="ui\home-page.spec.ts" time="0.112">
<failure message="home-page.spec.ts:263:7 should load within reasonable time" type="FAILURE">
<![CDATA[  [Mobile Safari] › ui\home-page.spec.ts:263:7 › Home Page Performance › should load within reasonable time 

    Error: browserContext.newPage: Protocol error (Screencast.startVideo): Failed to open file 'C:\Users\Joe\SynologyDrive\codes\有声小说\frontend\test-results\.playwright-artifacts-429\63619d62d2b3218d6940d6f6a16ff909.webm' for writing: No such file or directory
]]>
</failure>
</testcase>
<testcase name="Home Page Performance › should have no console errors" classname="ui\home-page.spec.ts" time="0.12">
<failure message="home-page.spec.ts:273:7 should have no console errors" type="FAILURE">
<![CDATA[  [Mobile Safari] › ui\home-page.spec.ts:273:7 › Home Page Performance › should have no console errors 

    Error: browserContext.newPage: Protocol error (Screencast.startVideo): Failed to open file 'C:\Users\Joe\SynologyDrive\codes\有声小说\frontend\test-results\.playwright-artifacts-430\aeb053f06ca3fec1410f83db154f222b.webm' for writing: No such file or directory
]]>
</failure>
</testcase>
<testcase name="Home Page Performance › should render all images and assets properly" classname="ui\home-page.spec.ts" time="0.114">
<failure message="home-page.spec.ts:288:7 should render all images and assets properly" type="FAILURE">
<![CDATA[  [Mobile Safari] › ui\home-page.spec.ts:288:7 › Home Page Performance › should render all images and assets properly 

    Error: browserContext.newPage: Protocol error (Screencast.startVideo): Failed to open file 'C:\Users\Joe\SynologyDrive\codes\有声小说\frontend\test-results\.playwright-artifacts-431\7eaed845bfc957ffde68dbfaa59a8106.webm' for writing: No such file or directory
]]>
</failure>
</testcase>
</testsuite>
<testsuite name="animations\animations.spec.ts" timestamp="2025-12-01T08:52:23.342Z" hostname="Microsoft Edge" tests="20" failures="9" skipped="0" time="150.435" errors="0">
<testcase name="Animation and Interaction Effects › CSS Animations › should animate hero elements on page load" classname="animations\animations.spec.ts" time="3.306">
</testcase>
<testcase name="Animation and Interaction Effects › CSS Animations › should animate sound visualizer rings" classname="animations\animations.spec.ts" time="4.354">
</testcase>
<testcase name="Animation and Interaction Effects › CSS Animations › should animate sound bars" classname="animations\animations.spec.ts" time="4.408">
</testcase>
<testcase name="Animation and Interaction Effects › CSS Animations › should animate background elements" classname="animations\animations.spec.ts" time="4.167">
</testcase>
<testcase name="Animation and Interaction Effects › CSS Animations › should animate floating particles" classname="animations\animations.spec.ts" time="5.844">
</testcase>
<testcase name="Animation and Interaction Effects › Hover Effects › should show hover effects on navigation items" classname="animations\animations.spec.ts" time="15.014">
<failure message="animations.spec.ts:141:9 should show hover effects on navigation items" type="FAILURE">
<![CDATA[  [Microsoft Edge] › animations\animations.spec.ts:141:9 › Animation and Interaction Effects › Hover Effects › should show hover effects on navigation items 

    TimeoutError: locator.hover: Timeout 10000ms exceeded.
    Call log:
      - waiting for locator('.nav-item').nth(1)
        - locator resolved to <a href="/models" class="nav-item" data-text="AI模型">…</a>
      - attempting hover action
        2 × waiting for element to be visible and stable
          - element is visible and stable
          - scrolling into view if needed
          - done scrolling
          - <iframe src="about:blank" id="webpack-dev-server-client-overlay"></iframe> intercepts pointer events
        - retrying hover action
        - waiting 20ms
        2 × waiting for element to be visible and stable
          - element is visible and stable
          - scrolling into view if needed
          - done scrolling
          - <iframe src="about:blank" id="webpack-dev-server-client-overlay"></iframe> intercepts pointer events
        - retrying hover action
          - waiting 100ms
        16 × waiting for element to be visible and stable
           - element is visible and stable
           - scrolling into view if needed
           - done scrolling
           - <iframe src="about:blank" id="webpack-dev-server-client-overlay"></iframe> intercepts pointer events
         - retrying hover action
           - waiting 500ms
        - waiting for element to be visible and stable
        - element is visible and stable
        - scrolling into view if needed
        - done scrolling


      153 |
      154 |       // 执行悬停
    > 155 |       await navItem.hover();
          |                     ^
      156 |       await page.waitForTimeout(300); // 等待过渡动画
      157 |
      158 |       // 悬停后的状态
        at C:\Users\Joe\SynologyDrive\codes\有声小说\frontend\tests\animations\animations.spec.ts:155:21

    attachment #1: screenshot (image/png) ──────────────────────────────────────────────────────────
    ..\test-results\animations-animations-Anim-cd6ae-effects-on-navigation-items-Microsoft-Edge\test-failed-1.png
    ────────────────────────────────────────────────────────────────────────────────────────────────

    attachment #2: video (video/webm) ──────────────────────────────────────────────────────────────
    ..\test-results\animations-animations-Anim-cd6ae-effects-on-navigation-items-Microsoft-Edge\video.webm
    ────────────────────────────────────────────────────────────────────────────────────────────────

    Error Context: ..\test-results\animations-animations-Anim-cd6ae-effects-on-navigation-items-Microsoft-Edge\error-context.md
]]>
</failure>
<system-out>
<![CDATA[
[[ATTACHMENT|test-results\animations-animations-Anim-cd6ae-effects-on-navigation-items-Microsoft-Edge\test-failed-1.png]]

[[ATTACHMENT|test-results\animations-animations-Anim-cd6ae-effects-on-navigation-items-Microsoft-Edge\video.webm]]

[[ATTACHMENT|test-results\animations-animations-Anim-cd6ae-effects-on-navigation-items-Microsoft-Edge\error-context.md]]
]]>
</system-out>
</testcase>
<testcase name="Animation and Interaction Effects › Hover Effects › should show hover effects on action buttons" classname="animations\animations.spec.ts" time="14.386">
<failure message="animations.spec.ts:176:9 should show hover effects on action buttons" type="FAILURE">
<![CDATA[  [Microsoft Edge] › animations\animations.spec.ts:176:9 › Animation and Interaction Effects › Hover Effects › should show hover effects on action buttons 

    TimeoutError: locator.hover: Timeout 10000ms exceeded.
    Call log:
      - waiting for locator('.action-btn.primary')
        - locator resolved to <button data-v-fae5bece="" class="action-btn primary">…</button>
      - attempting hover action
        2 × waiting for element to be visible and stable
          - element is visible and stable
          - scrolling into view if needed
          - done scrolling
          - <iframe src="about:blank" id="webpack-dev-server-client-overlay"></iframe> intercepts pointer events
        - retrying hover action
        - waiting 20ms
        - waiting for element to be visible and stable
        - element is visible and stable
        - scrolling into view if needed
        - done scrolling
        - <iframe src="about:blank" id="webpack-dev-server-client-overlay"></iframe> intercepts pointer events
      - retrying hover action
        - waiting 100ms
        - waiting for element to be visible and stable
        - element is not stable
      - retrying hover action
        - waiting 100ms
        17 × waiting for element to be visible and stable
           - element is visible and stable
           - scrolling into view if needed
           - done scrolling
           - <iframe src="about:blank" id="webpack-dev-server-client-overlay"></iframe> intercepts pointer events
         - retrying hover action
           - waiting 500ms


      187 |
      188 |       // 执行悬停
    > 189 |       await primaryBtn.hover();
          |                        ^
      190 |       await page.waitForTimeout(300);
      191 |
      192 |       // 悬停后的状态
        at C:\Users\Joe\SynologyDrive\codes\有声小说\frontend\tests\animations\animations.spec.ts:189:24

    attachment #1: screenshot (image/png) ──────────────────────────────────────────────────────────
    ..\test-results\animations-animations-Anim-9af68-r-effects-on-action-buttons-Microsoft-Edge\test-failed-1.png
    ────────────────────────────────────────────────────────────────────────────────────────────────

    attachment #2: video (video/webm) ──────────────────────────────────────────────────────────────
    ..\test-results\animations-animations-Anim-9af68-r-effects-on-action-buttons-Microsoft-Edge\video.webm
    ────────────────────────────────────────────────────────────────────────────────────────────────

    Error Context: ..\test-results\animations-animations-Anim-9af68-r-effects-on-action-buttons-Microsoft-Edge\error-context.md
]]>
</failure>
<system-out>
<![CDATA[
[[ATTACHMENT|test-results\animations-animations-Anim-9af68-r-effects-on-action-buttons-Microsoft-Edge\test-failed-1.png]]

[[ATTACHMENT|test-results\animations-animations-Anim-9af68-r-effects-on-action-buttons-Microsoft-Edge\video.webm]]

[[ATTACHMENT|test-results\animations-animations-Anim-9af68-r-effects-on-action-buttons-Microsoft-Edge\error-context.md]]
]]>
</system-out>
</testcase>
<testcase name="Animation and Interaction Effects › Hover Effects › should show hover effects on feature cards" classname="animations\animations.spec.ts" time="14.028">
<failure message="animations.spec.ts:213:9 should show hover effects on feature cards" type="FAILURE">
<![CDATA[  [Microsoft Edge] › animations\animations.spec.ts:213:9 › Animation and Interaction Effects › Hover Effects › should show hover effects on feature cards 

    TimeoutError: locator.hover: Timeout 10000ms exceeded.
    Call log:
      - waiting for locator('.feature-card').first()
        - locator resolved to <div data-v-fae5bece="" class="feature-card">…</div>
      - attempting hover action
        2 × waiting for element to be visible and stable
          - element is visible and stable
          - scrolling into view if needed
          - done scrolling
          - <iframe src="about:blank" id="webpack-dev-server-client-overlay"></iframe> intercepts pointer events
        - retrying hover action
        - waiting 20ms
        2 × waiting for element to be visible and stable
          - element is not stable
        - retrying hover action
          - waiting 100ms
        17 × waiting for element to be visible and stable
           - element is visible and stable
           - scrolling into view if needed
           - done scrolling
           - <iframe src="about:blank" id="webpack-dev-server-client-overlay"></iframe> intercepts pointer events
         - retrying hover action
           - waiting 500ms


      219 |
      220 |       // 执行悬停
    > 221 |       await featureCard.hover();
          |                         ^
      222 |       await page.waitForTimeout(400); // 等待过渡动画
      223 |
      224 |       // 检查变换效果
        at C:\Users\Joe\SynologyDrive\codes\有声小说\frontend\tests\animations\animations.spec.ts:221:25

    attachment #1: screenshot (image/png) ──────────────────────────────────────────────────────────
    ..\test-results\animations-animations-Anim-afc10-er-effects-on-feature-cards-Microsoft-Edge\test-failed-1.png
    ────────────────────────────────────────────────────────────────────────────────────────────────

    attachment #2: video (video/webm) ──────────────────────────────────────────────────────────────
    ..\test-results\animations-animations-Anim-afc10-er-effects-on-feature-cards-Microsoft-Edge\video.webm
    ────────────────────────────────────────────────────────────────────────────────────────────────

    Error Context: ..\test-results\animations-animations-Anim-afc10-er-effects-on-feature-cards-Microsoft-Edge\error-context.md
]]>
</failure>
<system-out>
<![CDATA[
[[ATTACHMENT|test-results\animations-animations-Anim-afc10-er-effects-on-feature-cards-Microsoft-Edge\test-failed-1.png]]

[[ATTACHMENT|test-results\animations-animations-Anim-afc10-er-effects-on-feature-cards-Microsoft-Edge\video.webm]]

[[ATTACHMENT|test-results\animations-animations-Anim-afc10-er-effects-on-feature-cards-Microsoft-Edge\error-context.md]]
]]>
</system-out>
</testcase>
<testcase name="Animation and Interaction Effects › Hover Effects › should show hover effects on statistics items" classname="animations\animations.spec.ts" time="13.763">
<failure message="animations.spec.ts:261:9 should show hover effects on statistics items" type="FAILURE">
<![CDATA[  [Microsoft Edge] › animations\animations.spec.ts:261:9 › Animation and Interaction Effects › Hover Effects › should show hover effects on statistics items 

    TimeoutError: locator.hover: Timeout 10000ms exceeded.
    Call log:
      - waiting for locator('.stat-item').first()
        - locator resolved to <div class="stat-item" data-v-fae5bece="">…</div>
      - attempting hover action
        2 × waiting for element to be visible and stable
          - element is visible and stable
          - scrolling into view if needed
          - done scrolling
          - <iframe src="about:blank" id="webpack-dev-server-client-overlay"></iframe> intercepts pointer events
        - retrying hover action
        - waiting 20ms
        2 × waiting for element to be visible and stable
          - element is not stable
        - retrying hover action
          - waiting 100ms
        17 × waiting for element to be visible and stable
           - element is visible and stable
           - scrolling into view if needed
           - done scrolling
           - <iframe src="about:blank" id="webpack-dev-server-client-overlay"></iframe> intercepts pointer events
         - retrying hover action
           - waiting 500ms
        - waiting for element to be visible and stable
        - element is visible and stable
        - scrolling into view if needed


      272 |
      273 |       // 执行悬停
    > 274 |       await statItem.hover();
          |                      ^
      275 |       await page.waitForTimeout(300);
      276 |
      277 |       // 悬停后的状态
        at C:\Users\Joe\SynologyDrive\codes\有声小说\frontend\tests\animations\animations.spec.ts:274:22

    attachment #1: screenshot (image/png) ──────────────────────────────────────────────────────────
    ..\test-results\animations-animations-Anim-fa189-effects-on-statistics-items-Microsoft-Edge\test-failed-1.png
    ────────────────────────────────────────────────────────────────────────────────────────────────

    attachment #2: video (video/webm) ──────────────────────────────────────────────────────────────
    ..\test-results\animations-animations-Anim-fa189-effects-on-statistics-items-Microsoft-Edge\video.webm
    ────────────────────────────────────────────────────────────────────────────────────────────────

    Error Context: ..\test-results\animations-animations-Anim-fa189-effects-on-statistics-items-Microsoft-Edge\error-context.md
]]>
</failure>
<system-out>
<![CDATA[
[[ATTACHMENT|test-results\animations-animations-Anim-fa189-effects-on-statistics-items-Microsoft-Edge\test-failed-1.png]]

[[ATTACHMENT|test-results\animations-animations-Anim-fa189-effects-on-statistics-items-Microsoft-Edge\video.webm]]

[[ATTACHMENT|test-results\animations-animations-Anim-fa189-effects-on-statistics-items-Microsoft-Edge\error-context.md]]
]]>
</system-out>
</testcase>
<testcase name="Animation and Interaction Effects › Hover Effects › should show hover effects on workflow steps" classname="animations\animations.spec.ts" time="13.719">
<failure message="animations.spec.ts:292:9 should show hover effects on workflow steps" type="FAILURE">
<![CDATA[  [Microsoft Edge] › animations\animations.spec.ts:292:9 › Animation and Interaction Effects › Hover Effects › should show hover effects on workflow steps 

    TimeoutError: locator.hover: Timeout 10000ms exceeded.
    Call log:
      - waiting for locator('.workflow-step .step-content').first()
        - locator resolved to <div data-v-fae5bece="" class="step-content">…</div>
      - attempting hover action
        2 × waiting for element to be visible and stable
          - element is visible and stable
          - scrolling into view if needed
          - done scrolling
          - <iframe src="about:blank" id="webpack-dev-server-client-overlay"></iframe> intercepts pointer events
        - retrying hover action
        - waiting 20ms
        2 × waiting for element to be visible and stable
          - element is not stable
        - retrying hover action
          - waiting 100ms
        17 × waiting for element to be visible and stable
           - element is visible and stable
           - scrolling into view if needed
           - done scrolling
           - <iframe src="about:blank" id="webpack-dev-server-client-overlay"></iframe> intercepts pointer events
         - retrying hover action
           - waiting 500ms


      303 |
      304 |       // 执行悬停
    > 305 |       await stepContent.hover();
          |                         ^
      306 |       await page.waitForTimeout(300);
      307 |
      308 |       // 悬停后的状态
        at C:\Users\Joe\SynologyDrive\codes\有声小说\frontend\tests\animations\animations.spec.ts:305:25

    attachment #1: screenshot (image/png) ──────────────────────────────────────────────────────────
    ..\test-results\animations-animations-Anim-17ecc-r-effects-on-workflow-steps-Microsoft-Edge\test-failed-1.png
    ────────────────────────────────────────────────────────────────────────────────────────────────

    attachment #2: video (video/webm) ──────────────────────────────────────────────────────────────
    ..\test-results\animations-animations-Anim-17ecc-r-effects-on-workflow-steps-Microsoft-Edge\video.webm
    ────────────────────────────────────────────────────────────────────────────────────────────────

    Error Context: ..\test-results\animations-animations-Anim-17ecc-r-effects-on-workflow-steps-Microsoft-Edge\error-context.md
]]>
</failure>
<system-out>
<![CDATA[
[[ATTACHMENT|test-results\animations-animations-Anim-17ecc-r-effects-on-workflow-steps-Microsoft-Edge\test-failed-1.png]]

[[ATTACHMENT|test-results\animations-animations-Anim-17ecc-r-effects-on-workflow-steps-Microsoft-Edge\video.webm]]

[[ATTACHMENT|test-results\animations-animations-Anim-17ecc-r-effects-on-workflow-steps-Microsoft-Edge\error-context.md]]
]]>
</system-out>
</testcase>
<testcase name="Animation and Interaction Effects › Transition Effects › should have smooth transitions on interactive elements" classname="animations\animations.spec.ts" time="9.107">
</testcase>
<testcase name="Animation and Interaction Effects › Transition Effects › should animate badge glow effect" classname="animations\animations.spec.ts" time="2.868">
</testcase>
<testcase name="Animation and Interaction Effects › Transition Effects › should animate title accent color" classname="animations\animations.spec.ts" time="1.987">
</testcase>
<testcase name="Animation and Interaction Effects › Transition Effects › should animate sound ring pulse" classname="animations\animations.spec.ts" time="1.882">
</testcase>
<testcase name="Animation and Interaction Effects › Animation Performance › should maintain 60fps on animations" classname="animations\animations.spec.ts" time="7.431">
</testcase>
<testcase name="Animation and Interaction Effects › Animation Performance › should not block main thread during animations" classname="animations\animations.spec.ts" time="12.153">
<failure message="animations.spec.ts:437:9 should not block main thread during animations" type="FAILURE">
<![CDATA[  [Microsoft Edge] › animations\animations.spec.ts:437:9 › Animation and Interaction Effects › Animation Performance › should not block main thread during animations 

    TimeoutError: page.hover: Timeout 10000ms exceeded.
    Call log:
      - waiting for locator('.feature-card')
        - locator resolved to 6 elements. Proceeding with the first one: <div data-v-fae5bece="" class="feature-card">…</div>
      - attempting hover action
        2 × waiting for element to be visible and stable
          - element is visible and stable
          - scrolling into view if needed
          - done scrolling
          - <iframe src="about:blank" id="webpack-dev-server-client-overlay"></iframe> intercepts pointer events
        - retrying hover action
        - waiting 20ms
        2 × waiting for element to be visible and stable
          - element is not stable
        - retrying hover action
          - waiting 100ms
        19 × waiting for element to be visible and stable
           - element is visible and stable
           - scrolling into view if needed
           - done scrolling
           - <iframe src="about:blank" id="webpack-dev-server-client-overlay"></iframe> intercepts pointer events
         - retrying hover action
           - waiting 500ms


      440 |
      441 |       // 触发一些动画
    > 442 |       await page.hover('.feature-card');
          |                  ^
      443 |       await page.hover('.action-btn.primary');
      444 |       await page.hover('.nav-item');
      445 |
        at C:\Users\Joe\SynologyDrive\codes\有声小说\frontend\tests\animations\animations.spec.ts:442:18

    attachment #1: screenshot (image/png) ──────────────────────────────────────────────────────────
    ..\test-results\animations-animations-Anim-ddd44-in-thread-during-animations-Microsoft-Edge\test-failed-1.png
    ────────────────────────────────────────────────────────────────────────────────────────────────

    attachment #2: video (video/webm) ──────────────────────────────────────────────────────────────
    ..\test-results\animations-animations-Anim-ddd44-in-thread-during-animations-Microsoft-Edge\video.webm
    ────────────────────────────────────────────────────────────────────────────────────────────────

    Error Context: ..\test-results\animations-animations-Anim-ddd44-in-thread-during-animations-Microsoft-Edge\error-context.md
]]>
</failure>
<system-out>
<![CDATA[
[[ATTACHMENT|test-results\animations-animations-Anim-ddd44-in-thread-during-animations-Microsoft-Edge\test-failed-1.png]]

[[ATTACHMENT|test-results\animations-animations-Anim-ddd44-in-thread-during-animations-Microsoft-Edge\video.webm]]

[[ATTACHMENT|test-results\animations-animations-Anim-ddd44-in-thread-during-animations-Microsoft-Edge\error-context.md]]
]]>
</system-out>
</testcase>
<testcase name="Animation and Interaction Effects › Animation Performance › should handle animation interruptions gracefully" classname="animations\animations.spec.ts" time="12.274">
<failure message="animations.spec.ts:452:9 should handle animation interruptions gracefully" type="FAILURE">
<![CDATA[  [Microsoft Edge] › animations\animations.spec.ts:452:9 › Animation and Interaction Effects › Animation Performance › should handle animation interruptions gracefully 

    TimeoutError: locator.hover: Timeout 10000ms exceeded.
    Call log:
      - waiting for locator('.feature-card').first()
        - locator resolved to <div data-v-fae5bece="" class="feature-card">…</div>
      - attempting hover action
        2 × waiting for element to be visible and stable
          - element is visible and stable
          - scrolling into view if needed
          - done scrolling
          - <iframe src="about:blank" id="webpack-dev-server-client-overlay"></iframe> intercepts pointer events
        - retrying hover action
        - waiting 20ms
        2 × waiting for element to be visible and stable
          - element is not stable
        - retrying hover action
          - waiting 100ms
        19 × waiting for element to be visible and stable
           - element is visible and stable
           - scrolling into view if needed
           - done scrolling
           - <iframe src="about:blank" id="webpack-dev-server-client-overlay"></iframe> intercepts pointer events
         - retrying hover action
           - waiting 500ms


      454 |
      455 |       // 快速移动鼠标，测试动画中断
    > 456 |       await featureCard.hover();
          |                         ^
      457 |       await page.waitForTimeout(50);
      458 |       await page.hover('.feature-card').nth(1);
      459 |       await page.waitForTimeout(50);
        at C:\Users\Joe\SynologyDrive\codes\有声小说\frontend\tests\animations\animations.spec.ts:456:25

    attachment #1: screenshot (image/png) ──────────────────────────────────────────────────────────
    ..\test-results\animations-animations-Anim-2d85b-on-interruptions-gracefully-Microsoft-Edge\test-failed-1.png
    ────────────────────────────────────────────────────────────────────────────────────────────────

    attachment #2: video (video/webm) ──────────────────────────────────────────────────────────────
    ..\test-results\animations-animations-Anim-2d85b-on-interruptions-gracefully-Microsoft-Edge\video.webm
    ────────────────────────────────────────────────────────────────────────────────────────────────

    Error Context: ..\test-results\animations-animations-Anim-2d85b-on-interruptions-gracefully-Microsoft-Edge\error-context.md
]]>
</failure>
<system-out>
<![CDATA[
[[ATTACHMENT|test-results\animations-animations-Anim-2d85b-on-interruptions-gracefully-Microsoft-Edge\test-failed-1.png]]

[[ATTACHMENT|test-results\animations-animations-Anim-2d85b-on-interruptions-gracefully-Microsoft-Edge\video.webm]]

[[ATTACHMENT|test-results\animations-animations-Anim-2d85b-on-interruptions-gracefully-Microsoft-Edge\error-context.md]]
]]>
</system-out>
</testcase>
<testcase name="Animation and Interaction Effects › Reduced Motion Support › should respect prefers-reduced-motion setting" classname="animations\animations.spec.ts" time="3.675">
<failure message="animations.spec.ts:470:9 should respect prefers-reduced-motion setting" type="FAILURE">
<![CDATA[  [Microsoft Edge] › animations\animations.spec.ts:470:9 › Animation and Interaction Effects › Reduced Motion Support › should respect prefers-reduced-motion setting 

    Error: expect(received).toBe(expected) // Object.is equality

    Expected: true
    Received: false

      493 |
      494 |           // 动画应该被禁用或设置为none
    > 495 |           expect(animation === 'none' || animation === '').toBe(true);
          |                                                            ^
      496 |         }
      497 |       }
      498 |     });
        at C:\Users\Joe\SynologyDrive\codes\有声小说\frontend\tests\animations\animations.spec.ts:495:60

    attachment #1: screenshot (image/png) ──────────────────────────────────────────────────────────
    ..\test-results\animations-animations-Anim-1bccd-fers-reduced-motion-setting-Microsoft-Edge\test-failed-1.png
    ────────────────────────────────────────────────────────────────────────────────────────────────

    attachment #2: video (video/webm) ──────────────────────────────────────────────────────────────
    ..\test-results\animations-animations-Anim-1bccd-fers-reduced-motion-setting-Microsoft-Edge\video.webm
    ────────────────────────────────────────────────────────────────────────────────────────────────

    Error Context: ..\test-results\animations-animations-Anim-1bccd-fers-reduced-motion-setting-Microsoft-Edge\error-context.md
]]>
</failure>
<system-out>
<![CDATA[
[[ATTACHMENT|test-results\animations-animations-Anim-1bccd-fers-reduced-motion-setting-Microsoft-Edge\test-failed-1.png]]

[[ATTACHMENT|test-results\animations-animations-Anim-1bccd-fers-reduced-motion-setting-Microsoft-Edge\video.webm]]

[[ATTACHMENT|test-results\animations-animations-Anim-1bccd-fers-reduced-motion-setting-Microsoft-Edge\error-context.md]]
]]>
</system-out>
</testcase>
<testcase name="Animation and Interaction Effects › Animation Accessibility › should have sufficient color contrast during animations" classname="animations\animations.spec.ts" time="3.042">
</testcase>
<testcase name="Animation and Interaction Effects › Animation Accessibility › should not cause motion sickness" classname="animations\animations.spec.ts" time="3.027">
<failure message="animations.spec.ts:526:9 should not cause motion sickness" type="FAILURE">
<![CDATA[  [Microsoft Edge] › animations\animations.spec.ts:526:9 › Animation and Interaction Effects › Animation Accessibility › should not cause motion sickness 

    Error: expect(received).toBe(expected) // Object.is equality

    Expected: 0
    Received: 1

      548 |
      549 |       // 应该没有可能引起眩晕的旋转动画
    > 550 |       expect(animations.length).toBe(0);
          |                                 ^
      551 |     });
      552 |   });
      553 | });
        at C:\Users\Joe\SynologyDrive\codes\有声小说\frontend\tests\animations\animations.spec.ts:550:33

    attachment #1: screenshot (image/png) ──────────────────────────────────────────────────────────
    ..\test-results\animations-animations-Anim-0db1d-d-not-cause-motion-sickness-Microsoft-Edge\test-failed-1.png
    ────────────────────────────────────────────────────────────────────────────────────────────────

    attachment #2: video (video/webm) ──────────────────────────────────────────────────────────────
    ..\test-results\animations-animations-Anim-0db1d-d-not-cause-motion-sickness-Microsoft-Edge\video.webm
    ────────────────────────────────────────────────────────────────────────────────────────────────

    Error Context: ..\test-results\animations-animations-Anim-0db1d-d-not-cause-motion-sickness-Microsoft-Edge\error-context.md
]]>
</failure>
<system-out>
<![CDATA[
[[ATTACHMENT|test-results\animations-animations-Anim-0db1d-d-not-cause-motion-sickness-Microsoft-Edge\test-failed-1.png]]

[[ATTACHMENT|test-results\animations-animations-Anim-0db1d-d-not-cause-motion-sickness-Microsoft-Edge\video.webm]]

[[ATTACHMENT|test-results\animations-animations-Anim-0db1d-d-not-cause-motion-sickness-Microsoft-Edge\error-context.md]]
]]>
</system-out>
</testcase>
</testsuite>
<testsuite name="navigation\navigation.spec.ts" timestamp="2025-12-01T08:52:23.342Z" hostname="Microsoft Edge" tests="17" failures="8" skipped="0" time="104.412" errors="0">
<testcase name="Navigation System › should display main navigation with all menu items" classname="navigation\navigation.spec.ts" time="2.213">
</testcase>
<testcase name="Navigation System › should display brand section with correct elements" classname="navigation\navigation.spec.ts" time="2.197">
</testcase>
<testcase name="Navigation System › should have active state indicators for current page" classname="navigation\navigation.spec.ts" time="1.821">
</testcase>
<testcase name="Navigation System › should navigate correctly when clicking navigation items" classname="navigation\navigation.spec.ts" time="11.875">
<failure message="navigation.spec.ts:70:7 should navigate correctly when clicking navigation items" type="FAILURE">
<![CDATA[  [Microsoft Edge] › navigation\navigation.spec.ts:70:7 › Navigation System › should navigate correctly when clicking navigation items 

    TimeoutError: locator.click: Timeout 10000ms exceeded.
    Call log:
      - waiting for locator('.nav-item').first()
        - locator resolved to <a href="/" data-text="首页" aria-current="page" class="router-link-active router-link-exact-active nav-item">…</a>
      - attempting click action
        - waiting for element to be visible, enabled and stable
        - element is visible, enabled and stable
        - scrolling into view if needed
        - done scrolling
        - <p class="el-message__content">服务器内部错误，请稍后再试</p> from <div role="alert" id="message_3" class="el-message el-message--error is-center el-message-fade-enter-active el-message-fade-enter-to">…</div> subtree intercepts pointer events
      - retrying click action
        - waiting for element to be visible, enabled and stable
        - element is visible, enabled and stable
        - scrolling into view if needed
        - done scrolling
        - <div role="alert" id="message_3" class="el-message el-message--error is-center el-message-fade-enter-active el-message-fade-enter-to">…</div> intercepts pointer events
      - retrying click action
        - waiting 20ms
        2 × waiting for element to be visible, enabled and stable
          - element is visible, enabled and stable
          - scrolling into view if needed
          - done scrolling
          - <iframe src="about:blank" id="webpack-dev-server-client-overlay"></iframe> intercepts pointer events
        - retrying click action
          - waiting 100ms
        19 × waiting for element to be visible, enabled and stable
           - element is visible, enabled and stable
           - scrolling into view if needed
           - done scrolling
           - <iframe src="about:blank" id="webpack-dev-server-client-overlay"></iframe> intercepts pointer events
         - retrying click action
           - waiting 500ms


      74 |     for (let i = 0; i < navRoutes.length; i++) {
      75 |       await page.goto('/'); // 每次从首页开始
    > 76 |       await navItems.nth(i).click();
         |                             ^
      77 |
      78 |       // 等待导航完成
      79 |       await page.waitForTimeout(1000);
        at C:\Users\Joe\SynologyDrive\codes\有声小说\frontend\tests\navigation\navigation.spec.ts:76:29

    attachment #1: screenshot (image/png) ──────────────────────────────────────────────────────────
    ..\test-results\navigation-navigation-Navi-60a0f-n-clicking-navigation-items-Microsoft-Edge\test-failed-1.png
    ────────────────────────────────────────────────────────────────────────────────────────────────

    attachment #2: video (video/webm) ──────────────────────────────────────────────────────────────
    ..\test-results\navigation-navigation-Navi-60a0f-n-clicking-navigation-items-Microsoft-Edge\video.webm
    ────────────────────────────────────────────────────────────────────────────────────────────────

    Error Context: ..\test-results\navigation-navigation-Navi-60a0f-n-clicking-navigation-items-Microsoft-Edge\error-context.md
]]>
</failure>
<system-out>
<![CDATA[
[[ATTACHMENT|test-results\navigation-navigation-Navi-60a0f-n-clicking-navigation-items-Microsoft-Edge\test-failed-1.png]]

[[ATTACHMENT|test-results\navigation-navigation-Navi-60a0f-n-clicking-navigation-items-Microsoft-Edge\video.webm]]

[[ATTACHMENT|test-results\navigation-navigation-Navi-60a0f-n-clicking-navigation-items-Microsoft-Edge\error-context.md]]
]]>
</system-out>
</testcase>
<testcase name="Navigation System › should show hover effects on navigation items" classname="navigation\navigation.spec.ts" time="11.914">
<failure message="navigation.spec.ts:86:7 should show hover effects on navigation items" type="FAILURE">
<![CDATA[  [Microsoft Edge] › navigation\navigation.spec.ts:86:7 › Navigation System › should show hover effects on navigation items 

    TimeoutError: locator.hover: Timeout 10000ms exceeded.
    Call log:
      - waiting for locator('.nav-item').nth(1)
        - locator resolved to <a href="/models" class="nav-item" data-text="AI模型">…</a>
      - attempting hover action
        2 × waiting for element to be visible and stable
          - element is visible and stable
          - scrolling into view if needed
          - done scrolling
          - <iframe src="about:blank" id="webpack-dev-server-client-overlay"></iframe> intercepts pointer events
        - retrying hover action
        - waiting 20ms
        2 × waiting for element to be visible and stable
          - element is visible and stable
          - scrolling into view if needed
          - done scrolling
          - <iframe src="about:blank" id="webpack-dev-server-client-overlay"></iframe> intercepts pointer events
        - retrying hover action
          - waiting 100ms
        19 × waiting for element to be visible and stable
           - element is visible and stable
           - scrolling into view if needed
           - done scrolling
           - <iframe src="about:blank" id="webpack-dev-server-client-overlay"></iframe> intercepts pointer events
         - retrying hover action
           - waiting 500ms


      91 |
      92 |     // 执行悬停
    > 93 |     await navItem.hover();
         |                   ^
      94 |
      95 |     // 检查悬停效果（通过CSS变换或背景变化）
      96 |     const computedStyle = await navItem.evaluate((el) => {
        at C:\Users\Joe\SynologyDrive\codes\有声小说\frontend\tests\navigation\navigation.spec.ts:93:19

    attachment #1: screenshot (image/png) ──────────────────────────────────────────────────────────
    ..\test-results\navigation-navigation-Navi-c7428-effects-on-navigation-items-Microsoft-Edge\test-failed-1.png
    ────────────────────────────────────────────────────────────────────────────────────────────────

    attachment #2: video (video/webm) ──────────────────────────────────────────────────────────────
    ..\test-results\navigation-navigation-Navi-c7428-effects-on-navigation-items-Microsoft-Edge\video.webm
    ────────────────────────────────────────────────────────────────────────────────────────────────

    Error Context: ..\test-results\navigation-navigation-Navi-c7428-effects-on-navigation-items-Microsoft-Edge\error-context.md
]]>
</failure>
<system-out>
<![CDATA[
[[ATTACHMENT|test-results\navigation-navigation-Navi-c7428-effects-on-navigation-items-Microsoft-Edge\test-failed-1.png]]

[[ATTACHMENT|test-results\navigation-navigation-Navi-c7428-effects-on-navigation-items-Microsoft-Edge\video.webm]]

[[ATTACHMENT|test-results\navigation-navigation-Navi-c7428-effects-on-navigation-items-Microsoft-Edge\error-context.md]]
]]>
</system-out>
</testcase>
<testcase name="Navigation System › should display footer with correct content" classname="navigation\navigation.spec.ts" time="2.064">
<failure message="navigation.spec.ts:107:7 should display footer with correct content" type="FAILURE">
<![CDATA[  [Microsoft Edge] › navigation\navigation.spec.ts:107:7 › Navigation System › should display footer with correct content 

    Error: expect(locator).toContainText(expected) failed

    Locator: locator('.footer-info').locator('p')
    Expected substring: "© 2025 SoundStory AI"
    Error: strict mode violation: locator('.footer-info').locator('p') resolved to 2 elements:
        1) <p>© 2025 SoundStory AI - 声波叙事平台</p> aka getByText('© 2025 SoundStory AI - 声波叙事平台')
        2) <p class="footer-motto">让每一个故事都有独特的声音</p> aka getByText('让每一个故事都有独特的声音', { exact: true })

    Call log:
      - Expect "toContainText" with timeout 5000ms
      - waiting for locator('.footer-info').locator('p')


      113 |     const footerInfo = page.locator('.footer-info');
      114 |     await expect(footerInfo).toBeVisible();
    > 115 |     await expect(footerInfo.locator('p')).toContainText('© 2025 SoundStory AI');
          |                                           ^
      116 |
      117 |     // 检查页脚链接
      118 |     const footerLinks = page.locator('.footer-links');
        at C:\Users\Joe\SynologyDrive\codes\有声小说\frontend\tests\navigation\navigation.spec.ts:115:43

    attachment #1: screenshot (image/png) ──────────────────────────────────────────────────────────
    ..\test-results\navigation-navigation-Navi-ed007-footer-with-correct-content-Microsoft-Edge\test-failed-1.png
    ────────────────────────────────────────────────────────────────────────────────────────────────

    attachment #2: video (video/webm) ──────────────────────────────────────────────────────────────
    ..\test-results\navigation-navigation-Navi-ed007-footer-with-correct-content-Microsoft-Edge\video.webm
    ────────────────────────────────────────────────────────────────────────────────────────────────

    Error Context: ..\test-results\navigation-navigation-Navi-ed007-footer-with-correct-content-Microsoft-Edge\error-context.md
]]>
</failure>
<system-out>
<![CDATA[
[[ATTACHMENT|test-results\navigation-navigation-Navi-ed007-footer-with-correct-content-Microsoft-Edge\test-failed-1.png]]

[[ATTACHMENT|test-results\navigation-navigation-Navi-ed007-footer-with-correct-content-Microsoft-Edge\video.webm]]

[[ATTACHMENT|test-results\navigation-navigation-Navi-ed007-footer-with-correct-content-Microsoft-Edge\error-context.md]]
]]>
</system-out>
</testcase>
<testcase name="Navigation System › should handle navigation with browser back/forward buttons" classname="navigation\navigation.spec.ts" time="11.631">
<failure message="navigation.spec.ts:123:7 should handle navigation with browser back/forward buttons" type="FAILURE">
<![CDATA[  [Microsoft Edge] › navigation\navigation.spec.ts:123:7 › Navigation System › should handle navigation with browser back/forward buttons 

    TimeoutError: page.click: Timeout 10000ms exceeded.
    Call log:
      - waiting for locator('.nav-item').locator('text=模型配置')
        - locator resolved to <span class="nav-text">模型配置</span>
      - attempting click action
        2 × waiting for element to be visible, enabled and stable
          - element is visible, enabled and stable
          - scrolling into view if needed
          - done scrolling
          - <iframe src="about:blank" id="webpack-dev-server-client-overlay"></iframe> intercepts pointer events
        - retrying click action
        - waiting 20ms
        2 × waiting for element to be visible, enabled and stable
          - element is visible, enabled and stable
          - scrolling into view if needed
          - done scrolling
          - <iframe src="about:blank" id="webpack-dev-server-client-overlay"></iframe> intercepts pointer events
        - retrying click action
          - waiting 100ms
        - waiting for element to be visible, enabled and stable
        - element is not stable
      18 × retrying click action
           - waiting 500ms
           - waiting for element to be visible, enabled and stable
           - element is visible, enabled and stable
           - scrolling into view if needed
           - done scrolling
           - <iframe src="about:blank" id="webpack-dev-server-client-overlay"></iframe> intercepts pointer events
      - retrying click action
        - waiting 500ms


      123 |   test('should handle navigation with browser back/forward buttons', async ({ page }) => {
      124 |     // 导航到不同页面
    > 125 |     await page.click('.nav-item >> text=模型配置');
          |                ^
      126 |     await page.waitForURL('**/models');
      127 |
      128 |     await page.click('.nav-item >> text=小说生成');
        at C:\Users\Joe\SynologyDrive\codes\有声小说\frontend\tests\navigation\navigation.spec.ts:125:16

    attachment #1: screenshot (image/png) ──────────────────────────────────────────────────────────
    ..\test-results\navigation-navigation-Navi-3e16f-rowser-back-forward-buttons-Microsoft-Edge\test-failed-1.png
    ────────────────────────────────────────────────────────────────────────────────────────────────

    attachment #2: video (video/webm) ──────────────────────────────────────────────────────────────
    ..\test-results\navigation-navigation-Navi-3e16f-rowser-back-forward-buttons-Microsoft-Edge\video.webm
    ────────────────────────────────────────────────────────────────────────────────────────────────

    Error Context: ..\test-results\navigation-navigation-Navi-3e16f-rowser-back-forward-buttons-Microsoft-Edge\error-context.md
]]>
</failure>
<system-out>
<![CDATA[
[[ATTACHMENT|test-results\navigation-navigation-Navi-3e16f-rowser-back-forward-buttons-Microsoft-Edge\test-failed-1.png]]

[[ATTACHMENT|test-results\navigation-navigation-Navi-3e16f-rowser-back-forward-buttons-Microsoft-Edge\video.webm]]

[[ATTACHMENT|test-results\navigation-navigation-Navi-3e16f-rowser-back-forward-buttons-Microsoft-Edge\error-context.md]]
]]>
</system-out>
</testcase>
<testcase name="Navigation System › should maintain navigation state on page refresh" classname="navigation\navigation.spec.ts" time="12.213">
<failure message="navigation.spec.ts:142:7 should maintain navigation state on page refresh" type="FAILURE">
<![CDATA[  [Microsoft Edge] › navigation\navigation.spec.ts:142:7 › Navigation System › should maintain navigation state on page refresh 

    TimeoutError: page.click: Timeout 10000ms exceeded.
    Call log:
      - waiting for locator('.nav-item').locator('text=语音合成')
        - locator resolved to <span class="nav-text">语音合成</span>
      - attempting click action
        2 × waiting for element to be visible, enabled and stable
          - element is visible, enabled and stable
          - scrolling into view if needed
          - done scrolling
          - <iframe src="about:blank" id="webpack-dev-server-client-overlay"></iframe> intercepts pointer events
        - retrying click action
        - waiting 20ms
        2 × waiting for element to be visible, enabled and stable
          - element is visible, enabled and stable
          - scrolling into view if needed
          - done scrolling
          - <iframe src="about:blank" id="webpack-dev-server-client-overlay"></iframe> intercepts pointer events
        - retrying click action
          - waiting 100ms
        - waiting for element to be visible, enabled and stable
        - element is not stable
      17 × retrying click action
           - waiting 500ms
           - waiting for element to be visible, enabled and stable
           - element is visible, enabled and stable
           - scrolling into view if needed
           - done scrolling
           - <iframe src="about:blank" id="webpack-dev-server-client-overlay"></iframe> intercepts pointer events
      - retrying click action
        - waiting 500ms


      142 |   test('should maintain navigation state on page refresh', async ({ page }) => {
      143 |     // 导航到特定页面
    > 144 |     await page.click('.nav-item >> text=语音合成');
          |                ^
      145 |     await page.waitForURL('**/tts');
      146 |
      147 |     // 刷新页面
        at C:\Users\Joe\SynologyDrive\codes\有声小说\frontend\tests\navigation\navigation.spec.ts:144:16

    attachment #1: screenshot (image/png) ──────────────────────────────────────────────────────────
    ..\test-results\navigation-navigation-Navi-dca1d-ation-state-on-page-refresh-Microsoft-Edge\test-failed-1.png
    ────────────────────────────────────────────────────────────────────────────────────────────────

    attachment #2: video (video/webm) ──────────────────────────────────────────────────────────────
    ..\test-results\navigation-navigation-Navi-dca1d-ation-state-on-page-refresh-Microsoft-Edge\video.webm
    ────────────────────────────────────────────────────────────────────────────────────────────────

    Error Context: ..\test-results\navigation-navigation-Navi-dca1d-ation-state-on-page-refresh-Microsoft-Edge\error-context.md
]]>
</failure>
<system-out>
<![CDATA[
[[ATTACHMENT|test-results\navigation-navigation-Navi-dca1d-ation-state-on-page-refresh-Microsoft-Edge\test-failed-1.png]]

[[ATTACHMENT|test-results\navigation-navigation-Navi-dca1d-ation-state-on-page-refresh-Microsoft-Edge\video.webm]]

[[ATTACHMENT|test-results\navigation-navigation-Navi-dca1d-ation-state-on-page-refresh-Microsoft-Edge\error-context.md]]
]]>
</system-out>
</testcase>
<testcase name="Navigation Accessibility › should be keyboard navigable" classname="navigation\navigation.spec.ts" time="2.683">
</testcase>
<testcase name="Navigation Accessibility › should have proper ARIA labels" classname="navigation\navigation.spec.ts" time="2.446">
</testcase>
<testcase name="Navigation Accessibility › should have sufficient color contrast" classname="navigation\navigation.spec.ts" time="3.837">
</testcase>
<testcase name="Navigation Responsive Design › should adapt to mobile viewport" classname="navigation\navigation.spec.ts" time="4.272">
</testcase>
<testcase name="Navigation Responsive Design › should adapt to tablet viewport" classname="navigation\navigation.spec.ts" time="2.938">
</testcase>
<testcase name="Navigation Responsive Design › should handle viewport orientation changes" classname="navigation\navigation.spec.ts" time="13.027">
<failure message="navigation.spec.ts:260:7 should handle viewport orientation changes" type="FAILURE">
<![CDATA[  [Microsoft Edge] › navigation\navigation.spec.ts:260:7 › Navigation Responsive Design › should handle viewport orientation changes 

    TimeoutError: page.click: Timeout 10000ms exceeded.
    Call log:
      - waiting for locator('.nav-item').locator('text=首页')
        - locator resolved to <span class="nav-text">首页</span>
      - attempting click action
        2 × waiting for element to be visible, enabled and stable
          - element is visible, enabled and stable
          - scrolling into view if needed
          - done scrolling
          - <iframe src="about:blank" id="webpack-dev-server-client-overlay"></iframe> intercepts pointer events
        - retrying click action
        - waiting 20ms
        2 × waiting for element to be visible, enabled and stable
          - element is visible, enabled and stable
          - scrolling into view if needed
          - done scrolling
          - <iframe src="about:blank" id="webpack-dev-server-client-overlay"></iframe> intercepts pointer events
        - retrying click action
          - waiting 100ms
        - waiting for element to be visible, enabled and stable
        - element is not stable
      17 × retrying click action
           - waiting 500ms
           - waiting for element to be visible, enabled and stable
           - element is visible, enabled and stable
           - scrolling into view if needed
           - done scrolling
           - <iframe src="about:blank" id="webpack-dev-server-client-overlay"></iframe> intercepts pointer events
      - retrying click action
        - waiting 500ms


      272 |
      273 |     // 测试导航功能
    > 274 |     await page.click('.nav-item >> text=首页');
          |                ^
      275 |     await expect(page.url()).toContain('/');
      276 |   });
      277 | });
        at C:\Users\Joe\SynologyDrive\codes\有声小说\frontend\tests\navigation\navigation.spec.ts:274:16

    attachment #1: screenshot (image/png) ──────────────────────────────────────────────────────────
    ..\test-results\navigation-navigation-Navi-a8404-iewport-orientation-changes-Microsoft-Edge\test-failed-1.png
    ────────────────────────────────────────────────────────────────────────────────────────────────

    attachment #2: video (video/webm) ──────────────────────────────────────────────────────────────
    ..\test-results\navigation-navigation-Navi-a8404-iewport-orientation-changes-Microsoft-Edge\video.webm
    ────────────────────────────────────────────────────────────────────────────────────────────────

    Error Context: ..\test-results\navigation-navigation-Navi-a8404-iewport-orientation-changes-Microsoft-Edge\error-context.md
]]>
</failure>
<system-out>
<![CDATA[
[[ATTACHMENT|test-results\navigation-navigation-Navi-a8404-iewport-orientation-changes-Microsoft-Edge\test-failed-1.png]]

[[ATTACHMENT|test-results\navigation-navigation-Navi-a8404-iewport-orientation-changes-Microsoft-Edge\video.webm]]

[[ATTACHMENT|test-results\navigation-navigation-Navi-a8404-iewport-orientation-changes-Microsoft-Edge\error-context.md]]
]]>
</system-out>
</testcase>
<testcase name="Navigation Performance › should load navigation quickly" classname="navigation\navigation.spec.ts" time="3.527">
<failure message="navigation.spec.ts:280:7 should load navigation quickly" type="FAILURE">
<![CDATA[  [Microsoft Edge] › navigation\navigation.spec.ts:280:7 › Navigation Performance › should load navigation quickly 

    Error: expect(received).toBeLessThan(expected)

    Expected: < 1000
    Received:   1981

      285 |
      286 |     // 导航应该在1秒内加载完成
    > 287 |     expect(loadTime).toBeLessThan(1000);
          |                      ^
      288 |   });
      289 |
      290 |   test('should have smooth transitions between pages', async ({ page }) => {
        at C:\Users\Joe\SynologyDrive\codes\有声小说\frontend\tests\navigation\navigation.spec.ts:287:22

    attachment #1: screenshot (image/png) ──────────────────────────────────────────────────────────
    ..\test-results\navigation-navigation-Navi-4bcf8-uld-load-navigation-quickly-Microsoft-Edge\test-failed-1.png
    ────────────────────────────────────────────────────────────────────────────────────────────────

    attachment #2: video (video/webm) ──────────────────────────────────────────────────────────────
    ..\test-results\navigation-navigation-Navi-4bcf8-uld-load-navigation-quickly-Microsoft-Edge\video.webm
    ────────────────────────────────────────────────────────────────────────────────────────────────

    Error Context: ..\test-results\navigation-navigation-Navi-4bcf8-uld-load-navigation-quickly-Microsoft-Edge\error-context.md
]]>
</failure>
<system-out>
<![CDATA[
[[ATTACHMENT|test-results\navigation-navigation-Navi-4bcf8-uld-load-navigation-quickly-Microsoft-Edge\test-failed-1.png]]

[[ATTACHMENT|test-results\navigation-navigation-Navi-4bcf8-uld-load-navigation-quickly-Microsoft-Edge\video.webm]]

[[ATTACHMENT|test-results\navigation-navigation-Navi-4bcf8-uld-load-navigation-quickly-Microsoft-Edge\error-context.md]]
]]>
</system-out>
</testcase>
<testcase name="Navigation Performance › should have smooth transitions between pages" classname="navigation\navigation.spec.ts" time="12.586">
<failure message="navigation.spec.ts:290:7 should have smooth transitions between pages" type="FAILURE">
<![CDATA[  [Microsoft Edge] › navigation\navigation.spec.ts:290:7 › Navigation Performance › should have smooth transitions between pages 

    TimeoutError: page.click: Timeout 10000ms exceeded.
    Call log:
      - waiting for locator('.nav-item').locator('text=模型配置')
        - locator resolved to <span class="nav-text">模型配置</span>
      - attempting click action
        2 × waiting for element to be visible, enabled and stable
          - element is visible, enabled and stable
          - scrolling into view if needed
          - done scrolling
          - <iframe src="about:blank" id="webpack-dev-server-client-overlay"></iframe> intercepts pointer events
        - retrying click action
        - waiting 20ms
        2 × waiting for element to be visible, enabled and stable
          - element is visible, enabled and stable
          - scrolling into view if needed
          - done scrolling
          - <iframe src="about:blank" id="webpack-dev-server-client-overlay"></iframe> intercepts pointer events
        - retrying click action
          - waiting 100ms
        18 × waiting for element to be visible, enabled and stable
           - element is visible, enabled and stable
           - scrolling into view if needed
           - done scrolling
           - <iframe src="about:blank" id="webpack-dev-server-client-overlay"></iframe> intercepts pointer events
         - retrying click action
           - waiting 500ms


      293 |     // 测试页面转换速度
      294 |     const startTime = Date.now();
    > 295 |     await page.click('.nav-item >> text=模型配置');
          |                ^
      296 |     await page.waitForURL('**/models');
      297 |     const navigationTime = Date.now() - startTime;
      298 |
        at C:\Users\Joe\SynologyDrive\codes\有声小说\frontend\tests\navigation\navigation.spec.ts:295:16

    attachment #1: screenshot (image/png) ──────────────────────────────────────────────────────────
    ..\test-results\navigation-navigation-Navi-f4c5b-h-transitions-between-pages-Microsoft-Edge\test-failed-1.png
    ────────────────────────────────────────────────────────────────────────────────────────────────

    attachment #2: video (video/webm) ──────────────────────────────────────────────────────────────
    ..\test-results\navigation-navigation-Navi-f4c5b-h-transitions-between-pages-Microsoft-Edge\video.webm
    ────────────────────────────────────────────────────────────────────────────────────────────────

    Error Context: ..\test-results\navigation-navigation-Navi-f4c5b-h-transitions-between-pages-Microsoft-Edge\error-context.md
]]>
</failure>
<system-out>
<![CDATA[
[[ATTACHMENT|test-results\navigation-navigation-Navi-f4c5b-h-transitions-between-pages-Microsoft-Edge\test-failed-1.png]]

[[ATTACHMENT|test-results\navigation-navigation-Navi-f4c5b-h-transitions-between-pages-Microsoft-Edge\video.webm]]

[[ATTACHMENT|test-results\navigation-navigation-Navi-f4c5b-h-transitions-between-pages-Microsoft-Edge\error-context.md]]
]]>
</system-out>
</testcase>
<testcase name="Navigation Performance › should not cause layout shifts during navigation" classname="navigation\navigation.spec.ts" time="3.168">
</testcase>
</testsuite>
<testsuite name="responsive\responsive-design.spec.ts" timestamp="2025-12-01T08:52:23.342Z" hostname="Microsoft Edge" tests="72" failures="24" skipped="0" time="206.871" errors="0">
<testcase name="Responsive Design Tests › Desktop (1920x1080) › should display navigation correctly" classname="responsive\responsive-design.spec.ts" time="3.907">
<failure message="responsive-design.spec.ts:21:11 should display navigation correctly" type="FAILURE">
<![CDATA[  [Microsoft Edge] › responsive\responsive-design.spec.ts:21:11 › Responsive Design Tests › Desktop (1920x1080) › should display navigation correctly 

    Error: expect(locator).toBeVisible() failed

    Locator: locator('.nav-item')
    Expected: visible
    Error: strict mode violation: locator('.nav-item') resolved to 7 elements:
        1) <a href="/" data-text="首页" aria-current="page" class="router-link-active router-link-exact-active nav-item">…</a> aka getByRole('link', { name: '🏠 首页' })
        2) <a href="/models" class="nav-item" data-text="AI模型">…</a> aka getByRole('link', { name: '🤖 模型配置' })
        3) <a href="/novel" class="nav-item" data-text="小说创作">…</a> aka getByRole('link', { name: '✍️ 小说生成' })
        4) <a href="/analysis" class="nav-item" data-text="角色分析">…</a> aka getByRole('link', { name: '🎭 角色分析' })
        5) <a href="/tts" class="nav-item" data-text="语音合成">…</a> aka getByRole('link', { name: '🎙️ 语音合成' })
        6) <a href="/subtitle" class="nav-item" data-text="字幕生成">…</a> aka getByRole('link', { name: '📝 字幕生成' })
        7) <a href="/output" class="nav-item" data-text="文件输出">…</a> aka getByRole('link', { name: '📦 文件输出' })

    Call log:
      - Expect "toBeVisible" with timeout 5000ms
      - waiting for locator('.nav-item')


      25 |         // 检查导航项是否可见
      26 |         const navItems = page.locator('.nav-item');
    > 27 |         await expect(navItems).toBeVisible();
         |                                ^
      28 |
      29 |         // 在小屏幕上检查导航布局
      30 |         if (device.width <= 768) {
        at C:\Users\Joe\SynologyDrive\codes\有声小说\frontend\tests\responsive\responsive-design.spec.ts:27:32

    attachment #1: screenshot (image/png) ──────────────────────────────────────────────────────────
    ..\test-results\responsive-responsive-desi-63ace-isplay-navigation-correctly-Microsoft-Edge\test-failed-1.png
    ────────────────────────────────────────────────────────────────────────────────────────────────

    attachment #2: video (video/webm) ──────────────────────────────────────────────────────────────
    ..\test-results\responsive-responsive-desi-63ace-isplay-navigation-correctly-Microsoft-Edge\video.webm
    ────────────────────────────────────────────────────────────────────────────────────────────────

    Error Context: ..\test-results\responsive-responsive-desi-63ace-isplay-navigation-correctly-Microsoft-Edge\error-context.md
]]>
</failure>
<system-out>
<![CDATA[
[[ATTACHMENT|test-results\responsive-responsive-desi-63ace-isplay-navigation-correctly-Microsoft-Edge\test-failed-1.png]]

[[ATTACHMENT|test-results\responsive-responsive-desi-63ace-isplay-navigation-correctly-Microsoft-Edge\video.webm]]

[[ATTACHMENT|test-results\responsive-responsive-desi-63ace-isplay-navigation-correctly-Microsoft-Edge\error-context.md]]
]]>
</system-out>
</testcase>
<testcase name="Responsive Design Tests › Desktop (1920x1080) › should display hero section correctly" classname="responsive\responsive-design.spec.ts" time="3.149">
</testcase>
<testcase name="Responsive Design Tests › Desktop (1920x1080) › should display statistics correctly" classname="responsive\responsive-design.spec.ts" time="8.367">
<failure message="responsive-design.spec.ts:73:11 should display statistics correctly" type="FAILURE">
<![CDATA[  [Microsoft Edge] › responsive\responsive-design.spec.ts:73:11 › Responsive Design Tests › Desktop (1920x1080) › should display statistics correctly 

    Error: expect(locator).toHaveCount(expected) failed

    Locator:  locator('.stat-item')
    Expected: 4
    Received: 8
    Timeout:  5000ms

    Call log:
      - Expect "toHaveCount" with timeout 5000ms
      - waiting for locator('.stat-item')
        9 × locator resolved to 8 elements
          - unexpected value "8"


      76 |
      77 |         const statItems = page.locator('.stat-item');
    > 78 |         await expect(statItems).toHaveCount(4);
         |                                 ^
      79 |
      80 |         // 根据屏幕尺寸检查网格布局
      81 |         const gridCols = device.width >= 1024 ? 4 :
        at C:\Users\Joe\SynologyDrive\codes\有声小说\frontend\tests\responsive\responsive-design.spec.ts:78:33

    attachment #1: screenshot (image/png) ──────────────────────────────────────────────────────────
    ..\test-results\responsive-responsive-desi-97a7f-isplay-statistics-correctly-Microsoft-Edge\test-failed-1.png
    ────────────────────────────────────────────────────────────────────────────────────────────────

    attachment #2: video (video/webm) ──────────────────────────────────────────────────────────────
    ..\test-results\responsive-responsive-desi-97a7f-isplay-statistics-correctly-Microsoft-Edge\video.webm
    ────────────────────────────────────────────────────────────────────────────────────────────────

    Error Context: ..\test-results\responsive-responsive-desi-97a7f-isplay-statistics-correctly-Microsoft-Edge\error-context.md
]]>
</failure>
<system-out>
<![CDATA[
[[ATTACHMENT|test-results\responsive-responsive-desi-97a7f-isplay-statistics-correctly-Microsoft-Edge\test-failed-1.png]]

[[ATTACHMENT|test-results\responsive-responsive-desi-97a7f-isplay-statistics-correctly-Microsoft-Edge\video.webm]]

[[ATTACHMENT|test-results\responsive-responsive-desi-97a7f-isplay-statistics-correctly-Microsoft-Edge\error-context.md]]
]]>
</system-out>
</testcase>
<testcase name="Responsive Design Tests › Desktop (1920x1080) › should display features section correctly" classname="responsive\responsive-design.spec.ts" time="3.508">
</testcase>
<testcase name="Responsive Design Tests › Desktop (1920x1080) › should display workflow section correctly" classname="responsive\responsive-design.spec.ts" time="2.975">
</testcase>
<testcase name="Responsive Design Tests › Desktop (1920x1080) › should display action buttons correctly" classname="responsive\responsive-design.spec.ts" time="2.77">
</testcase>
<testcase name="Responsive Design Tests › Desktop (1920x1080) › should handle horizontal scrolling properly" classname="responsive\responsive-design.spec.ts" time="2.187">
</testcase>
<testcase name="Responsive Design Tests › Desktop (1920x1080) › should display text correctly at different sizes" classname="responsive\responsive-design.spec.ts" time="2.256">
</testcase>
<testcase name="Responsive Design Tests › Desktop (1920x1080) › should handle images and media correctly" classname="responsive\responsive-design.spec.ts" time="2.917">
</testcase>
<testcase name="Responsive Design Tests › Desktop (1920x1080) › should maintain accessibility on all screen sizes" classname="responsive\responsive-design.spec.ts" time="2.579">
<failure message="responsive-design.spec.ts:235:11 should maintain accessibility on all screen sizes" type="FAILURE">
<![CDATA[  [Microsoft Edge] › responsive\responsive-design.spec.ts:235:11 › Responsive Design Tests › Desktop (1920x1080) › should maintain accessibility on all screen sizes 

    Error: expect(received).toBeGreaterThanOrEqual(expected)

    Expected: >= 32
    Received:    24

      246 |           if (bounds) {
      247 |             const minSize = device.width <= 768 ? 44 : 32;
    > 248 |             expect(bounds.height).toBeGreaterThanOrEqual(minSize);
          |                                   ^
      249 |             expect(bounds.width).toBeGreaterThanOrEqual(minSize);
      250 |           }
      251 |         }
        at C:\Users\Joe\SynologyDrive\codes\有声小说\frontend\tests\responsive\responsive-design.spec.ts:248:35

    attachment #1: screenshot (image/png) ──────────────────────────────────────────────────────────
    ..\test-results\responsive-responsive-desi-b0eb5-ibility-on-all-screen-sizes-Microsoft-Edge\test-failed-1.png
    ────────────────────────────────────────────────────────────────────────────────────────────────

    attachment #2: video (video/webm) ──────────────────────────────────────────────────────────────
    ..\test-results\responsive-responsive-desi-b0eb5-ibility-on-all-screen-sizes-Microsoft-Edge\video.webm
    ────────────────────────────────────────────────────────────────────────────────────────────────

    Error Context: ..\test-results\responsive-responsive-desi-b0eb5-ibility-on-all-screen-sizes-Microsoft-Edge\error-context.md
]]>
</failure>
<system-out>
<![CDATA[
[[ATTACHMENT|test-results\responsive-responsive-desi-b0eb5-ibility-on-all-screen-sizes-Microsoft-Edge\test-failed-1.png]]

[[ATTACHMENT|test-results\responsive-responsive-desi-b0eb5-ibility-on-all-screen-sizes-Microsoft-Edge\video.webm]]

[[ATTACHMENT|test-results\responsive-responsive-desi-b0eb5-ibility-on-all-screen-sizes-Microsoft-Edge\error-context.md]]
]]>
</system-out>
</testcase>
<testcase name="Responsive Design Tests › Desktop (1920x1080) › should handle touch interactions on mobile devices" classname="responsive\responsive-design.spec.ts" time="2.449">
</testcase>
<testcase name="Responsive Design Tests › Laptop (1366x768) › should display navigation correctly" classname="responsive\responsive-design.spec.ts" time="2.735">
<failure message="responsive-design.spec.ts:21:11 should display navigation correctly" type="FAILURE">
<![CDATA[  [Microsoft Edge] › responsive\responsive-design.spec.ts:21:11 › Responsive Design Tests › Laptop (1366x768) › should display navigation correctly 

    Error: expect(locator).toBeVisible() failed

    Locator: locator('.nav-item')
    Expected: visible
    Error: strict mode violation: locator('.nav-item') resolved to 7 elements:
        1) <a href="/" data-text="首页" aria-current="page" class="router-link-active router-link-exact-active nav-item">…</a> aka getByRole('link', { name: '🏠 首页' })
        2) <a href="/models" class="nav-item" data-text="AI模型">…</a> aka getByRole('link', { name: '🤖 模型配置' })
        3) <a href="/novel" class="nav-item" data-text="小说创作">…</a> aka getByRole('link', { name: '✍️ 小说生成' })
        4) <a href="/analysis" class="nav-item" data-text="角色分析">…</a> aka getByRole('link', { name: '🎭 角色分析' })
        5) <a href="/tts" class="nav-item" data-text="语音合成">…</a> aka getByRole('link', { name: '🎙️ 语音合成' })
        6) <a href="/subtitle" class="nav-item" data-text="字幕生成">…</a> aka getByRole('link', { name: '📝 字幕生成' })
        7) <a href="/output" class="nav-item" data-text="文件输出">…</a> aka getByRole('link', { name: '📦 文件输出' })

    Call log:
      - Expect "toBeVisible" with timeout 5000ms
      - waiting for locator('.nav-item')


      25 |         // 检查导航项是否可见
      26 |         const navItems = page.locator('.nav-item');
    > 27 |         await expect(navItems).toBeVisible();
         |                                ^
      28 |
      29 |         // 在小屏幕上检查导航布局
      30 |         if (device.width <= 768) {
        at C:\Users\Joe\SynologyDrive\codes\有声小说\frontend\tests\responsive\responsive-design.spec.ts:27:32

    attachment #1: screenshot (image/png) ──────────────────────────────────────────────────────────
    ..\test-results\responsive-responsive-desi-3bc42-isplay-navigation-correctly-Microsoft-Edge\test-failed-1.png
    ────────────────────────────────────────────────────────────────────────────────────────────────

    attachment #2: video (video/webm) ──────────────────────────────────────────────────────────────
    ..\test-results\responsive-responsive-desi-3bc42-isplay-navigation-correctly-Microsoft-Edge\video.webm
    ────────────────────────────────────────────────────────────────────────────────────────────────

    Error Context: ..\test-results\responsive-responsive-desi-3bc42-isplay-navigation-correctly-Microsoft-Edge\error-context.md
]]>
</failure>
<system-out>
<![CDATA[
[[ATTACHMENT|test-results\responsive-responsive-desi-3bc42-isplay-navigation-correctly-Microsoft-Edge\test-failed-1.png]]

[[ATTACHMENT|test-results\responsive-responsive-desi-3bc42-isplay-navigation-correctly-Microsoft-Edge\video.webm]]

[[ATTACHMENT|test-results\responsive-responsive-desi-3bc42-isplay-navigation-correctly-Microsoft-Edge\error-context.md]]
]]>
</system-out>
</testcase>
<testcase name="Responsive Design Tests › Laptop (1366x768) › should display hero section correctly" classname="responsive\responsive-design.spec.ts" time="2.941">
</testcase>
<testcase name="Responsive Design Tests › Laptop (1366x768) › should display statistics correctly" classname="responsive\responsive-design.spec.ts" time="7.534">
<failure message="responsive-design.spec.ts:73:11 should display statistics correctly" type="FAILURE">
<![CDATA[  [Microsoft Edge] › responsive\responsive-design.spec.ts:73:11 › Responsive Design Tests › Laptop (1366x768) › should display statistics correctly 

    Error: expect(locator).toHaveCount(expected) failed

    Locator:  locator('.stat-item')
    Expected: 4
    Received: 8
    Timeout:  5000ms

    Call log:
      - Expect "toHaveCount" with timeout 5000ms
      - waiting for locator('.stat-item')
        8 × locator resolved to 8 elements
          - unexpected value "8"


      76 |
      77 |         const statItems = page.locator('.stat-item');
    > 78 |         await expect(statItems).toHaveCount(4);
         |                                 ^
      79 |
      80 |         // 根据屏幕尺寸检查网格布局
      81 |         const gridCols = device.width >= 1024 ? 4 :
        at C:\Users\Joe\SynologyDrive\codes\有声小说\frontend\tests\responsive\responsive-design.spec.ts:78:33

    attachment #1: screenshot (image/png) ──────────────────────────────────────────────────────────
    ..\test-results\responsive-responsive-desi-c88fb-isplay-statistics-correctly-Microsoft-Edge\test-failed-1.png
    ────────────────────────────────────────────────────────────────────────────────────────────────

    attachment #2: video (video/webm) ──────────────────────────────────────────────────────────────
    ..\test-results\responsive-responsive-desi-c88fb-isplay-statistics-correctly-Microsoft-Edge\video.webm
    ────────────────────────────────────────────────────────────────────────────────────────────────

    Error Context: ..\test-results\responsive-responsive-desi-c88fb-isplay-statistics-correctly-Microsoft-Edge\error-context.md
]]>
</failure>
<system-out>
<![CDATA[
[[ATTACHMENT|test-results\responsive-responsive-desi-c88fb-isplay-statistics-correctly-Microsoft-Edge\test-failed-1.png]]

[[ATTACHMENT|test-results\responsive-responsive-desi-c88fb-isplay-statistics-correctly-Microsoft-Edge\video.webm]]

[[ATTACHMENT|test-results\responsive-responsive-desi-c88fb-isplay-statistics-correctly-Microsoft-Edge\error-context.md]]
]]>
</system-out>
</testcase>
<testcase name="Responsive Design Tests › Laptop (1366x768) › should display features section correctly" classname="responsive\responsive-design.spec.ts" time="2.859">
</testcase>
<testcase name="Responsive Design Tests › Laptop (1366x768) › should display workflow section correctly" classname="responsive\responsive-design.spec.ts" time="3.583">
</testcase>
<testcase name="Responsive Design Tests › Laptop (1366x768) › should display action buttons correctly" classname="responsive\responsive-design.spec.ts" time="2.521">
</testcase>
<testcase name="Responsive Design Tests › Laptop (1366x768) › should handle horizontal scrolling properly" classname="responsive\responsive-design.spec.ts" time="2.727">
</testcase>
<testcase name="Responsive Design Tests › Laptop (1366x768) › should display text correctly at different sizes" classname="responsive\responsive-design.spec.ts" time="3.264">
</testcase>
<testcase name="Responsive Design Tests › Laptop (1366x768) › should handle images and media correctly" classname="responsive\responsive-design.spec.ts" time="2.823">
</testcase>
<testcase name="Responsive Design Tests › Laptop (1366x768) › should maintain accessibility on all screen sizes" classname="responsive\responsive-design.spec.ts" time="2.909">
<failure message="responsive-design.spec.ts:235:11 should maintain accessibility on all screen sizes" type="FAILURE">
<![CDATA[  [Microsoft Edge] › responsive\responsive-design.spec.ts:235:11 › Responsive Design Tests › Laptop (1366x768) › should maintain accessibility on all screen sizes 

    Error: expect(received).toBeGreaterThanOrEqual(expected)

    Expected: >= 32
    Received:    24

      246 |           if (bounds) {
      247 |             const minSize = device.width <= 768 ? 44 : 32;
    > 248 |             expect(bounds.height).toBeGreaterThanOrEqual(minSize);
          |                                   ^
      249 |             expect(bounds.width).toBeGreaterThanOrEqual(minSize);
      250 |           }
      251 |         }
        at C:\Users\Joe\SynologyDrive\codes\有声小说\frontend\tests\responsive\responsive-design.spec.ts:248:35

    attachment #1: screenshot (image/png) ──────────────────────────────────────────────────────────
    ..\test-results\responsive-responsive-desi-1eb67-ibility-on-all-screen-sizes-Microsoft-Edge\test-failed-1.png
    ────────────────────────────────────────────────────────────────────────────────────────────────

    attachment #2: video (video/webm) ──────────────────────────────────────────────────────────────
    ..\test-results\responsive-responsive-desi-1eb67-ibility-on-all-screen-sizes-Microsoft-Edge\video.webm
    ────────────────────────────────────────────────────────────────────────────────────────────────

    Error Context: ..\test-results\responsive-responsive-desi-1eb67-ibility-on-all-screen-sizes-Microsoft-Edge\error-context.md
]]>
</failure>
<system-out>
<![CDATA[
[[ATTACHMENT|test-results\responsive-responsive-desi-1eb67-ibility-on-all-screen-sizes-Microsoft-Edge\test-failed-1.png]]

[[ATTACHMENT|test-results\responsive-responsive-desi-1eb67-ibility-on-all-screen-sizes-Microsoft-Edge\video.webm]]

[[ATTACHMENT|test-results\responsive-responsive-desi-1eb67-ibility-on-all-screen-sizes-Microsoft-Edge\error-context.md]]
]]>
</system-out>
</testcase>
<testcase name="Responsive Design Tests › Laptop (1366x768) › should handle touch interactions on mobile devices" classname="responsive\responsive-design.spec.ts" time="2.205">
</testcase>
<testcase name="Responsive Design Tests › Tablet (768x1024) › should display navigation correctly" classname="responsive\responsive-design.spec.ts" time="2.146">
<failure message="responsive-design.spec.ts:21:11 should display navigation correctly" type="FAILURE">
<![CDATA[  [Microsoft Edge] › responsive\responsive-design.spec.ts:21:11 › Responsive Design Tests › Tablet (768x1024) › should display navigation correctly 

    Error: expect(locator).toBeVisible() failed

    Locator: locator('.nav-item')
    Expected: visible
    Error: strict mode violation: locator('.nav-item') resolved to 7 elements:
        1) <a href="/" data-text="首页" aria-current="page" class="router-link-active router-link-exact-active nav-item">…</a> aka getByRole('link', { name: '🏠 首页' })
        2) <a href="/models" class="nav-item" data-text="AI模型">…</a> aka getByRole('link', { name: '🤖 模型配置' })
        3) <a href="/novel" class="nav-item" data-text="小说创作">…</a> aka getByRole('link', { name: '✍️ 小说生成' })
        4) <a href="/analysis" class="nav-item" data-text="角色分析">…</a> aka getByRole('link', { name: '🎭 角色分析' })
        5) <a href="/tts" class="nav-item" data-text="语音合成">…</a> aka getByRole('link', { name: '🎙️ 语音合成' })
        6) <a href="/subtitle" class="nav-item" data-text="字幕生成">…</a> aka getByRole('link', { name: '📝 字幕生成' })
        7) <a href="/output" class="nav-item" data-text="文件输出">…</a> aka getByRole('link', { name: '📦 文件输出' })

    Call log:
      - Expect "toBeVisible" with timeout 5000ms
      - waiting for locator('.nav-item')


      25 |         // 检查导航项是否可见
      26 |         const navItems = page.locator('.nav-item');
    > 27 |         await expect(navItems).toBeVisible();
         |                                ^
      28 |
      29 |         // 在小屏幕上检查导航布局
      30 |         if (device.width <= 768) {
        at C:\Users\Joe\SynologyDrive\codes\有声小说\frontend\tests\responsive\responsive-design.spec.ts:27:32

    attachment #1: screenshot (image/png) ──────────────────────────────────────────────────────────
    ..\test-results\responsive-responsive-desi-cdfd3-isplay-navigation-correctly-Microsoft-Edge\test-failed-1.png
    ────────────────────────────────────────────────────────────────────────────────────────────────

    attachment #2: video (video/webm) ──────────────────────────────────────────────────────────────
    ..\test-results\responsive-responsive-desi-cdfd3-isplay-navigation-correctly-Microsoft-Edge\video.webm
    ────────────────────────────────────────────────────────────────────────────────────────────────

    Error Context: ..\test-results\responsive-responsive-desi-cdfd3-isplay-navigation-correctly-Microsoft-Edge\error-context.md
]]>
</failure>
<system-out>
<![CDATA[
[[ATTACHMENT|test-results\responsive-responsive-desi-cdfd3-isplay-navigation-correctly-Microsoft-Edge\test-failed-1.png]]

[[ATTACHMENT|test-results\responsive-responsive-desi-cdfd3-isplay-navigation-correctly-Microsoft-Edge\video.webm]]

[[ATTACHMENT|test-results\responsive-responsive-desi-cdfd3-isplay-navigation-correctly-Microsoft-Edge\error-context.md]]
]]>
</system-out>
</testcase>
<testcase name="Responsive Design Tests › Tablet (768x1024) › should display hero section correctly" classname="responsive\responsive-design.spec.ts" time="2.308">
<failure message="responsive-design.spec.ts:41:11 should display hero section correctly" type="FAILURE">
<![CDATA[  [Microsoft Edge] › responsive\responsive-design.spec.ts:41:11 › Responsive Design Tests › Tablet (768x1024) › should display hero section correctly 

    Error: expect(received).toContain(expected) // indexOf

    Expected substring: "column"
    Received string:    "row"

      54 |
      55 |           // 移动设备上应该是垂直排列
    > 56 |           expect(contentStyle.flexDirection || contentStyle.display).toContain('column');
         |                                                                      ^
      57 |           expect(contentStyle.textAlign || '').toContain('center');
      58 |         }
      59 |
        at C:\Users\Joe\SynologyDrive\codes\有声小说\frontend\tests\responsive\responsive-design.spec.ts:56:70

    attachment #1: screenshot (image/png) ──────────────────────────────────────────────────────────
    ..\test-results\responsive-responsive-desi-4c893-play-hero-section-correctly-Microsoft-Edge\test-failed-1.png
    ────────────────────────────────────────────────────────────────────────────────────────────────

    attachment #2: video (video/webm) ──────────────────────────────────────────────────────────────
    ..\test-results\responsive-responsive-desi-4c893-play-hero-section-correctly-Microsoft-Edge\video.webm
    ────────────────────────────────────────────────────────────────────────────────────────────────

    Error Context: ..\test-results\responsive-responsive-desi-4c893-play-hero-section-correctly-Microsoft-Edge\error-context.md
]]>
</failure>
<system-out>
<![CDATA[
[[ATTACHMENT|test-results\responsive-responsive-desi-4c893-play-hero-section-correctly-Microsoft-Edge\test-failed-1.png]]

[[ATTACHMENT|test-results\responsive-responsive-desi-4c893-play-hero-section-correctly-Microsoft-Edge\video.webm]]

[[ATTACHMENT|test-results\responsive-responsive-desi-4c893-play-hero-section-correctly-Microsoft-Edge\error-context.md]]
]]>
</system-out>
</testcase>
<testcase name="Responsive Design Tests › Tablet (768x1024) › should display statistics correctly" classname="responsive\responsive-design.spec.ts" time="6.958">
<failure message="responsive-design.spec.ts:73:11 should display statistics correctly" type="FAILURE">
<![CDATA[  [Microsoft Edge] › responsive\responsive-design.spec.ts:73:11 › Responsive Design Tests › Tablet (768x1024) › should display statistics correctly 

    Error: expect(locator).toHaveCount(expected) failed

    Locator:  locator('.stat-item')
    Expected: 4
    Received: 8
    Timeout:  5000ms

    Call log:
      - Expect "toHaveCount" with timeout 5000ms
      - waiting for locator('.stat-item')
        9 × locator resolved to 8 elements
          - unexpected value "8"


      76 |
      77 |         const statItems = page.locator('.stat-item');
    > 78 |         await expect(statItems).toHaveCount(4);
         |                                 ^
      79 |
      80 |         // 根据屏幕尺寸检查网格布局
      81 |         const gridCols = device.width >= 1024 ? 4 :
        at C:\Users\Joe\SynologyDrive\codes\有声小说\frontend\tests\responsive\responsive-design.spec.ts:78:33

    attachment #1: screenshot (image/png) ──────────────────────────────────────────────────────────
    ..\test-results\responsive-responsive-desi-bea12-isplay-statistics-correctly-Microsoft-Edge\test-failed-1.png
    ────────────────────────────────────────────────────────────────────────────────────────────────

    attachment #2: video (video/webm) ──────────────────────────────────────────────────────────────
    ..\test-results\responsive-responsive-desi-bea12-isplay-statistics-correctly-Microsoft-Edge\video.webm
    ────────────────────────────────────────────────────────────────────────────────────────────────

    Error Context: ..\test-results\responsive-responsive-desi-bea12-isplay-statistics-correctly-Microsoft-Edge\error-context.md
]]>
</failure>
<system-out>
<![CDATA[
[[ATTACHMENT|test-results\responsive-responsive-desi-bea12-isplay-statistics-correctly-Microsoft-Edge\test-failed-1.png]]

[[ATTACHMENT|test-results\responsive-responsive-desi-bea12-isplay-statistics-correctly-Microsoft-Edge\video.webm]]

[[ATTACHMENT|test-results\responsive-responsive-desi-bea12-isplay-statistics-correctly-Microsoft-Edge\error-context.md]]
]]>
</system-out>
</testcase>
<testcase name="Responsive Design Tests › Tablet (768x1024) › should display features section correctly" classname="responsive\responsive-design.spec.ts" time="2.118">
</testcase>
<testcase name="Responsive Design Tests › Tablet (768x1024) › should display workflow section correctly" classname="responsive\responsive-design.spec.ts" time="2.058">
</testcase>
<testcase name="Responsive Design Tests › Tablet (768x1024) › should display action buttons correctly" classname="responsive\responsive-design.spec.ts" time="1.896">
</testcase>
<testcase name="Responsive Design Tests › Tablet (768x1024) › should handle horizontal scrolling properly" classname="responsive\responsive-design.spec.ts" time="1.788">
</testcase>
<testcase name="Responsive Design Tests › Tablet (768x1024) › should display text correctly at different sizes" classname="responsive\responsive-design.spec.ts" time="1.873">
</testcase>
<testcase name="Responsive Design Tests › Tablet (768x1024) › should handle images and media correctly" classname="responsive\responsive-design.spec.ts" time="1.822">
</testcase>
<testcase name="Responsive Design Tests › Tablet (768x1024) › should maintain accessibility on all screen sizes" classname="responsive\responsive-design.spec.ts" time="2">
<failure message="responsive-design.spec.ts:235:11 should maintain accessibility on all screen sizes" type="FAILURE">
<![CDATA[  [Microsoft Edge] › responsive\responsive-design.spec.ts:235:11 › Responsive Design Tests › Tablet (768x1024) › should maintain accessibility on all screen sizes 

    Error: expect(received).toBeGreaterThanOrEqual(expected)

    Expected: >= 44
    Received:    24

      246 |           if (bounds) {
      247 |             const minSize = device.width <= 768 ? 44 : 32;
    > 248 |             expect(bounds.height).toBeGreaterThanOrEqual(minSize);
          |                                   ^
      249 |             expect(bounds.width).toBeGreaterThanOrEqual(minSize);
      250 |           }
      251 |         }
        at C:\Users\Joe\SynologyDrive\codes\有声小说\frontend\tests\responsive\responsive-design.spec.ts:248:35

    attachment #1: screenshot (image/png) ──────────────────────────────────────────────────────────
    ..\test-results\responsive-responsive-desi-2f4da-ibility-on-all-screen-sizes-Microsoft-Edge\test-failed-1.png
    ────────────────────────────────────────────────────────────────────────────────────────────────

    attachment #2: video (video/webm) ──────────────────────────────────────────────────────────────
    ..\test-results\responsive-responsive-desi-2f4da-ibility-on-all-screen-sizes-Microsoft-Edge\video.webm
    ────────────────────────────────────────────────────────────────────────────────────────────────

    Error Context: ..\test-results\responsive-responsive-desi-2f4da-ibility-on-all-screen-sizes-Microsoft-Edge\error-context.md
]]>
</failure>
<system-out>
<![CDATA[
[[ATTACHMENT|test-results\responsive-responsive-desi-2f4da-ibility-on-all-screen-sizes-Microsoft-Edge\test-failed-1.png]]

[[ATTACHMENT|test-results\responsive-responsive-desi-2f4da-ibility-on-all-screen-sizes-Microsoft-Edge\video.webm]]

[[ATTACHMENT|test-results\responsive-responsive-desi-2f4da-ibility-on-all-screen-sizes-Microsoft-Edge\error-context.md]]
]]>
</system-out>
</testcase>
<testcase name="Responsive Design Tests › Tablet (768x1024) › should handle touch interactions on mobile devices" classname="responsive\responsive-design.spec.ts" time="2.039">
</testcase>
<testcase name="Responsive Design Tests › Mobile Large (414x896) › should display navigation correctly" classname="responsive\responsive-design.spec.ts" time="2.081">
<failure message="responsive-design.spec.ts:21:11 should display navigation correctly" type="FAILURE">
<![CDATA[  [Microsoft Edge] › responsive\responsive-design.spec.ts:21:11 › Responsive Design Tests › Mobile Large (414x896) › should display navigation correctly 

    Error: expect(locator).toBeVisible() failed

    Locator: locator('.nav-item')
    Expected: visible
    Error: strict mode violation: locator('.nav-item') resolved to 7 elements:
        1) <a href="/" data-text="首页" aria-current="page" class="router-link-active router-link-exact-active nav-item">…</a> aka getByRole('link', { name: '🏠 首页' })
        2) <a href="/models" class="nav-item" data-text="AI模型">…</a> aka getByRole('link', { name: '🤖 模型配置' })
        3) <a href="/novel" class="nav-item" data-text="小说创作">…</a> aka getByRole('link', { name: '✍️ 小说生成' })
        4) <a href="/analysis" class="nav-item" data-text="角色分析">…</a> aka getByRole('link', { name: '🎭 角色分析' })
        5) <a href="/tts" class="nav-item" data-text="语音合成">…</a> aka getByRole('link', { name: '🎙️ 语音合成' })
        6) <a href="/subtitle" class="nav-item" data-text="字幕生成">…</a> aka getByRole('link', { name: '📝 字幕生成' })
        7) <a href="/output" class="nav-item" data-text="文件输出">…</a> aka getByRole('link', { name: '📦 文件输出' })

    Call log:
      - Expect "toBeVisible" with timeout 5000ms
      - waiting for locator('.nav-item')


      25 |         // 检查导航项是否可见
      26 |         const navItems = page.locator('.nav-item');
    > 27 |         await expect(navItems).toBeVisible();
         |                                ^
      28 |
      29 |         // 在小屏幕上检查导航布局
      30 |         if (device.width <= 768) {
        at C:\Users\Joe\SynologyDrive\codes\有声小说\frontend\tests\responsive\responsive-design.spec.ts:27:32

    attachment #1: screenshot (image/png) ──────────────────────────────────────────────────────────
    ..\test-results\responsive-responsive-desi-906ac-isplay-navigation-correctly-Microsoft-Edge\test-failed-1.png
    ────────────────────────────────────────────────────────────────────────────────────────────────

    attachment #2: video (video/webm) ──────────────────────────────────────────────────────────────
    ..\test-results\responsive-responsive-desi-906ac-isplay-navigation-correctly-Microsoft-Edge\video.webm
    ────────────────────────────────────────────────────────────────────────────────────────────────

    Error Context: ..\test-results\responsive-responsive-desi-906ac-isplay-navigation-correctly-Microsoft-Edge\error-context.md
]]>
</failure>
<system-out>
<![CDATA[
[[ATTACHMENT|test-results\responsive-responsive-desi-906ac-isplay-navigation-correctly-Microsoft-Edge\test-failed-1.png]]

[[ATTACHMENT|test-results\responsive-responsive-desi-906ac-isplay-navigation-correctly-Microsoft-Edge\video.webm]]

[[ATTACHMENT|test-results\responsive-responsive-desi-906ac-isplay-navigation-correctly-Microsoft-Edge\error-context.md]]
]]>
</system-out>
</testcase>
<testcase name="Responsive Design Tests › Mobile Large (414x896) › should display hero section correctly" classname="responsive\responsive-design.spec.ts" time="2.026">
<failure message="responsive-design.spec.ts:41:11 should display hero section correctly" type="FAILURE">
<![CDATA[  [Microsoft Edge] › responsive\responsive-design.spec.ts:41:11 › Responsive Design Tests › Mobile Large (414x896) › should display hero section correctly 

    Error: expect(received).toContain(expected) // indexOf

    Expected substring: "column"
    Received string:    "row"

      54 |
      55 |           // 移动设备上应该是垂直排列
    > 56 |           expect(contentStyle.flexDirection || contentStyle.display).toContain('column');
         |                                                                      ^
      57 |           expect(contentStyle.textAlign || '').toContain('center');
      58 |         }
      59 |
        at C:\Users\Joe\SynologyDrive\codes\有声小说\frontend\tests\responsive\responsive-design.spec.ts:56:70

    attachment #1: screenshot (image/png) ──────────────────────────────────────────────────────────
    ..\test-results\responsive-responsive-desi-2f324-play-hero-section-correctly-Microsoft-Edge\test-failed-1.png
    ────────────────────────────────────────────────────────────────────────────────────────────────

    attachment #2: video (video/webm) ──────────────────────────────────────────────────────────────
    ..\test-results\responsive-responsive-desi-2f324-play-hero-section-correctly-Microsoft-Edge\video.webm
    ────────────────────────────────────────────────────────────────────────────────────────────────

    Error Context: ..\test-results\responsive-responsive-desi-2f324-play-hero-section-correctly-Microsoft-Edge\error-context.md
]]>
</failure>
<system-out>
<![CDATA[
[[ATTACHMENT|test-results\responsive-responsive-desi-2f324-play-hero-section-correctly-Microsoft-Edge\test-failed-1.png]]

[[ATTACHMENT|test-results\responsive-responsive-desi-2f324-play-hero-section-correctly-Microsoft-Edge\video.webm]]

[[ATTACHMENT|test-results\responsive-responsive-desi-2f324-play-hero-section-correctly-Microsoft-Edge\error-context.md]]
]]>
</system-out>
</testcase>
<testcase name="Responsive Design Tests › Mobile Large (414x896) › should display statistics correctly" classname="responsive\responsive-design.spec.ts" time="6.985">
<failure message="responsive-design.spec.ts:73:11 should display statistics correctly" type="FAILURE">
<![CDATA[  [Microsoft Edge] › responsive\responsive-design.spec.ts:73:11 › Responsive Design Tests › Mobile Large (414x896) › should display statistics correctly 

    Error: expect(locator).toHaveCount(expected) failed

    Locator:  locator('.stat-item')
    Expected: 4
    Received: 8
    Timeout:  5000ms

    Call log:
      - Expect "toHaveCount" with timeout 5000ms
      - waiting for locator('.stat-item')
        9 × locator resolved to 8 elements
          - unexpected value "8"


      76 |
      77 |         const statItems = page.locator('.stat-item');
    > 78 |         await expect(statItems).toHaveCount(4);
         |                                 ^
      79 |
      80 |         // 根据屏幕尺寸检查网格布局
      81 |         const gridCols = device.width >= 1024 ? 4 :
        at C:\Users\Joe\SynologyDrive\codes\有声小说\frontend\tests\responsive\responsive-design.spec.ts:78:33

    attachment #1: screenshot (image/png) ──────────────────────────────────────────────────────────
    ..\test-results\responsive-responsive-desi-2be93-isplay-statistics-correctly-Microsoft-Edge\test-failed-1.png
    ────────────────────────────────────────────────────────────────────────────────────────────────

    attachment #2: video (video/webm) ──────────────────────────────────────────────────────────────
    ..\test-results\responsive-responsive-desi-2be93-isplay-statistics-correctly-Microsoft-Edge\video.webm
    ────────────────────────────────────────────────────────────────────────────────────────────────

    Error Context: ..\test-results\responsive-responsive-desi-2be93-isplay-statistics-correctly-Microsoft-Edge\error-context.md
]]>
</failure>
<system-out>
<![CDATA[
[[ATTACHMENT|test-results\responsive-responsive-desi-2be93-isplay-statistics-correctly-Microsoft-Edge\test-failed-1.png]]

[[ATTACHMENT|test-results\responsive-responsive-desi-2be93-isplay-statistics-correctly-Microsoft-Edge\video.webm]]

[[ATTACHMENT|test-results\responsive-responsive-desi-2be93-isplay-statistics-correctly-Microsoft-Edge\error-context.md]]
]]>
</system-out>
</testcase>
<testcase name="Responsive Design Tests › Mobile Large (414x896) › should display features section correctly" classname="responsive\responsive-design.spec.ts" time="2.126">
</testcase>
<testcase name="Responsive Design Tests › Mobile Large (414x896) › should display workflow section correctly" classname="responsive\responsive-design.spec.ts" time="2.237">
</testcase>
<testcase name="Responsive Design Tests › Mobile Large (414x896) › should display action buttons correctly" classname="responsive\responsive-design.spec.ts" time="2.538">
</testcase>
<testcase name="Responsive Design Tests › Mobile Large (414x896) › should handle horizontal scrolling properly" classname="responsive\responsive-design.spec.ts" time="2.669">
</testcase>
<testcase name="Responsive Design Tests › Mobile Large (414x896) › should display text correctly at different sizes" classname="responsive\responsive-design.spec.ts" time="2.767">
</testcase>
<testcase name="Responsive Design Tests › Mobile Large (414x896) › should handle images and media correctly" classname="responsive\responsive-design.spec.ts" time="2.484">
</testcase>
<testcase name="Responsive Design Tests › Mobile Large (414x896) › should maintain accessibility on all screen sizes" classname="responsive\responsive-design.spec.ts" time="2.889">
<failure message="responsive-design.spec.ts:235:11 should maintain accessibility on all screen sizes" type="FAILURE">
<![CDATA[  [Microsoft Edge] › responsive\responsive-design.spec.ts:235:11 › Responsive Design Tests › Mobile Large (414x896) › should maintain accessibility on all screen sizes 

    Error: expect(received).toBeGreaterThanOrEqual(expected)

    Expected: >= 44
    Received:    24

      246 |           if (bounds) {
      247 |             const minSize = device.width <= 768 ? 44 : 32;
    > 248 |             expect(bounds.height).toBeGreaterThanOrEqual(minSize);
          |                                   ^
      249 |             expect(bounds.width).toBeGreaterThanOrEqual(minSize);
      250 |           }
      251 |         }
        at C:\Users\Joe\SynologyDrive\codes\有声小说\frontend\tests\responsive\responsive-design.spec.ts:248:35

    attachment #1: screenshot (image/png) ──────────────────────────────────────────────────────────
    ..\test-results\responsive-responsive-desi-7cc27-ibility-on-all-screen-sizes-Microsoft-Edge\test-failed-1.png
    ────────────────────────────────────────────────────────────────────────────────────────────────

    attachment #2: video (video/webm) ──────────────────────────────────────────────────────────────
    ..\test-results\responsive-responsive-desi-7cc27-ibility-on-all-screen-sizes-Microsoft-Edge\video.webm
    ────────────────────────────────────────────────────────────────────────────────────────────────

    Error Context: ..\test-results\responsive-responsive-desi-7cc27-ibility-on-all-screen-sizes-Microsoft-Edge\error-context.md
]]>
</failure>
<system-out>
<![CDATA[
[[ATTACHMENT|test-results\responsive-responsive-desi-7cc27-ibility-on-all-screen-sizes-Microsoft-Edge\test-failed-1.png]]

[[ATTACHMENT|test-results\responsive-responsive-desi-7cc27-ibility-on-all-screen-sizes-Microsoft-Edge\video.webm]]

[[ATTACHMENT|test-results\responsive-responsive-desi-7cc27-ibility-on-all-screen-sizes-Microsoft-Edge\error-context.md]]
]]>
</system-out>
</testcase>
<testcase name="Responsive Design Tests › Mobile Large (414x896) › should handle touch interactions on mobile devices" classname="responsive\responsive-design.spec.ts" time="2.462">
</testcase>
<testcase name="Responsive Design Tests › Mobile (375x667) › should display navigation correctly" classname="responsive\responsive-design.spec.ts" time="2.501">
<failure message="responsive-design.spec.ts:21:11 should display navigation correctly" type="FAILURE">
<![CDATA[  [Microsoft Edge] › responsive\responsive-design.spec.ts:21:11 › Responsive Design Tests › Mobile (375x667) › should display navigation correctly 

    Error: expect(locator).toBeVisible() failed

    Locator: locator('.nav-item')
    Expected: visible
    Error: strict mode violation: locator('.nav-item') resolved to 7 elements:
        1) <a href="/" data-text="首页" aria-current="page" class="router-link-active router-link-exact-active nav-item">…</a> aka getByRole('link', { name: '🏠 首页' })
        2) <a href="/models" class="nav-item" data-text="AI模型">…</a> aka getByRole('link', { name: '🤖 模型配置' })
        3) <a href="/novel" class="nav-item" data-text="小说创作">…</a> aka getByRole('link', { name: '✍️ 小说生成' })
        4) <a href="/analysis" class="nav-item" data-text="角色分析">…</a> aka getByRole('link', { name: '🎭 角色分析' })
        5) <a href="/tts" class="nav-item" data-text="语音合成">…</a> aka getByRole('link', { name: '🎙️ 语音合成' })
        6) <a href="/subtitle" class="nav-item" data-text="字幕生成">…</a> aka getByRole('link', { name: '📝 字幕生成' })
        7) <a href="/output" class="nav-item" data-text="文件输出">…</a> aka getByRole('link', { name: '📦 文件输出' })

    Call log:
      - Expect "toBeVisible" with timeout 5000ms
      - waiting for locator('.nav-item')


      25 |         // 检查导航项是否可见
      26 |         const navItems = page.locator('.nav-item');
    > 27 |         await expect(navItems).toBeVisible();
         |                                ^
      28 |
      29 |         // 在小屏幕上检查导航布局
      30 |         if (device.width <= 768) {
        at C:\Users\Joe\SynologyDrive\codes\有声小说\frontend\tests\responsive\responsive-design.spec.ts:27:32

    attachment #1: screenshot (image/png) ──────────────────────────────────────────────────────────
    ..\test-results\responsive-responsive-desi-cab0a-isplay-navigation-correctly-Microsoft-Edge\test-failed-1.png
    ────────────────────────────────────────────────────────────────────────────────────────────────

    attachment #2: video (video/webm) ──────────────────────────────────────────────────────────────
    ..\test-results\responsive-responsive-desi-cab0a-isplay-navigation-correctly-Microsoft-Edge\video.webm
    ────────────────────────────────────────────────────────────────────────────────────────────────

    Error Context: ..\test-results\responsive-responsive-desi-cab0a-isplay-navigation-correctly-Microsoft-Edge\error-context.md
]]>
</failure>
<system-out>
<![CDATA[
[[ATTACHMENT|test-results\responsive-responsive-desi-cab0a-isplay-navigation-correctly-Microsoft-Edge\test-failed-1.png]]

[[ATTACHMENT|test-results\responsive-responsive-desi-cab0a-isplay-navigation-correctly-Microsoft-Edge\video.webm]]

[[ATTACHMENT|test-results\responsive-responsive-desi-cab0a-isplay-navigation-correctly-Microsoft-Edge\error-context.md]]
]]>
</system-out>
</testcase>
<testcase name="Responsive Design Tests › Mobile (375x667) › should display hero section correctly" classname="responsive\responsive-design.spec.ts" time="2.364">
<failure message="responsive-design.spec.ts:41:11 should display hero section correctly" type="FAILURE">
<![CDATA[  [Microsoft Edge] › responsive\responsive-design.spec.ts:41:11 › Responsive Design Tests › Mobile (375x667) › should display hero section correctly 

    Error: expect(received).toContain(expected) // indexOf

    Expected substring: "column"
    Received string:    "row"

      54 |
      55 |           // 移动设备上应该是垂直排列
    > 56 |           expect(contentStyle.flexDirection || contentStyle.display).toContain('column');
         |                                                                      ^
      57 |           expect(contentStyle.textAlign || '').toContain('center');
      58 |         }
      59 |
        at C:\Users\Joe\SynologyDrive\codes\有声小说\frontend\tests\responsive\responsive-design.spec.ts:56:70

    attachment #1: screenshot (image/png) ──────────────────────────────────────────────────────────
    ..\test-results\responsive-responsive-desi-97a19-play-hero-section-correctly-Microsoft-Edge\test-failed-1.png
    ────────────────────────────────────────────────────────────────────────────────────────────────

    attachment #2: video (video/webm) ──────────────────────────────────────────────────────────────
    ..\test-results\responsive-responsive-desi-97a19-play-hero-section-correctly-Microsoft-Edge\video.webm
    ────────────────────────────────────────────────────────────────────────────────────────────────

    Error Context: ..\test-results\responsive-responsive-desi-97a19-play-hero-section-correctly-Microsoft-Edge\error-context.md
]]>
</failure>
<system-out>
<![CDATA[
[[ATTACHMENT|test-results\responsive-responsive-desi-97a19-play-hero-section-correctly-Microsoft-Edge\test-failed-1.png]]

[[ATTACHMENT|test-results\responsive-responsive-desi-97a19-play-hero-section-correctly-Microsoft-Edge\video.webm]]

[[ATTACHMENT|test-results\responsive-responsive-desi-97a19-play-hero-section-correctly-Microsoft-Edge\error-context.md]]
]]>
</system-out>
</testcase>
<testcase name="Responsive Design Tests › Mobile (375x667) › should display statistics correctly" classname="responsive\responsive-design.spec.ts" time="6.948">
<failure message="responsive-design.spec.ts:73:11 should display statistics correctly" type="FAILURE">
<![CDATA[  [Microsoft Edge] › responsive\responsive-design.spec.ts:73:11 › Responsive Design Tests › Mobile (375x667) › should display statistics correctly 

    Error: expect(locator).toHaveCount(expected) failed

    Locator:  locator('.stat-item')
    Expected: 4
    Received: 8
    Timeout:  5000ms

    Call log:
      - Expect "toHaveCount" with timeout 5000ms
      - waiting for locator('.stat-item')
        9 × locator resolved to 8 elements
          - unexpected value "8"


      76 |
      77 |         const statItems = page.locator('.stat-item');
    > 78 |         await expect(statItems).toHaveCount(4);
         |                                 ^
      79 |
      80 |         // 根据屏幕尺寸检查网格布局
      81 |         const gridCols = device.width >= 1024 ? 4 :
        at C:\Users\Joe\SynologyDrive\codes\有声小说\frontend\tests\responsive\responsive-design.spec.ts:78:33

    attachment #1: screenshot (image/png) ──────────────────────────────────────────────────────────
    ..\test-results\responsive-responsive-desi-67a48-isplay-statistics-correctly-Microsoft-Edge\test-failed-1.png
    ────────────────────────────────────────────────────────────────────────────────────────────────

    attachment #2: video (video/webm) ──────────────────────────────────────────────────────────────
    ..\test-results\responsive-responsive-desi-67a48-isplay-statistics-correctly-Microsoft-Edge\video.webm
    ────────────────────────────────────────────────────────────────────────────────────────────────

    Error Context: ..\test-results\responsive-responsive-desi-67a48-isplay-statistics-correctly-Microsoft-Edge\error-context.md
]]>
</failure>
<system-out>
<![CDATA[
[[ATTACHMENT|test-results\responsive-responsive-desi-67a48-isplay-statistics-correctly-Microsoft-Edge\test-failed-1.png]]

[[ATTACHMENT|test-results\responsive-responsive-desi-67a48-isplay-statistics-correctly-Microsoft-Edge\video.webm]]

[[ATTACHMENT|test-results\responsive-responsive-desi-67a48-isplay-statistics-correctly-Microsoft-Edge\error-context.md]]
]]>
</system-out>
</testcase>
<testcase name="Responsive Design Tests › Mobile (375x667) › should display features section correctly" classname="responsive\responsive-design.spec.ts" time="2.062">
</testcase>
<testcase name="Responsive Design Tests › Mobile (375x667) › should display workflow section correctly" classname="responsive\responsive-design.spec.ts" time="1.963">
</testcase>
<testcase name="Responsive Design Tests › Mobile (375x667) › should display action buttons correctly" classname="responsive\responsive-design.spec.ts" time="1.855">
</testcase>
<testcase name="Responsive Design Tests › Mobile (375x667) › should handle horizontal scrolling properly" classname="responsive\responsive-design.spec.ts" time="1.785">
</testcase>
<testcase name="Responsive Design Tests › Mobile (375x667) › should display text correctly at different sizes" classname="responsive\responsive-design.spec.ts" time="1.819">
</testcase>
<testcase name="Responsive Design Tests › Mobile (375x667) › should handle images and media correctly" classname="responsive\responsive-design.spec.ts" time="1.775">
</testcase>
<testcase name="Responsive Design Tests › Mobile (375x667) › should maintain accessibility on all screen sizes" classname="responsive\responsive-design.spec.ts" time="2.984">
<failure message="responsive-design.spec.ts:235:11 should maintain accessibility on all screen sizes" type="FAILURE">
<![CDATA[  [Microsoft Edge] › responsive\responsive-design.spec.ts:235:11 › Responsive Design Tests › Mobile (375x667) › should maintain accessibility on all screen sizes 

    Error: expect(received).toBeGreaterThanOrEqual(expected)

    Expected: >= 44
    Received:    24

      246 |           if (bounds) {
      247 |             const minSize = device.width <= 768 ? 44 : 32;
    > 248 |             expect(bounds.height).toBeGreaterThanOrEqual(minSize);
          |                                   ^
      249 |             expect(bounds.width).toBeGreaterThanOrEqual(minSize);
      250 |           }
      251 |         }
        at C:\Users\Joe\SynologyDrive\codes\有声小说\frontend\tests\responsive\responsive-design.spec.ts:248:35

    attachment #1: screenshot (image/png) ──────────────────────────────────────────────────────────
    ..\test-results\responsive-responsive-desi-7f193-ibility-on-all-screen-sizes-Microsoft-Edge\test-failed-1.png
    ────────────────────────────────────────────────────────────────────────────────────────────────

    attachment #2: video (video/webm) ──────────────────────────────────────────────────────────────
    ..\test-results\responsive-responsive-desi-7f193-ibility-on-all-screen-sizes-Microsoft-Edge\video.webm
    ────────────────────────────────────────────────────────────────────────────────────────────────

    Error Context: ..\test-results\responsive-responsive-desi-7f193-ibility-on-all-screen-sizes-Microsoft-Edge\error-context.md
]]>
</failure>
<system-out>
<![CDATA[
[[ATTACHMENT|test-results\responsive-responsive-desi-7f193-ibility-on-all-screen-sizes-Microsoft-Edge\test-failed-1.png]]

[[ATTACHMENT|test-results\responsive-responsive-desi-7f193-ibility-on-all-screen-sizes-Microsoft-Edge\video.webm]]

[[ATTACHMENT|test-results\responsive-responsive-desi-7f193-ibility-on-all-screen-sizes-Microsoft-Edge\error-context.md]]
]]>
</system-out>
</testcase>
<testcase name="Responsive Design Tests › Mobile (375x667) › should handle touch interactions on mobile devices" classname="responsive\responsive-design.spec.ts" time="2.836">
</testcase>
<testcase name="Responsive Design Tests › Mobile Small (320x568) › should display navigation correctly" classname="responsive\responsive-design.spec.ts" time="2.261">
<failure message="responsive-design.spec.ts:21:11 should display navigation correctly" type="FAILURE">
<![CDATA[  [Microsoft Edge] › responsive\responsive-design.spec.ts:21:11 › Responsive Design Tests › Mobile Small (320x568) › should display navigation correctly 

    Error: expect(locator).toBeVisible() failed

    Locator: locator('.nav-item')
    Expected: visible
    Error: strict mode violation: locator('.nav-item') resolved to 7 elements:
        1) <a href="/" data-text="首页" aria-current="page" class="router-link-active router-link-exact-active nav-item">…</a> aka getByRole('link', { name: '🏠 首页' })
        2) <a href="/models" class="nav-item" data-text="AI模型">…</a> aka getByRole('link', { name: '🤖 模型配置' })
        3) <a href="/novel" class="nav-item" data-text="小说创作">…</a> aka getByRole('link', { name: '✍️ 小说生成' })
        4) <a href="/analysis" class="nav-item" data-text="角色分析">…</a> aka getByRole('link', { name: '🎭 角色分析' })
        5) <a href="/tts" class="nav-item" data-text="语音合成">…</a> aka getByRole('link', { name: '🎙️ 语音合成' })
        6) <a href="/subtitle" class="nav-item" data-text="字幕生成">…</a> aka getByRole('link', { name: '📝 字幕生成' })
        7) <a href="/output" class="nav-item" data-text="文件输出">…</a> aka getByRole('link', { name: '📦 文件输出' })

    Call log:
      - Expect "toBeVisible" with timeout 5000ms
      - waiting for locator('.nav-item')


      25 |         // 检查导航项是否可见
      26 |         const navItems = page.locator('.nav-item');
    > 27 |         await expect(navItems).toBeVisible();
         |                                ^
      28 |
      29 |         // 在小屏幕上检查导航布局
      30 |         if (device.width <= 768) {
        at C:\Users\Joe\SynologyDrive\codes\有声小说\frontend\tests\responsive\responsive-design.spec.ts:27:32

    attachment #1: screenshot (image/png) ──────────────────────────────────────────────────────────
    ..\test-results\responsive-responsive-desi-eca9c-isplay-navigation-correctly-Microsoft-Edge\test-failed-1.png
    ────────────────────────────────────────────────────────────────────────────────────────────────

    attachment #2: video (video/webm) ──────────────────────────────────────────────────────────────
    ..\test-results\responsive-responsive-desi-eca9c-isplay-navigation-correctly-Microsoft-Edge\video.webm
    ────────────────────────────────────────────────────────────────────────────────────────────────

    Error Context: ..\test-results\responsive-responsive-desi-eca9c-isplay-navigation-correctly-Microsoft-Edge\error-context.md
]]>
</failure>
<system-out>
<![CDATA[
[[ATTACHMENT|test-results\responsive-responsive-desi-eca9c-isplay-navigation-correctly-Microsoft-Edge\test-failed-1.png]]

[[ATTACHMENT|test-results\responsive-responsive-desi-eca9c-isplay-navigation-correctly-Microsoft-Edge\video.webm]]

[[ATTACHMENT|test-results\responsive-responsive-desi-eca9c-isplay-navigation-correctly-Microsoft-Edge\error-context.md]]
]]>
</system-out>
</testcase>
<testcase name="Responsive Design Tests › Mobile Small (320x568) › should display hero section correctly" classname="responsive\responsive-design.spec.ts" time="2.579">
<failure message="responsive-design.spec.ts:41:11 should display hero section correctly" type="FAILURE">
<![CDATA[  [Microsoft Edge] › responsive\responsive-design.spec.ts:41:11 › Responsive Design Tests › Mobile Small (320x568) › should display hero section correctly 

    Error: expect(received).toContain(expected) // indexOf

    Expected substring: "column"
    Received string:    "row"

      54 |
      55 |           // 移动设备上应该是垂直排列
    > 56 |           expect(contentStyle.flexDirection || contentStyle.display).toContain('column');
         |                                                                      ^
      57 |           expect(contentStyle.textAlign || '').toContain('center');
      58 |         }
      59 |
        at C:\Users\Joe\SynologyDrive\codes\有声小说\frontend\tests\responsive\responsive-design.spec.ts:56:70

    attachment #1: screenshot (image/png) ──────────────────────────────────────────────────────────
    ..\test-results\responsive-responsive-desi-639ad-play-hero-section-correctly-Microsoft-Edge\test-failed-1.png
    ────────────────────────────────────────────────────────────────────────────────────────────────

    attachment #2: video (video/webm) ──────────────────────────────────────────────────────────────
    ..\test-results\responsive-responsive-desi-639ad-play-hero-section-correctly-Microsoft-Edge\video.webm
    ────────────────────────────────────────────────────────────────────────────────────────────────

    Error Context: ..\test-results\responsive-responsive-desi-639ad-play-hero-section-correctly-Microsoft-Edge\error-context.md
]]>
</failure>
<system-out>
<![CDATA[
[[ATTACHMENT|test-results\responsive-responsive-desi-639ad-play-hero-section-correctly-Microsoft-Edge\test-failed-1.png]]

[[ATTACHMENT|test-results\responsive-responsive-desi-639ad-play-hero-section-correctly-Microsoft-Edge\video.webm]]

[[ATTACHMENT|test-results\responsive-responsive-desi-639ad-play-hero-section-correctly-Microsoft-Edge\error-context.md]]
]]>
</system-out>
</testcase>
<testcase name="Responsive Design Tests › Mobile Small (320x568) › should display statistics correctly" classname="responsive\responsive-design.spec.ts" time="7.486">
<failure message="responsive-design.spec.ts:73:11 should display statistics correctly" type="FAILURE">
<![CDATA[  [Microsoft Edge] › responsive\responsive-design.spec.ts:73:11 › Responsive Design Tests › Mobile Small (320x568) › should display statistics correctly 

    Error: expect(locator).toHaveCount(expected) failed

    Locator:  locator('.stat-item')
    Expected: 4
    Received: 8
    Timeout:  5000ms

    Call log:
      - Expect "toHaveCount" with timeout 5000ms
      - waiting for locator('.stat-item')
        9 × locator resolved to 8 elements
          - unexpected value "8"


      76 |
      77 |         const statItems = page.locator('.stat-item');
    > 78 |         await expect(statItems).toHaveCount(4);
         |                                 ^
      79 |
      80 |         // 根据屏幕尺寸检查网格布局
      81 |         const gridCols = device.width >= 1024 ? 4 :
        at C:\Users\Joe\SynologyDrive\codes\有声小说\frontend\tests\responsive\responsive-design.spec.ts:78:33

    attachment #1: screenshot (image/png) ──────────────────────────────────────────────────────────
    ..\test-results\responsive-responsive-desi-a2add-isplay-statistics-correctly-Microsoft-Edge\test-failed-1.png
    ────────────────────────────────────────────────────────────────────────────────────────────────

    attachment #2: video (video/webm) ──────────────────────────────────────────────────────────────
    ..\test-results\responsive-responsive-desi-a2add-isplay-statistics-correctly-Microsoft-Edge\video.webm
    ────────────────────────────────────────────────────────────────────────────────────────────────

    Error Context: ..\test-results\responsive-responsive-desi-a2add-isplay-statistics-correctly-Microsoft-Edge\error-context.md
]]>
</failure>
<system-out>
<![CDATA[
[[ATTACHMENT|test-results\responsive-responsive-desi-a2add-isplay-statistics-correctly-Microsoft-Edge\test-failed-1.png]]

[[ATTACHMENT|test-results\responsive-responsive-desi-a2add-isplay-statistics-correctly-Microsoft-Edge\video.webm]]

[[ATTACHMENT|test-results\responsive-responsive-desi-a2add-isplay-statistics-correctly-Microsoft-Edge\error-context.md]]
]]>
</system-out>
</testcase>
<testcase name="Responsive Design Tests › Mobile Small (320x568) › should display features section correctly" classname="responsive\responsive-design.spec.ts" time="2.449">
</testcase>
<testcase name="Responsive Design Tests › Mobile Small (320x568) › should display workflow section correctly" classname="responsive\responsive-design.spec.ts" time="2.483">
</testcase>
<testcase name="Responsive Design Tests › Mobile Small (320x568) › should display action buttons correctly" classname="responsive\responsive-design.spec.ts" time="2.249">
</testcase>
<testcase name="Responsive Design Tests › Mobile Small (320x568) › should handle horizontal scrolling properly" classname="responsive\responsive-design.spec.ts" time="2.466">
</testcase>
<testcase name="Responsive Design Tests › Mobile Small (320x568) › should display text correctly at different sizes" classname="responsive\responsive-design.spec.ts" time="2.323">
</testcase>
<testcase name="Responsive Design Tests › Mobile Small (320x568) › should handle images and media correctly" classname="responsive\responsive-design.spec.ts" time="2.343">
</testcase>
<testcase name="Responsive Design Tests › Mobile Small (320x568) › should maintain accessibility on all screen sizes" classname="responsive\responsive-design.spec.ts" time="2.49">
<failure message="responsive-design.spec.ts:235:11 should maintain accessibility on all screen sizes" type="FAILURE">
<![CDATA[  [Microsoft Edge] › responsive\responsive-design.spec.ts:235:11 › Responsive Design Tests › Mobile Small (320x568) › should maintain accessibility on all screen sizes 

    Error: expect(received).toBeGreaterThanOrEqual(expected)

    Expected: >= 44
    Received:    24

      246 |           if (bounds) {
      247 |             const minSize = device.width <= 768 ? 44 : 32;
    > 248 |             expect(bounds.height).toBeGreaterThanOrEqual(minSize);
          |                                   ^
      249 |             expect(bounds.width).toBeGreaterThanOrEqual(minSize);
      250 |           }
      251 |         }
        at C:\Users\Joe\SynologyDrive\codes\有声小说\frontend\tests\responsive\responsive-design.spec.ts:248:35

    attachment #1: screenshot (image/png) ──────────────────────────────────────────────────────────
    ..\test-results\responsive-responsive-desi-833b3-ibility-on-all-screen-sizes-Microsoft-Edge\test-failed-1.png
    ────────────────────────────────────────────────────────────────────────────────────────────────

    attachment #2: video (video/webm) ──────────────────────────────────────────────────────────────
    ..\test-results\responsive-responsive-desi-833b3-ibility-on-all-screen-sizes-Microsoft-Edge\video.webm
    ────────────────────────────────────────────────────────────────────────────────────────────────

    Error Context: ..\test-results\responsive-responsive-desi-833b3-ibility-on-all-screen-sizes-Microsoft-Edge\error-context.md
]]>
</failure>
<system-out>
<![CDATA[
[[ATTACHMENT|test-results\responsive-responsive-desi-833b3-ibility-on-all-screen-sizes-Microsoft-Edge\test-failed-1.png]]

[[ATTACHMENT|test-results\responsive-responsive-desi-833b3-ibility-on-all-screen-sizes-Microsoft-Edge\video.webm]]

[[ATTACHMENT|test-results\responsive-responsive-desi-833b3-ibility-on-all-screen-sizes-Microsoft-Edge\error-context.md]]
]]>
</system-out>
</testcase>
<testcase name="Responsive Design Tests › Mobile Small (320x568) › should handle touch interactions on mobile devices" classname="responsive\responsive-design.spec.ts" time="2.178">
</testcase>
<testcase name="Responsive Design Tests › Orientation Changes › should handle desktop orientation changes" classname="responsive\responsive-design.spec.ts" time="2.866">
</testcase>
<testcase name="Responsive Design Tests › Orientation Changes › should handle mobile orientation changes" classname="responsive\responsive-design.spec.ts" time="2.965">
</testcase>
<testcase name="Responsive Design Tests › Dynamic Content Loading › should load content appropriately for different screen sizes" classname="responsive\responsive-design.spec.ts" time="2.189">
</testcase>
<testcase name="Responsive Design Tests › Dynamic Content Loading › should handle progressive enhancement" classname="responsive\responsive-design.spec.ts" time="2.738">
<failure message="responsive-design.spec.ts:340:9 should handle progressive enhancement" type="FAILURE">
<![CDATA[  [Microsoft Edge] › responsive\responsive-design.spec.ts:340:9 › Responsive Design Tests › Dynamic Content Loading › should handle progressive enhancement 

    Error: expect(locator).toBeVisible() failed

    Locator: locator('h1')
    Expected: visible
    Error: strict mode violation: locator('h1') resolved to 2 elements:
        1) <h1 class="app-title">SoundStory AI</h1> aka getByText('SoundStory AI', { exact: true })
        2) <h1 class="hero-title" data-v-fae5bece="">…</h1> aka getByText('SoundStoryAI')

    Call log:
      - Expect "toBeVisible" with timeout 5000ms
      - waiting for locator('h1')


      352 |
      353 |       // 即使CSS加载延迟，基本内容也应该可见
    > 354 |       await expect(page.locator('h1')).toBeVisible();
          |                                        ^
      355 |       await expect(page.locator('.nav-menu')).toBeVisible();
      356 |     });
      357 |   });
        at C:\Users\Joe\SynologyDrive\codes\有声小说\frontend\tests\responsive\responsive-design.spec.ts:354:40

    attachment #1: screenshot (image/png) ──────────────────────────────────────────────────────────
    ..\test-results\responsive-responsive-desi-b4d85-dle-progressive-enhancement-Microsoft-Edge\test-failed-1.png
    ────────────────────────────────────────────────────────────────────────────────────────────────

    attachment #2: video (video/webm) ──────────────────────────────────────────────────────────────
    ..\test-results\responsive-responsive-desi-b4d85-dle-progressive-enhancement-Microsoft-Edge\video.webm
    ────────────────────────────────────────────────────────────────────────────────────────────────

    Error Context: ..\test-results\responsive-responsive-desi-b4d85-dle-progressive-enhancement-Microsoft-Edge\error-context.md
]]>
</failure>
<system-out>
<![CDATA[
[[ATTACHMENT|test-results\responsive-responsive-desi-b4d85-dle-progressive-enhancement-Microsoft-Edge\test-failed-1.png]]

[[ATTACHMENT|test-results\responsive-responsive-desi-b4d85-dle-progressive-enhancement-Microsoft-Edge\video.webm]]

[[ATTACHMENT|test-results\responsive-responsive-desi-b4d85-dle-progressive-enhancement-Microsoft-Edge\error-context.md]]
]]>
</system-out>
</testcase>
<testcase name="Performance Tests › should load quickly on mobile devices" classname="responsive\responsive-design.spec.ts" time="2.379">
</testcase>
<testcase name="Performance Tests › should not cause layout shifts during loading" classname="responsive\responsive-design.spec.ts" time="2.1">
<failure message="responsive-design.spec.ts:379:7 should not cause layout shifts during loading" type="FAILURE">
<![CDATA[  [Microsoft Edge] › responsive\responsive-design.spec.ts:379:7 › Performance Tests › should not cause layout shifts during loading 

    TypeError: page.evaluateOnNewDocument is not a function

      382 |     // 监控CLS (Cumulative Layout Shift)
      383 |     let layoutShifts = 0;
    > 384 |     await page.evaluateOnNewDocument(() => {
          |                ^
      385 |       new PerformanceObserver((list) => {
      386 |         list.getEntries().forEach((entry) => {
      387 |           if (entry.entryType === 'layout-shift' && !entry.hadRecentInput) {
        at C:\Users\Joe\SynologyDrive\codes\有声小说\frontend\tests\responsive\responsive-design.spec.ts:384:16

    attachment #1: screenshot (image/png) ──────────────────────────────────────────────────────────
    ..\test-results\responsive-responsive-desi-e6b0e-ayout-shifts-during-loading-Microsoft-Edge\test-failed-1.png
    ────────────────────────────────────────────────────────────────────────────────────────────────

    attachment #2: video (video/webm) ──────────────────────────────────────────────────────────────
    ..\test-results\responsive-responsive-desi-e6b0e-ayout-shifts-during-loading-Microsoft-Edge\video.webm
    ────────────────────────────────────────────────────────────────────────────────────────────────

    Error Context: ..\test-results\responsive-responsive-desi-e6b0e-ayout-shifts-during-loading-Microsoft-Edge\error-context.md
]]>
</failure>
<system-out>
<![CDATA[
[[ATTACHMENT|test-results\responsive-responsive-desi-e6b0e-ayout-shifts-during-loading-Microsoft-Edge\test-failed-1.png]]

[[ATTACHMENT|test-results\responsive-responsive-desi-e6b0e-ayout-shifts-during-loading-Microsoft-Edge\video.webm]]

[[ATTACHMENT|test-results\responsive-responsive-desi-e6b0e-ayout-shifts-during-loading-Microsoft-Edge\error-context.md]]
]]>
</system-out>
</testcase>
</testsuite>
<testsuite name="ui\home-page.spec.ts" timestamp="2025-12-01T08:52:23.342Z" hostname="Microsoft Edge" tests="18" failures="9" skipped="0" time="76.005" errors="0">
<testcase name="Home Page UI Components › should display the main hero section with correct content" classname="ui\home-page.spec.ts" time="2.075">
</testcase>
<testcase name="Home Page UI Components › should display action buttons with correct styling" classname="ui\home-page.spec.ts" time="1.943">
</testcase>
<testcase name="Home Page UI Components › should display sound visualizer with animations" classname="ui\home-page.spec.ts" time="1.638">
</testcase>
<testcase name="Home Page UI Components › should display statistics section with correct data" classname="ui\home-page.spec.ts" time="6.649">
<failure message="home-page.spec.ts:67:7 should display statistics section with correct data" type="FAILURE">
<![CDATA[  [Microsoft Edge] › ui\home-page.spec.ts:67:7 › Home Page UI Components › should display statistics section with correct data 

    Error: expect(locator).toHaveCount(expected) failed

    Locator:  locator('.stat-item')
    Expected: 4
    Received: 8
    Timeout:  5000ms

    Call log:
      - Expect "toHaveCount" with timeout 5000ms
      - waiting for locator('.stat-item')
        9 × locator resolved to 8 elements
          - unexpected value "8"


      71 |     // 检查统计项
      72 |     const statItems = page.locator('.stat-item');
    > 73 |     await expect(statItems).toHaveCount(4);
         |                             ^
      74 |
      75 |     // 检查每个统计项的内容
      76 |     const expectedStats = [
        at C:\Users\Joe\SynologyDrive\codes\有声小说\frontend\tests\ui\home-page.spec.ts:73:29

    attachment #1: screenshot (image/png) ──────────────────────────────────────────────────────────
    ..\test-results\ui-home-page-Home-Page-UI--ebb6e-s-section-with-correct-data-Microsoft-Edge\test-failed-1.png
    ────────────────────────────────────────────────────────────────────────────────────────────────

    attachment #2: video (video/webm) ──────────────────────────────────────────────────────────────
    ..\test-results\ui-home-page-Home-Page-UI--ebb6e-s-section-with-correct-data-Microsoft-Edge\video.webm
    ────────────────────────────────────────────────────────────────────────────────────────────────

    Error Context: ..\test-results\ui-home-page-Home-Page-UI--ebb6e-s-section-with-correct-data-Microsoft-Edge\error-context.md
]]>
</failure>
<system-out>
<![CDATA[
[[ATTACHMENT|test-results\ui-home-page-Home-Page-UI--ebb6e-s-section-with-correct-data-Microsoft-Edge\test-failed-1.png]]

[[ATTACHMENT|test-results\ui-home-page-Home-Page-UI--ebb6e-s-section-with-correct-data-Microsoft-Edge\video.webm]]

[[ATTACHMENT|test-results\ui-home-page-Home-Page-UI--ebb6e-s-section-with-correct-data-Microsoft-Edge\error-context.md]]
]]>
</system-out>
</testcase>
<testcase name="Home Page UI Components › should display core features section" classname="ui\home-page.spec.ts" time="2.006">
<failure message="home-page.spec.ts:91:7 should display core features section" type="FAILURE">
<![CDATA[  [Microsoft Edge] › ui\home-page.spec.ts:91:7 › Home Page UI Components › should display core features section 

    Error: expect(locator).toContainText(expected) failed

    Locator: locator('.section-title')
    Expected substring: "完整创作链路"
    Error: strict mode violation: locator('.section-title') resolved to 3 elements:
        1) <h2 data-v-fae5bece="" class="section-title">…</h2> aka getByRole('heading', { name: '完整创作链路' })
        2) <h2 data-v-fae5bece="" class="section-title">…</h2> aka getByRole('heading', { name: '五步成章' })
        3) <h2 data-v-fae5bece="" class="section-title">…</h2> aka getByRole('heading', { name: '实时状态' })

    Call log:
      - Expect "toContainText" with timeout 5000ms
      - waiting for locator('.section-title')


      92 |     // 检查功能区域
      93 |     await expect(page.locator('.features-section')).toBeVisible();
    > 94 |     await expect(page.locator('.section-title')).toContainText('完整创作链路');
         |                                                  ^
      95 |
      96 |     // 检查功能卡片
      97 |     const featureCards = page.locator('.feature-card');
        at C:\Users\Joe\SynologyDrive\codes\有声小说\frontend\tests\ui\home-page.spec.ts:94:50

    attachment #1: screenshot (image/png) ──────────────────────────────────────────────────────────
    ..\test-results\ui-home-page-Home-Page-UI--a820e-splay-core-features-section-Microsoft-Edge\test-failed-1.png
    ────────────────────────────────────────────────────────────────────────────────────────────────

    attachment #2: video (video/webm) ──────────────────────────────────────────────────────────────
    ..\test-results\ui-home-page-Home-Page-UI--a820e-splay-core-features-section-Microsoft-Edge\video.webm
    ────────────────────────────────────────────────────────────────────────────────────────────────

    Error Context: ..\test-results\ui-home-page-Home-Page-UI--a820e-splay-core-features-section-Microsoft-Edge\error-context.md
]]>
</failure>
<system-out>
<![CDATA[
[[ATTACHMENT|test-results\ui-home-page-Home-Page-UI--a820e-splay-core-features-section-Microsoft-Edge\test-failed-1.png]]

[[ATTACHMENT|test-results\ui-home-page-Home-Page-UI--a820e-splay-core-features-section-Microsoft-Edge\video.webm]]

[[ATTACHMENT|test-results\ui-home-page-Home-Page-UI--a820e-splay-core-features-section-Microsoft-Edge\error-context.md]]
]]>
</system-out>
</testcase>
<testcase name="Home Page UI Components › should display workflow section" classname="ui\home-page.spec.ts" time="1.83">
<failure message="home-page.spec.ts:110:7 should display workflow section" type="FAILURE">
<![CDATA[  [Microsoft Edge] › ui\home-page.spec.ts:110:7 › Home Page UI Components › should display workflow section 

    Error: expect(locator).toContainText(expected) failed

    Locator: locator('.section-title')
    Expected substring: "五步成章"
    Error: strict mode violation: locator('.section-title') resolved to 3 elements:
        1) <h2 data-v-fae5bece="" class="section-title">…</h2> aka getByRole('heading', { name: '完整创作链路' })
        2) <h2 data-v-fae5bece="" class="section-title">…</h2> aka getByRole('heading', { name: '五步成章' })
        3) <h2 data-v-fae5bece="" class="section-title">…</h2> aka getByRole('heading', { name: '实时状态' })

    Call log:
      - Expect "toContainText" with timeout 5000ms
      - waiting for locator('.section-title')


      111 |     // 检查工作流程区域
      112 |     await expect(page.locator('.workflow-section')).toBeVisible();
    > 113 |     await expect(page.locator('.section-title')).toContainText('五步成章');
          |                                                  ^
      114 |
      115 |     // 检查工作流程步骤
      116 |     const workflowSteps = page.locator('.workflow-step');
        at C:\Users\Joe\SynologyDrive\codes\有声小说\frontend\tests\ui\home-page.spec.ts:113:50

    attachment #1: screenshot (image/png) ──────────────────────────────────────────────────────────
    ..\test-results\ui-home-page-Home-Page-UI--14df6-ld-display-workflow-section-Microsoft-Edge\test-failed-1.png
    ────────────────────────────────────────────────────────────────────────────────────────────────

    attachment #2: video (video/webm) ──────────────────────────────────────────────────────────────
    ..\test-results\ui-home-page-Home-Page-UI--14df6-ld-display-workflow-section-Microsoft-Edge\video.webm
    ────────────────────────────────────────────────────────────────────────────────────────────────

    Error Context: ..\test-results\ui-home-page-Home-Page-UI--14df6-ld-display-workflow-section-Microsoft-Edge\error-context.md
]]>
</failure>
<system-out>
<![CDATA[
[[ATTACHMENT|test-results\ui-home-page-Home-Page-UI--14df6-ld-display-workflow-section-Microsoft-Edge\test-failed-1.png]]

[[ATTACHMENT|test-results\ui-home-page-Home-Page-UI--14df6-ld-display-workflow-section-Microsoft-Edge\video.webm]]

[[ATTACHMENT|test-results\ui-home-page-Home-Page-UI--14df6-ld-display-workflow-section-Microsoft-Edge\error-context.md]]
]]>
</system-out>
</testcase>
<testcase name="Home Page UI Components › should display system status section" classname="ui\home-page.spec.ts" time="1.605">
<failure message="home-page.spec.ts:129:7 should display system status section" type="FAILURE">
<![CDATA[  [Microsoft Edge] › ui\home-page.spec.ts:129:7 › Home Page UI Components › should display system status section 

    Error: expect(locator).toContainText(expected) failed

    Locator: locator('.section-title')
    Expected substring: "实时状态"
    Error: strict mode violation: locator('.section-title') resolved to 3 elements:
        1) <h2 data-v-fae5bece="" class="section-title">…</h2> aka getByRole('heading', { name: '完整创作链路' })
        2) <h2 data-v-fae5bece="" class="section-title">…</h2> aka getByRole('heading', { name: '五步成章' })
        3) <h2 data-v-fae5bece="" class="section-title">…</h2> aka getByRole('heading', { name: '实时状态' })

    Call log:
      - Expect "toContainText" with timeout 5000ms
      - waiting for locator('.section-title')


      130 |     // 检查系统状态区域
      131 |     await expect(page.locator('.status-section')).toBeVisible();
    > 132 |     await expect(page.locator('.section-title')).toContainText('实时状态');
          |                                                  ^
      133 |
      134 |     // 检查ApiStatus组件
      135 |     await expect(page.locator('.status-container')).toBeVisible();
        at C:\Users\Joe\SynologyDrive\codes\有声小说\frontend\tests\ui\home-page.spec.ts:132:50

    attachment #1: screenshot (image/png) ──────────────────────────────────────────────────────────
    ..\test-results\ui-home-page-Home-Page-UI--b0c36-splay-system-status-section-Microsoft-Edge\test-failed-1.png
    ────────────────────────────────────────────────────────────────────────────────────────────────

    attachment #2: video (video/webm) ──────────────────────────────────────────────────────────────
    ..\test-results\ui-home-page-Home-Page-UI--b0c36-splay-system-status-section-Microsoft-Edge\video.webm
    ────────────────────────────────────────────────────────────────────────────────────────────────

    Error Context: ..\test-results\ui-home-page-Home-Page-UI--b0c36-splay-system-status-section-Microsoft-Edge\error-context.md
]]>
</failure>
<system-out>
<![CDATA[
[[ATTACHMENT|test-results\ui-home-page-Home-Page-UI--b0c36-splay-system-status-section-Microsoft-Edge\test-failed-1.png]]

[[ATTACHMENT|test-results\ui-home-page-Home-Page-UI--b0c36-splay-system-status-section-Microsoft-Edge\video.webm]]

[[ATTACHMENT|test-results\ui-home-page-Home-Page-UI--b0c36-splay-system-status-section-Microsoft-Edge\error-context.md]]
]]>
</system-out>
</testcase>
<testcase name="Home Page UI Components › should display call-to-action section" classname="ui\home-page.spec.ts" time="1.518">
</testcase>
<testcase name="Home Page UI Components › should have proper CSS variables and styling applied" classname="ui\home-page.spec.ts" time="1.606">
</testcase>
<testcase name="Home Page UI Components › should display background elements" classname="ui\home-page.spec.ts" time="1.543">
</testcase>
<testcase name="Home Page Interactions › should navigate to novel creation when clicking start button" classname="ui\home-page.spec.ts" time="11.471">
<failure message="home-page.spec.ts:187:7 should navigate to novel creation when clicking start button" type="FAILURE">
<![CDATA[  [Microsoft Edge] › ui\home-page.spec.ts:187:7 › Home Page Interactions › should navigate to novel creation when clicking start button 

    TimeoutError: page.click: Timeout 10000ms exceeded.
    Call log:
      - waiting for locator('.action-btn.primary')
        - locator resolved to <button data-v-fae5bece="" class="action-btn primary">…</button>
      - attempting click action
        2 × waiting for element to be visible, enabled and stable
          - element is not stable
        - retrying click action
        - waiting 20ms
        2 × waiting for element to be visible, enabled and stable
          - element is not stable
        - retrying click action
          - waiting 100ms
        2 × waiting for element to be visible, enabled and stable
          - element is not stable
        - retrying click action
          - waiting 500ms
        17 × waiting for element to be visible, enabled and stable
           - element is visible, enabled and stable
           - scrolling into view if needed
           - done scrolling
           - <iframe src="about:blank" id="webpack-dev-server-client-overlay"></iframe> intercepts pointer events
         - retrying click action
           - waiting 500ms


      187 |   test('should navigate to novel creation when clicking start button', async ({ page }) => {
      188 |     // 点击开始创作按钮
    > 189 |     await page.click('.action-btn.primary');
          |                ^
      190 |
      191 |     // 等待导航完成
      192 |     await page.waitForURL('**/novel');
        at C:\Users\Joe\SynologyDrive\codes\有声小说\frontend\tests\ui\home-page.spec.ts:189:16

    attachment #1: screenshot (image/png) ──────────────────────────────────────────────────────────
    ..\test-results\ui-home-page-Home-Page-Int-e0112--when-clicking-start-button-Microsoft-Edge\test-failed-1.png
    ────────────────────────────────────────────────────────────────────────────────────────────────

    attachment #2: video (video/webm) ──────────────────────────────────────────────────────────────
    ..\test-results\ui-home-page-Home-Page-Int-e0112--when-clicking-start-button-Microsoft-Edge\video.webm
    ────────────────────────────────────────────────────────────────────────────────────────────────

    Error Context: ..\test-results\ui-home-page-Home-Page-Int-e0112--when-clicking-start-button-Microsoft-Edge\error-context.md
]]>
</failure>
<system-out>
<![CDATA[
[[ATTACHMENT|test-results\ui-home-page-Home-Page-Int-e0112--when-clicking-start-button-Microsoft-Edge\test-failed-1.png]]

[[ATTACHMENT|test-results\ui-home-page-Home-Page-Int-e0112--when-clicking-start-button-Microsoft-Edge\video.webm]]

[[ATTACHMENT|test-results\ui-home-page-Home-Page-Int-e0112--when-clicking-start-button-Microsoft-Edge\error-context.md]]
]]>
</system-out>
</testcase>
<testcase name="Home Page Interactions › should navigate to models when clicking configure button" classname="ui\home-page.spec.ts" time="11.389">
<failure message="home-page.spec.ts:198:7 should navigate to models when clicking configure button" type="FAILURE">
<![CDATA[  [Microsoft Edge] › ui\home-page.spec.ts:198:7 › Home Page Interactions › should navigate to models when clicking configure button 

    TimeoutError: page.click: Timeout 10000ms exceeded.
    Call log:
      - waiting for locator('.action-btn.secondary')
        - locator resolved to <button data-v-fae5bece="" class="action-btn secondary">…</button>
      - attempting click action
        2 × waiting for element to be visible, enabled and stable
          - element is not stable
        - retrying click action
        - waiting 20ms
        2 × waiting for element to be visible, enabled and stable
          - element is not stable
        - retrying click action
          - waiting 100ms
        2 × waiting for element to be visible, enabled and stable
          - element is not stable
        - retrying click action
          - waiting 500ms
        17 × waiting for element to be visible, enabled and stable
           - element is visible, enabled and stable
           - scrolling into view if needed
           - done scrolling
           - <iframe src="about:blank" id="webpack-dev-server-client-overlay"></iframe> intercepts pointer events
         - retrying click action
           - waiting 500ms


      198 |   test('should navigate to models when clicking configure button', async ({ page }) => {
      199 |     // 点击配置模型按钮
    > 200 |     await page.click('.action-btn.secondary');
          |                ^
      201 |
      202 |     // 等待导航完成
      203 |     await page.waitForURL('**/models');
        at C:\Users\Joe\SynologyDrive\codes\有声小说\frontend\tests\ui\home-page.spec.ts:200:16

    attachment #1: screenshot (image/png) ──────────────────────────────────────────────────────────
    ..\test-results\ui-home-page-Home-Page-Int-0ceb0-n-clicking-configure-button-Microsoft-Edge\test-failed-1.png
    ────────────────────────────────────────────────────────────────────────────────────────────────

    attachment #2: video (video/webm) ──────────────────────────────────────────────────────────────
    ..\test-results\ui-home-page-Home-Page-Int-0ceb0-n-clicking-configure-button-Microsoft-Edge\video.webm
    ────────────────────────────────────────────────────────────────────────────────────────────────

    Error Context: ..\test-results\ui-home-page-Home-Page-Int-0ceb0-n-clicking-configure-button-Microsoft-Edge\error-context.md
]]>
</failure>
<system-out>
<![CDATA[
[[ATTACHMENT|test-results\ui-home-page-Home-Page-Int-0ceb0-n-clicking-configure-button-Microsoft-Edge\test-failed-1.png]]

[[ATTACHMENT|test-results\ui-home-page-Home-Page-Int-0ceb0-n-clicking-configure-button-Microsoft-Edge\video.webm]]

[[ATTACHMENT|test-results\ui-home-page-Home-Page-Int-0ceb0-n-clicking-configure-button-Microsoft-Edge\error-context.md]]
]]>
</system-out>
</testcase>
<testcase name="Home Page Interactions › should navigate to correct pages when clicking feature cards" classname="ui\home-page.spec.ts" time="9.418">
</testcase>
<testcase name="Home Page Interactions › should show hover effects on interactive elements" classname="ui\home-page.spec.ts" time="11.572">
<failure message="home-page.spec.ts:221:7 should show hover effects on interactive elements" type="FAILURE">
<![CDATA[  [Microsoft Edge] › ui\home-page.spec.ts:221:7 › Home Page Interactions › should show hover effects on interactive elements 

    TimeoutError: locator.hover: Timeout 10000ms exceeded.
    Call log:
      - waiting for locator('.action-btn.primary')
        - locator resolved to <button data-v-fae5bece="" class="action-btn primary">…</button>
      - attempting hover action
        2 × waiting for element to be visible and stable
          - element is not stable
        - retrying hover action
        - waiting 20ms
        2 × waiting for element to be visible and stable
          - element is not stable
        - retrying hover action
          - waiting 100ms
        2 × waiting for element to be visible and stable
          - element is not stable
        - retrying hover action
          - waiting 500ms
        17 × waiting for element to be visible and stable
           - element is visible and stable
           - scrolling into view if needed
           - done scrolling
           - <iframe src="about:blank" id="webpack-dev-server-client-overlay"></iframe> intercepts pointer events
         - retrying hover action
           - waiting 500ms


      222 |     // 测试按钮悬停效果
      223 |     const primaryBtn = page.locator('.action-btn.primary');
    > 224 |     await primaryBtn.hover();
          |                      ^
      225 |
      226 |     // 检查是否应用了悬停样式
      227 |     const btnStyle = await primaryBtn.evaluate((el) => {
        at C:\Users\Joe\SynologyDrive\codes\有声小说\frontend\tests\ui\home-page.spec.ts:224:22

    attachment #1: screenshot (image/png) ──────────────────────────────────────────────────────────
    ..\test-results\ui-home-page-Home-Page-Int-8daef-cts-on-interactive-elements-Microsoft-Edge\test-failed-1.png
    ────────────────────────────────────────────────────────────────────────────────────────────────

    attachment #2: video (video/webm) ──────────────────────────────────────────────────────────────
    ..\test-results\ui-home-page-Home-Page-Int-8daef-cts-on-interactive-elements-Microsoft-Edge\video.webm
    ────────────────────────────────────────────────────────────────────────────────────────────────

    Error Context: ..\test-results\ui-home-page-Home-Page-Int-8daef-cts-on-interactive-elements-Microsoft-Edge\error-context.md
]]>
</failure>
<system-out>
<![CDATA[
[[ATTACHMENT|test-results\ui-home-page-Home-Page-Int-8daef-cts-on-interactive-elements-Microsoft-Edge\test-failed-1.png]]

[[ATTACHMENT|test-results\ui-home-page-Home-Page-Int-8daef-cts-on-interactive-elements-Microsoft-Edge\video.webm]]

[[ATTACHMENT|test-results\ui-home-page-Home-Page-Int-8daef-cts-on-interactive-elements-Microsoft-Edge\error-context.md]]
]]>
</system-out>
</testcase>
<testcase name="Home Page Interactions › should be responsive to viewport changes" classname="ui\home-page.spec.ts" time="2.708">
<failure message="home-page.spec.ts:240:7 should be responsive to viewport changes" type="FAILURE">
<![CDATA[  [Microsoft Edge] › ui\home-page.spec.ts:240:7 › Home Page Interactions › should be responsive to viewport changes 

    Error: expect(received).toContain(expected) // indexOf

    Expected substring: "column"
    Received string:    "row"

      256 |       return window.getComputedStyle(el);
      257 |     });
    > 258 |     expect(contentStyle.flexDirection || contentStyle.display).toContain('column');
          |                                                                ^
      259 |   });
      260 | });
      261 |
        at C:\Users\Joe\SynologyDrive\codes\有声小说\frontend\tests\ui\home-page.spec.ts:258:64

    attachment #1: screenshot (image/png) ──────────────────────────────────────────────────────────
    ..\test-results\ui-home-page-Home-Page-Int-14893-ponsive-to-viewport-changes-Microsoft-Edge\test-failed-1.png
    ────────────────────────────────────────────────────────────────────────────────────────────────

    attachment #2: video (video/webm) ──────────────────────────────────────────────────────────────
    ..\test-results\ui-home-page-Home-Page-Int-14893-ponsive-to-viewport-changes-Microsoft-Edge\video.webm
    ────────────────────────────────────────────────────────────────────────────────────────────────

    Error Context: ..\test-results\ui-home-page-Home-Page-Int-14893-ponsive-to-viewport-changes-Microsoft-Edge\error-context.md
]]>
</failure>
<system-out>
<![CDATA[
[[ATTACHMENT|test-results\ui-home-page-Home-Page-Int-14893-ponsive-to-viewport-changes-Microsoft-Edge\test-failed-1.png]]

[[ATTACHMENT|test-results\ui-home-page-Home-Page-Int-14893-ponsive-to-viewport-changes-Microsoft-Edge\video.webm]]

[[ATTACHMENT|test-results\ui-home-page-Home-Page-Int-14893-ponsive-to-viewport-changes-Microsoft-Edge\error-context.md]]
]]>
</system-out>
</testcase>
<testcase name="Home Page Performance › should load within reasonable time" classname="ui\home-page.spec.ts" time="2.355">
</testcase>
<testcase name="Home Page Performance › should have no console errors" classname="ui\home-page.spec.ts" time="2.448">
<failure message="home-page.spec.ts:273:7 should have no console errors" type="FAILURE">
<![CDATA[  [Microsoft Edge] › ui\home-page.spec.ts:273:7 › Home Page Performance › should have no console errors 

    Error: expect(received).toHaveLength(expected)

    Expected length: 0
    Received length: 14
    Received array:  ["加载统计数据失败: TypeError: Cannot read properties of undefined (reading 'get')
        at Proxy.fetchModels (webpack-internal:///./src/store/models.js:35:79)
        at Proxy.wrappedAction (webpack-internal:///./node_modules/pinia/dist/pinia.mjs:1420:26)
        at store.<computed> (webpack-internal:///./node_modules/pinia/dist/pinia.mjs:976:50)
        at loadStats (webpack-internal:///./node_modules/vue-loader/dist/index.js??ruleSet[0].use[0]!./src/views/Home.vue?vue&type=script&lang=js:126:27)
        at eval (webpack-internal:///./node_modules/vue-loader/dist/index.js??ruleSet[0].use[0]!./src/views/Home.vue?vue&type=script&lang=js:170:7)
        at eval (webpack-internal:///./node_modules/@vue/runtime-core/dist/runtime-core.esm-bundler.js:3021:40)
        at callWithErrorHandling (webpack-internal:///./node_modules/@vue/runtime-core/dist/runtime-core.esm-bundler.js:351:19)
        at callWithAsyncErrorHandling (webpack-internal:///./node_modules/@vue/runtime-core/dist/runtime-core.esm-bundler.js:358:17)
        at hook.__weh.hook.__weh (webpack-internal:///./node_modules/@vue/runtime-core/dist/runtime-core.esm-bundler.js:3001:19)
        at flushPostFlushCbs (webpack-internal:///./node_modules/@vue/runtime-core/dist/runtime-core.esm-bundler.js:534:28)", "Failed to load resource: the server responded with a status of 500 (Internal Server Error)", "❌ Response Error: AxiosError", "Failed to load resource: the server responded with a status of 500 (Internal Server Error)", "❌ Response Error: AxiosError", "Failed to load resource: the server responded with a status of 500 (Internal Server Error)", "❌ Response Error: AxiosError", "Failed to load resource: the server responded with a status of 500 (Internal Server Error)", "❌ Response Error: AxiosError", "Failed to load resource: the server responded with a status of 500 (Internal Server Error)", …]

      283 |
      284 |     // 检查是否有控制台错误
    > 285 |     expect(consoleErrors).toHaveLength(0);
          |                           ^
      286 |   });
      287 |
      288 |   test('should render all images and assets properly', async ({ page }) => {
        at C:\Users\Joe\SynologyDrive\codes\有声小说\frontend\tests\ui\home-page.spec.ts:285:27

    attachment #1: screenshot (image/png) ──────────────────────────────────────────────────────────
    ..\test-results\ui-home-page-Home-Page-Per-f50d5-ould-have-no-console-errors-Microsoft-Edge\test-failed-1.png
    ────────────────────────────────────────────────────────────────────────────────────────────────

    attachment #2: video (video/webm) ──────────────────────────────────────────────────────────────
    ..\test-results\ui-home-page-Home-Page-Per-f50d5-ould-have-no-console-errors-Microsoft-Edge\video.webm
    ────────────────────────────────────────────────────────────────────────────────────────────────

    Error Context: ..\test-results\ui-home-page-Home-Page-Per-f50d5-ould-have-no-console-errors-Microsoft-Edge\error-context.md
]]>
</failure>
<system-out>
<![CDATA[
[[ATTACHMENT|test-results\ui-home-page-Home-Page-Per-f50d5-ould-have-no-console-errors-Microsoft-Edge\test-failed-1.png]]

[[ATTACHMENT|test-results\ui-home-page-Home-Page-Per-f50d5-ould-have-no-console-errors-Microsoft-Edge\video.webm]]

[[ATTACHMENT|test-results\ui-home-page-Home-Page-Per-f50d5-ould-have-no-console-errors-Microsoft-Edge\error-context.md]]
]]>
</system-out>
</testcase>
<testcase name="Home Page Performance › should render all images and assets properly" classname="ui\home-page.spec.ts" time="2.231">
</testcase>
</testsuite>
<testsuite name="animations\animations.spec.ts" timestamp="2025-12-01T08:52:23.342Z" hostname="Google Chrome" tests="20" failures="9" skipped="0" time="134.954" errors="0">
<testcase name="Animation and Interaction Effects › CSS Animations › should animate hero elements on page load" classname="animations\animations.spec.ts" time="2.289">
</testcase>
<testcase name="Animation and Interaction Effects › CSS Animations › should animate sound visualizer rings" classname="animations\animations.spec.ts" time="3.052">
</testcase>
<testcase name="Animation and Interaction Effects › CSS Animations › should animate sound bars" classname="animations\animations.spec.ts" time="2.661">
</testcase>
<testcase name="Animation and Interaction Effects › CSS Animations › should animate background elements" classname="animations\animations.spec.ts" time="2.315">
</testcase>
<testcase name="Animation and Interaction Effects › CSS Animations › should animate floating particles" classname="animations\animations.spec.ts" time="2.467">
</testcase>
<testcase name="Animation and Interaction Effects › Hover Effects › should show hover effects on navigation items" classname="animations\animations.spec.ts" time="12.503">
<failure message="animations.spec.ts:141:9 should show hover effects on navigation items" type="FAILURE">
<![CDATA[  [Google Chrome] › animations\animations.spec.ts:141:9 › Animation and Interaction Effects › Hover Effects › should show hover effects on navigation items 

    TimeoutError: locator.hover: Timeout 10000ms exceeded.
    Call log:
      - waiting for locator('.nav-item').nth(1)
        - locator resolved to <a href="/models" class="nav-item" data-text="AI模型">…</a>
      - attempting hover action
        2 × waiting for element to be visible and stable
          - element is visible and stable
          - scrolling into view if needed
          - done scrolling
          - <iframe src="about:blank" id="webpack-dev-server-client-overlay"></iframe> intercepts pointer events
        - retrying hover action
        - waiting 20ms
        2 × waiting for element to be visible and stable
          - element is visible and stable
          - scrolling into view if needed
          - done scrolling
          - <iframe src="about:blank" id="webpack-dev-server-client-overlay"></iframe> intercepts pointer events
        - retrying hover action
          - waiting 100ms
        18 × waiting for element to be visible and stable
           - element is visible and stable
           - scrolling into view if needed
           - done scrolling
           - <iframe src="about:blank" id="webpack-dev-server-client-overlay"></iframe> intercepts pointer events
         - retrying hover action
           - waiting 500ms
        - waiting for element to be visible and stable


      153 |
      154 |       // 执行悬停
    > 155 |       await navItem.hover();
          |                     ^
      156 |       await page.waitForTimeout(300); // 等待过渡动画
      157 |
      158 |       // 悬停后的状态
        at C:\Users\Joe\SynologyDrive\codes\有声小说\frontend\tests\animations\animations.spec.ts:155:21

    attachment #1: screenshot (image/png) ──────────────────────────────────────────────────────────
    ..\test-results\animations-animations-Anim-cd6ae-effects-on-navigation-items-Google-Chrome\test-failed-1.png
    ────────────────────────────────────────────────────────────────────────────────────────────────

    attachment #2: video (video/webm) ──────────────────────────────────────────────────────────────
    ..\test-results\animations-animations-Anim-cd6ae-effects-on-navigation-items-Google-Chrome\video.webm
    ────────────────────────────────────────────────────────────────────────────────────────────────

    Error Context: ..\test-results\animations-animations-Anim-cd6ae-effects-on-navigation-items-Google-Chrome\error-context.md
]]>
</failure>
<system-out>
<![CDATA[
[[ATTACHMENT|test-results\animations-animations-Anim-cd6ae-effects-on-navigation-items-Google-Chrome\test-failed-1.png]]

[[ATTACHMENT|test-results\animations-animations-Anim-cd6ae-effects-on-navigation-items-Google-Chrome\video.webm]]

[[ATTACHMENT|test-results\animations-animations-Anim-cd6ae-effects-on-navigation-items-Google-Chrome\error-context.md]]
]]>
</system-out>
</testcase>
<testcase name="Animation and Interaction Effects › Hover Effects › should show hover effects on action buttons" classname="animations\animations.spec.ts" time="12.622">
<failure message="animations.spec.ts:176:9 should show hover effects on action buttons" type="FAILURE">
<![CDATA[  [Google Chrome] › animations\animations.spec.ts:176:9 › Animation and Interaction Effects › Hover Effects › should show hover effects on action buttons 

    TimeoutError: locator.hover: Timeout 10000ms exceeded.
    Call log:
      - waiting for locator('.action-btn.primary')
        - locator resolved to <button data-v-fae5bece="" class="action-btn primary">…</button>
      - attempting hover action
        2 × waiting for element to be visible and stable
          - element is not stable
        - retrying hover action
        - waiting 20ms
        2 × waiting for element to be visible and stable
          - element is not stable
        - retrying hover action
          - waiting 100ms
        19 × waiting for element to be visible and stable
           - element is visible and stable
           - scrolling into view if needed
           - done scrolling
           - <iframe src="about:blank" id="webpack-dev-server-client-overlay"></iframe> intercepts pointer events
         - retrying hover action
           - waiting 500ms


      187 |
      188 |       // 执行悬停
    > 189 |       await primaryBtn.hover();
          |                        ^
      190 |       await page.waitForTimeout(300);
      191 |
      192 |       // 悬停后的状态
        at C:\Users\Joe\SynologyDrive\codes\有声小说\frontend\tests\animations\animations.spec.ts:189:24

    attachment #1: screenshot (image/png) ──────────────────────────────────────────────────────────
    ..\test-results\animations-animations-Anim-9af68-r-effects-on-action-buttons-Google-Chrome\test-failed-1.png
    ────────────────────────────────────────────────────────────────────────────────────────────────

    attachment #2: video (video/webm) ──────────────────────────────────────────────────────────────
    ..\test-results\animations-animations-Anim-9af68-r-effects-on-action-buttons-Google-Chrome\video.webm
    ────────────────────────────────────────────────────────────────────────────────────────────────

    Error Context: ..\test-results\animations-animations-Anim-9af68-r-effects-on-action-buttons-Google-Chrome\error-context.md
]]>
</failure>
<system-out>
<![CDATA[
[[ATTACHMENT|test-results\animations-animations-Anim-9af68-r-effects-on-action-buttons-Google-Chrome\test-failed-1.png]]

[[ATTACHMENT|test-results\animations-animations-Anim-9af68-r-effects-on-action-buttons-Google-Chrome\video.webm]]

[[ATTACHMENT|test-results\animations-animations-Anim-9af68-r-effects-on-action-buttons-Google-Chrome\error-context.md]]
]]>
</system-out>
</testcase>
<testcase name="Animation and Interaction Effects › Hover Effects › should show hover effects on feature cards" classname="animations\animations.spec.ts" time="12.592">
<failure message="animations.spec.ts:213:9 should show hover effects on feature cards" type="FAILURE">
<![CDATA[  [Google Chrome] › animations\animations.spec.ts:213:9 › Animation and Interaction Effects › Hover Effects › should show hover effects on feature cards 

    TimeoutError: locator.hover: Timeout 10000ms exceeded.
    Call log:
      - waiting for locator('.feature-card').first()
        - locator resolved to <div data-v-fae5bece="" class="feature-card">…</div>
      - attempting hover action
        2 × waiting for element to be visible and stable
          - element is visible and stable
          - scrolling into view if needed
          - done scrolling
          - <iframe src="about:blank" id="webpack-dev-server-client-overlay"></iframe> intercepts pointer events
        - retrying hover action
        - waiting 20ms
        - waiting for element to be visible and stable
        - element is visible and stable
        - scrolling into view if needed
        - done scrolling
        - <iframe src="about:blank" id="webpack-dev-server-client-overlay"></iframe> intercepts pointer events
      - retrying hover action
        - waiting 100ms
        - waiting for element to be visible and stable
        - element is not stable
      - retrying hover action
        - waiting 100ms
        18 × waiting for element to be visible and stable
           - element is visible and stable
           - scrolling into view if needed
           - done scrolling
           - <iframe src="about:blank" id="webpack-dev-server-client-overlay"></iframe> intercepts pointer events
         - retrying hover action
           - waiting 500ms


      219 |
      220 |       // 执行悬停
    > 221 |       await featureCard.hover();
          |                         ^
      222 |       await page.waitForTimeout(400); // 等待过渡动画
      223 |
      224 |       // 检查变换效果
        at C:\Users\Joe\SynologyDrive\codes\有声小说\frontend\tests\animations\animations.spec.ts:221:25

    attachment #1: screenshot (image/png) ──────────────────────────────────────────────────────────
    ..\test-results\animations-animations-Anim-afc10-er-effects-on-feature-cards-Google-Chrome\test-failed-1.png
    ────────────────────────────────────────────────────────────────────────────────────────────────

    attachment #2: video (video/webm) ──────────────────────────────────────────────────────────────
    ..\test-results\animations-animations-Anim-afc10-er-effects-on-feature-cards-Google-Chrome\video.webm
    ────────────────────────────────────────────────────────────────────────────────────────────────

    Error Context: ..\test-results\animations-animations-Anim-afc10-er-effects-on-feature-cards-Google-Chrome\error-context.md
]]>
</failure>
<system-out>
<![CDATA[
[[ATTACHMENT|test-results\animations-animations-Anim-afc10-er-effects-on-feature-cards-Google-Chrome\test-failed-1.png]]

[[ATTACHMENT|test-results\animations-animations-Anim-afc10-er-effects-on-feature-cards-Google-Chrome\video.webm]]

[[ATTACHMENT|test-results\animations-animations-Anim-afc10-er-effects-on-feature-cards-Google-Chrome\error-context.md]]
]]>
</system-out>
</testcase>
<testcase name="Animation and Interaction Effects › Hover Effects › should show hover effects on statistics items" classname="animations\animations.spec.ts" time="12.497">
<failure message="animations.spec.ts:261:9 should show hover effects on statistics items" type="FAILURE">
<![CDATA[  [Google Chrome] › animations\animations.spec.ts:261:9 › Animation and Interaction Effects › Hover Effects › should show hover effects on statistics items 

    TimeoutError: locator.hover: Timeout 10000ms exceeded.
    Call log:
      - waiting for locator('.stat-item').first()
        - locator resolved to <div class="stat-item" data-v-fae5bece="">…</div>
      - attempting hover action
        2 × waiting for element to be visible and stable
          - element is visible and stable
          - scrolling into view if needed
          - done scrolling
          - <iframe src="about:blank" id="webpack-dev-server-client-overlay"></iframe> intercepts pointer events
        - retrying hover action
        - waiting 20ms
        2 × waiting for element to be visible and stable
          - element is not stable
        - retrying hover action
          - waiting 100ms
        18 × waiting for element to be visible and stable
           - element is visible and stable
           - scrolling into view if needed
           - done scrolling
           - <iframe src="about:blank" id="webpack-dev-server-client-overlay"></iframe> intercepts pointer events
         - retrying hover action
           - waiting 500ms


      272 |
      273 |       // 执行悬停
    > 274 |       await statItem.hover();
          |                      ^
      275 |       await page.waitForTimeout(300);
      276 |
      277 |       // 悬停后的状态
        at C:\Users\Joe\SynologyDrive\codes\有声小说\frontend\tests\animations\animations.spec.ts:274:22

    attachment #1: screenshot (image/png) ──────────────────────────────────────────────────────────
    ..\test-results\animations-animations-Anim-fa189-effects-on-statistics-items-Google-Chrome\test-failed-1.png
    ────────────────────────────────────────────────────────────────────────────────────────────────

    attachment #2: video (video/webm) ──────────────────────────────────────────────────────────────
    ..\test-results\animations-animations-Anim-fa189-effects-on-statistics-items-Google-Chrome\video.webm
    ────────────────────────────────────────────────────────────────────────────────────────────────

    Error Context: ..\test-results\animations-animations-Anim-fa189-effects-on-statistics-items-Google-Chrome\error-context.md
]]>
</failure>
<system-out>
<![CDATA[
[[ATTACHMENT|test-results\animations-animations-Anim-fa189-effects-on-statistics-items-Google-Chrome\test-failed-1.png]]

[[ATTACHMENT|test-results\animations-animations-Anim-fa189-effects-on-statistics-items-Google-Chrome\video.webm]]

[[ATTACHMENT|test-results\animations-animations-Anim-fa189-effects-on-statistics-items-Google-Chrome\error-context.md]]
]]>
</system-out>
</testcase>
<testcase name="Animation and Interaction Effects › Hover Effects › should show hover effects on workflow steps" classname="animations\animations.spec.ts" time="13.031">
<failure message="animations.spec.ts:292:9 should show hover effects on workflow steps" type="FAILURE">
<![CDATA[  [Google Chrome] › animations\animations.spec.ts:292:9 › Animation and Interaction Effects › Hover Effects › should show hover effects on workflow steps 

    TimeoutError: locator.hover: Timeout 10000ms exceeded.
    Call log:
      - waiting for locator('.workflow-step .step-content').first()
        - locator resolved to <div data-v-fae5bece="" class="step-content">…</div>
      - attempting hover action
        2 × waiting for element to be visible and stable
          - element is visible and stable
          - scrolling into view if needed
          - done scrolling
          - <iframe src="about:blank" id="webpack-dev-server-client-overlay"></iframe> intercepts pointer events
        - retrying hover action
        - waiting 20ms
        2 × waiting for element to be visible and stable
          - element is not stable
        - retrying hover action
          - waiting 100ms
        18 × waiting for element to be visible and stable
           - element is visible and stable
           - scrolling into view if needed
           - done scrolling
           - <iframe src="about:blank" id="webpack-dev-server-client-overlay"></iframe> intercepts pointer events
         - retrying hover action
           - waiting 500ms


      303 |
      304 |       // 执行悬停
    > 305 |       await stepContent.hover();
          |                         ^
      306 |       await page.waitForTimeout(300);
      307 |
      308 |       // 悬停后的状态
        at C:\Users\Joe\SynologyDrive\codes\有声小说\frontend\tests\animations\animations.spec.ts:305:25

    attachment #1: screenshot (image/png) ──────────────────────────────────────────────────────────
    ..\test-results\animations-animations-Anim-17ecc-r-effects-on-workflow-steps-Google-Chrome\test-failed-1.png
    ────────────────────────────────────────────────────────────────────────────────────────────────

    attachment #2: video (video/webm) ──────────────────────────────────────────────────────────────
    ..\test-results\animations-animations-Anim-17ecc-r-effects-on-workflow-steps-Google-Chrome\video.webm
    ────────────────────────────────────────────────────────────────────────────────────────────────

    Error Context: ..\test-results\animations-animations-Anim-17ecc-r-effects-on-workflow-steps-Google-Chrome\error-context.md
]]>
</failure>
<system-out>
<![CDATA[
[[ATTACHMENT|test-results\animations-animations-Anim-17ecc-r-effects-on-workflow-steps-Google-Chrome\test-failed-1.png]]

[[ATTACHMENT|test-results\animations-animations-Anim-17ecc-r-effects-on-workflow-steps-Google-Chrome\video.webm]]

[[ATTACHMENT|test-results\animations-animations-Anim-17ecc-r-effects-on-workflow-steps-Google-Chrome\error-context.md]]
]]>
</system-out>
</testcase>
<testcase name="Animation and Interaction Effects › Transition Effects › should have smooth transitions on interactive elements" classname="animations\animations.spec.ts" time="3.364">
</testcase>
<testcase name="Animation and Interaction Effects › Transition Effects › should animate badge glow effect" classname="animations\animations.spec.ts" time="3.175">
</testcase>
<testcase name="Animation and Interaction Effects › Transition Effects › should animate title accent color" classname="animations\animations.spec.ts" time="4.063">
</testcase>
<testcase name="Animation and Interaction Effects › Transition Effects › should animate sound ring pulse" classname="animations\animations.spec.ts" time="3.727">
</testcase>
<testcase name="Animation and Interaction Effects › Animation Performance › should maintain 60fps on animations" classname="animations\animations.spec.ts" time="7.478">
</testcase>
<testcase name="Animation and Interaction Effects › Animation Performance › should not block main thread during animations" classname="animations\animations.spec.ts" time="13.521">
<failure message="animations.spec.ts:437:9 should not block main thread during animations" type="FAILURE">
<![CDATA[  [Google Chrome] › animations\animations.spec.ts:437:9 › Animation and Interaction Effects › Animation Performance › should not block main thread during animations 

    TimeoutError: page.hover: Timeout 10000ms exceeded.
    Call log:
      - waiting for locator('.feature-card')
        - locator resolved to 6 elements. Proceeding with the first one: <div data-v-fae5bece="" class="feature-card">…</div>
      - attempting hover action
        2 × waiting for element to be visible and stable
          - element is visible and stable
          - scrolling into view if needed
          - done scrolling
          - <iframe src="about:blank" id="webpack-dev-server-client-overlay"></iframe> intercepts pointer events
        - retrying hover action
        - waiting 20ms
        - waiting for element to be visible and stable
        - element is visible and stable
        - scrolling into view if needed
        - done scrolling
        - <iframe src="about:blank" id="webpack-dev-server-client-overlay"></iframe> intercepts pointer events
      - retrying hover action
        - waiting 100ms
        - waiting for element to be visible and stable
        - element is not stable
      - retrying hover action
        - waiting 100ms
        18 × waiting for element to be visible and stable
           - element is visible and stable
           - scrolling into view if needed
           - done scrolling
           - <iframe src="about:blank" id="webpack-dev-server-client-overlay"></iframe> intercepts pointer events
         - retrying hover action
           - waiting 500ms


      440 |
      441 |       // 触发一些动画
    > 442 |       await page.hover('.feature-card');
          |                  ^
      443 |       await page.hover('.action-btn.primary');
      444 |       await page.hover('.nav-item');
      445 |
        at C:\Users\Joe\SynologyDrive\codes\有声小说\frontend\tests\animations\animations.spec.ts:442:18

    attachment #1: screenshot (image/png) ──────────────────────────────────────────────────────────
    ..\test-results\animations-animations-Anim-ddd44-in-thread-during-animations-Google-Chrome\test-failed-1.png
    ────────────────────────────────────────────────────────────────────────────────────────────────

    attachment #2: video (video/webm) ──────────────────────────────────────────────────────────────
    ..\test-results\animations-animations-Anim-ddd44-in-thread-during-animations-Google-Chrome\video.webm
    ────────────────────────────────────────────────────────────────────────────────────────────────

    Error Context: ..\test-results\animations-animations-Anim-ddd44-in-thread-during-animations-Google-Chrome\error-context.md
]]>
</failure>
<system-out>
<![CDATA[
[[ATTACHMENT|test-results\animations-animations-Anim-ddd44-in-thread-during-animations-Google-Chrome\test-failed-1.png]]

[[ATTACHMENT|test-results\animations-animations-Anim-ddd44-in-thread-during-animations-Google-Chrome\video.webm]]

[[ATTACHMENT|test-results\animations-animations-Anim-ddd44-in-thread-during-animations-Google-Chrome\error-context.md]]
]]>
</system-out>
</testcase>
<testcase name="Animation and Interaction Effects › Animation Performance › should handle animation interruptions gracefully" classname="animations\animations.spec.ts" time="13.386">
<failure message="animations.spec.ts:452:9 should handle animation interruptions gracefully" type="FAILURE">
<![CDATA[  [Google Chrome] › animations\animations.spec.ts:452:9 › Animation and Interaction Effects › Animation Performance › should handle animation interruptions gracefully 

    TimeoutError: locator.hover: Timeout 10000ms exceeded.
    Call log:
      - waiting for locator('.feature-card').first()
        - locator resolved to <div data-v-fae5bece="" class="feature-card">…</div>
      - attempting hover action
        2 × waiting for element to be visible and stable
          - element is visible and stable
          - scrolling into view if needed
          - done scrolling
          - <iframe src="about:blank" id="webpack-dev-server-client-overlay"></iframe> intercepts pointer events
        - retrying hover action
        - waiting 20ms
        - waiting for element to be visible and stable
        - element is visible and stable
        - scrolling into view if needed
        - done scrolling
        - <iframe src="about:blank" id="webpack-dev-server-client-overlay"></iframe> intercepts pointer events
      - retrying hover action
        - waiting 100ms
        - waiting for element to be visible and stable
        - element is not stable
      - retrying hover action
        - waiting 100ms
        18 × waiting for element to be visible and stable
           - element is visible and stable
           - scrolling into view if needed
           - done scrolling
           - <iframe src="about:blank" id="webpack-dev-server-client-overlay"></iframe> intercepts pointer events
         - retrying hover action
           - waiting 500ms


      454 |
      455 |       // 快速移动鼠标，测试动画中断
    > 456 |       await featureCard.hover();
          |                         ^
      457 |       await page.waitForTimeout(50);
      458 |       await page.hover('.feature-card').nth(1);
      459 |       await page.waitForTimeout(50);
        at C:\Users\Joe\SynologyDrive\codes\有声小说\frontend\tests\animations\animations.spec.ts:456:25

    attachment #1: screenshot (image/png) ──────────────────────────────────────────────────────────
    ..\test-results\animations-animations-Anim-2d85b-on-interruptions-gracefully-Google-Chrome\test-failed-1.png
    ────────────────────────────────────────────────────────────────────────────────────────────────

    attachment #2: video (video/webm) ──────────────────────────────────────────────────────────────
    ..\test-results\animations-animations-Anim-2d85b-on-interruptions-gracefully-Google-Chrome\video.webm
    ────────────────────────────────────────────────────────────────────────────────────────────────

    Error Context: ..\test-results\animations-animations-Anim-2d85b-on-interruptions-gracefully-Google-Chrome\error-context.md
]]>
</failure>
<system-out>
<![CDATA[
[[ATTACHMENT|test-results\animations-animations-Anim-2d85b-on-interruptions-gracefully-Google-Chrome\test-failed-1.png]]

[[ATTACHMENT|test-results\animations-animations-Anim-2d85b-on-interruptions-gracefully-Google-Chrome\video.webm]]

[[ATTACHMENT|test-results\animations-animations-Anim-2d85b-on-interruptions-gracefully-Google-Chrome\error-context.md]]
]]>
</system-out>
</testcase>
<testcase name="Animation and Interaction Effects › Reduced Motion Support › should respect prefers-reduced-motion setting" classname="animations\animations.spec.ts" time="4.242">
<failure message="animations.spec.ts:470:9 should respect prefers-reduced-motion setting" type="FAILURE">
<![CDATA[  [Google Chrome] › animations\animations.spec.ts:470:9 › Animation and Interaction Effects › Reduced Motion Support › should respect prefers-reduced-motion setting 

    Error: expect(received).toBe(expected) // Object.is equality

    Expected: true
    Received: false

      493 |
      494 |           // 动画应该被禁用或设置为none
    > 495 |           expect(animation === 'none' || animation === '').toBe(true);
          |                                                            ^
      496 |         }
      497 |       }
      498 |     });
        at C:\Users\Joe\SynologyDrive\codes\有声小说\frontend\tests\animations\animations.spec.ts:495:60

    attachment #1: screenshot (image/png) ──────────────────────────────────────────────────────────
    ..\test-results\animations-animations-Anim-1bccd-fers-reduced-motion-setting-Google-Chrome\test-failed-1.png
    ────────────────────────────────────────────────────────────────────────────────────────────────

    attachment #2: video (video/webm) ──────────────────────────────────────────────────────────────
    ..\test-results\animations-animations-Anim-1bccd-fers-reduced-motion-setting-Google-Chrome\video.webm
    ────────────────────────────────────────────────────────────────────────────────────────────────

    Error Context: ..\test-results\animations-animations-Anim-1bccd-fers-reduced-motion-setting-Google-Chrome\error-context.md
]]>
</failure>
<system-out>
<![CDATA[
[[ATTACHMENT|test-results\animations-animations-Anim-1bccd-fers-reduced-motion-setting-Google-Chrome\test-failed-1.png]]

[[ATTACHMENT|test-results\animations-animations-Anim-1bccd-fers-reduced-motion-setting-Google-Chrome\video.webm]]

[[ATTACHMENT|test-results\animations-animations-Anim-1bccd-fers-reduced-motion-setting-Google-Chrome\error-context.md]]
]]>
</system-out>
</testcase>
<testcase name="Animation and Interaction Effects › Animation Accessibility › should have sufficient color contrast during animations" classname="animations\animations.spec.ts" time="3.229">
</testcase>
<testcase name="Animation and Interaction Effects › Animation Accessibility › should not cause motion sickness" classname="animations\animations.spec.ts" time="2.74">
<failure message="animations.spec.ts:526:9 should not cause motion sickness" type="FAILURE">
<![CDATA[  [Google Chrome] › animations\animations.spec.ts:526:9 › Animation and Interaction Effects › Animation Accessibility › should not cause motion sickness 

    Error: expect(received).toBe(expected) // Object.is equality

    Expected: 0
    Received: 1

      548 |
      549 |       // 应该没有可能引起眩晕的旋转动画
    > 550 |       expect(animations.length).toBe(0);
          |                                 ^
      551 |     });
      552 |   });
      553 | });
        at C:\Users\Joe\SynologyDrive\codes\有声小说\frontend\tests\animations\animations.spec.ts:550:33

    attachment #1: screenshot (image/png) ──────────────────────────────────────────────────────────
    ..\test-results\animations-animations-Anim-0db1d-d-not-cause-motion-sickness-Google-Chrome\test-failed-1.png
    ────────────────────────────────────────────────────────────────────────────────────────────────

    attachment #2: video (video/webm) ──────────────────────────────────────────────────────────────
    ..\test-results\animations-animations-Anim-0db1d-d-not-cause-motion-sickness-Google-Chrome\video.webm
    ────────────────────────────────────────────────────────────────────────────────────────────────

    Error Context: ..\test-results\animations-animations-Anim-0db1d-d-not-cause-motion-sickness-Google-Chrome\error-context.md
]]>
</failure>
<system-out>
<![CDATA[
[[ATTACHMENT|test-results\animations-animations-Anim-0db1d-d-not-cause-motion-sickness-Google-Chrome\test-failed-1.png]]

[[ATTACHMENT|test-results\animations-animations-Anim-0db1d-d-not-cause-motion-sickness-Google-Chrome\video.webm]]

[[ATTACHMENT|test-results\animations-animations-Anim-0db1d-d-not-cause-motion-sickness-Google-Chrome\error-context.md]]
]]>
</system-out>
</testcase>
</testsuite>
<testsuite name="navigation\navigation.spec.ts" timestamp="2025-12-01T08:52:23.342Z" hostname="Google Chrome" tests="17" failures="8" skipped="0" time="108.047" errors="0">
<testcase name="Navigation System › should display main navigation with all menu items" classname="navigation\navigation.spec.ts" time="2.479">
</testcase>
<testcase name="Navigation System › should display brand section with correct elements" classname="navigation\navigation.spec.ts" time="2.413">
</testcase>
<testcase name="Navigation System › should have active state indicators for current page" classname="navigation\navigation.spec.ts" time="2.181">
</testcase>
<testcase name="Navigation System › should navigate correctly when clicking navigation items" classname="navigation\navigation.spec.ts" time="13.372">
<failure message="navigation.spec.ts:70:7 should navigate correctly when clicking navigation items" type="FAILURE">
<![CDATA[  [Google Chrome] › navigation\navigation.spec.ts:70:7 › Navigation System › should navigate correctly when clicking navigation items 

    TimeoutError: locator.click: Timeout 10000ms exceeded.
    Call log:
      - waiting for locator('.nav-item').first()
        - locator resolved to <a href="/" data-text="首页" aria-current="page" class="router-link-active router-link-exact-active nav-item">…</a>
      - attempting click action
        2 × waiting for element to be visible, enabled and stable
          - element is visible, enabled and stable
          - scrolling into view if needed
          - done scrolling
          - <iframe src="about:blank" id="webpack-dev-server-client-overlay"></iframe> intercepts pointer events
        - retrying click action
        - waiting 20ms
        2 × waiting for element to be visible, enabled and stable
          - element is visible, enabled and stable
          - scrolling into view if needed
          - done scrolling
          - <iframe src="about:blank" id="webpack-dev-server-client-overlay"></iframe> intercepts pointer events
        - retrying click action
          - waiting 100ms
        18 × waiting for element to be visible, enabled and stable
           - element is visible, enabled and stable
           - scrolling into view if needed
           - done scrolling
           - <iframe src="about:blank" id="webpack-dev-server-client-overlay"></iframe> intercepts pointer events
         - retrying click action
           - waiting 500ms


      74 |     for (let i = 0; i < navRoutes.length; i++) {
      75 |       await page.goto('/'); // 每次从首页开始
    > 76 |       await navItems.nth(i).click();
         |                             ^
      77 |
      78 |       // 等待导航完成
      79 |       await page.waitForTimeout(1000);
        at C:\Users\Joe\SynologyDrive\codes\有声小说\frontend\tests\navigation\navigation.spec.ts:76:29

    attachment #1: screenshot (image/png) ──────────────────────────────────────────────────────────
    ..\test-results\navigation-navigation-Navi-60a0f-n-clicking-navigation-items-Google-Chrome\test-failed-1.png
    ────────────────────────────────────────────────────────────────────────────────────────────────

    attachment #2: video (video/webm) ──────────────────────────────────────────────────────────────
    ..\test-results\navigation-navigation-Navi-60a0f-n-clicking-navigation-items-Google-Chrome\video.webm
    ────────────────────────────────────────────────────────────────────────────────────────────────

    Error Context: ..\test-results\navigation-navigation-Navi-60a0f-n-clicking-navigation-items-Google-Chrome\error-context.md
]]>
</failure>
<system-out>
<![CDATA[
[[ATTACHMENT|test-results\navigation-navigation-Navi-60a0f-n-clicking-navigation-items-Google-Chrome\test-failed-1.png]]

[[ATTACHMENT|test-results\navigation-navigation-Navi-60a0f-n-clicking-navigation-items-Google-Chrome\video.webm]]

[[ATTACHMENT|test-results\navigation-navigation-Navi-60a0f-n-clicking-navigation-items-Google-Chrome\error-context.md]]
]]>
</system-out>
</testcase>
<testcase name="Navigation System › should show hover effects on navigation items" classname="navigation\navigation.spec.ts" time="12.358">
<failure message="navigation.spec.ts:86:7 should show hover effects on navigation items" type="FAILURE">
<![CDATA[  [Google Chrome] › navigation\navigation.spec.ts:86:7 › Navigation System › should show hover effects on navigation items 

    TimeoutError: locator.hover: Timeout 10000ms exceeded.
    Call log:
      - waiting for locator('.nav-item').nth(1)
        - locator resolved to <a href="/models" class="nav-item" data-text="AI模型">…</a>
      - attempting hover action
        2 × waiting for element to be visible and stable
          - element is visible and stable
          - scrolling into view if needed
          - done scrolling
          - <iframe src="about:blank" id="webpack-dev-server-client-overlay"></iframe> intercepts pointer events
        - retrying hover action
        - waiting 20ms
        2 × waiting for element to be visible and stable
          - element is visible and stable
          - scrolling into view if needed
          - done scrolling
          - <iframe src="about:blank" id="webpack-dev-server-client-overlay"></iframe> intercepts pointer events
        - retrying hover action
          - waiting 100ms
        18 × waiting for element to be visible and stable
           - element is visible and stable
           - scrolling into view if needed
           - done scrolling
           - <iframe src="about:blank" id="webpack-dev-server-client-overlay"></iframe> intercepts pointer events
         - retrying hover action
           - waiting 500ms


      91 |
      92 |     // 执行悬停
    > 93 |     await navItem.hover();
         |                   ^
      94 |
      95 |     // 检查悬停效果（通过CSS变换或背景变化）
      96 |     const computedStyle = await navItem.evaluate((el) => {
        at C:\Users\Joe\SynologyDrive\codes\有声小说\frontend\tests\navigation\navigation.spec.ts:93:19

    attachment #1: screenshot (image/png) ──────────────────────────────────────────────────────────
    ..\test-results\navigation-navigation-Navi-c7428-effects-on-navigation-items-Google-Chrome\test-failed-1.png
    ────────────────────────────────────────────────────────────────────────────────────────────────

    attachment #2: video (video/webm) ──────────────────────────────────────────────────────────────
    ..\test-results\navigation-navigation-Navi-c7428-effects-on-navigation-items-Google-Chrome\video.webm
    ────────────────────────────────────────────────────────────────────────────────────────────────

    Error Context: ..\test-results\navigation-navigation-Navi-c7428-effects-on-navigation-items-Google-Chrome\error-context.md
]]>
</failure>
<system-out>
<![CDATA[
[[ATTACHMENT|test-results\navigation-navigation-Navi-c7428-effects-on-navigation-items-Google-Chrome\test-failed-1.png]]

[[ATTACHMENT|test-results\navigation-navigation-Navi-c7428-effects-on-navigation-items-Google-Chrome\video.webm]]

[[ATTACHMENT|test-results\navigation-navigation-Navi-c7428-effects-on-navigation-items-Google-Chrome\error-context.md]]
]]>
</system-out>
</testcase>
<testcase name="Navigation System › should display footer with correct content" classname="navigation\navigation.spec.ts" time="4.281">
<failure message="navigation.spec.ts:107:7 should display footer with correct content" type="FAILURE">
<![CDATA[  [Google Chrome] › navigation\navigation.spec.ts:107:7 › Navigation System › should display footer with correct content 

    Error: expect(locator).toContainText(expected) failed

    Locator: locator('.footer-info').locator('p')
    Expected substring: "© 2025 SoundStory AI"
    Error: strict mode violation: locator('.footer-info').locator('p') resolved to 2 elements:
        1) <p>© 2025 SoundStory AI - 声波叙事平台</p> aka getByText('© 2025 SoundStory AI - 声波叙事平台')
        2) <p class="footer-motto">让每一个故事都有独特的声音</p> aka getByText('让每一个故事都有独特的声音', { exact: true })

    Call log:
      - Expect "toContainText" with timeout 5000ms
      - waiting for locator('.footer-info').locator('p')


      113 |     const footerInfo = page.locator('.footer-info');
      114 |     await expect(footerInfo).toBeVisible();
    > 115 |     await expect(footerInfo.locator('p')).toContainText('© 2025 SoundStory AI');
          |                                           ^
      116 |
      117 |     // 检查页脚链接
      118 |     const footerLinks = page.locator('.footer-links');
        at C:\Users\Joe\SynologyDrive\codes\有声小说\frontend\tests\navigation\navigation.spec.ts:115:43

    attachment #1: screenshot (image/png) ──────────────────────────────────────────────────────────
    ..\test-results\navigation-navigation-Navi-ed007-footer-with-correct-content-Google-Chrome\test-failed-1.png
    ────────────────────────────────────────────────────────────────────────────────────────────────

    attachment #2: video (video/webm) ──────────────────────────────────────────────────────────────
    ..\test-results\navigation-navigation-Navi-ed007-footer-with-correct-content-Google-Chrome\video.webm
    ────────────────────────────────────────────────────────────────────────────────────────────────

    Error Context: ..\test-results\navigation-navigation-Navi-ed007-footer-with-correct-content-Google-Chrome\error-context.md
]]>
</failure>
<system-out>
<![CDATA[
[[ATTACHMENT|test-results\navigation-navigation-Navi-ed007-footer-with-correct-content-Google-Chrome\test-failed-1.png]]

[[ATTACHMENT|test-results\navigation-navigation-Navi-ed007-footer-with-correct-content-Google-Chrome\video.webm]]

[[ATTACHMENT|test-results\navigation-navigation-Navi-ed007-footer-with-correct-content-Google-Chrome\error-context.md]]
]]>
</system-out>
</testcase>
<testcase name="Navigation System › should handle navigation with browser back/forward buttons" classname="navigation\navigation.spec.ts" time="12.058">
<failure message="navigation.spec.ts:123:7 should handle navigation with browser back/forward buttons" type="FAILURE">
<![CDATA[  [Google Chrome] › navigation\navigation.spec.ts:123:7 › Navigation System › should handle navigation with browser back/forward buttons 

    TimeoutError: page.click: Timeout 10000ms exceeded.
    Call log:
      - waiting for locator('.nav-item').locator('text=模型配置')
        - locator resolved to <span class="nav-text">模型配置</span>
      - attempting click action
        2 × waiting for element to be visible, enabled and stable
          - element is visible, enabled and stable
          - scrolling into view if needed
          - done scrolling
          - <iframe src="about:blank" id="webpack-dev-server-client-overlay"></iframe> intercepts pointer events
        - retrying click action
        - waiting 20ms
        2 × waiting for element to be visible, enabled and stable
          - element is visible, enabled and stable
          - scrolling into view if needed
          - done scrolling
          - <iframe src="about:blank" id="webpack-dev-server-client-overlay"></iframe> intercepts pointer events
        - retrying click action
          - waiting 100ms
        17 × waiting for element to be visible, enabled and stable
           - element is visible, enabled and stable
           - scrolling into view if needed
           - done scrolling
           - <iframe src="about:blank" id="webpack-dev-server-client-overlay"></iframe> intercepts pointer events
         - retrying click action
           - waiting 500ms


      123 |   test('should handle navigation with browser back/forward buttons', async ({ page }) => {
      124 |     // 导航到不同页面
    > 125 |     await page.click('.nav-item >> text=模型配置');
          |                ^
      126 |     await page.waitForURL('**/models');
      127 |
      128 |     await page.click('.nav-item >> text=小说生成');
        at C:\Users\Joe\SynologyDrive\codes\有声小说\frontend\tests\navigation\navigation.spec.ts:125:16

    attachment #1: screenshot (image/png) ──────────────────────────────────────────────────────────
    ..\test-results\navigation-navigation-Navi-3e16f-rowser-back-forward-buttons-Google-Chrome\test-failed-1.png
    ────────────────────────────────────────────────────────────────────────────────────────────────

    attachment #2: video (video/webm) ──────────────────────────────────────────────────────────────
    ..\test-results\navigation-navigation-Navi-3e16f-rowser-back-forward-buttons-Google-Chrome\video.webm
    ────────────────────────────────────────────────────────────────────────────────────────────────

    Error Context: ..\test-results\navigation-navigation-Navi-3e16f-rowser-back-forward-buttons-Google-Chrome\error-context.md
]]>
</failure>
<system-out>
<![CDATA[
[[ATTACHMENT|test-results\navigation-navigation-Navi-3e16f-rowser-back-forward-buttons-Google-Chrome\test-failed-1.png]]

[[ATTACHMENT|test-results\navigation-navigation-Navi-3e16f-rowser-back-forward-buttons-Google-Chrome\video.webm]]

[[ATTACHMENT|test-results\navigation-navigation-Navi-3e16f-rowser-back-forward-buttons-Google-Chrome\error-context.md]]
]]>
</system-out>
</testcase>
<testcase name="Navigation System › should maintain navigation state on page refresh" classname="navigation\navigation.spec.ts" time="12.181">
<failure message="navigation.spec.ts:142:7 should maintain navigation state on page refresh" type="FAILURE">
<![CDATA[  [Google Chrome] › navigation\navigation.spec.ts:142:7 › Navigation System › should maintain navigation state on page refresh 

    TimeoutError: page.click: Timeout 10000ms exceeded.
    Call log:
      - waiting for locator('.nav-item').locator('text=语音合成')
        - locator resolved to <span class="nav-text">语音合成</span>
      - attempting click action
        2 × waiting for element to be visible, enabled and stable
          - element is visible, enabled and stable
          - scrolling into view if needed
          - done scrolling
          - <iframe src="about:blank" id="webpack-dev-server-client-overlay"></iframe> intercepts pointer events
        - retrying click action
        - waiting 20ms
        2 × waiting for element to be visible, enabled and stable
          - element is visible, enabled and stable
          - scrolling into view if needed
          - done scrolling
          - <iframe src="about:blank" id="webpack-dev-server-client-overlay"></iframe> intercepts pointer events
        - retrying click action
          - waiting 100ms
        18 × waiting for element to be visible, enabled and stable
           - element is visible, enabled and stable
           - scrolling into view if needed
           - done scrolling
           - <iframe src="about:blank" id="webpack-dev-server-client-overlay"></iframe> intercepts pointer events
         - retrying click action
           - waiting 500ms


      142 |   test('should maintain navigation state on page refresh', async ({ page }) => {
      143 |     // 导航到特定页面
    > 144 |     await page.click('.nav-item >> text=语音合成');
          |                ^
      145 |     await page.waitForURL('**/tts');
      146 |
      147 |     // 刷新页面
        at C:\Users\Joe\SynologyDrive\codes\有声小说\frontend\tests\navigation\navigation.spec.ts:144:16

    attachment #1: screenshot (image/png) ──────────────────────────────────────────────────────────
    ..\test-results\navigation-navigation-Navi-dca1d-ation-state-on-page-refresh-Google-Chrome\test-failed-1.png
    ────────────────────────────────────────────────────────────────────────────────────────────────

    attachment #2: video (video/webm) ──────────────────────────────────────────────────────────────
    ..\test-results\navigation-navigation-Navi-dca1d-ation-state-on-page-refresh-Google-Chrome\video.webm
    ────────────────────────────────────────────────────────────────────────────────────────────────

    Error Context: ..\test-results\navigation-navigation-Navi-dca1d-ation-state-on-page-refresh-Google-Chrome\error-context.md
]]>
</failure>
<system-out>
<![CDATA[
[[ATTACHMENT|test-results\navigation-navigation-Navi-dca1d-ation-state-on-page-refresh-Google-Chrome\test-failed-1.png]]

[[ATTACHMENT|test-results\navigation-navigation-Navi-dca1d-ation-state-on-page-refresh-Google-Chrome\video.webm]]

[[ATTACHMENT|test-results\navigation-navigation-Navi-dca1d-ation-state-on-page-refresh-Google-Chrome\error-context.md]]
]]>
</system-out>
</testcase>
<testcase name="Navigation Accessibility › should be keyboard navigable" classname="navigation\navigation.spec.ts" time="3.132">
</testcase>
<testcase name="Navigation Accessibility › should have proper ARIA labels" classname="navigation\navigation.spec.ts" time="3.898">
</testcase>
<testcase name="Navigation Accessibility › should have sufficient color contrast" classname="navigation\navigation.spec.ts" time="2.706">
</testcase>
<testcase name="Navigation Responsive Design › should adapt to mobile viewport" classname="navigation\navigation.spec.ts" time="3.088">
</testcase>
<testcase name="Navigation Responsive Design › should adapt to tablet viewport" classname="navigation\navigation.spec.ts" time="3.019">
</testcase>
<testcase name="Navigation Responsive Design › should handle viewport orientation changes" classname="navigation\navigation.spec.ts" time="13.057">
<failure message="navigation.spec.ts:260:7 should handle viewport orientation changes" type="FAILURE">
<![CDATA[  [Google Chrome] › navigation\navigation.spec.ts:260:7 › Navigation Responsive Design › should handle viewport orientation changes 

    TimeoutError: page.click: Timeout 10000ms exceeded.
    Call log:
      - waiting for locator('.nav-item').locator('text=首页')
        - locator resolved to <span class="nav-text">首页</span>
      - attempting click action
        2 × waiting for element to be visible, enabled and stable
          - element is visible, enabled and stable
          - scrolling into view if needed
          - done scrolling
          - <iframe src="about:blank" id="webpack-dev-server-client-overlay"></iframe> intercepts pointer events
        - retrying click action
        - waiting 20ms
        2 × waiting for element to be visible, enabled and stable
          - element is visible, enabled and stable
          - scrolling into view if needed
          - done scrolling
          - <iframe src="about:blank" id="webpack-dev-server-client-overlay"></iframe> intercepts pointer events
        - retrying click action
          - waiting 100ms
        - waiting for element to be visible, enabled and stable
        - element is not stable
      17 × retrying click action
           - waiting 500ms
           - waiting for element to be visible, enabled and stable
           - element is visible, enabled and stable
           - scrolling into view if needed
           - done scrolling
           - <iframe src="about:blank" id="webpack-dev-server-client-overlay"></iframe> intercepts pointer events
      - retrying click action
        - waiting 500ms


      272 |
      273 |     // 测试导航功能
    > 274 |     await page.click('.nav-item >> text=首页');
          |                ^
      275 |     await expect(page.url()).toContain('/');
      276 |   });
      277 | });
        at C:\Users\Joe\SynologyDrive\codes\有声小说\frontend\tests\navigation\navigation.spec.ts:274:16

    attachment #1: screenshot (image/png) ──────────────────────────────────────────────────────────
    ..\test-results\navigation-navigation-Navi-a8404-iewport-orientation-changes-Google-Chrome\test-failed-1.png
    ────────────────────────────────────────────────────────────────────────────────────────────────

    attachment #2: video (video/webm) ──────────────────────────────────────────────────────────────
    ..\test-results\navigation-navigation-Navi-a8404-iewport-orientation-changes-Google-Chrome\video.webm
    ────────────────────────────────────────────────────────────────────────────────────────────────

    Error Context: ..\test-results\navigation-navigation-Navi-a8404-iewport-orientation-changes-Google-Chrome\error-context.md
]]>
</failure>
<system-out>
<![CDATA[
[[ATTACHMENT|test-results\navigation-navigation-Navi-a8404-iewport-orientation-changes-Google-Chrome\test-failed-1.png]]

[[ATTACHMENT|test-results\navigation-navigation-Navi-a8404-iewport-orientation-changes-Google-Chrome\video.webm]]

[[ATTACHMENT|test-results\navigation-navigation-Navi-a8404-iewport-orientation-changes-Google-Chrome\error-context.md]]
]]>
</system-out>
</testcase>
<testcase name="Navigation Performance › should load navigation quickly" classname="navigation\navigation.spec.ts" time="2.416">
<failure message="navigation.spec.ts:280:7 should load navigation quickly" type="FAILURE">
<![CDATA[  [Google Chrome] › navigation\navigation.spec.ts:280:7 › Navigation Performance › should load navigation quickly 

    Error: expect(received).toBeLessThan(expected)

    Expected: < 1000
    Received:   1786

      285 |
      286 |     // 导航应该在1秒内加载完成
    > 287 |     expect(loadTime).toBeLessThan(1000);
          |                      ^
      288 |   });
      289 |
      290 |   test('should have smooth transitions between pages', async ({ page }) => {
        at C:\Users\Joe\SynologyDrive\codes\有声小说\frontend\tests\navigation\navigation.spec.ts:287:22

    attachment #1: screenshot (image/png) ──────────────────────────────────────────────────────────
    ..\test-results\navigation-navigation-Navi-4bcf8-uld-load-navigation-quickly-Google-Chrome\test-failed-1.png
    ────────────────────────────────────────────────────────────────────────────────────────────────

    attachment #2: video (video/webm) ──────────────────────────────────────────────────────────────
    ..\test-results\navigation-navigation-Navi-4bcf8-uld-load-navigation-quickly-Google-Chrome\video.webm
    ────────────────────────────────────────────────────────────────────────────────────────────────

    Error Context: ..\test-results\navigation-navigation-Navi-4bcf8-uld-load-navigation-quickly-Google-Chrome\error-context.md
]]>
</failure>
<system-out>
<![CDATA[
[[ATTACHMENT|test-results\navigation-navigation-Navi-4bcf8-uld-load-navigation-quickly-Google-Chrome\test-failed-1.png]]

[[ATTACHMENT|test-results\navigation-navigation-Navi-4bcf8-uld-load-navigation-quickly-Google-Chrome\video.webm]]

[[ATTACHMENT|test-results\navigation-navigation-Navi-4bcf8-uld-load-navigation-quickly-Google-Chrome\error-context.md]]
]]>
</system-out>
</testcase>
<testcase name="Navigation Performance › should have smooth transitions between pages" classname="navigation\navigation.spec.ts" time="12.314">
<failure message="navigation.spec.ts:290:7 should have smooth transitions between pages" type="FAILURE">
<![CDATA[  [Google Chrome] › navigation\navigation.spec.ts:290:7 › Navigation Performance › should have smooth transitions between pages 

    TimeoutError: page.click: Timeout 10000ms exceeded.
    Call log:
      - waiting for locator('.nav-item').locator('text=模型配置')
        - locator resolved to <span class="nav-text">模型配置</span>
      - attempting click action
        2 × waiting for element to be visible, enabled and stable
          - element is visible, enabled and stable
          - scrolling into view if needed
          - done scrolling
          - <iframe src="about:blank" id="webpack-dev-server-client-overlay"></iframe> intercepts pointer events
        - retrying click action
        - waiting 20ms
        2 × waiting for element to be visible, enabled and stable
          - element is visible, enabled and stable
          - scrolling into view if needed
          - done scrolling
          - <iframe src="about:blank" id="webpack-dev-server-client-overlay"></iframe> intercepts pointer events
        - retrying click action
          - waiting 100ms
        18 × waiting for element to be visible, enabled and stable
           - element is visible, enabled and stable
           - scrolling into view if needed
           - done scrolling
           - <iframe src="about:blank" id="webpack-dev-server-client-overlay"></iframe> intercepts pointer events
         - retrying click action
           - waiting 500ms


      293 |     // 测试页面转换速度
      294 |     const startTime = Date.now();
    > 295 |     await page.click('.nav-item >> text=模型配置');
          |                ^
      296 |     await page.waitForURL('**/models');
      297 |     const navigationTime = Date.now() - startTime;
      298 |
        at C:\Users\Joe\SynologyDrive\codes\有声小说\frontend\tests\navigation\navigation.spec.ts:295:16

    attachment #1: screenshot (image/png) ──────────────────────────────────────────────────────────
    ..\test-results\navigation-navigation-Navi-f4c5b-h-transitions-between-pages-Google-Chrome\test-failed-1.png
    ────────────────────────────────────────────────────────────────────────────────────────────────

    attachment #2: video (video/webm) ──────────────────────────────────────────────────────────────
    ..\test-results\navigation-navigation-Navi-f4c5b-h-transitions-between-pages-Google-Chrome\video.webm
    ────────────────────────────────────────────────────────────────────────────────────────────────

    Error Context: ..\test-results\navigation-navigation-Navi-f4c5b-h-transitions-between-pages-Google-Chrome\error-context.md
]]>
</failure>
<system-out>
<![CDATA[
[[ATTACHMENT|test-results\navigation-navigation-Navi-f4c5b-h-transitions-between-pages-Google-Chrome\test-failed-1.png]]

[[ATTACHMENT|test-results\navigation-navigation-Navi-f4c5b-h-transitions-between-pages-Google-Chrome\video.webm]]

[[ATTACHMENT|test-results\navigation-navigation-Navi-f4c5b-h-transitions-between-pages-Google-Chrome\error-context.md]]
]]>
</system-out>
</testcase>
<testcase name="Navigation Performance › should not cause layout shifts during navigation" classname="navigation\navigation.spec.ts" time="3.094">
</testcase>
</testsuite>
<testsuite name="responsive\responsive-design.spec.ts" timestamp="2025-12-01T08:52:23.342Z" hostname="Google Chrome" tests="72" failures="24" skipped="0" time="259.914" errors="0">
<testcase name="Responsive Design Tests › Desktop (1920x1080) › should display navigation correctly" classname="responsive\responsive-design.spec.ts" time="3.379">
<failure message="responsive-design.spec.ts:21:11 should display navigation correctly" type="FAILURE">
<![CDATA[  [Google Chrome] › responsive\responsive-design.spec.ts:21:11 › Responsive Design Tests › Desktop (1920x1080) › should display navigation correctly 

    Error: expect(locator).toBeVisible() failed

    Locator: locator('.nav-item')
    Expected: visible
    Error: strict mode violation: locator('.nav-item') resolved to 7 elements:
        1) <a href="/" data-text="首页" aria-current="page" class="router-link-active router-link-exact-active nav-item">…</a> aka getByRole('link', { name: '🏠 首页' })
        2) <a href="/models" class="nav-item" data-text="AI模型">…</a> aka getByRole('link', { name: '🤖 模型配置' })
        3) <a href="/novel" class="nav-item" data-text="小说创作">…</a> aka getByRole('link', { name: '✍️ 小说生成' })
        4) <a href="/analysis" class="nav-item" data-text="角色分析">…</a> aka getByRole('link', { name: '🎭 角色分析' })
        5) <a href="/tts" class="nav-item" data-text="语音合成">…</a> aka getByRole('link', { name: '🎙️ 语音合成' })
        6) <a href="/subtitle" class="nav-item" data-text="字幕生成">…</a> aka getByRole('link', { name: '📝 字幕生成' })
        7) <a href="/output" class="nav-item" data-text="文件输出">…</a> aka getByRole('link', { name: '📦 文件输出' })

    Call log:
      - Expect "toBeVisible" with timeout 5000ms
      - waiting for locator('.nav-item')


      25 |         // 检查导航项是否可见
      26 |         const navItems = page.locator('.nav-item');
    > 27 |         await expect(navItems).toBeVisible();
         |                                ^
      28 |
      29 |         // 在小屏幕上检查导航布局
      30 |         if (device.width <= 768) {
        at C:\Users\Joe\SynologyDrive\codes\有声小说\frontend\tests\responsive\responsive-design.spec.ts:27:32

    attachment #1: screenshot (image/png) ──────────────────────────────────────────────────────────
    ..\test-results\responsive-responsive-desi-63ace-isplay-navigation-correctly-Google-Chrome\test-failed-1.png
    ────────────────────────────────────────────────────────────────────────────────────────────────

    attachment #2: video (video/webm) ──────────────────────────────────────────────────────────────
    ..\test-results\responsive-responsive-desi-63ace-isplay-navigation-correctly-Google-Chrome\video.webm
    ────────────────────────────────────────────────────────────────────────────────────────────────

    Error Context: ..\test-results\responsive-responsive-desi-63ace-isplay-navigation-correctly-Google-Chrome\error-context.md
]]>
</failure>
<system-out>
<![CDATA[
[[ATTACHMENT|test-results\responsive-responsive-desi-63ace-isplay-navigation-correctly-Google-Chrome\test-failed-1.png]]

[[ATTACHMENT|test-results\responsive-responsive-desi-63ace-isplay-navigation-correctly-Google-Chrome\video.webm]]

[[ATTACHMENT|test-results\responsive-responsive-desi-63ace-isplay-navigation-correctly-Google-Chrome\error-context.md]]
]]>
</system-out>
</testcase>
<testcase name="Responsive Design Tests › Desktop (1920x1080) › should display hero section correctly" classname="responsive\responsive-design.spec.ts" time="3.658">
</testcase>
<testcase name="Responsive Design Tests › Desktop (1920x1080) › should display statistics correctly" classname="responsive\responsive-design.spec.ts" time="7.89">
<failure message="responsive-design.spec.ts:73:11 should display statistics correctly" type="FAILURE">
<![CDATA[  [Google Chrome] › responsive\responsive-design.spec.ts:73:11 › Responsive Design Tests › Desktop (1920x1080) › should display statistics correctly 

    Error: expect(locator).toHaveCount(expected) failed

    Locator:  locator('.stat-item')
    Expected: 4
    Received: 8
    Timeout:  5000ms

    Call log:
      - Expect "toHaveCount" with timeout 5000ms
      - waiting for locator('.stat-item')
        9 × locator resolved to 8 elements
          - unexpected value "8"


      76 |
      77 |         const statItems = page.locator('.stat-item');
    > 78 |         await expect(statItems).toHaveCount(4);
         |                                 ^
      79 |
      80 |         // 根据屏幕尺寸检查网格布局
      81 |         const gridCols = device.width >= 1024 ? 4 :
        at C:\Users\Joe\SynologyDrive\codes\有声小说\frontend\tests\responsive\responsive-design.spec.ts:78:33

    attachment #1: screenshot (image/png) ──────────────────────────────────────────────────────────
    ..\test-results\responsive-responsive-desi-97a7f-isplay-statistics-correctly-Google-Chrome\test-failed-1.png
    ────────────────────────────────────────────────────────────────────────────────────────────────

    attachment #2: video (video/webm) ──────────────────────────────────────────────────────────────
    ..\test-results\responsive-responsive-desi-97a7f-isplay-statistics-correctly-Google-Chrome\video.webm
    ────────────────────────────────────────────────────────────────────────────────────────────────

    Error Context: ..\test-results\responsive-responsive-desi-97a7f-isplay-statistics-correctly-Google-Chrome\error-context.md
]]>
</failure>
<system-out>
<![CDATA[
[[ATTACHMENT|test-results\responsive-responsive-desi-97a7f-isplay-statistics-correctly-Google-Chrome\test-failed-1.png]]

[[ATTACHMENT|test-results\responsive-responsive-desi-97a7f-isplay-statistics-correctly-Google-Chrome\video.webm]]

[[ATTACHMENT|test-results\responsive-responsive-desi-97a7f-isplay-statistics-correctly-Google-Chrome\error-context.md]]
]]>
</system-out>
</testcase>
<testcase name="Responsive Design Tests › Desktop (1920x1080) › should display features section correctly" classname="responsive\responsive-design.spec.ts" time="3.295">
</testcase>
<testcase name="Responsive Design Tests › Desktop (1920x1080) › should display workflow section correctly" classname="responsive\responsive-design.spec.ts" time="3.142">
</testcase>
<testcase name="Responsive Design Tests › Desktop (1920x1080) › should display action buttons correctly" classname="responsive\responsive-design.spec.ts" time="3.029">
</testcase>
<testcase name="Responsive Design Tests › Desktop (1920x1080) › should handle horizontal scrolling properly" classname="responsive\responsive-design.spec.ts" time="2.712">
</testcase>
<testcase name="Responsive Design Tests › Desktop (1920x1080) › should display text correctly at different sizes" classname="responsive\responsive-design.spec.ts" time="3.556">
</testcase>
<testcase name="Responsive Design Tests › Desktop (1920x1080) › should handle images and media correctly" classname="responsive\responsive-design.spec.ts" time="2.548">
</testcase>
<testcase name="Responsive Design Tests › Desktop (1920x1080) › should maintain accessibility on all screen sizes" classname="responsive\responsive-design.spec.ts" time="3.002">
<failure message="responsive-design.spec.ts:235:11 should maintain accessibility on all screen sizes" type="FAILURE">
<![CDATA[  [Google Chrome] › responsive\responsive-design.spec.ts:235:11 › Responsive Design Tests › Desktop (1920x1080) › should maintain accessibility on all screen sizes 

    Error: expect(received).toBeGreaterThanOrEqual(expected)

    Expected: >= 32
    Received:    24

      246 |           if (bounds) {
      247 |             const minSize = device.width <= 768 ? 44 : 32;
    > 248 |             expect(bounds.height).toBeGreaterThanOrEqual(minSize);
          |                                   ^
      249 |             expect(bounds.width).toBeGreaterThanOrEqual(minSize);
      250 |           }
      251 |         }
        at C:\Users\Joe\SynologyDrive\codes\有声小说\frontend\tests\responsive\responsive-design.spec.ts:248:35

    attachment #1: screenshot (image/png) ──────────────────────────────────────────────────────────
    ..\test-results\responsive-responsive-desi-b0eb5-ibility-on-all-screen-sizes-Google-Chrome\test-failed-1.png
    ────────────────────────────────────────────────────────────────────────────────────────────────

    attachment #2: video (video/webm) ──────────────────────────────────────────────────────────────
    ..\test-results\responsive-responsive-desi-b0eb5-ibility-on-all-screen-sizes-Google-Chrome\video.webm
    ────────────────────────────────────────────────────────────────────────────────────────────────

    Error Context: ..\test-results\responsive-responsive-desi-b0eb5-ibility-on-all-screen-sizes-Google-Chrome\error-context.md
]]>
</failure>
<system-out>
<![CDATA[
[[ATTACHMENT|test-results\responsive-responsive-desi-b0eb5-ibility-on-all-screen-sizes-Google-Chrome\test-failed-1.png]]

[[ATTACHMENT|test-results\responsive-responsive-desi-b0eb5-ibility-on-all-screen-sizes-Google-Chrome\video.webm]]

[[ATTACHMENT|test-results\responsive-responsive-desi-b0eb5-ibility-on-all-screen-sizes-Google-Chrome\error-context.md]]
]]>
</system-out>
</testcase>
<testcase name="Responsive Design Tests › Desktop (1920x1080) › should handle touch interactions on mobile devices" classname="responsive\responsive-design.spec.ts" time="3.063">
</testcase>
<testcase name="Responsive Design Tests › Laptop (1366x768) › should display navigation correctly" classname="responsive\responsive-design.spec.ts" time="3.907">
<failure message="responsive-design.spec.ts:21:11 should display navigation correctly" type="FAILURE">
<![CDATA[  [Google Chrome] › responsive\responsive-design.spec.ts:21:11 › Responsive Design Tests › Laptop (1366x768) › should display navigation correctly 

    Error: expect(locator).toBeVisible() failed

    Locator: locator('.nav-item')
    Expected: visible
    Error: strict mode violation: locator('.nav-item') resolved to 7 elements:
        1) <a href="/" data-text="首页" aria-current="page" class="router-link-active router-link-exact-active nav-item">…</a> aka getByRole('link', { name: '🏠 首页' })
        2) <a href="/models" class="nav-item" data-text="AI模型">…</a> aka getByRole('link', { name: '🤖 模型配置' })
        3) <a href="/novel" class="nav-item" data-text="小说创作">…</a> aka getByRole('link', { name: '✍️ 小说生成' })
        4) <a href="/analysis" class="nav-item" data-text="角色分析">…</a> aka getByRole('link', { name: '🎭 角色分析' })
        5) <a href="/tts" class="nav-item" data-text="语音合成">…</a> aka getByRole('link', { name: '🎙️ 语音合成' })
        6) <a href="/subtitle" class="nav-item" data-text="字幕生成">…</a> aka getByRole('link', { name: '📝 字幕生成' })
        7) <a href="/output" class="nav-item" data-text="文件输出">…</a> aka getByRole('link', { name: '📦 文件输出' })

    Call log:
      - Expect "toBeVisible" with timeout 5000ms
      - waiting for locator('.nav-item')


      25 |         // 检查导航项是否可见
      26 |         const navItems = page.locator('.nav-item');
    > 27 |         await expect(navItems).toBeVisible();
         |                                ^
      28 |
      29 |         // 在小屏幕上检查导航布局
      30 |         if (device.width <= 768) {
        at C:\Users\Joe\SynologyDrive\codes\有声小说\frontend\tests\responsive\responsive-design.spec.ts:27:32

    attachment #1: screenshot (image/png) ──────────────────────────────────────────────────────────
    ..\test-results\responsive-responsive-desi-3bc42-isplay-navigation-correctly-Google-Chrome\test-failed-1.png
    ────────────────────────────────────────────────────────────────────────────────────────────────

    attachment #2: video (video/webm) ──────────────────────────────────────────────────────────────
    ..\test-results\responsive-responsive-desi-3bc42-isplay-navigation-correctly-Google-Chrome\video.webm
    ────────────────────────────────────────────────────────────────────────────────────────────────

    Error Context: ..\test-results\responsive-responsive-desi-3bc42-isplay-navigation-correctly-Google-Chrome\error-context.md
]]>
</failure>
<system-out>
<![CDATA[
[[ATTACHMENT|test-results\responsive-responsive-desi-3bc42-isplay-navigation-correctly-Google-Chrome\test-failed-1.png]]

[[ATTACHMENT|test-results\responsive-responsive-desi-3bc42-isplay-navigation-correctly-Google-Chrome\video.webm]]

[[ATTACHMENT|test-results\responsive-responsive-desi-3bc42-isplay-navigation-correctly-Google-Chrome\error-context.md]]
]]>
</system-out>
</testcase>
<testcase name="Responsive Design Tests › Laptop (1366x768) › should display hero section correctly" classname="responsive\responsive-design.spec.ts" time="2.622">
</testcase>
<testcase name="Responsive Design Tests › Laptop (1366x768) › should display statistics correctly" classname="responsive\responsive-design.spec.ts" time="7.794">
<failure message="responsive-design.spec.ts:73:11 should display statistics correctly" type="FAILURE">
<![CDATA[  [Google Chrome] › responsive\responsive-design.spec.ts:73:11 › Responsive Design Tests › Laptop (1366x768) › should display statistics correctly 

    Error: expect(locator).toHaveCount(expected) failed

    Locator:  locator('.stat-item')
    Expected: 4
    Received: 8
    Timeout:  5000ms

    Call log:
      - Expect "toHaveCount" with timeout 5000ms
      - waiting for locator('.stat-item')
        9 × locator resolved to 8 elements
          - unexpected value "8"


      76 |
      77 |         const statItems = page.locator('.stat-item');
    > 78 |         await expect(statItems).toHaveCount(4);
         |                                 ^
      79 |
      80 |         // 根据屏幕尺寸检查网格布局
      81 |         const gridCols = device.width >= 1024 ? 4 :
        at C:\Users\Joe\SynologyDrive\codes\有声小说\frontend\tests\responsive\responsive-design.spec.ts:78:33

    attachment #1: screenshot (image/png) ──────────────────────────────────────────────────────────
    ..\test-results\responsive-responsive-desi-c88fb-isplay-statistics-correctly-Google-Chrome\test-failed-1.png
    ────────────────────────────────────────────────────────────────────────────────────────────────

    attachment #2: video (video/webm) ──────────────────────────────────────────────────────────────
    ..\test-results\responsive-responsive-desi-c88fb-isplay-statistics-correctly-Google-Chrome\video.webm
    ────────────────────────────────────────────────────────────────────────────────────────────────

    Error Context: ..\test-results\responsive-responsive-desi-c88fb-isplay-statistics-correctly-Google-Chrome\error-context.md
]]>
</failure>
<system-out>
<![CDATA[
[[ATTACHMENT|test-results\responsive-responsive-desi-c88fb-isplay-statistics-correctly-Google-Chrome\test-failed-1.png]]

[[ATTACHMENT|test-results\responsive-responsive-desi-c88fb-isplay-statistics-correctly-Google-Chrome\video.webm]]

[[ATTACHMENT|test-results\responsive-responsive-desi-c88fb-isplay-statistics-correctly-Google-Chrome\error-context.md]]
]]>
</system-out>
</testcase>
<testcase name="Responsive Design Tests › Laptop (1366x768) › should display features section correctly" classname="responsive\responsive-design.spec.ts" time="4.112">
</testcase>
<testcase name="Responsive Design Tests › Laptop (1366x768) › should display workflow section correctly" classname="responsive\responsive-design.spec.ts" time="3.136">
</testcase>
<testcase name="Responsive Design Tests › Laptop (1366x768) › should display action buttons correctly" classname="responsive\responsive-design.spec.ts" time="3.051">
</testcase>
<testcase name="Responsive Design Tests › Laptop (1366x768) › should handle horizontal scrolling properly" classname="responsive\responsive-design.spec.ts" time="3.887">
</testcase>
<testcase name="Responsive Design Tests › Laptop (1366x768) › should display text correctly at different sizes" classname="responsive\responsive-design.spec.ts" time="3.365">
</testcase>
<testcase name="Responsive Design Tests › Laptop (1366x768) › should handle images and media correctly" classname="responsive\responsive-design.spec.ts" time="3.165">
</testcase>
<testcase name="Responsive Design Tests › Laptop (1366x768) › should maintain accessibility on all screen sizes" classname="responsive\responsive-design.spec.ts" time="3.573">
<failure message="responsive-design.spec.ts:235:11 should maintain accessibility on all screen sizes" type="FAILURE">
<![CDATA[  [Google Chrome] › responsive\responsive-design.spec.ts:235:11 › Responsive Design Tests › Laptop (1366x768) › should maintain accessibility on all screen sizes 

    Error: expect(received).toBeGreaterThanOrEqual(expected)

    Expected: >= 32
    Received:    24

      246 |           if (bounds) {
      247 |             const minSize = device.width <= 768 ? 44 : 32;
    > 248 |             expect(bounds.height).toBeGreaterThanOrEqual(minSize);
          |                                   ^
      249 |             expect(bounds.width).toBeGreaterThanOrEqual(minSize);
      250 |           }
      251 |         }
        at C:\Users\Joe\SynologyDrive\codes\有声小说\frontend\tests\responsive\responsive-design.spec.ts:248:35

    attachment #1: screenshot (image/png) ──────────────────────────────────────────────────────────
    ..\test-results\responsive-responsive-desi-1eb67-ibility-on-all-screen-sizes-Google-Chrome\test-failed-1.png
    ────────────────────────────────────────────────────────────────────────────────────────────────

    attachment #2: video (video/webm) ──────────────────────────────────────────────────────────────
    ..\test-results\responsive-responsive-desi-1eb67-ibility-on-all-screen-sizes-Google-Chrome\video.webm
    ────────────────────────────────────────────────────────────────────────────────────────────────

    Error Context: ..\test-results\responsive-responsive-desi-1eb67-ibility-on-all-screen-sizes-Google-Chrome\error-context.md
]]>
</failure>
<system-out>
<![CDATA[
[[ATTACHMENT|test-results\responsive-responsive-desi-1eb67-ibility-on-all-screen-sizes-Google-Chrome\test-failed-1.png]]

[[ATTACHMENT|test-results\responsive-responsive-desi-1eb67-ibility-on-all-screen-sizes-Google-Chrome\video.webm]]

[[ATTACHMENT|test-results\responsive-responsive-desi-1eb67-ibility-on-all-screen-sizes-Google-Chrome\error-context.md]]
]]>
</system-out>
</testcase>
<testcase name="Responsive Design Tests › Laptop (1366x768) › should handle touch interactions on mobile devices" classname="responsive\responsive-design.spec.ts" time="2.666">
</testcase>
<testcase name="Responsive Design Tests › Tablet (768x1024) › should display navigation correctly" classname="responsive\responsive-design.spec.ts" time="3.39">
<failure message="responsive-design.spec.ts:21:11 should display navigation correctly" type="FAILURE">
<![CDATA[  [Google Chrome] › responsive\responsive-design.spec.ts:21:11 › Responsive Design Tests › Tablet (768x1024) › should display navigation correctly 

    Error: expect(locator).toBeVisible() failed

    Locator: locator('.nav-item')
    Expected: visible
    Error: strict mode violation: locator('.nav-item') resolved to 7 elements:
        1) <a href="/" data-text="首页" aria-current="page" class="router-link-active router-link-exact-active nav-item">…</a> aka getByRole('link', { name: '🏠 首页' })
        2) <a href="/models" class="nav-item" data-text="AI模型">…</a> aka getByRole('link', { name: '🤖 模型配置' })
        3) <a href="/novel" class="nav-item" data-text="小说创作">…</a> aka getByRole('link', { name: '✍️ 小说生成' })
        4) <a href="/analysis" class="nav-item" data-text="角色分析">…</a> aka getByRole('link', { name: '🎭 角色分析' })
        5) <a href="/tts" class="nav-item" data-text="语音合成">…</a> aka getByRole('link', { name: '🎙️ 语音合成' })
        6) <a href="/subtitle" class="nav-item" data-text="字幕生成">…</a> aka getByRole('link', { name: '📝 字幕生成' })
        7) <a href="/output" class="nav-item" data-text="文件输出">…</a> aka getByRole('link', { name: '📦 文件输出' })

    Call log:
      - Expect "toBeVisible" with timeout 5000ms
      - waiting for locator('.nav-item')


      25 |         // 检查导航项是否可见
      26 |         const navItems = page.locator('.nav-item');
    > 27 |         await expect(navItems).toBeVisible();
         |                                ^
      28 |
      29 |         // 在小屏幕上检查导航布局
      30 |         if (device.width <= 768) {
        at C:\Users\Joe\SynologyDrive\codes\有声小说\frontend\tests\responsive\responsive-design.spec.ts:27:32

    attachment #1: screenshot (image/png) ──────────────────────────────────────────────────────────
    ..\test-results\responsive-responsive-desi-cdfd3-isplay-navigation-correctly-Google-Chrome\test-failed-1.png
    ────────────────────────────────────────────────────────────────────────────────────────────────

    attachment #2: video (video/webm) ──────────────────────────────────────────────────────────────
    ..\test-results\responsive-responsive-desi-cdfd3-isplay-navigation-correctly-Google-Chrome\video.webm
    ────────────────────────────────────────────────────────────────────────────────────────────────

    Error Context: ..\test-results\responsive-responsive-desi-cdfd3-isplay-navigation-correctly-Google-Chrome\error-context.md
]]>
</failure>
<system-out>
<![CDATA[
[[ATTACHMENT|test-results\responsive-responsive-desi-cdfd3-isplay-navigation-correctly-Google-Chrome\test-failed-1.png]]

[[ATTACHMENT|test-results\responsive-responsive-desi-cdfd3-isplay-navigation-correctly-Google-Chrome\video.webm]]

[[ATTACHMENT|test-results\responsive-responsive-desi-cdfd3-isplay-navigation-correctly-Google-Chrome\error-context.md]]
]]>
</system-out>
</testcase>
<testcase name="Responsive Design Tests › Tablet (768x1024) › should display hero section correctly" classname="responsive\responsive-design.spec.ts" time="3.869">
<failure message="responsive-design.spec.ts:41:11 should display hero section correctly" type="FAILURE">
<![CDATA[  [Google Chrome] › responsive\responsive-design.spec.ts:41:11 › Responsive Design Tests › Tablet (768x1024) › should display hero section correctly 

    Error: expect(received).toContain(expected) // indexOf

    Expected substring: "column"
    Received string:    "row"

      54 |
      55 |           // 移动设备上应该是垂直排列
    > 56 |           expect(contentStyle.flexDirection || contentStyle.display).toContain('column');
         |                                                                      ^
      57 |           expect(contentStyle.textAlign || '').toContain('center');
      58 |         }
      59 |
        at C:\Users\Joe\SynologyDrive\codes\有声小说\frontend\tests\responsive\responsive-design.spec.ts:56:70

    attachment #1: screenshot (image/png) ──────────────────────────────────────────────────────────
    ..\test-results\responsive-responsive-desi-4c893-play-hero-section-correctly-Google-Chrome\test-failed-1.png
    ────────────────────────────────────────────────────────────────────────────────────────────────

    attachment #2: video (video/webm) ──────────────────────────────────────────────────────────────
    ..\test-results\responsive-responsive-desi-4c893-play-hero-section-correctly-Google-Chrome\video.webm
    ────────────────────────────────────────────────────────────────────────────────────────────────

    Error Context: ..\test-results\responsive-responsive-desi-4c893-play-hero-section-correctly-Google-Chrome\error-context.md
]]>
</failure>
<system-out>
<![CDATA[
[[ATTACHMENT|test-results\responsive-responsive-desi-4c893-play-hero-section-correctly-Google-Chrome\test-failed-1.png]]

[[ATTACHMENT|test-results\responsive-responsive-desi-4c893-play-hero-section-correctly-Google-Chrome\video.webm]]

[[ATTACHMENT|test-results\responsive-responsive-desi-4c893-play-hero-section-correctly-Google-Chrome\error-context.md]]
]]>
</system-out>
</testcase>
<testcase name="Responsive Design Tests › Tablet (768x1024) › should display statistics correctly" classname="responsive\responsive-design.spec.ts" time="8.134">
<failure message="responsive-design.spec.ts:73:11 should display statistics correctly" type="FAILURE">
<![CDATA[  [Google Chrome] › responsive\responsive-design.spec.ts:73:11 › Responsive Design Tests › Tablet (768x1024) › should display statistics correctly 

    Error: expect(locator).toHaveCount(expected) failed

    Locator:  locator('.stat-item')
    Expected: 4
    Received: 8
    Timeout:  5000ms

    Call log:
      - Expect "toHaveCount" with timeout 5000ms
      - waiting for locator('.stat-item')
        9 × locator resolved to 8 elements
          - unexpected value "8"


      76 |
      77 |         const statItems = page.locator('.stat-item');
    > 78 |         await expect(statItems).toHaveCount(4);
         |                                 ^
      79 |
      80 |         // 根据屏幕尺寸检查网格布局
      81 |         const gridCols = device.width >= 1024 ? 4 :
        at C:\Users\Joe\SynologyDrive\codes\有声小说\frontend\tests\responsive\responsive-design.spec.ts:78:33

    attachment #1: screenshot (image/png) ──────────────────────────────────────────────────────────
    ..\test-results\responsive-responsive-desi-bea12-isplay-statistics-correctly-Google-Chrome\test-failed-1.png
    ────────────────────────────────────────────────────────────────────────────────────────────────

    attachment #2: video (video/webm) ──────────────────────────────────────────────────────────────
    ..\test-results\responsive-responsive-desi-bea12-isplay-statistics-correctly-Google-Chrome\video.webm
    ────────────────────────────────────────────────────────────────────────────────────────────────

    Error Context: ..\test-results\responsive-responsive-desi-bea12-isplay-statistics-correctly-Google-Chrome\error-context.md
]]>
</failure>
<system-out>
<![CDATA[
[[ATTACHMENT|test-results\responsive-responsive-desi-bea12-isplay-statistics-correctly-Google-Chrome\test-failed-1.png]]

[[ATTACHMENT|test-results\responsive-responsive-desi-bea12-isplay-statistics-correctly-Google-Chrome\video.webm]]

[[ATTACHMENT|test-results\responsive-responsive-desi-bea12-isplay-statistics-correctly-Google-Chrome\error-context.md]]
]]>
</system-out>
</testcase>
<testcase name="Responsive Design Tests › Tablet (768x1024) › should display features section correctly" classname="responsive\responsive-design.spec.ts" time="3.25">
</testcase>
<testcase name="Responsive Design Tests › Tablet (768x1024) › should display workflow section correctly" classname="responsive\responsive-design.spec.ts" time="3.465">
</testcase>
<testcase name="Responsive Design Tests › Tablet (768x1024) › should display action buttons correctly" classname="responsive\responsive-design.spec.ts" time="3.063">
</testcase>
<testcase name="Responsive Design Tests › Tablet (768x1024) › should handle horizontal scrolling properly" classname="responsive\responsive-design.spec.ts" time="2.7">
</testcase>
<testcase name="Responsive Design Tests › Tablet (768x1024) › should display text correctly at different sizes" classname="responsive\responsive-design.spec.ts" time="3.474">
</testcase>
<testcase name="Responsive Design Tests › Tablet (768x1024) › should handle images and media correctly" classname="responsive\responsive-design.spec.ts" time="2.724">
</testcase>
<testcase name="Responsive Design Tests › Tablet (768x1024) › should maintain accessibility on all screen sizes" classname="responsive\responsive-design.spec.ts" time="3.641">
<failure message="responsive-design.spec.ts:235:11 should maintain accessibility on all screen sizes" type="FAILURE">
<![CDATA[  [Google Chrome] › responsive\responsive-design.spec.ts:235:11 › Responsive Design Tests › Tablet (768x1024) › should maintain accessibility on all screen sizes 

    Error: expect(received).toBeGreaterThanOrEqual(expected)

    Expected: >= 44
    Received:    24

      246 |           if (bounds) {
      247 |             const minSize = device.width <= 768 ? 44 : 32;
    > 248 |             expect(bounds.height).toBeGreaterThanOrEqual(minSize);
          |                                   ^
      249 |             expect(bounds.width).toBeGreaterThanOrEqual(minSize);
      250 |           }
      251 |         }
        at C:\Users\Joe\SynologyDrive\codes\有声小说\frontend\tests\responsive\responsive-design.spec.ts:248:35

    attachment #1: screenshot (image/png) ──────────────────────────────────────────────────────────
    ..\test-results\responsive-responsive-desi-2f4da-ibility-on-all-screen-sizes-Google-Chrome\test-failed-1.png
    ────────────────────────────────────────────────────────────────────────────────────────────────

    attachment #2: video (video/webm) ──────────────────────────────────────────────────────────────
    ..\test-results\responsive-responsive-desi-2f4da-ibility-on-all-screen-sizes-Google-Chrome\video.webm
    ────────────────────────────────────────────────────────────────────────────────────────────────

    Error Context: ..\test-results\responsive-responsive-desi-2f4da-ibility-on-all-screen-sizes-Google-Chrome\error-context.md
]]>
</failure>
<system-out>
<![CDATA[
[[ATTACHMENT|test-results\responsive-responsive-desi-2f4da-ibility-on-all-screen-sizes-Google-Chrome\test-failed-1.png]]

[[ATTACHMENT|test-results\responsive-responsive-desi-2f4da-ibility-on-all-screen-sizes-Google-Chrome\video.webm]]

[[ATTACHMENT|test-results\responsive-responsive-desi-2f4da-ibility-on-all-screen-sizes-Google-Chrome\error-context.md]]
]]>
</system-out>
</testcase>
<testcase name="Responsive Design Tests › Tablet (768x1024) › should handle touch interactions on mobile devices" classname="responsive\responsive-design.spec.ts" time="3.2">
</testcase>
<testcase name="Responsive Design Tests › Mobile Large (414x896) › should display navigation correctly" classname="responsive\responsive-design.spec.ts" time="3.043">
<failure message="responsive-design.spec.ts:21:11 should display navigation correctly" type="FAILURE">
<![CDATA[  [Google Chrome] › responsive\responsive-design.spec.ts:21:11 › Responsive Design Tests › Mobile Large (414x896) › should display navigation correctly 

    Error: expect(locator).toBeVisible() failed

    Locator: locator('.nav-item')
    Expected: visible
    Error: strict mode violation: locator('.nav-item') resolved to 7 elements:
        1) <a href="/" data-text="首页" aria-current="page" class="router-link-active router-link-exact-active nav-item">…</a> aka getByRole('link', { name: '🏠 首页' })
        2) <a href="/models" class="nav-item" data-text="AI模型">…</a> aka getByRole('link', { name: '🤖 模型配置' })
        3) <a href="/novel" class="nav-item" data-text="小说创作">…</a> aka getByRole('link', { name: '✍️ 小说生成' })
        4) <a href="/analysis" class="nav-item" data-text="角色分析">…</a> aka getByRole('link', { name: '🎭 角色分析' })
        5) <a href="/tts" class="nav-item" data-text="语音合成">…</a> aka getByRole('link', { name: '🎙️ 语音合成' })
        6) <a href="/subtitle" class="nav-item" data-text="字幕生成">…</a> aka getByRole('link', { name: '📝 字幕生成' })
        7) <a href="/output" class="nav-item" data-text="文件输出">…</a> aka getByRole('link', { name: '📦 文件输出' })

    Call log:
      - Expect "toBeVisible" with timeout 5000ms
      - waiting for locator('.nav-item')


      25 |         // 检查导航项是否可见
      26 |         const navItems = page.locator('.nav-item');
    > 27 |         await expect(navItems).toBeVisible();
         |                                ^
      28 |
      29 |         // 在小屏幕上检查导航布局
      30 |         if (device.width <= 768) {
        at C:\Users\Joe\SynologyDrive\codes\有声小说\frontend\tests\responsive\responsive-design.spec.ts:27:32

    attachment #1: screenshot (image/png) ──────────────────────────────────────────────────────────
    ..\test-results\responsive-responsive-desi-906ac-isplay-navigation-correctly-Google-Chrome\test-failed-1.png
    ────────────────────────────────────────────────────────────────────────────────────────────────

    attachment #2: video (video/webm) ──────────────────────────────────────────────────────────────
    ..\test-results\responsive-responsive-desi-906ac-isplay-navigation-correctly-Google-Chrome\video.webm
    ────────────────────────────────────────────────────────────────────────────────────────────────

    Error Context: ..\test-results\responsive-responsive-desi-906ac-isplay-navigation-correctly-Google-Chrome\error-context.md
]]>
</failure>
<system-out>
<![CDATA[
[[ATTACHMENT|test-results\responsive-responsive-desi-906ac-isplay-navigation-correctly-Google-Chrome\test-failed-1.png]]

[[ATTACHMENT|test-results\responsive-responsive-desi-906ac-isplay-navigation-correctly-Google-Chrome\video.webm]]

[[ATTACHMENT|test-results\responsive-responsive-desi-906ac-isplay-navigation-correctly-Google-Chrome\error-context.md]]
]]>
</system-out>
</testcase>
<testcase name="Responsive Design Tests › Mobile Large (414x896) › should display hero section correctly" classname="responsive\responsive-design.spec.ts" time="2.753">
<failure message="responsive-design.spec.ts:41:11 should display hero section correctly" type="FAILURE">
<![CDATA[  [Google Chrome] › responsive\responsive-design.spec.ts:41:11 › Responsive Design Tests › Mobile Large (414x896) › should display hero section correctly 

    Error: expect(received).toContain(expected) // indexOf

    Expected substring: "column"
    Received string:    "row"

      54 |
      55 |           // 移动设备上应该是垂直排列
    > 56 |           expect(contentStyle.flexDirection || contentStyle.display).toContain('column');
         |                                                                      ^
      57 |           expect(contentStyle.textAlign || '').toContain('center');
      58 |         }
      59 |
        at C:\Users\Joe\SynologyDrive\codes\有声小说\frontend\tests\responsive\responsive-design.spec.ts:56:70

    attachment #1: screenshot (image/png) ──────────────────────────────────────────────────────────
    ..\test-results\responsive-responsive-desi-2f324-play-hero-section-correctly-Google-Chrome\test-failed-1.png
    ────────────────────────────────────────────────────────────────────────────────────────────────

    attachment #2: video (video/webm) ──────────────────────────────────────────────────────────────
    ..\test-results\responsive-responsive-desi-2f324-play-hero-section-correctly-Google-Chrome\video.webm
    ────────────────────────────────────────────────────────────────────────────────────────────────

    Error Context: ..\test-results\responsive-responsive-desi-2f324-play-hero-section-correctly-Google-Chrome\error-context.md
]]>
</failure>
<system-out>
<![CDATA[
[[ATTACHMENT|test-results\responsive-responsive-desi-2f324-play-hero-section-correctly-Google-Chrome\test-failed-1.png]]

[[ATTACHMENT|test-results\responsive-responsive-desi-2f324-play-hero-section-correctly-Google-Chrome\video.webm]]

[[ATTACHMENT|test-results\responsive-responsive-desi-2f324-play-hero-section-correctly-Google-Chrome\error-context.md]]
]]>
</system-out>
</testcase>
<testcase name="Responsive Design Tests › Mobile Large (414x896) › should display statistics correctly" classname="responsive\responsive-design.spec.ts" time="7.849">
<failure message="responsive-design.spec.ts:73:11 should display statistics correctly" type="FAILURE">
<![CDATA[  [Google Chrome] › responsive\responsive-design.spec.ts:73:11 › Responsive Design Tests › Mobile Large (414x896) › should display statistics correctly 

    Error: expect(locator).toHaveCount(expected) failed

    Locator:  locator('.stat-item')
    Expected: 4
    Received: 8
    Timeout:  5000ms

    Call log:
      - Expect "toHaveCount" with timeout 5000ms
      - waiting for locator('.stat-item')
        9 × locator resolved to 8 elements
          - unexpected value "8"


      76 |
      77 |         const statItems = page.locator('.stat-item');
    > 78 |         await expect(statItems).toHaveCount(4);
         |                                 ^
      79 |
      80 |         // 根据屏幕尺寸检查网格布局
      81 |         const gridCols = device.width >= 1024 ? 4 :
        at C:\Users\Joe\SynologyDrive\codes\有声小说\frontend\tests\responsive\responsive-design.spec.ts:78:33

    attachment #1: screenshot (image/png) ──────────────────────────────────────────────────────────
    ..\test-results\responsive-responsive-desi-2be93-isplay-statistics-correctly-Google-Chrome\test-failed-1.png
    ────────────────────────────────────────────────────────────────────────────────────────────────

    attachment #2: video (video/webm) ──────────────────────────────────────────────────────────────
    ..\test-results\responsive-responsive-desi-2be93-isplay-statistics-correctly-Google-Chrome\video.webm
    ────────────────────────────────────────────────────────────────────────────────────────────────

    Error Context: ..\test-results\responsive-responsive-desi-2be93-isplay-statistics-correctly-Google-Chrome\error-context.md
]]>
</failure>
<system-out>
<![CDATA[
[[ATTACHMENT|test-results\responsive-responsive-desi-2be93-isplay-statistics-correctly-Google-Chrome\test-failed-1.png]]

[[ATTACHMENT|test-results\responsive-responsive-desi-2be93-isplay-statistics-correctly-Google-Chrome\video.webm]]

[[ATTACHMENT|test-results\responsive-responsive-desi-2be93-isplay-statistics-correctly-Google-Chrome\error-context.md]]
]]>
</system-out>
</testcase>
<testcase name="Responsive Design Tests › Mobile Large (414x896) › should display features section correctly" classname="responsive\responsive-design.spec.ts" time="2.816">
</testcase>
<testcase name="Responsive Design Tests › Mobile Large (414x896) › should display workflow section correctly" classname="responsive\responsive-design.spec.ts" time="2.889">
</testcase>
<testcase name="Responsive Design Tests › Mobile Large (414x896) › should display action buttons correctly" classname="responsive\responsive-design.spec.ts" time="3.1">
</testcase>
<testcase name="Responsive Design Tests › Mobile Large (414x896) › should handle horizontal scrolling properly" classname="responsive\responsive-design.spec.ts" time="3.28">
</testcase>
<testcase name="Responsive Design Tests › Mobile Large (414x896) › should display text correctly at different sizes" classname="responsive\responsive-design.spec.ts" time="2.905">
</testcase>
<testcase name="Responsive Design Tests › Mobile Large (414x896) › should handle images and media correctly" classname="responsive\responsive-design.spec.ts" time="3.237">
</testcase>
<testcase name="Responsive Design Tests › Mobile Large (414x896) › should maintain accessibility on all screen sizes" classname="responsive\responsive-design.spec.ts" time="3.391">
<failure message="responsive-design.spec.ts:235:11 should maintain accessibility on all screen sizes" type="FAILURE">
<![CDATA[  [Google Chrome] › responsive\responsive-design.spec.ts:235:11 › Responsive Design Tests › Mobile Large (414x896) › should maintain accessibility on all screen sizes 

    Error: expect(received).toBeGreaterThanOrEqual(expected)

    Expected: >= 44
    Received:    24

      246 |           if (bounds) {
      247 |             const minSize = device.width <= 768 ? 44 : 32;
    > 248 |             expect(bounds.height).toBeGreaterThanOrEqual(minSize);
          |                                   ^
      249 |             expect(bounds.width).toBeGreaterThanOrEqual(minSize);
      250 |           }
      251 |         }
        at C:\Users\Joe\SynologyDrive\codes\有声小说\frontend\tests\responsive\responsive-design.spec.ts:248:35

    attachment #1: screenshot (image/png) ──────────────────────────────────────────────────────────
    ..\test-results\responsive-responsive-desi-7cc27-ibility-on-all-screen-sizes-Google-Chrome\test-failed-1.png
    ────────────────────────────────────────────────────────────────────────────────────────────────

    attachment #2: video (video/webm) ──────────────────────────────────────────────────────────────
    ..\test-results\responsive-responsive-desi-7cc27-ibility-on-all-screen-sizes-Google-Chrome\video.webm
    ────────────────────────────────────────────────────────────────────────────────────────────────

    Error Context: ..\test-results\responsive-responsive-desi-7cc27-ibility-on-all-screen-sizes-Google-Chrome\error-context.md
]]>
</failure>
<system-out>
<![CDATA[
[[ATTACHMENT|test-results\responsive-responsive-desi-7cc27-ibility-on-all-screen-sizes-Google-Chrome\test-failed-1.png]]

[[ATTACHMENT|test-results\responsive-responsive-desi-7cc27-ibility-on-all-screen-sizes-Google-Chrome\video.webm]]

[[ATTACHMENT|test-results\responsive-responsive-desi-7cc27-ibility-on-all-screen-sizes-Google-Chrome\error-context.md]]
]]>
</system-out>
</testcase>
<testcase name="Responsive Design Tests › Mobile Large (414x896) › should handle touch interactions on mobile devices" classname="responsive\responsive-design.spec.ts" time="3.506">
</testcase>
<testcase name="Responsive Design Tests › Mobile (375x667) › should display navigation correctly" classname="responsive\responsive-design.spec.ts" time="2.875">
<failure message="responsive-design.spec.ts:21:11 should display navigation correctly" type="FAILURE">
<![CDATA[  [Google Chrome] › responsive\responsive-design.spec.ts:21:11 › Responsive Design Tests › Mobile (375x667) › should display navigation correctly 

    Error: expect(locator).toBeVisible() failed

    Locator: locator('.nav-item')
    Expected: visible
    Error: strict mode violation: locator('.nav-item') resolved to 7 elements:
        1) <a href="/" data-text="首页" aria-current="page" class="router-link-active router-link-exact-active nav-item">…</a> aka getByRole('link', { name: '🏠 首页' })
        2) <a href="/models" class="nav-item" data-text="AI模型">…</a> aka getByRole('link', { name: '🤖 模型配置' })
        3) <a href="/novel" class="nav-item" data-text="小说创作">…</a> aka getByRole('link', { name: '✍️ 小说生成' })
        4) <a href="/analysis" class="nav-item" data-text="角色分析">…</a> aka getByRole('link', { name: '🎭 角色分析' })
        5) <a href="/tts" class="nav-item" data-text="语音合成">…</a> aka getByRole('link', { name: '🎙️ 语音合成' })
        6) <a href="/subtitle" class="nav-item" data-text="字幕生成">…</a> aka getByRole('link', { name: '📝 字幕生成' })
        7) <a href="/output" class="nav-item" data-text="文件输出">…</a> aka getByRole('link', { name: '📦 文件输出' })

    Call log:
      - Expect "toBeVisible" with timeout 5000ms
      - waiting for locator('.nav-item')


      25 |         // 检查导航项是否可见
      26 |         const navItems = page.locator('.nav-item');
    > 27 |         await expect(navItems).toBeVisible();
         |                                ^
      28 |
      29 |         // 在小屏幕上检查导航布局
      30 |         if (device.width <= 768) {
        at C:\Users\Joe\SynologyDrive\codes\有声小说\frontend\tests\responsive\responsive-design.spec.ts:27:32

    attachment #1: screenshot (image/png) ──────────────────────────────────────────────────────────
    ..\test-results\responsive-responsive-desi-cab0a-isplay-navigation-correctly-Google-Chrome\test-failed-1.png
    ────────────────────────────────────────────────────────────────────────────────────────────────

    attachment #2: video (video/webm) ──────────────────────────────────────────────────────────────
    ..\test-results\responsive-responsive-desi-cab0a-isplay-navigation-correctly-Google-Chrome\video.webm
    ────────────────────────────────────────────────────────────────────────────────────────────────

    Error Context: ..\test-results\responsive-responsive-desi-cab0a-isplay-navigation-correctly-Google-Chrome\error-context.md
]]>
</failure>
<system-out>
<![CDATA[
[[ATTACHMENT|test-results\responsive-responsive-desi-cab0a-isplay-navigation-correctly-Google-Chrome\test-failed-1.png]]

[[ATTACHMENT|test-results\responsive-responsive-desi-cab0a-isplay-navigation-correctly-Google-Chrome\video.webm]]

[[ATTACHMENT|test-results\responsive-responsive-desi-cab0a-isplay-navigation-correctly-Google-Chrome\error-context.md]]
]]>
</system-out>
</testcase>
<testcase name="Responsive Design Tests › Mobile (375x667) › should display hero section correctly" classname="responsive\responsive-design.spec.ts" time="3.057">
<failure message="responsive-design.spec.ts:41:11 should display hero section correctly" type="FAILURE">
<![CDATA[  [Google Chrome] › responsive\responsive-design.spec.ts:41:11 › Responsive Design Tests › Mobile (375x667) › should display hero section correctly 

    Error: expect(received).toContain(expected) // indexOf

    Expected substring: "column"
    Received string:    "row"

      54 |
      55 |           // 移动设备上应该是垂直排列
    > 56 |           expect(contentStyle.flexDirection || contentStyle.display).toContain('column');
         |                                                                      ^
      57 |           expect(contentStyle.textAlign || '').toContain('center');
      58 |         }
      59 |
        at C:\Users\Joe\SynologyDrive\codes\有声小说\frontend\tests\responsive\responsive-design.spec.ts:56:70

    attachment #1: screenshot (image/png) ──────────────────────────────────────────────────────────
    ..\test-results\responsive-responsive-desi-97a19-play-hero-section-correctly-Google-Chrome\test-failed-1.png
    ────────────────────────────────────────────────────────────────────────────────────────────────

    attachment #2: video (video/webm) ──────────────────────────────────────────────────────────────
    ..\test-results\responsive-responsive-desi-97a19-play-hero-section-correctly-Google-Chrome\video.webm
    ────────────────────────────────────────────────────────────────────────────────────────────────

    Error Context: ..\test-results\responsive-responsive-desi-97a19-play-hero-section-correctly-Google-Chrome\error-context.md
]]>
</failure>
<system-out>
<![CDATA[
[[ATTACHMENT|test-results\responsive-responsive-desi-97a19-play-hero-section-correctly-Google-Chrome\test-failed-1.png]]

[[ATTACHMENT|test-results\responsive-responsive-desi-97a19-play-hero-section-correctly-Google-Chrome\video.webm]]

[[ATTACHMENT|test-results\responsive-responsive-desi-97a19-play-hero-section-correctly-Google-Chrome\error-context.md]]
]]>
</system-out>
</testcase>
<testcase name="Responsive Design Tests › Mobile (375x667) › should display statistics correctly" classname="responsive\responsive-design.spec.ts" time="8.01">
<failure message="responsive-design.spec.ts:73:11 should display statistics correctly" type="FAILURE">
<![CDATA[  [Google Chrome] › responsive\responsive-design.spec.ts:73:11 › Responsive Design Tests › Mobile (375x667) › should display statistics correctly 

    Error: expect(locator).toHaveCount(expected) failed

    Locator:  locator('.stat-item')
    Expected: 4
    Received: 8
    Timeout:  5000ms

    Call log:
      - Expect "toHaveCount" with timeout 5000ms
      - waiting for locator('.stat-item')
        8 × locator resolved to 8 elements
          - unexpected value "8"


      76 |
      77 |         const statItems = page.locator('.stat-item');
    > 78 |         await expect(statItems).toHaveCount(4);
         |                                 ^
      79 |
      80 |         // 根据屏幕尺寸检查网格布局
      81 |         const gridCols = device.width >= 1024 ? 4 :
        at C:\Users\Joe\SynologyDrive\codes\有声小说\frontend\tests\responsive\responsive-design.spec.ts:78:33

    attachment #1: screenshot (image/png) ──────────────────────────────────────────────────────────
    ..\test-results\responsive-responsive-desi-67a48-isplay-statistics-correctly-Google-Chrome\test-failed-1.png
    ────────────────────────────────────────────────────────────────────────────────────────────────

    attachment #2: video (video/webm) ──────────────────────────────────────────────────────────────
    ..\test-results\responsive-responsive-desi-67a48-isplay-statistics-correctly-Google-Chrome\video.webm
    ────────────────────────────────────────────────────────────────────────────────────────────────

    Error Context: ..\test-results\responsive-responsive-desi-67a48-isplay-statistics-correctly-Google-Chrome\error-context.md
]]>
</failure>
<system-out>
<![CDATA[
[[ATTACHMENT|test-results\responsive-responsive-desi-67a48-isplay-statistics-correctly-Google-Chrome\test-failed-1.png]]

[[ATTACHMENT|test-results\responsive-responsive-desi-67a48-isplay-statistics-correctly-Google-Chrome\video.webm]]

[[ATTACHMENT|test-results\responsive-responsive-desi-67a48-isplay-statistics-correctly-Google-Chrome\error-context.md]]
]]>
</system-out>
</testcase>
<testcase name="Responsive Design Tests › Mobile (375x667) › should display features section correctly" classname="responsive\responsive-design.spec.ts" time="3.058">
</testcase>
<testcase name="Responsive Design Tests › Mobile (375x667) › should display workflow section correctly" classname="responsive\responsive-design.spec.ts" time="2.719">
</testcase>
<testcase name="Responsive Design Tests › Mobile (375x667) › should display action buttons correctly" classname="responsive\responsive-design.spec.ts" time="3.085">
</testcase>
<testcase name="Responsive Design Tests › Mobile (375x667) › should handle horizontal scrolling properly" classname="responsive\responsive-design.spec.ts" time="3.21">
</testcase>
<testcase name="Responsive Design Tests › Mobile (375x667) › should display text correctly at different sizes" classname="responsive\responsive-design.spec.ts" time="3.22">
</testcase>
<testcase name="Responsive Design Tests › Mobile (375x667) › should handle images and media correctly" classname="responsive\responsive-design.spec.ts" time="2.943">
</testcase>
<testcase name="Responsive Design Tests › Mobile (375x667) › should maintain accessibility on all screen sizes" classname="responsive\responsive-design.spec.ts" time="5.45">
<failure message="responsive-design.spec.ts:235:11 should maintain accessibility on all screen sizes" type="FAILURE">
<![CDATA[  [Google Chrome] › responsive\responsive-design.spec.ts:235:11 › Responsive Design Tests › Mobile (375x667) › should maintain accessibility on all screen sizes 

    Error: expect(received).toBeGreaterThanOrEqual(expected)

    Expected: >= 44
    Received:    24

      246 |           if (bounds) {
      247 |             const minSize = device.width <= 768 ? 44 : 32;
    > 248 |             expect(bounds.height).toBeGreaterThanOrEqual(minSize);
          |                                   ^
      249 |             expect(bounds.width).toBeGreaterThanOrEqual(minSize);
      250 |           }
      251 |         }
        at C:\Users\Joe\SynologyDrive\codes\有声小说\frontend\tests\responsive\responsive-design.spec.ts:248:35

    attachment #1: screenshot (image/png) ──────────────────────────────────────────────────────────
    ..\test-results\responsive-responsive-desi-7f193-ibility-on-all-screen-sizes-Google-Chrome\test-failed-1.png
    ────────────────────────────────────────────────────────────────────────────────────────────────

    attachment #2: video (video/webm) ──────────────────────────────────────────────────────────────
    ..\test-results\responsive-responsive-desi-7f193-ibility-on-all-screen-sizes-Google-Chrome\video.webm
    ────────────────────────────────────────────────────────────────────────────────────────────────

    Error Context: ..\test-results\responsive-responsive-desi-7f193-ibility-on-all-screen-sizes-Google-Chrome\error-context.md
]]>
</failure>
<system-out>
<![CDATA[
[[ATTACHMENT|test-results\responsive-responsive-desi-7f193-ibility-on-all-screen-sizes-Google-Chrome\test-failed-1.png]]

[[ATTACHMENT|test-results\responsive-responsive-desi-7f193-ibility-on-all-screen-sizes-Google-Chrome\video.webm]]

[[ATTACHMENT|test-results\responsive-responsive-desi-7f193-ibility-on-all-screen-sizes-Google-Chrome\error-context.md]]
]]>
</system-out>
</testcase>
<testcase name="Responsive Design Tests › Mobile (375x667) › should handle touch interactions on mobile devices" classname="responsive\responsive-design.spec.ts" time="3.012">
</testcase>
<testcase name="Responsive Design Tests › Mobile Small (320x568) › should display navigation correctly" classname="responsive\responsive-design.spec.ts" time="2.901">
<failure message="responsive-design.spec.ts:21:11 should display navigation correctly" type="FAILURE">
<![CDATA[  [Google Chrome] › responsive\responsive-design.spec.ts:21:11 › Responsive Design Tests › Mobile Small (320x568) › should display navigation correctly 

    Error: expect(locator).toBeVisible() failed

    Locator: locator('.nav-item')
    Expected: visible
    Error: strict mode violation: locator('.nav-item') resolved to 7 elements:
        1) <a href="/" data-text="首页" aria-current="page" class="router-link-active router-link-exact-active nav-item">…</a> aka getByRole('link', { name: '🏠 首页' })
        2) <a href="/models" class="nav-item" data-text="AI模型">…</a> aka getByRole('link', { name: '🤖 模型配置' })
        3) <a href="/novel" class="nav-item" data-text="小说创作">…</a> aka getByRole('link', { name: '✍️ 小说生成' })
        4) <a href="/analysis" class="nav-item" data-text="角色分析">…</a> aka getByRole('link', { name: '🎭 角色分析' })
        5) <a href="/tts" class="nav-item" data-text="语音合成">…</a> aka getByRole('link', { name: '🎙️ 语音合成' })
        6) <a href="/subtitle" class="nav-item" data-text="字幕生成">…</a> aka getByRole('link', { name: '📝 字幕生成' })
        7) <a href="/output" class="nav-item" data-text="文件输出">…</a> aka getByRole('link', { name: '📦 文件输出' })

    Call log:
      - Expect "toBeVisible" with timeout 5000ms
      - waiting for locator('.nav-item')


      25 |         // 检查导航项是否可见
      26 |         const navItems = page.locator('.nav-item');
    > 27 |         await expect(navItems).toBeVisible();
         |                                ^
      28 |
      29 |         // 在小屏幕上检查导航布局
      30 |         if (device.width <= 768) {
        at C:\Users\Joe\SynologyDrive\codes\有声小说\frontend\tests\responsive\responsive-design.spec.ts:27:32

    attachment #1: screenshot (image/png) ──────────────────────────────────────────────────────────
    ..\test-results\responsive-responsive-desi-eca9c-isplay-navigation-correctly-Google-Chrome\test-failed-1.png
    ────────────────────────────────────────────────────────────────────────────────────────────────

    attachment #2: video (video/webm) ──────────────────────────────────────────────────────────────
    ..\test-results\responsive-responsive-desi-eca9c-isplay-navigation-correctly-Google-Chrome\video.webm
    ────────────────────────────────────────────────────────────────────────────────────────────────

    Error Context: ..\test-results\responsive-responsive-desi-eca9c-isplay-navigation-correctly-Google-Chrome\error-context.md
]]>
</failure>
<system-out>
<![CDATA[
[[ATTACHMENT|test-results\responsive-responsive-desi-eca9c-isplay-navigation-correctly-Google-Chrome\test-failed-1.png]]

[[ATTACHMENT|test-results\responsive-responsive-desi-eca9c-isplay-navigation-correctly-Google-Chrome\video.webm]]

[[ATTACHMENT|test-results\responsive-responsive-desi-eca9c-isplay-navigation-correctly-Google-Chrome\error-context.md]]
]]>
</system-out>
</testcase>
<testcase name="Responsive Design Tests › Mobile Small (320x568) › should display hero section correctly" classname="responsive\responsive-design.spec.ts" time="2.83">
<failure message="responsive-design.spec.ts:41:11 should display hero section correctly" type="FAILURE">
<![CDATA[  [Google Chrome] › responsive\responsive-design.spec.ts:41:11 › Responsive Design Tests › Mobile Small (320x568) › should display hero section correctly 

    Error: expect(received).toContain(expected) // indexOf

    Expected substring: "column"
    Received string:    "row"

      54 |
      55 |           // 移动设备上应该是垂直排列
    > 56 |           expect(contentStyle.flexDirection || contentStyle.display).toContain('column');
         |                                                                      ^
      57 |           expect(contentStyle.textAlign || '').toContain('center');
      58 |         }
      59 |
        at C:\Users\Joe\SynologyDrive\codes\有声小说\frontend\tests\responsive\responsive-design.spec.ts:56:70

    attachment #1: screenshot (image/png) ──────────────────────────────────────────────────────────
    ..\test-results\responsive-responsive-desi-639ad-play-hero-section-correctly-Google-Chrome\test-failed-1.png
    ────────────────────────────────────────────────────────────────────────────────────────────────

    attachment #2: video (video/webm) ──────────────────────────────────────────────────────────────
    ..\test-results\responsive-responsive-desi-639ad-play-hero-section-correctly-Google-Chrome\video.webm
    ────────────────────────────────────────────────────────────────────────────────────────────────

    Error Context: ..\test-results\responsive-responsive-desi-639ad-play-hero-section-correctly-Google-Chrome\error-context.md
]]>
</failure>
<system-out>
<![CDATA[
[[ATTACHMENT|test-results\responsive-responsive-desi-639ad-play-hero-section-correctly-Google-Chrome\test-failed-1.png]]

[[ATTACHMENT|test-results\responsive-responsive-desi-639ad-play-hero-section-correctly-Google-Chrome\video.webm]]

[[ATTACHMENT|test-results\responsive-responsive-desi-639ad-play-hero-section-correctly-Google-Chrome\error-context.md]]
]]>
</system-out>
</testcase>
<testcase name="Responsive Design Tests › Mobile Small (320x568) › should display statistics correctly" classname="responsive\responsive-design.spec.ts" time="9.149">
<failure message="responsive-design.spec.ts:73:11 should display statistics correctly" type="FAILURE">
<![CDATA[  [Google Chrome] › responsive\responsive-design.spec.ts:73:11 › Responsive Design Tests › Mobile Small (320x568) › should display statistics correctly 

    Error: expect(locator).toHaveCount(expected) failed

    Locator:  locator('.stat-item')
    Expected: 4
    Received: 8
    Timeout:  5000ms

    Call log:
      - Expect "toHaveCount" with timeout 5000ms
      - waiting for locator('.stat-item')
        9 × locator resolved to 8 elements
          - unexpected value "8"


      76 |
      77 |         const statItems = page.locator('.stat-item');
    > 78 |         await expect(statItems).toHaveCount(4);
         |                                 ^
      79 |
      80 |         // 根据屏幕尺寸检查网格布局
      81 |         const gridCols = device.width >= 1024 ? 4 :
        at C:\Users\Joe\SynologyDrive\codes\有声小说\frontend\tests\responsive\responsive-design.spec.ts:78:33

    attachment #1: screenshot (image/png) ──────────────────────────────────────────────────────────
    ..\test-results\responsive-responsive-desi-a2add-isplay-statistics-correctly-Google-Chrome\test-failed-1.png
    ────────────────────────────────────────────────────────────────────────────────────────────────

    attachment #2: video (video/webm) ──────────────────────────────────────────────────────────────
    ..\test-results\responsive-responsive-desi-a2add-isplay-statistics-correctly-Google-Chrome\video.webm
    ────────────────────────────────────────────────────────────────────────────────────────────────

    Error Context: ..\test-results\responsive-responsive-desi-a2add-isplay-statistics-correctly-Google-Chrome\error-context.md
]]>
</failure>
<system-out>
<![CDATA[
[[ATTACHMENT|test-results\responsive-responsive-desi-a2add-isplay-statistics-correctly-Google-Chrome\test-failed-1.png]]

[[ATTACHMENT|test-results\responsive-responsive-desi-a2add-isplay-statistics-correctly-Google-Chrome\video.webm]]

[[ATTACHMENT|test-results\responsive-responsive-desi-a2add-isplay-statistics-correctly-Google-Chrome\error-context.md]]
]]>
</system-out>
</testcase>
<testcase name="Responsive Design Tests › Mobile Small (320x568) › should display features section correctly" classname="responsive\responsive-design.spec.ts" time="3.955">
</testcase>
<testcase name="Responsive Design Tests › Mobile Small (320x568) › should display workflow section correctly" classname="responsive\responsive-design.spec.ts" time="4.752">
</testcase>
<testcase name="Responsive Design Tests › Mobile Small (320x568) › should display action buttons correctly" classname="responsive\responsive-design.spec.ts" time="2.872">
</testcase>
<testcase name="Responsive Design Tests › Mobile Small (320x568) › should handle horizontal scrolling properly" classname="responsive\responsive-design.spec.ts" time="3.285">
</testcase>
<testcase name="Responsive Design Tests › Mobile Small (320x568) › should display text correctly at different sizes" classname="responsive\responsive-design.spec.ts" time="3.004">
</testcase>
<testcase name="Responsive Design Tests › Mobile Small (320x568) › should handle images and media correctly" classname="responsive\responsive-design.spec.ts" time="2.373">
</testcase>
<testcase name="Responsive Design Tests › Mobile Small (320x568) › should maintain accessibility on all screen sizes" classname="responsive\responsive-design.spec.ts" time="3.123">
<failure message="responsive-design.spec.ts:235:11 should maintain accessibility on all screen sizes" type="FAILURE">
<![CDATA[  [Google Chrome] › responsive\responsive-design.spec.ts:235:11 › Responsive Design Tests › Mobile Small (320x568) › should maintain accessibility on all screen sizes 

    Error: expect(received).toBeGreaterThanOrEqual(expected)

    Expected: >= 44
    Received:    24

      246 |           if (bounds) {
      247 |             const minSize = device.width <= 768 ? 44 : 32;
    > 248 |             expect(bounds.height).toBeGreaterThanOrEqual(minSize);
          |                                   ^
      249 |             expect(bounds.width).toBeGreaterThanOrEqual(minSize);
      250 |           }
      251 |         }
        at C:\Users\Joe\SynologyDrive\codes\有声小说\frontend\tests\responsive\responsive-design.spec.ts:248:35

    attachment #1: screenshot (image/png) ──────────────────────────────────────────────────────────
    ..\test-results\responsive-responsive-desi-833b3-ibility-on-all-screen-sizes-Google-Chrome\test-failed-1.png
    ────────────────────────────────────────────────────────────────────────────────────────────────

    attachment #2: video (video/webm) ──────────────────────────────────────────────────────────────
    ..\test-results\responsive-responsive-desi-833b3-ibility-on-all-screen-sizes-Google-Chrome\video.webm
    ────────────────────────────────────────────────────────────────────────────────────────────────

    Error Context: ..\test-results\responsive-responsive-desi-833b3-ibility-on-all-screen-sizes-Google-Chrome\error-context.md
]]>
</failure>
<system-out>
<![CDATA[
[[ATTACHMENT|test-results\responsive-responsive-desi-833b3-ibility-on-all-screen-sizes-Google-Chrome\test-failed-1.png]]

[[ATTACHMENT|test-results\responsive-responsive-desi-833b3-ibility-on-all-screen-sizes-Google-Chrome\video.webm]]

[[ATTACHMENT|test-results\responsive-responsive-desi-833b3-ibility-on-all-screen-sizes-Google-Chrome\error-context.md]]
]]>
</system-out>
</testcase>
<testcase name="Responsive Design Tests › Mobile Small (320x568) › should handle touch interactions on mobile devices" classname="responsive\responsive-design.spec.ts" time="2.866">
</testcase>
<testcase name="Responsive Design Tests › Orientation Changes › should handle desktop orientation changes" classname="responsive\responsive-design.spec.ts" time="3.758">
</testcase>
<testcase name="Responsive Design Tests › Orientation Changes › should handle mobile orientation changes" classname="responsive\responsive-design.spec.ts" time="3.307">
</testcase>
<testcase name="Responsive Design Tests › Dynamic Content Loading › should load content appropriately for different screen sizes" classname="responsive\responsive-design.spec.ts" time="2.744">
</testcase>
<testcase name="Responsive Design Tests › Dynamic Content Loading › should handle progressive enhancement" classname="responsive\responsive-design.spec.ts" time="2.894">
<failure message="responsive-design.spec.ts:340:9 should handle progressive enhancement" type="FAILURE">
<![CDATA[  [Google Chrome] › responsive\responsive-design.spec.ts:340:9 › Responsive Design Tests › Dynamic Content Loading › should handle progressive enhancement 

    Error: expect(locator).toBeVisible() failed

    Locator: locator('h1')
    Expected: visible
    Error: strict mode violation: locator('h1') resolved to 2 elements:
        1) <h1 class="app-title">SoundStory AI</h1> aka getByText('SoundStory AI', { exact: true })
        2) <h1 class="hero-title" data-v-fae5bece="">…</h1> aka getByText('SoundStoryAI')

    Call log:
      - Expect "toBeVisible" with timeout 5000ms
      - waiting for locator('h1')


      352 |
      353 |       // 即使CSS加载延迟，基本内容也应该可见
    > 354 |       await expect(page.locator('h1')).toBeVisible();
          |                                        ^
      355 |       await expect(page.locator('.nav-menu')).toBeVisible();
      356 |     });
      357 |   });
        at C:\Users\Joe\SynologyDrive\codes\有声小说\frontend\tests\responsive\responsive-design.spec.ts:354:40

    attachment #1: screenshot (image/png) ──────────────────────────────────────────────────────────
    ..\test-results\responsive-responsive-desi-b4d85-dle-progressive-enhancement-Google-Chrome\test-failed-1.png
    ────────────────────────────────────────────────────────────────────────────────────────────────

    attachment #2: video (video/webm) ──────────────────────────────────────────────────────────────
    ..\test-results\responsive-responsive-desi-b4d85-dle-progressive-enhancement-Google-Chrome\video.webm
    ────────────────────────────────────────────────────────────────────────────────────────────────

    Error Context: ..\test-results\responsive-responsive-desi-b4d85-dle-progressive-enhancement-Google-Chrome\error-context.md
]]>
</failure>
<system-out>
<![CDATA[
[[ATTACHMENT|test-results\responsive-responsive-desi-b4d85-dle-progressive-enhancement-Google-Chrome\test-failed-1.png]]

[[ATTACHMENT|test-results\responsive-responsive-desi-b4d85-dle-progressive-enhancement-Google-Chrome\video.webm]]

[[ATTACHMENT|test-results\responsive-responsive-desi-b4d85-dle-progressive-enhancement-Google-Chrome\error-context.md]]
]]>
</system-out>
</testcase>
<testcase name="Performance Tests › should load quickly on mobile devices" classname="responsive\responsive-design.spec.ts" time="2.973">
</testcase>
<testcase name="Performance Tests › should not cause layout shifts during loading" classname="responsive\responsive-design.spec.ts" time="2.258">
<failure message="responsive-design.spec.ts:379:7 should not cause layout shifts during loading" type="FAILURE">
<![CDATA[  [Google Chrome] › responsive\responsive-design.spec.ts:379:7 › Performance Tests › should not cause layout shifts during loading 

    TypeError: page.evaluateOnNewDocument is not a function

      382 |     // 监控CLS (Cumulative Layout Shift)
      383 |     let layoutShifts = 0;
    > 384 |     await page.evaluateOnNewDocument(() => {
          |                ^
      385 |       new PerformanceObserver((list) => {
      386 |         list.getEntries().forEach((entry) => {
      387 |           if (entry.entryType === 'layout-shift' && !entry.hadRecentInput) {
        at C:\Users\Joe\SynologyDrive\codes\有声小说\frontend\tests\responsive\responsive-design.spec.ts:384:16

    attachment #1: screenshot (image/png) ──────────────────────────────────────────────────────────
    ..\test-results\responsive-responsive-desi-e6b0e-ayout-shifts-during-loading-Google-Chrome\test-failed-1.png
    ────────────────────────────────────────────────────────────────────────────────────────────────

    attachment #2: video (video/webm) ──────────────────────────────────────────────────────────────
    ..\test-results\responsive-responsive-desi-e6b0e-ayout-shifts-during-loading-Google-Chrome\video.webm
    ────────────────────────────────────────────────────────────────────────────────────────────────

    Error Context: ..\test-results\responsive-responsive-desi-e6b0e-ayout-shifts-during-loading-Google-Chrome\error-context.md
]]>
</failure>
<system-out>
<![CDATA[
[[ATTACHMENT|test-results\responsive-responsive-desi-e6b0e-ayout-shifts-during-loading-Google-Chrome\test-failed-1.png]]

[[ATTACHMENT|test-results\responsive-responsive-desi-e6b0e-ayout-shifts-during-loading-Google-Chrome\video.webm]]

[[ATTACHMENT|test-results\responsive-responsive-desi-e6b0e-ayout-shifts-during-loading-Google-Chrome\error-context.md]]
]]>
</system-out>
</testcase>
</testsuite>
<testsuite name="ui\home-page.spec.ts" timestamp="2025-12-01T08:52:23.342Z" hostname="Google Chrome" tests="18" failures="10" skipped="0" time="94.029" errors="0">
<testcase name="Home Page UI Components › should display the main hero section with correct content" classname="ui\home-page.spec.ts" time="2.097">
</testcase>
<testcase name="Home Page UI Components › should display action buttons with correct styling" classname="ui\home-page.spec.ts" time="2.458">
</testcase>
<testcase name="Home Page UI Components › should display sound visualizer with animations" classname="ui\home-page.spec.ts" time="2.094">
</testcase>
<testcase name="Home Page UI Components › should display statistics section with correct data" classname="ui\home-page.spec.ts" time="7.95">
<failure message="home-page.spec.ts:67:7 should display statistics section with correct data" type="FAILURE">
<![CDATA[  [Google Chrome] › ui\home-page.spec.ts:67:7 › Home Page UI Components › should display statistics section with correct data 

    Error: expect(locator).toHaveCount(expected) failed

    Locator:  locator('.stat-item')
    Expected: 4
    Received: 8
    Timeout:  5000ms

    Call log:
      - Expect "toHaveCount" with timeout 5000ms
      - waiting for locator('.stat-item')
        9 × locator resolved to 8 elements
          - unexpected value "8"


      71 |     // 检查统计项
      72 |     const statItems = page.locator('.stat-item');
    > 73 |     await expect(statItems).toHaveCount(4);
         |                             ^
      74 |
      75 |     // 检查每个统计项的内容
      76 |     const expectedStats = [
        at C:\Users\Joe\SynologyDrive\codes\有声小说\frontend\tests\ui\home-page.spec.ts:73:29

    attachment #1: screenshot (image/png) ──────────────────────────────────────────────────────────
    ..\test-results\ui-home-page-Home-Page-UI--ebb6e-s-section-with-correct-data-Google-Chrome\test-failed-1.png
    ────────────────────────────────────────────────────────────────────────────────────────────────

    attachment #2: video (video/webm) ──────────────────────────────────────────────────────────────
    ..\test-results\ui-home-page-Home-Page-UI--ebb6e-s-section-with-correct-data-Google-Chrome\video.webm
    ────────────────────────────────────────────────────────────────────────────────────────────────

    Error Context: ..\test-results\ui-home-page-Home-Page-UI--ebb6e-s-section-with-correct-data-Google-Chrome\error-context.md
]]>
</failure>
<system-out>
<![CDATA[
[[ATTACHMENT|test-results\ui-home-page-Home-Page-UI--ebb6e-s-section-with-correct-data-Google-Chrome\test-failed-1.png]]

[[ATTACHMENT|test-results\ui-home-page-Home-Page-UI--ebb6e-s-section-with-correct-data-Google-Chrome\video.webm]]

[[ATTACHMENT|test-results\ui-home-page-Home-Page-UI--ebb6e-s-section-with-correct-data-Google-Chrome\error-context.md]]
]]>
</system-out>
</testcase>
<testcase name="Home Page UI Components › should display core features section" classname="ui\home-page.spec.ts" time="2.926">
<failure message="home-page.spec.ts:91:7 should display core features section" type="FAILURE">
<![CDATA[  [Google Chrome] › ui\home-page.spec.ts:91:7 › Home Page UI Components › should display core features section 

    Error: expect(locator).toContainText(expected) failed

    Locator: locator('.section-title')
    Expected substring: "完整创作链路"
    Error: strict mode violation: locator('.section-title') resolved to 3 elements:
        1) <h2 data-v-fae5bece="" class="section-title">…</h2> aka getByRole('heading', { name: '完整创作链路' })
        2) <h2 data-v-fae5bece="" class="section-title">…</h2> aka getByRole('heading', { name: '五步成章' })
        3) <h2 data-v-fae5bece="" class="section-title">…</h2> aka getByRole('heading', { name: '实时状态' })

    Call log:
      - Expect "toContainText" with timeout 5000ms
      - waiting for locator('.section-title')


      92 |     // 检查功能区域
      93 |     await expect(page.locator('.features-section')).toBeVisible();
    > 94 |     await expect(page.locator('.section-title')).toContainText('完整创作链路');
         |                                                  ^
      95 |
      96 |     // 检查功能卡片
      97 |     const featureCards = page.locator('.feature-card');
        at C:\Users\Joe\SynologyDrive\codes\有声小说\frontend\tests\ui\home-page.spec.ts:94:50

    attachment #1: screenshot (image/png) ──────────────────────────────────────────────────────────
    ..\test-results\ui-home-page-Home-Page-UI--a820e-splay-core-features-section-Google-Chrome\test-failed-1.png
    ────────────────────────────────────────────────────────────────────────────────────────────────

    attachment #2: video (video/webm) ──────────────────────────────────────────────────────────────
    ..\test-results\ui-home-page-Home-Page-UI--a820e-splay-core-features-section-Google-Chrome\video.webm
    ────────────────────────────────────────────────────────────────────────────────────────────────

    Error Context: ..\test-results\ui-home-page-Home-Page-UI--a820e-splay-core-features-section-Google-Chrome\error-context.md
]]>
</failure>
<system-out>
<![CDATA[
[[ATTACHMENT|test-results\ui-home-page-Home-Page-UI--a820e-splay-core-features-section-Google-Chrome\test-failed-1.png]]

[[ATTACHMENT|test-results\ui-home-page-Home-Page-UI--a820e-splay-core-features-section-Google-Chrome\video.webm]]

[[ATTACHMENT|test-results\ui-home-page-Home-Page-UI--a820e-splay-core-features-section-Google-Chrome\error-context.md]]
]]>
</system-out>
</testcase>
<testcase name="Home Page UI Components › should display workflow section" classname="ui\home-page.spec.ts" time="2.452">
<failure message="home-page.spec.ts:110:7 should display workflow section" type="FAILURE">
<![CDATA[  [Google Chrome] › ui\home-page.spec.ts:110:7 › Home Page UI Components › should display workflow section 

    Error: expect(locator).toContainText(expected) failed

    Locator: locator('.section-title')
    Expected substring: "五步成章"
    Error: strict mode violation: locator('.section-title') resolved to 3 elements:
        1) <h2 data-v-fae5bece="" class="section-title">…</h2> aka getByRole('heading', { name: '完整创作链路' })
        2) <h2 data-v-fae5bece="" class="section-title">…</h2> aka getByRole('heading', { name: '五步成章' })
        3) <h2 data-v-fae5bece="" class="section-title">…</h2> aka getByRole('heading', { name: '实时状态' })

    Call log:
      - Expect "toContainText" with timeout 5000ms
      - waiting for locator('.section-title')


      111 |     // 检查工作流程区域
      112 |     await expect(page.locator('.workflow-section')).toBeVisible();
    > 113 |     await expect(page.locator('.section-title')).toContainText('五步成章');
          |                                                  ^
      114 |
      115 |     // 检查工作流程步骤
      116 |     const workflowSteps = page.locator('.workflow-step');
        at C:\Users\Joe\SynologyDrive\codes\有声小说\frontend\tests\ui\home-page.spec.ts:113:50

    attachment #1: screenshot (image/png) ──────────────────────────────────────────────────────────
    ..\test-results\ui-home-page-Home-Page-UI--14df6-ld-display-workflow-section-Google-Chrome\test-failed-1.png
    ────────────────────────────────────────────────────────────────────────────────────────────────

    attachment #2: video (video/webm) ──────────────────────────────────────────────────────────────
    ..\test-results\ui-home-page-Home-Page-UI--14df6-ld-display-workflow-section-Google-Chrome\video.webm
    ────────────────────────────────────────────────────────────────────────────────────────────────

    Error Context: ..\test-results\ui-home-page-Home-Page-UI--14df6-ld-display-workflow-section-Google-Chrome\error-context.md
]]>
</failure>
<system-out>
<![CDATA[
[[ATTACHMENT|test-results\ui-home-page-Home-Page-UI--14df6-ld-display-workflow-section-Google-Chrome\test-failed-1.png]]

[[ATTACHMENT|test-results\ui-home-page-Home-Page-UI--14df6-ld-display-workflow-section-Google-Chrome\video.webm]]

[[ATTACHMENT|test-results\ui-home-page-Home-Page-UI--14df6-ld-display-workflow-section-Google-Chrome\error-context.md]]
]]>
</system-out>
</testcase>
<testcase name="Home Page UI Components › should display system status section" classname="ui\home-page.spec.ts" time="2.844">
<failure message="home-page.spec.ts:129:7 should display system status section" type="FAILURE">
<![CDATA[  [Google Chrome] › ui\home-page.spec.ts:129:7 › Home Page UI Components › should display system status section 

    Error: expect(locator).toContainText(expected) failed

    Locator: locator('.section-title')
    Expected substring: "实时状态"
    Error: strict mode violation: locator('.section-title') resolved to 3 elements:
        1) <h2 data-v-fae5bece="" class="section-title">…</h2> aka getByRole('heading', { name: '完整创作链路' })
        2) <h2 data-v-fae5bece="" class="section-title">…</h2> aka getByRole('heading', { name: '五步成章' })
        3) <h2 data-v-fae5bece="" class="section-title">…</h2> aka getByRole('heading', { name: '实时状态' })

    Call log:
      - Expect "toContainText" with timeout 5000ms
      - waiting for locator('.section-title')


      130 |     // 检查系统状态区域
      131 |     await expect(page.locator('.status-section')).toBeVisible();
    > 132 |     await expect(page.locator('.section-title')).toContainText('实时状态');
          |                                                  ^
      133 |
      134 |     // 检查ApiStatus组件
      135 |     await expect(page.locator('.status-container')).toBeVisible();
        at C:\Users\Joe\SynologyDrive\codes\有声小说\frontend\tests\ui\home-page.spec.ts:132:50

    attachment #1: screenshot (image/png) ──────────────────────────────────────────────────────────
    ..\test-results\ui-home-page-Home-Page-UI--b0c36-splay-system-status-section-Google-Chrome\test-failed-1.png
    ────────────────────────────────────────────────────────────────────────────────────────────────

    attachment #2: video (video/webm) ──────────────────────────────────────────────────────────────
    ..\test-results\ui-home-page-Home-Page-UI--b0c36-splay-system-status-section-Google-Chrome\video.webm
    ────────────────────────────────────────────────────────────────────────────────────────────────

    Error Context: ..\test-results\ui-home-page-Home-Page-UI--b0c36-splay-system-status-section-Google-Chrome\error-context.md
]]>
</failure>
<system-out>
<![CDATA[
[[ATTACHMENT|test-results\ui-home-page-Home-Page-UI--b0c36-splay-system-status-section-Google-Chrome\test-failed-1.png]]

[[ATTACHMENT|test-results\ui-home-page-Home-Page-UI--b0c36-splay-system-status-section-Google-Chrome\video.webm]]

[[ATTACHMENT|test-results\ui-home-page-Home-Page-UI--b0c36-splay-system-status-section-Google-Chrome\error-context.md]]
]]>
</system-out>
</testcase>
<testcase name="Home Page UI Components › should display call-to-action section" classname="ui\home-page.spec.ts" time="2.626">
</testcase>
<testcase name="Home Page UI Components › should have proper CSS variables and styling applied" classname="ui\home-page.spec.ts" time="2.662">
</testcase>
<testcase name="Home Page UI Components › should display background elements" classname="ui\home-page.spec.ts" time="2.722">
</testcase>
<testcase name="Home Page Interactions › should navigate to novel creation when clicking start button" classname="ui\home-page.spec.ts" time="12.07">
<failure message="home-page.spec.ts:187:7 should navigate to novel creation when clicking start button" type="FAILURE">
<![CDATA[  [Google Chrome] › ui\home-page.spec.ts:187:7 › Home Page Interactions › should navigate to novel creation when clicking start button 

    TimeoutError: page.click: Timeout 10000ms exceeded.
    Call log:
      - waiting for locator('.action-btn.primary')
        - locator resolved to <button data-v-fae5bece="" class="action-btn primary">…</button>
      - attempting click action
        2 × waiting for element to be visible, enabled and stable
          - element is not stable
        - retrying click action
        - waiting 20ms
        2 × waiting for element to be visible, enabled and stable
          - element is not stable
        - retrying click action
          - waiting 100ms
        - waiting for element to be visible, enabled and stable
        - element is not stable
      17 × retrying click action
           - waiting 500ms
           - waiting for element to be visible, enabled and stable
           - element is visible, enabled and stable
           - scrolling into view if needed
           - done scrolling
           - <iframe src="about:blank" id="webpack-dev-server-client-overlay"></iframe> intercepts pointer events
      - retrying click action
        - waiting 500ms


      187 |   test('should navigate to novel creation when clicking start button', async ({ page }) => {
      188 |     // 点击开始创作按钮
    > 189 |     await page.click('.action-btn.primary');
          |                ^
      190 |
      191 |     // 等待导航完成
      192 |     await page.waitForURL('**/novel');
        at C:\Users\Joe\SynologyDrive\codes\有声小说\frontend\tests\ui\home-page.spec.ts:189:16

    attachment #1: screenshot (image/png) ──────────────────────────────────────────────────────────
    ..\test-results\ui-home-page-Home-Page-Int-e0112--when-clicking-start-button-Google-Chrome\test-failed-1.png
    ────────────────────────────────────────────────────────────────────────────────────────────────

    attachment #2: video (video/webm) ──────────────────────────────────────────────────────────────
    ..\test-results\ui-home-page-Home-Page-Int-e0112--when-clicking-start-button-Google-Chrome\video.webm
    ────────────────────────────────────────────────────────────────────────────────────────────────

    Error Context: ..\test-results\ui-home-page-Home-Page-Int-e0112--when-clicking-start-button-Google-Chrome\error-context.md
]]>
</failure>
<system-out>
<![CDATA[
[[ATTACHMENT|test-results\ui-home-page-Home-Page-Int-e0112--when-clicking-start-button-Google-Chrome\test-failed-1.png]]

[[ATTACHMENT|test-results\ui-home-page-Home-Page-Int-e0112--when-clicking-start-button-Google-Chrome\video.webm]]

[[ATTACHMENT|test-results\ui-home-page-Home-Page-Int-e0112--when-clicking-start-button-Google-Chrome\error-context.md]]
]]>
</system-out>
</testcase>
<testcase name="Home Page Interactions › should navigate to models when clicking configure button" classname="ui\home-page.spec.ts" time="12.844">
<failure message="home-page.spec.ts:198:7 should navigate to models when clicking configure button" type="FAILURE">
<![CDATA[  [Google Chrome] › ui\home-page.spec.ts:198:7 › Home Page Interactions › should navigate to models when clicking configure button 

    TimeoutError: page.click: Timeout 10000ms exceeded.
    Call log:
      - waiting for locator('.action-btn.secondary')
        - locator resolved to <button data-v-fae5bece="" class="action-btn secondary">…</button>
      - attempting click action
        2 × waiting for element to be visible, enabled and stable
          - element is not stable
        - retrying click action
        - waiting 20ms
        2 × waiting for element to be visible, enabled and stable
          - element is not stable
        - retrying click action
          - waiting 100ms
        - waiting for element to be visible, enabled and stable
        - element is not stable
      17 × retrying click action
           - waiting 500ms
           - waiting for element to be visible, enabled and stable
           - element is visible, enabled and stable
           - scrolling into view if needed
           - done scrolling
           - <iframe src="about:blank" id="webpack-dev-server-client-overlay"></iframe> intercepts pointer events
      - retrying click action
        - waiting 500ms


      198 |   test('should navigate to models when clicking configure button', async ({ page }) => {
      199 |     // 点击配置模型按钮
    > 200 |     await page.click('.action-btn.secondary');
          |                ^
      201 |
      202 |     // 等待导航完成
      203 |     await page.waitForURL('**/models');
        at C:\Users\Joe\SynologyDrive\codes\有声小说\frontend\tests\ui\home-page.spec.ts:200:16

    attachment #1: screenshot (image/png) ──────────────────────────────────────────────────────────
    ..\test-results\ui-home-page-Home-Page-Int-0ceb0-n-clicking-configure-button-Google-Chrome\test-failed-1.png
    ────────────────────────────────────────────────────────────────────────────────────────────────

    attachment #2: video (video/webm) ──────────────────────────────────────────────────────────────
    ..\test-results\ui-home-page-Home-Page-Int-0ceb0-n-clicking-configure-button-Google-Chrome\video.webm
    ────────────────────────────────────────────────────────────────────────────────────────────────

    Error Context: ..\test-results\ui-home-page-Home-Page-Int-0ceb0-n-clicking-configure-button-Google-Chrome\error-context.md
]]>
</failure>
<system-out>
<![CDATA[
[[ATTACHMENT|test-results\ui-home-page-Home-Page-Int-0ceb0-n-clicking-configure-button-Google-Chrome\test-failed-1.png]]

[[ATTACHMENT|test-results\ui-home-page-Home-Page-Int-0ceb0-n-clicking-configure-button-Google-Chrome\video.webm]]

[[ATTACHMENT|test-results\ui-home-page-Home-Page-Int-0ceb0-n-clicking-configure-button-Google-Chrome\error-context.md]]
]]>
</system-out>
</testcase>
<testcase name="Home Page Interactions › should navigate to correct pages when clicking feature cards" classname="ui\home-page.spec.ts" time="13.885">
<failure message="home-page.spec.ts:209:7 should navigate to correct pages when clicking feature cards" type="FAILURE">
<![CDATA[  [Google Chrome] › ui\home-page.spec.ts:209:7 › Home Page Interactions › should navigate to correct pages when clicking feature cards 

    TimeoutError: locator.click: Timeout 10000ms exceeded.
    Call log:
      - waiting for locator('.feature-card').first()
        - locator resolved to <div data-v-fae5bece="" class="feature-card">…</div>
      - attempting click action
        2 × waiting for element to be visible, enabled and stable
          - element is visible, enabled and stable
          - scrolling into view if needed
          - done scrolling
          - <iframe src="about:blank" id="webpack-dev-server-client-overlay"></iframe> intercepts pointer events
        - retrying click action
        - waiting 20ms
        2 × waiting for element to be visible, enabled and stable
          - element is not stable
        - retrying click action
          - waiting 100ms
        18 × waiting for element to be visible, enabled and stable
           - element is visible, enabled and stable
           - scrolling into view if needed
           - done scrolling
           - <iframe src="about:blank" id="webpack-dev-server-client-overlay"></iframe> intercepts pointer events
         - retrying click action
           - waiting 500ms


      213 |     for (let i = 0; i < featureRoutes.length; i++) {
      214 |       await page.goto('/'); // 重新加载首页
    > 215 |       await featureCards.nth(i).click();
          |                                 ^
      216 |       await page.waitForTimeout(1000); // 等待可能的动画
      217 |       expect(page.url()).toContain(featureRoutes[i]);
      218 |     }
        at C:\Users\Joe\SynologyDrive\codes\有声小说\frontend\tests\ui\home-page.spec.ts:215:33

    attachment #1: screenshot (image/png) ──────────────────────────────────────────────────────────
    ..\test-results\ui-home-page-Home-Page-Int-68bc0-when-clicking-feature-cards-Google-Chrome\test-failed-1.png
    ────────────────────────────────────────────────────────────────────────────────────────────────

    attachment #2: video (video/webm) ──────────────────────────────────────────────────────────────
    ..\test-results\ui-home-page-Home-Page-Int-68bc0-when-clicking-feature-cards-Google-Chrome\video.webm
    ────────────────────────────────────────────────────────────────────────────────────────────────

    Error Context: ..\test-results\ui-home-page-Home-Page-Int-68bc0-when-clicking-feature-cards-Google-Chrome\error-context.md
]]>
</failure>
<system-out>
<![CDATA[
[[ATTACHMENT|test-results\ui-home-page-Home-Page-Int-68bc0-when-clicking-feature-cards-Google-Chrome\test-failed-1.png]]

[[ATTACHMENT|test-results\ui-home-page-Home-Page-Int-68bc0-when-clicking-feature-cards-Google-Chrome\video.webm]]

[[ATTACHMENT|test-results\ui-home-page-Home-Page-Int-68bc0-when-clicking-feature-cards-Google-Chrome\error-context.md]]
]]>
</system-out>
</testcase>
<testcase name="Home Page Interactions › should show hover effects on interactive elements" classname="ui\home-page.spec.ts" time="11.982">
<failure message="home-page.spec.ts:221:7 should show hover effects on interactive elements" type="FAILURE">
<![CDATA[  [Google Chrome] › ui\home-page.spec.ts:221:7 › Home Page Interactions › should show hover effects on interactive elements 

    TimeoutError: locator.hover: Timeout 10000ms exceeded.
    Call log:
      - waiting for locator('.action-btn.primary')
        - locator resolved to <button data-v-fae5bece="" class="action-btn primary">…</button>
      - attempting hover action
        2 × waiting for element to be visible and stable
          - element is not stable
        - retrying hover action
        - waiting 20ms
        2 × waiting for element to be visible and stable
          - element is not stable
        - retrying hover action
          - waiting 100ms
        - waiting for element to be visible and stable
        - element is not stable
      16 × retrying hover action
           - waiting 500ms
           - waiting for element to be visible and stable
           - element is visible and stable
           - scrolling into view if needed
           - done scrolling
           - <iframe src="about:blank" id="webpack-dev-server-client-overlay"></iframe> intercepts pointer events
      - retrying hover action
        - waiting 500ms


      222 |     // 测试按钮悬停效果
      223 |     const primaryBtn = page.locator('.action-btn.primary');
    > 224 |     await primaryBtn.hover();
          |                      ^
      225 |
      226 |     // 检查是否应用了悬停样式
      227 |     const btnStyle = await primaryBtn.evaluate((el) => {
        at C:\Users\Joe\SynologyDrive\codes\有声小说\frontend\tests\ui\home-page.spec.ts:224:22

    attachment #1: screenshot (image/png) ──────────────────────────────────────────────────────────
    ..\test-results\ui-home-page-Home-Page-Int-8daef-cts-on-interactive-elements-Google-Chrome\test-failed-1.png
    ────────────────────────────────────────────────────────────────────────────────────────────────

    attachment #2: video (video/webm) ──────────────────────────────────────────────────────────────
    ..\test-results\ui-home-page-Home-Page-Int-8daef-cts-on-interactive-elements-Google-Chrome\video.webm
    ────────────────────────────────────────────────────────────────────────────────────────────────

    Error Context: ..\test-results\ui-home-page-Home-Page-Int-8daef-cts-on-interactive-elements-Google-Chrome\error-context.md
]]>
</failure>
<system-out>
<![CDATA[
[[ATTACHMENT|test-results\ui-home-page-Home-Page-Int-8daef-cts-on-interactive-elements-Google-Chrome\test-failed-1.png]]

[[ATTACHMENT|test-results\ui-home-page-Home-Page-Int-8daef-cts-on-interactive-elements-Google-Chrome\video.webm]]

[[ATTACHMENT|test-results\ui-home-page-Home-Page-Int-8daef-cts-on-interactive-elements-Google-Chrome\error-context.md]]
]]>
</system-out>
</testcase>
<testcase name="Home Page Interactions › should be responsive to viewport changes" classname="ui\home-page.spec.ts" time="4.524">
<failure message="home-page.spec.ts:240:7 should be responsive to viewport changes" type="FAILURE">
<![CDATA[  [Google Chrome] › ui\home-page.spec.ts:240:7 › Home Page Interactions › should be responsive to viewport changes 

    Error: expect(received).toContain(expected) // indexOf

    Expected substring: "column"
    Received string:    "row"

      256 |       return window.getComputedStyle(el);
      257 |     });
    > 258 |     expect(contentStyle.flexDirection || contentStyle.display).toContain('column');
          |                                                                ^
      259 |   });
      260 | });
      261 |
        at C:\Users\Joe\SynologyDrive\codes\有声小说\frontend\tests\ui\home-page.spec.ts:258:64

    attachment #1: screenshot (image/png) ──────────────────────────────────────────────────────────
    ..\test-results\ui-home-page-Home-Page-Int-14893-ponsive-to-viewport-changes-Google-Chrome\test-failed-1.png
    ────────────────────────────────────────────────────────────────────────────────────────────────

    attachment #2: video (video/webm) ──────────────────────────────────────────────────────────────
    ..\test-results\ui-home-page-Home-Page-Int-14893-ponsive-to-viewport-changes-Google-Chrome\video.webm
    ────────────────────────────────────────────────────────────────────────────────────────────────

    Error Context: ..\test-results\ui-home-page-Home-Page-Int-14893-ponsive-to-viewport-changes-Google-Chrome\error-context.md
]]>
</failure>
<system-out>
<![CDATA[
[[ATTACHMENT|test-results\ui-home-page-Home-Page-Int-14893-ponsive-to-viewport-changes-Google-Chrome\test-failed-1.png]]

[[ATTACHMENT|test-results\ui-home-page-Home-Page-Int-14893-ponsive-to-viewport-changes-Google-Chrome\video.webm]]

[[ATTACHMENT|test-results\ui-home-page-Home-Page-Int-14893-ponsive-to-viewport-changes-Google-Chrome\error-context.md]]
]]>
</system-out>
</testcase>
<testcase name="Home Page Performance › should load within reasonable time" classname="ui\home-page.spec.ts" time="2.96">
</testcase>
<testcase name="Home Page Performance › should have no console errors" classname="ui\home-page.spec.ts" time="2.518">
<failure message="home-page.spec.ts:273:7 should have no console errors" type="FAILURE">
<![CDATA[  [Google Chrome] › ui\home-page.spec.ts:273:7 › Home Page Performance › should have no console errors 

    Error: expect(received).toHaveLength(expected)

    Expected length: 0
    Received length: 14
    Received array:  ["加载统计数据失败: TypeError: Cannot read properties of undefined (reading 'get')
        at Proxy.fetchModels (webpack-internal:///./src/store/models.js:35:79)
        at Proxy.wrappedAction (webpack-internal:///./node_modules/pinia/dist/pinia.mjs:1420:26)
        at store.<computed> (webpack-internal:///./node_modules/pinia/dist/pinia.mjs:976:50)
        at loadStats (webpack-internal:///./node_modules/vue-loader/dist/index.js??ruleSet[0].use[0]!./src/views/Home.vue?vue&type=script&lang=js:126:27)
        at eval (webpack-internal:///./node_modules/vue-loader/dist/index.js??ruleSet[0].use[0]!./src/views/Home.vue?vue&type=script&lang=js:170:7)
        at eval (webpack-internal:///./node_modules/@vue/runtime-core/dist/runtime-core.esm-bundler.js:3021:40)
        at callWithErrorHandling (webpack-internal:///./node_modules/@vue/runtime-core/dist/runtime-core.esm-bundler.js:351:19)
        at callWithAsyncErrorHandling (webpack-internal:///./node_modules/@vue/runtime-core/dist/runtime-core.esm-bundler.js:358:17)
        at hook.__weh.hook.__weh (webpack-internal:///./node_modules/@vue/runtime-core/dist/runtime-core.esm-bundler.js:3001:19)
        at flushPostFlushCbs (webpack-internal:///./node_modules/@vue/runtime-core/dist/runtime-core.esm-bundler.js:534:28)", "Failed to load resource: the server responded with a status of 500 (Internal Server Error)", "❌ Response Error: AxiosError", "Failed to load resource: the server responded with a status of 500 (Internal Server Error)", "❌ Response Error: AxiosError", "Failed to load resource: the server responded with a status of 500 (Internal Server Error)", "❌ Response Error: AxiosError", "Failed to load resource: the server responded with a status of 500 (Internal Server Error)", "❌ Response Error: AxiosError", "Failed to load resource: the server responded with a status of 500 (Internal Server Error)", …]

      283 |
      284 |     // 检查是否有控制台错误
    > 285 |     expect(consoleErrors).toHaveLength(0);
          |                           ^
      286 |   });
      287 |
      288 |   test('should render all images and assets properly', async ({ page }) => {
        at C:\Users\Joe\SynologyDrive\codes\有声小说\frontend\tests\ui\home-page.spec.ts:285:27

    attachment #1: screenshot (image/png) ──────────────────────────────────────────────────────────
    ..\test-results\ui-home-page-Home-Page-Per-f50d5-ould-have-no-console-errors-Google-Chrome\test-failed-1.png
    ────────────────────────────────────────────────────────────────────────────────────────────────

    attachment #2: video (video/webm) ──────────────────────────────────────────────────────────────
    ..\test-results\ui-home-page-Home-Page-Per-f50d5-ould-have-no-console-errors-Google-Chrome\video.webm
    ────────────────────────────────────────────────────────────────────────────────────────────────

    Error Context: ..\test-results\ui-home-page-Home-Page-Per-f50d5-ould-have-no-console-errors-Google-Chrome\error-context.md
]]>
</failure>
<system-out>
<![CDATA[
[[ATTACHMENT|test-results\ui-home-page-Home-Page-Per-f50d5-ould-have-no-console-errors-Google-Chrome\test-failed-1.png]]

[[ATTACHMENT|test-results\ui-home-page-Home-Page-Per-f50d5-ould-have-no-console-errors-Google-Chrome\video.webm]]

[[ATTACHMENT|test-results\ui-home-page-Home-Page-Per-f50d5-ould-have-no-console-errors-Google-Chrome\error-context.md]]
]]>
</system-out>
</testcase>
<testcase name="Home Page Performance › should render all images and assets properly" classname="ui\home-page.spec.ts" time="2.415">
</testcase>
</testsuite>
</testsuites>